Archive member included because of file (symbol)

/opt/altera/13.0sp1/nios2eds/bin/gnu/H-i686-pc-linux-gnu/bin/../lib/gcc/nios2-elf/4.1.2/mno-hw-mul/libgcc.a(_fixunsdfsi.o)
                              obj/default/src_0/cpu_0.o (__fixunsdfsi)
/opt/altera/13.0sp1/nios2eds/bin/gnu/H-i686-pc-linux-gnu/bin/../lib/gcc/nios2-elf/4.1.2/mno-hw-mul/libgcc.a(_addsub_df.o)
                              /opt/altera/13.0sp1/nios2eds/bin/gnu/H-i686-pc-linux-gnu/bin/../lib/gcc/nios2-elf/4.1.2/mno-hw-mul/libgcc.a(_fixunsdfsi.o) (__subdf3)
/opt/altera/13.0sp1/nios2eds/bin/gnu/H-i686-pc-linux-gnu/bin/../lib/gcc/nios2-elf/4.1.2/mno-hw-mul/libgcc.a(_mul_df.o)
                              obj/default/src_0/cpu_0.o (__muldf3)
/opt/altera/13.0sp1/nios2eds/bin/gnu/H-i686-pc-linux-gnu/bin/../lib/gcc/nios2-elf/4.1.2/mno-hw-mul/libgcc.a(_ge_df.o)
                              /opt/altera/13.0sp1/nios2eds/bin/gnu/H-i686-pc-linux-gnu/bin/../lib/gcc/nios2-elf/4.1.2/mno-hw-mul/libgcc.a(_fixunsdfsi.o) (__gedf2)
/opt/altera/13.0sp1/nios2eds/bin/gnu/H-i686-pc-linux-gnu/bin/../lib/gcc/nios2-elf/4.1.2/mno-hw-mul/libgcc.a(_si_to_df.o)
                              obj/default/src_0/cpu_0.o (__floatsidf)
/opt/altera/13.0sp1/nios2eds/bin/gnu/H-i686-pc-linux-gnu/bin/../lib/gcc/nios2-elf/4.1.2/mno-hw-mul/libgcc.a(_df_to_si.o)
                              /opt/altera/13.0sp1/nios2eds/bin/gnu/H-i686-pc-linux-gnu/bin/../lib/gcc/nios2-elf/4.1.2/mno-hw-mul/libgcc.a(_fixunsdfsi.o) (__fixdfsi)
/opt/altera/13.0sp1/nios2eds/bin/gnu/H-i686-pc-linux-gnu/bin/../lib/gcc/nios2-elf/4.1.2/mno-hw-mul/libgcc.a(_thenan_df.o)
                              /opt/altera/13.0sp1/nios2eds/bin/gnu/H-i686-pc-linux-gnu/bin/../lib/gcc/nios2-elf/4.1.2/mno-hw-mul/libgcc.a(_addsub_df.o) (__thenan_df)
/opt/altera/13.0sp1/nios2eds/bin/gnu/H-i686-pc-linux-gnu/bin/../lib/gcc/nios2-elf/4.1.2/mno-hw-mul/libgcc.a(lib2-divmod.o)
                              obj/default/src_0/cpu_0.o (__divsi3)
/opt/altera/13.0sp1/nios2eds/bin/gnu/H-i686-pc-linux-gnu/bin/../lib/gcc/nios2-elf/4.1.2/mno-hw-mul/libgcc.a(lib2-mul.o)
                              obj/default/src_0/cpu_0.o (__mulsi3)
/opt/altera/13.0sp1/nios2eds/bin/gnu/H-i686-pc-linux-gnu/bin/../lib/gcc/nios2-elf/4.1.2/mno-hw-mul/libgcc.a(_muldi3.o)
                              /opt/altera/13.0sp1/nios2eds/bin/gnu/H-i686-pc-linux-gnu/bin/../lib/gcc/nios2-elf/4.1.2/mno-hw-mul/libgcc.a(_mul_df.o) (__muldi3)
/opt/altera/13.0sp1/nios2eds/bin/gnu/H-i686-pc-linux-gnu/bin/../lib/gcc/nios2-elf/4.1.2/mno-hw-mul/libgcc.a(_clzsi2.o)
                              /opt/altera/13.0sp1/nios2eds/bin/gnu/H-i686-pc-linux-gnu/bin/../lib/gcc/nios2-elf/4.1.2/mno-hw-mul/libgcc.a(_si_to_df.o) (__clzsi2)
/opt/altera/13.0sp1/nios2eds/bin/gnu/H-i686-pc-linux-gnu/bin/../lib/gcc/nios2-elf/4.1.2/mno-hw-mul/libgcc.a(_pack_df.o)
                              /opt/altera/13.0sp1/nios2eds/bin/gnu/H-i686-pc-linux-gnu/bin/../lib/gcc/nios2-elf/4.1.2/mno-hw-mul/libgcc.a(_addsub_df.o) (__pack_d)
/opt/altera/13.0sp1/nios2eds/bin/gnu/H-i686-pc-linux-gnu/bin/../lib/gcc/nios2-elf/4.1.2/mno-hw-mul/libgcc.a(_unpack_df.o)
                              /opt/altera/13.0sp1/nios2eds/bin/gnu/H-i686-pc-linux-gnu/bin/../lib/gcc/nios2-elf/4.1.2/mno-hw-mul/libgcc.a(_addsub_df.o) (__unpack_d)
/opt/altera/13.0sp1/nios2eds/bin/gnu/H-i686-pc-linux-gnu/bin/../lib/gcc/nios2-elf/4.1.2/mno-hw-mul/libgcc.a(_fpcmp_parts_df.o)
                              /opt/altera/13.0sp1/nios2eds/bin/gnu/H-i686-pc-linux-gnu/bin/../lib/gcc/nios2-elf/4.1.2/mno-hw-mul/libgcc.a(_ge_df.o) (__fpcmp_parts_d)
/opt/altera/13.0sp1/nios2eds/bin/gnu/H-i686-pc-linux-gnu/bin/../lib/gcc/nios2-elf/4.1.2/mno-hw-mul/libgcc.a(_clz.o)
                              /opt/altera/13.0sp1/nios2eds/bin/gnu/H-i686-pc-linux-gnu/bin/../lib/gcc/nios2-elf/4.1.2/mno-hw-mul/libgcc.a(_clzsi2.o) (__clz_tab)
/opt/altera/13.0sp1/nios2eds/bin/gnu/H-i686-pc-linux-gnu/bin/../lib/gcc/nios2-elf/4.1.2/../../../../nios2-elf/lib/mno-hw-mul/libc.a(lib_a-malloc.o)
                              obj/default/src_0/cpu_0.o (malloc)
/opt/altera/13.0sp1/nios2eds/bin/gnu/H-i686-pc-linux-gnu/bin/../lib/gcc/nios2-elf/4.1.2/../../../../nios2-elf/lib/mno-hw-mul/libc.a(lib_a-mallocr.o)
                              /opt/altera/13.0sp1/nios2eds/bin/gnu/H-i686-pc-linux-gnu/bin/../lib/gcc/nios2-elf/4.1.2/../../../../nios2-elf/lib/mno-hw-mul/libc.a(lib_a-malloc.o) (_malloc_r)
/opt/altera/13.0sp1/nios2eds/bin/gnu/H-i686-pc-linux-gnu/bin/../lib/gcc/nios2-elf/4.1.2/../../../../nios2-elf/lib/mno-hw-mul/libc.a(lib_a-memcpy.o)
                              obj/default/src_0/cpu_0.o (memcpy)
/opt/altera/13.0sp1/nios2eds/bin/gnu/H-i686-pc-linux-gnu/bin/../lib/gcc/nios2-elf/4.1.2/../../../../nios2-elf/lib/mno-hw-mul/libc.a(lib_a-printf.o)
                              obj/default/src_0/cpu_0.o (printf)
/opt/altera/13.0sp1/nios2eds/bin/gnu/H-i686-pc-linux-gnu/bin/../lib/gcc/nios2-elf/4.1.2/../../../../nios2-elf/lib/mno-hw-mul/libc.a(lib_a-putchar.o)
[...]
Memory Configuration

Name             Origin             Length             Attributes
reset            0x00080000         0x00000020
sram             0x00080020         0x0007ffe0
shared_onchip    0x00102000         0x00002000
sdram            0x01000000         0x00800000
*default*        0x00000000         0xffffffff

Linker script and memory map

LOAD ../../bsp/lab2//obj/HAL/src/crt0.o
LOAD obj/default/src_0/cpu_0.o
LOAD /opt/altera/13.0sp1/nios2eds/bin/gnu/H-i686-pc-linux-gnu/bin/../lib/gcc/nios2-elf/4.1.2/../../../../nios2-elf/lib/mno-hw-mul/libstdc++.a
LOAD /opt/altera/13.0sp1/nios2eds/bin/gnu/H-i686-pc-linux-gnu/bin/../lib/gcc/nios2-elf/4.1.2/../../../../nios2-elf/lib/mno-hw-mul/libm.a
LOAD /opt/altera/13.0sp1/nios2eds/bin/gnu/H-i686-pc-linux-gnu/bin/../lib/gcc/nios2-elf/4.1.2/mno-hw-mul/libgcc.a
START GROUP
LOAD /opt/altera/13.0sp1/nios2eds/bin/gnu/H-i686-pc-linux-gnu/bin/../lib/gcc/nios2-elf/4.1.2/../../../../nios2-elf/lib/mno-hw-mul/libc.a
LOAD /opt/altera/13.0sp1/nios2eds/bin/gnu/H-i686-pc-linux-gnu/bin/../lib/gcc/nios2-elf/4.1.2/mno-hw-mul/libgcc.a
LOAD ../../bsp/lab2//libucosii_bsp.a
END GROUP
LOAD /opt/altera/13.0sp1/nios2eds/bin/gnu/H-i686-pc-linux-gnu/bin/../lib/gcc/nios2-elf/4.1.2/mno-hw-mul/libgcc.a
                0x00080000                __alt_mem_sram = 0x80000
                0x00102000                __alt_mem_shared_onchip = 0x102000
                0x01000000                __alt_mem_sdram = 0x1000000

.entry          0x00080000       0x20
 *(.entry)
 .entry         0x00080000       0x20 ../../bsp/lab2//obj/HAL/src/crt0.o
                0x00080000                __reset

.exceptions     0x00080020      0x12c
                0x00080020                PROVIDE (__ram_exceptions_start, ABSOLUTE (.))
                0x00080020                . = ALIGN (0x20)
 *(.irq)
 *(.exceptions.entry.label)
 .exceptions.entry.label
                0x00080020        0x0 ../../bsp/lab2//libucosii_bsp.a(alt_irq_entry.o)
                0x00080020                alt_irq_entry
 .exceptions.entry.label
                0x00080020        0x0 ../../bsp/lab2//libucosii_bsp.a(alt_exception_entry.o)
                0x00080020                alt_exception
 *(.exceptions.entry.user)
 *(.exceptions.entry)
 .exceptions.entry
                0x00080020       0x54 ../../bsp/lab2//libucosii_bsp.a(alt_exception_entry.o)
 *(.exceptions.irqtest.user)
 *(.exceptions.irqtest)
 .exceptions.irqtest
                0x00080074       0x10 ../../bsp/lab2//libucosii_bsp.a(alt_irq_entry.o)
 *(.exceptions.irqhandler.user)
 *(.exceptions.irqhandler)
 .exceptions.irqhandler
                0x00080084        0x4 ../../bsp/lab2//libucosii_bsp.a(alt_irq_entry.o)
 *(.exceptions.irqreturn.user)
 *(.exceptions.irqreturn)
 .exceptions.irqreturn
                0x00080088        0x4 ../../bsp/lab2//libucosii_bsp.a(alt_irq_entry.o)
 *(.exceptions.notirq.label)
 .exceptions.notirq.label
                0x0008008c        0x0 ../../bsp/lab2//libucosii_bsp.a(alt_irq_entry.o)
 *(.exceptions.notirq.user)
 *(.exceptions.notirq)
 .exceptions.notirq
                0x0008008c        0x8 ../../bsp/lab2//libucosii_bsp.a(alt_exception_entry.o)
 *(.exceptions.soft.user)
 *(.exceptions.soft)
 *(.exceptions.unknown.user)
 *(.exceptions.unknown)
 .exceptions.unknown
                0x00080094        0x4 ../../bsp/lab2//libucosii_bsp.a(alt_exception_entry.o)
 *(.exceptions.exit.label)
 .exceptions.exit.label
                0x00080098        0x0 ../../bsp/lab2//libucosii_bsp.a(alt_irq_entry.o)
 .exceptions.exit.label
                0x00080098        0x0 ../../bsp/lab2//libucosii_bsp.a(alt_exception_entry.o)
 *(.exceptions.exit.user)
 *(.exceptions.exit)
 .exceptions.exit
                0x00080098       0x54 ../../bsp/lab2//libucosii_bsp.a(alt_exception_entry.o)
 *(.exceptions)
 .exceptions    0x000800ec       0x60 ../../bsp/lab2//libucosii_bsp.a(alt_irq_handler.o)
                0x000800ec                alt_irq_handler
                0x0008014c                PROVIDE (__ram_exceptions_end, ABSOLUTE (.))
                0x00080020                PROVIDE (__flash_exceptions_start, LOADADDR (.exceptions))

.text           0x0008014c    0x11604
                0x0008014c                PROVIDE (stext, ABSOLUTE (.))
 *(.interp)
 *(.hash)
 *(.dynsym)
 *(.dynstr)
 *(.gnu.version)
 *(.gnu.version_d)
 *(.gnu.version_r)
 *(.rel.init)
 *(.rela.init)
 *(.rel.text .rel.text.* .rel.gnu.linkonce.t.*)
 *(.rela.text .rela.text.* .rela.gnu.linkonce.t.*)
 *(.rel.fini)
 *(.rela.fini)
 *(.rel.rodata .rel.rodata.* .rel.gnu.linkonce.r.*)
 *(.rela.rodata .rela.rodata.* .rela.gnu.linkonce.r.*)
 *(.rel.data .rel.data.* .rel.gnu.linkonce.d.*)
 *(.rela.data .rela.data.* .rela.gnu.linkonce.d.*)
 *(.rel.tdata .rel.tdata.* .rel.gnu.linkonce.td.*)
 *(.rela.tdata .rela.tdata.* .rela.gnu.linkonce.td.*)
 *(.rel.tbss .rel.tbss.* .rel.gnu.linkonce.tb.*)
 *(.rela.tbss .rela.tbss.* .rela.gnu.linkonce.tb.*)
 *(.rel.ctors)
 *(.rela.ctors)
 *(.rel.dtors)
 *(.rela.dtors)
 *(.rel.got)
 *(.rela.got)
 *(.rel.sdata .rel.sdata.* .rel.gnu.linkonce.s.*)
 *(.rela.sdata .rela.sdata.* .rela.gnu.linkonce.s.*)
 *(.rel.sbss .rel.sbss.* .rel.gnu.linkonce.sb.*)
 *(.rela.sbss .rela.sbss.* .rela.gnu.linkonce.sb.*)
 *(.rel.sdata2 .rel.sdata2.* .rel.gnu.linkonce.s2.*)
 *(.rela.sdata2 .rela.sdata2.* .rela.gnu.linkonce.s2.*)
 *(.rel.sbss2 .rel.sbss2.* .rel.gnu.linkonce.sb2.*)
 *(.rela.sbss2 .rela.sbss2.* .rela.gnu.linkonce.sb2.*)
 *(.rel.bss .rel.bss.* .rel.gnu.linkonce.b.*)
 *(.rela.bss .rela.bss.* .rela.gnu.linkonce.b.*)
 *(.rel.plt)
 *(.rela.plt)
 *(.rel.dyn)
 *(.init)
 *(.plt)
 *(.text .stub .text.* .gnu.linkonce.t.*)
 .text          0x0008014c       0x3c ../../bsp/lab2//obj/HAL/src/crt0.o
                0x0008014c                _start
 .text          0x00080188      0x5bc obj/default/src_0/cpu_0.o
                0x00080188                graySDF
                0x00080304                printAsciiHidden
                0x00080414                printAscii
                0x000804d0                asciiSDF
                0x0008063c                main
 .text          0x00080744       0xa4 /opt/altera/13.0sp1/nios2eds/bin/gnu/H-i686-pc-linux-gnu/bin/../lib/gcc/nios2-elf/4.1.2/mno-hw-mul/libgcc.a(_fixunsdfsi.o)
                0x00080744                __fixunsdfsi
 .text          0x000807e8      0x504 /opt/altera/13.0sp1/nios2eds/bin/gnu/H-i686-pc-linux-gnu/bin/../lib/gcc/nios2-elf/4.1.2/mno-hw-mul/libgcc.a(_addsub_df.o)
                0x00080bf8                __subdf3
                0x00080c78                __adddf3
 .text          0x00080cec      0x3c4 /opt/altera/13.0sp1/nios2eds/bin/gnu/H-i686-pc-linux-gnu/bin/../lib/gcc/nios2-elf/4.1.2/mno-hw-mul/libgcc.a(_mul_df.o)
                0x00080cec                __muldf3
 .text          0x000810b0       0x88 /opt/altera/13.0sp1/nios2eds/bin/gnu/H-i686-pc-linux-gnu/bin/../lib/gcc/nios2-elf/4.1.2/mno-hw-mul/libgcc.a(_ge_df.o)
                0x000810b0                __gedf2
 .text          0x00081138       0xf8 /opt/altera/13.0sp1/nios2eds/bin/gnu/H-i686-pc-linux-gnu/bin/../lib/gcc/nios2-elf/4.1.2/mno-hw-mul/libgcc.a(_si_to_df.o)
                0x00081138                __floatsidf
 .text          0x00081230       0xd8 /opt/altera/13.0sp1/nios2eds/bin/gnu/H-i686-pc-linux-gnu/bin/../lib/gcc/nios2-elf/4.1.2/mno-hw-mul/libgcc.a(_df_to_si.o)
                0x00081230                __fixdfsi
 .text          0x00081308        0x0 /opt/altera/13.0sp1/nios2eds/bin/gnu/H-i686-pc-linux-gnu/bin/../lib/gcc/nios2-elf/4.1.2/mno-hw-mul/libgcc.a(_thenan_df.o)
 .text          0x00081308      0x14c /opt/altera/13.0sp1/nios2eds/bin/gnu/H-i686-pc-linux-gnu/bin/../lib/gcc/nios2-elf/4.1.2/mno-hw-mul/libgcc.a(lib2-divmod.o)
                0x00081384                __divsi3
                0x000813e4                __modsi3
                0x00081444                __udivsi3
                0x0008144c                __umodsi3
 .text          0x00081454       0x38 /opt/altera/13.0sp1/nios2eds/bin/gnu/H-i686-pc-linux-gnu/bin/../lib/gcc/nios2-elf/4.1.2/mno-hw-mul/libgcc.a(lib2-mul.o)
                0x00081454                __mulsi3
 .text          0x0008148c      0x124 /opt/altera/13.0sp1/nios2eds/bin/gnu/H-i686-pc-linux-gnu/bin/../lib/gcc/nios2-elf/4.1.2/mno-hw-mul/libgcc.a(_muldi3.o)
                0x0008148c                __muldi3
 .text          0x000815b0       0x80 /opt/altera/13.0sp1/nios2eds/bin/gnu/H-i686-pc-linux-gnu/bin/../lib/gcc/nios2-elf/4.1.2/mno-hw-mul/libgcc.a(_clzsi2.o)
                0x000815b0                __clzsi2
 .text          0x00081630      0x314 /opt/altera/13.0sp1/nios2eds/bin/gnu/H-i686-pc-linux-gnu/bin/../lib/gcc/nios2-elf/4.1.2/mno-hw-mul/libgcc.a(_pack_df.o)
                0x00081630                __pack_d
 .text          0x00081944      0x138 /opt/altera/13.0sp1/nios2eds/bin/gnu/H-i686-pc-linux-gnu/bin/../lib/gcc/nios2-elf/4.1.2/mno-hw-mul/libgcc.a(_unpack_df.o)
                0x00081944                __unpack_d
 .text          0x00081a7c       0xc8 /opt/altera/13.0sp1/nios2eds/bin/gnu/H-i686-pc-linux-gnu/bin/../lib/gcc/nios2-elf/4.1.2/mno-hw-mul/libgcc.a(_fpcmp_parts_df.o)
                0x00081a7c                __fpcmp_parts_d
 .text          0x00081b44        0x0 /opt/altera/13.0sp1/nios2eds/bin/gnu/H-i686-pc-linux-gnu/bin/../lib/gcc/nios2-elf/4.1.2/mno-hw-mul/libgcc.a(_clz.o)
 .text          0x00081b44       0x28 /opt/altera/13.0sp1/nios2eds/bin/gnu/H-i686-pc-linux-gnu/bin/../lib/gcc/nios2-elf/4.1.2/../../../../nios2-elf/lib/mno-hw-mul/libc.a(lib_a-malloc.o)
                0x00081b44                free
                0x00081b58                malloc
 .text          0x00081b6c      0x740 /opt/altera/13.0sp1/nios2eds/bin/gnu/H-i686-pc-linux-gnu/bin/../lib/gcc/nios2-elf/4.1.2/../../../../nios2-elf/lib/mno-hw-mul/libc.a(lib_a-mallocr.o)
                0x00081b6c                _malloc_r
 .text          0x000822ac       0xa0 /opt/altera/13.0sp1/nios2eds/bin/gnu/H-i686-pc-linux-gnu/bin/../lib/gcc/nios2-elf/4.1.2/../../../../nios2-elf/lib/mno-hw-mul/libc.a(lib_a-memcpy.o)
                0x000822ac                memcpy
 .text          0x0008234c       0x78 /opt/altera/13.0sp1/nios2eds/bin/gnu/H-i686-pc-linux-gnu/bin/../lib/gcc/nios2-elf/4.1.2/../../../../nios2-elf/lib/mno-hw-mul/libc.a(lib_a-printf.o)
                0x0008234c                printf
                0x00082390                _printf_r
 .text          0x000823c4       0x24 /opt/altera/13.0sp1/nios2eds/bin/gnu/H-i686-pc-linux-gnu/bin/../lib/gcc/nios2-elf/4.1.2/../../../../nios2-elf/lib/mno-hw-mul/libc.a(lib_a-putchar.o)
                0x000823c4                putchar
                0x000823e0                _putchar_r
 .text          0x000823e8       0xb4 /opt/altera/13.0sp1/nios2eds/bin/gnu/H-i686-pc-linux-gnu/bin/../lib/gcc/nios2-elf/4.1.2/../../../../nios2-elf/lib/mno-hw-mul/libc.a(lib_a-puts.o)
                0x000823e8                _puts_r
                0x00082488                puts
 .text          0x0008249c       0x70 /opt/altera/13.0sp1/nios2eds/bin/gnu/H-i686-pc-linux-gnu/bin/../lib/gcc/nios2-elf/4.1.2/../../../../nios2-elf/lib/mno-hw-mul/libc.a(lib_a-sbrkr.o)
                0x0008249c                _sbrk_r
 .text          0x0008250c       0x74 /opt/altera/13.0sp1/nios2eds/bin/gnu/H-i686-pc-linux-gnu/bin/../lib/gcc/nios2-elf/4.1.2/../../../../nios2-elf/lib/mno-hw-mul/libc.a(lib_a-strlen.o)
                0x0008250c                strlen
 .text          0x00082580     0x1f40 /opt/altera/13.0sp1/nios2eds/bin/gnu/H-i686-pc-linux-gnu/bin/../lib/gcc/nios2-elf/4.1.2/../../../../nios2-elf/lib/mno-hw-mul/libc.a(lib_a-vfprintf.o)
                0x000825d8                ___vfprintf_internal_r
                0x0008449c                __vfprintf_internal
 .text          0x000844c0      0x13c /opt/altera/13.0sp1/nios2eds/bin/gnu/H-i686-pc-linux-gnu/bin/../lib/gcc/nios2-elf/4.1.2/../../../../nios2-elf/lib/mno-hw-mul/libc.a(lib_a-wsetup.o)
                0x000844c0                __swsetup_r
 .text          0x000845fc     0x17f8 /opt/altera/13.0sp1/nios2eds/bin/gnu/H-i686-pc-linux-gnu/bin/../lib/gcc/nios2-elf/4.1.2/../../../../nios2-elf/lib/mno-hw-mul/libc.a(lib_a-dtoa.o)
                0x00084840                _dtoa_r
 .text          0x00085df4      0x230 /opt/altera/13.0sp1/nios2eds/bin/gnu/H-i686-pc-linux-gnu/bin/../lib/gcc/nios2-elf/4.1.2/../../../../nios2-elf/lib/mno-hw-mul/libc.a(lib_a-fflush.o)
                0x00085df4                _fflush_r
                0x00085ff0                fflush
 .text          0x00086024      0x2f4 /opt/altera/13.0sp1/nios2eds/bin/gnu/H-i686-pc-linux-gnu/bin/../lib/gcc/nios2-elf/4.1.2/../../../../nios2-elf/lib/mno-hw-mul/libc.a(lib_a-findfp.o)
                0x0008607c                __sfp_lock_acquire
                0x00086080                __sfp_lock_release
                0x00086084                __sinit_lock_acquire
                0x00086088                __sinit_lock_release
                0x0008608c                __sinit
                0x00086140                __fp_unlock_all
                0x00086158                __fp_lock_all
                0x00086170                _cleanup_r
                0x0008617c                _cleanup
                0x0008618c                __sfmoreglue
                0x00086228                __sfp
 .text          0x00086318      0x440 /opt/altera/13.0sp1/nios2eds/bin/gnu/H-i686-pc-linux-gnu/bin/../lib/gcc/nios2-elf/4.1.2/../../../../nios2-elf/lib/mno-hw-mul/libc.a(lib_a-freer.o)
                0x00086318                _malloc_trim_r
                0x00086444                _free_r
 .text          0x00086758      0x49c /opt/altera/13.0sp1/nios2eds/bin/gnu/H-i686-pc-linux-gnu/bin/../lib/gcc/nios2-elf/4.1.2/../../../../nios2-elf/lib/mno-hw-mul/libc.a(lib_a-fvwrite.o)
                0x00086758                __sfvwrite_r
 .text          0x00086bf4      0x180 /opt/altera/13.0sp1/nios2eds/bin/gnu/H-i686-pc-linux-gnu/bin/../lib/gcc/nios2-elf/4.1.2/../../../../nios2-elf/lib/mno-hw-mul/libc.a(lib_a-fwalk.o)
                0x00086bf4                _fwalk_reent
                0x00086cbc                _fwalk
 .text          0x00086d74        0x0 /opt/altera/13.0sp1/nios2eds/bin/gnu/H-i686-pc-linux-gnu/bin/../lib/gcc/nios2-elf/4.1.2/../../../../nios2-elf/lib/mno-hw-mul/libc.a(lib_a-impure.o)
 .text          0x00086d74        0x0 /opt/altera/13.0sp1/nios2eds/bin/gnu/H-i686-pc-linux-gnu/bin/../lib/gcc/nios2-elf/4.1.2/../../../../nios2-elf/lib/mno-hw-mul/libc.a(lib_a-int_errno.o)
 .text          0x00086d74       0xc4 /opt/altera/13.0sp1/nios2eds/bin/gnu/H-i686-pc-linux-gnu/bin/../lib/gcc/nios2-elf/4.1.2/../../../../nios2-elf/lib/mno-hw-mul/libc.a(lib_a-locale.o)
                0x00086d74                __locale_charset
                0x00086d7c                _localeconv_r
                0x00086d88                localeconv
                0x00086d98                _setlocale_r
                0x00086e1c                setlocale
 .text          0x00086e38      0x194 /opt/altera/13.0sp1/nios2eds/bin/gnu/H-i686-pc-linux-gnu/bin/../lib/gcc/nios2-elf/4.1.2/../../../../nios2-elf/lib/mno-hw-mul/libc.a(lib_a-makebuf.o)
                0x00086e38                __smakebuf_r
 .text          0x00086fcc       0xe4 /opt/altera/13.0sp1/nios2eds/bin/gnu/H-i686-pc-linux-gnu/bin/../lib/gcc/nios2-elf/4.1.2/../../../../nios2-elf/lib/mno-hw-mul/libc.a(lib_a-memchr.o)
                0x00086fcc                memchr
 .text          0x000870b0       0xe0 /opt/altera/13.0sp1/nios2eds/bin/gnu/H-i686-pc-linux-gnu/bin/../lib/gcc/nios2-elf/4.1.2/../../../../nios2-elf/lib/mno-hw-mul/libc.a(lib_a-memmove.o)
                0x000870b0                memmove
 .text          0x00087190       0x98 /opt/altera/13.0sp1/nios2eds/bin/gnu/H-i686-pc-linux-gnu/bin/../lib/gcc/nios2-elf/4.1.2/../../../../nios2-elf/lib/mno-hw-mul/libc.a(lib_a-memset.o)
                0x00087190                memset
 .text          0x00087228     0x108c /opt/altera/13.0sp1/nios2eds/bin/gnu/H-i686-pc-linux-gnu/bin/../lib/gcc/nios2-elf/4.1.2/../../../../nios2-elf/lib/mno-hw-mul/libc.a(lib_a-mprec.o)
                0x00087228                _Bfree
                0x00087250                __hi0bits
                0x000872c0                __lo0bits
                0x00087384                __mcmp
                0x000873e4                __ulp
                0x00087464                __b2d
                0x00087584                __ratio
                0x00087634                _mprec_log10
                0x000876c8                __copybits
                0x00087720                __any_on
                0x000877a8                _Balloc
                0x00087864                __d2b
                0x000879e0                __mdiff
                0x00087b6c                __lshift
                0x00087cb8                __multiply
                0x00087f0c                __i2b
                0x00087f48                __multadd
                0x00088074                __pow5mult
                0x00088194                __s2b
 .text          0x000882b4      0x1ec /opt/altera/13.0sp1/nios2eds/bin/gnu/H-i686-pc-linux-gnu/bin/../lib/gcc/nios2-elf/4.1.2/../../../../nios2-elf/lib/mno-hw-mul/libc.a(lib_a-putc.o)
                0x000882b4                putc
                0x000883b8                _putc_r
 .text          0x000884a0      0x5f4 /opt/altera/13.0sp1/nios2eds/bin/gnu/H-i686-pc-linux-gnu/bin/../lib/gcc/nios2-elf/4.1.2/../../../../nios2-elf/lib/mno-hw-mul/libc.a(lib_a-reallocr.o)
                0x000884a0                _realloc_r
 .text          0x00088a94       0x40 /opt/altera/13.0sp1/nios2eds/bin/gnu/H-i686-pc-linux-gnu/bin/../lib/gcc/nios2-elf/4.1.2/../../../../nios2-elf/lib/mno-hw-mul/libc.a(lib_a-s_isinfd.o)
                0x00088a94                __isinfd
 .text          0x00088ad4       0x30 /opt/altera/13.0sp1/nios2eds/bin/gnu/H-i686-pc-linux-gnu/bin/../lib/gcc/nios2-elf/4.1.2/../../../../nios2-elf/lib/mno-hw-mul/libc.a(lib_a-s_isnand.o)
                0x00088ad4                __isnand
 .text          0x00088b04      0x14c /opt/altera/13.0sp1/nios2eds/bin/gnu/H-i686-pc-linux-gnu/bin/../lib/gcc/nios2-elf/4.1.2/../../../../nios2-elf/lib/mno-hw-mul/libc.a(lib_a-stdio.o)
                0x00088b04                __sclose
                0x00088b0c                __sseek
                0x00088b74                __swrite
                0x00088bf0                __sread
 .text          0x00088c50       0xbc /opt/altera/13.0sp1/nios2eds/bin/gnu/H-i686-pc-linux-gnu/bin/../lib/gcc/nios2-elf/4.1.2/../../../../nios2-elf/lib/mno-hw-mul/libc.a(lib_a-strcmp.o)
                0x00088c50                strcmp
 .text          0x00088d0c      0x14c /opt/altera/13.0sp1/nios2eds/bin/gnu/H-i686-pc-linux-gnu/bin/../lib/gcc/nios2-elf/4.1.2/../../../../nios2-elf/lib/mno-hw-mul/libc.a(lib_a-wbuf.o)
                0x00088d0c                __swbuf_r
                0x00088e3c                __swbuf
 .text          0x00088e58       0x78 /opt/altera/13.0sp1/nios2eds/bin/gnu/H-i686-pc-linux-gnu/bin/../lib/gcc/nios2-elf/4.1.2/../../../../nios2-elf/lib/mno-hw-mul/libc.a(lib_a-writer.o)
                0x00088e58                _write_r
 .text          0x00088ed0       0xc8 /opt/altera/13.0sp1/nios2eds/bin/gnu/H-i686-pc-linux-gnu/bin/../lib/gcc/nios2-elf/4.1.2/../../../../nios2-elf/lib/mno-hw-mul/libc.a(lib_a-callocr.o)
                0x00088ed0                _calloc_r
 .text          0x00088f98       0x70 /opt/altera/13.0sp1/nios2eds/bin/gnu/H-i686-pc-linux-gnu/bin/../lib/gcc/nios2-elf/4.1.2/../../../../nios2-elf/lib/mno-hw-mul/libc.a(lib_a-closer.o)
                0x00088f98                _close_r
 .text          0x00089008      0x124 /opt/altera/13.0sp1/nios2eds/bin/gnu/H-i686-pc-linux-gnu/bin/../lib/gcc/nios2-elf/4.1.2/../../../../nios2-elf/lib/mno-hw-mul/libc.a(lib_a-fclose.o)
                0x00089008                _fclose_r
                0x00089118                fclose
 .text          0x0008912c       0x74 /opt/altera/13.0sp1/nios2eds/bin/gnu/H-i686-pc-linux-gnu/bin/../lib/gcc/nios2-elf/4.1.2/../../../../nios2-elf/lib/mno-hw-mul/libc.a(lib_a-fstatr.o)
                0x0008912c                _fstat_r
 .text          0x000891a0       0x70 /opt/altera/13.0sp1/nios2eds/bin/gnu/H-i686-pc-linux-gnu/bin/../lib/gcc/nios2-elf/4.1.2/../../../../nios2-elf/lib/mno-hw-mul/libc.a(lib_a-isattyr.o)
                0x000891a0                _isatty_r
 .text          0x00089210       0x78 /opt/altera/13.0sp1/nios2eds/bin/gnu/H-i686-pc-linux-gnu/bin/../lib/gcc/nios2-elf/4.1.2/../../../../nios2-elf/lib/mno-hw-mul/libc.a(lib_a-lseekr.o)
                0x00089210                _lseek_r
 .text          0x00089288       0x78 /opt/altera/13.0sp1/nios2eds/bin/gnu/H-i686-pc-linux-gnu/bin/../lib/gcc/nios2-elf/4.1.2/../../../../nios2-elf/lib/mno-hw-mul/libc.a(lib_a-readr.o)
                0x00089288                _read_r
 .text          0x00089300      0x66c /opt/altera/13.0sp1/nios2eds/bin/gnu/H-i686-pc-linux-gnu/bin/../lib/gcc/nios2-elf/4.1.2/mno-hw-mul/libgcc.a(_udivdi3.o)
                0x00089300                __udivdi3
 .text          0x0008996c      0x660 /opt/altera/13.0sp1/nios2eds/bin/gnu/H-i686-pc-linux-gnu/bin/../lib/gcc/nios2-elf/4.1.2/mno-hw-mul/libgcc.a(_umoddi3.o)
                0x0008996c                __umoddi3
 .text          0x00089fcc      0x258 /opt/altera/13.0sp1/nios2eds/bin/gnu/H-i686-pc-linux-gnu/bin/../lib/gcc/nios2-elf/4.1.2/mno-hw-mul/libgcc.a(_div_df.o)
                0x00089fcc                __divdf3
 .text          0x0008a224       0x88 /opt/altera/13.0sp1/nios2eds/bin/gnu/H-i686-pc-linux-gnu/bin/../lib/gcc/nios2-elf/4.1.2/mno-hw-mul/libgcc.a(_eq_df.o)
                0x0008a224                __eqdf2
 .text          0x0008a2ac       0x88 /opt/altera/13.0sp1/nios2eds/bin/gnu/H-i686-pc-linux-gnu/bin/../lib/gcc/nios2-elf/4.1.2/mno-hw-mul/libgcc.a(_ne_df.o)
                0x0008a2ac                __nedf2
 .text          0x0008a334       0x88 /opt/altera/13.0sp1/nios2eds/bin/gnu/H-i686-pc-linux-gnu/bin/../lib/gcc/nios2-elf/4.1.2/mno-hw-mul/libgcc.a(_gt_df.o)
                0x0008a334                __gtdf2
 .text          0x0008a3bc       0x88 /opt/altera/13.0sp1/nios2eds/bin/gnu/H-i686-pc-linux-gnu/bin/../lib/gcc/nios2-elf/4.1.2/mno-hw-mul/libgcc.a(_lt_df.o)
                0x0008a3bc                __ltdf2
 .text          0x0008a444      0x194 /opt/altera/13.0sp1/nios2eds/bin/gnu/H-i686-pc-linux-gnu/bin/../lib/gcc/nios2-elf/4.1.2/mno-hw-mul/libgcc.a(_usi_to_df.o)
                0x0008a444                __floatunsidf
 .text          0x0008a5d8       0xbc ../../bsp/lab2//libucosii_bsp.a(alt_close.o)
                0x0008a5f8                close
 .text          0x0008a694        0x8 ../../bsp/lab2//libucosii_bsp.a(alt_dev.o)
 .text          0x0008a69c        0x0 ../../bsp/lab2//libucosii_bsp.a(alt_errno.o)
 .text          0x0008a69c       0x9c ../../bsp/lab2//libucosii_bsp.a(alt_fstat.o)
                0x0008a69c                fstat
 .text          0x0008a738       0x94 ../../bsp/lab2//libucosii_bsp.a(alt_isatty.o)
                0x0008a738                isatty
 .text          0x0008a7cc       0x8c ../../bsp/lab2//libucosii_bsp.a(alt_load.o)
                0x0008a7ec                alt_load
 .text          0x0008a858       0xb8 ../../bsp/lab2//libucosii_bsp.a(alt_lseek.o)
                0x0008a858                lseek
 .text          0x0008a910       0xa8 ../../bsp/lab2//libucosii_bsp.a(alt_main.o)
                0x0008a910                alt_main
 .text          0x0008a9b8       0xd8 ../../bsp/lab2//libucosii_bsp.a(alt_read.o)
                0x0008a9d8                read
 .text          0x0008aa90       0x5c ../../bsp/lab2//libucosii_bsp.a(alt_release_fd.o)
                0x0008aa90                alt_release_fd
 .text          0x0008aaec       0x50 ../../bsp/lab2//libucosii_bsp.a(alt_sbrk.o)
                0x0008aaec                sbrk
 .text          0x0008ab3c       0xd4 ../../bsp/lab2//libucosii_bsp.a(alt_write.o)
                0x0008ab5c                write
 .text          0x0008ac10       0xa8 ../../bsp/lab2//libucosii_bsp.a(alt_env_lock.o)
                0x0008ac10                __env_unlock
                0x0008ac38                __env_lock
 .text          0x0008acb8      0x110 ../../bsp/lab2//libucosii_bsp.a(alt_malloc_lock.o)
                0x0008acb8                __malloc_unlock
                0x0008ad14                __malloc_lock
 .text          0x0008adc8     0x1118 ../../bsp/lab2//libucosii_bsp.a(os_core.o)
                0x0008adc8                OSVersion
                0x0008add0                OS_Dummy
                0x0008add4                OS_EventTaskWait
                0x0008ae58                OS_EventTaskWaitMulti
                0x0008aef8                OS_EventTaskRemove
                0x0008af44                OS_EventTaskRemoveMulti
                0x0008afa0                OS_EventTaskRdy
                0x0008b094                OS_EventWaitListInit
                0x0008b0b0                OS_MemClr
                0x0008b0cc                OS_MemCopy
                0x0008b0f0                OS_StrCopy
                0x0008b11c                OS_StrLen
                0x0008b13c                OS_TaskStatStkChk
                0x0008b1c0                OS_Sched
                0x0008b278                OSStart
                0x0008b2e4                OSInit
                0x0008b4c4                OSEventNameGet
                0x0008b57c                OSEventPendMulti
                0x0008b8d4                OSIntEnter
                0x0008b910                OSSchedLock
                0x0008b954                OSSchedUnlock
                0x0008b9a8                OSStatInit
                0x0008ba0c                OSTimeTick
                0x0008bb18                OS_TaskIdle
                0x0008bb48                OS_TaskStat
                0x0008bbcc                OS_TCBInit
                0x0008bd50                OSIntExit
                0x0008be24                OSEventNameSet
 .text          0x0008bee0        0x4 ../../bsp/lab2//libucosii_bsp.a(os_dbg.o)
                0x0008bee0                OSDebugInit
 .text          0x0008bee4      0xc5c ../../bsp/lab2//libucosii_bsp.a(os_flag.o)
                0x0008bf9c                OS_FlagUnlink
                0x0008c068                OS_FlagInit
                0x0008c0d8                OSFlagQuery
                0x0008c134                OSFlagAccept
                0x0008c2a4                OSFlagCreate
                0x0008c32c                OSFlagDel
                0x0008c48c                OSFlagNameGet
                0x0008c54c                OSFlagNameSet
                0x0008c620                OSFlagPend
                0x0008c920                OSFlagPendGetFlagsRdy
                0x0008c94c                OSFlagPost
 .text          0x0008cb40      0x3b8 ../../bsp/lab2//libucosii_bsp.a(os_mem.o)
                0x0008cb40                OS_MemInit
                0x0008cba8                OSMemQuery
                0x0008cc0c                OSMemCreate
                0x0008ccdc                OSMemGet
                0x0008cd48                OSMemNameGet
                0x0008cde4                OSMemNameSet
                0x0008cea0                OSMemPut
 .text          0x0008cef8      0x9c4 ../../bsp/lab2//libucosii_bsp.a(os_q.o)
                0x0008cef8                OS_QInit
                0x0008cf48                OSQQuery
                0x0008cfe0                OSQAccept
                0x0008d07c                OSQCreate
                0x0008d17c                OSQDel
                0x0008d300                OSQFlush
                0x0008d350                OSQPend
                0x0008d510                OSQPendAbort
                0x0008d5f8                OSQPost
                0x0008d6b4                OSQPostFront
                0x0008d778                OSQPostOpt
 .text          0x0008d8bc      0x5e0 ../../bsp/lab2//libucosii_bsp.a(os_sem.o)
                0x0008d8bc                OSSemSet
                0x0008d920                OSSemAccept
                0x0008d964                OSSemCreate
                0x0008d9f0                OSSemDel
                0x0008db44                OSSemPend
                0x0008dcac                OSSemPendAbort
                0x0008dd98                OSSemPost
                0x0008de34                OSSemQuery
 .text          0x0008de9c      0xe74 ../../bsp/lab2//libucosii_bsp.a(os_task.o)
                0x0008de9c                OS_TaskStkClr
                0x0008decc                OSTaskQuery
                0x0008df94                OSTaskChangePrio
                0x0008e230                OSTaskCreate
                0x0008e33c                OSTaskCreateExt
                0x0008e4b4                OSTaskDel
                0x0008e700                OSTaskDelReq
                0x0008e7b4                OSTaskNameGet
                0x0008e8bc                OSTaskNameSet
                0x0008e9d8                OSTaskResume
                0x0008eadc                OSTaskStkChk
                0x0008ebcc                OSTaskSuspend
 .text          0x0008ed10      0x378 ../../bsp/lab2//libucosii_bsp.a(os_time.o)
                0x0008ed10                OSTimeSet
                0x0008ed34                OSTimeDly
                0x0008edcc                OSTimeDlyHMSM
                0x0008ef6c                OSTimeDlyResume
                0x0008f064                OSTimeGet
 .text          0x0008f088      0xb94 ../../bsp/lab2//libucosii_bsp.a(os_tmr.o)
                0x0008f1f4                OSTmr_Init
                0x0008f450                OSTmrStop
                0x0008f5ac                OSTmrStart
                0x0008f6b0                OSTmrStateGet
                0x0008f758                OSTmrRemainGet
                0x0008f870                OSTmrDel
                0x0008f96c                OSTmrSignal
                0x0008f994                OSTmrNameGet
                0x0008fa80                OSTmrCreate
 .text          0x0008fc1c      0x168 ../../bsp/lab2//libucosii_bsp.a(alt_sys_init.o)
                0x0008fca4                alt_sys_init
                0x0008fd64                alt_irq_init
 .text          0x0008fd84       0x3c ../../bsp/lab2//libucosii_bsp.a(altera_avalon_jtag_uart_fd.o)
                0x0008fd84                altera_avalon_jtag_uart_ioctl_fd
                0x0008fd90                altera_avalon_jtag_uart_close_fd
                0x0008fda0                altera_avalon_jtag_uart_write_fd
                0x0008fdb0                altera_avalon_jtag_uart_read_fd
 .text          0x0008fdc0      0x2e0 ../../bsp/lab2//libucosii_bsp.a(altera_avalon_jtag_uart_init.o)
                0x0008fdc0                altera_avalon_jtag_uart_close
                0x0008fe80                altera_avalon_jtag_uart_init
 .text          0x000900a0       0x7c ../../bsp/lab2//libucosii_bsp.a(altera_avalon_jtag_uart_ioctl.o)
                0x000900a0                altera_avalon_jtag_uart_ioctl
 .text          0x0009011c      0x1ac ../../bsp/lab2//libucosii_bsp.a(altera_avalon_jtag_uart_read.o)
                0x0009011c                altera_avalon_jtag_uart_read
 .text          0x000902c8      0x1b8 ../../bsp/lab2//libucosii_bsp.a(altera_avalon_jtag_uart_write.o)
                0x000902c8                altera_avalon_jtag_uart_write
 .text          0x00090480      0x188 ../../bsp/lab2//libucosii_bsp.a(altera_avalon_mutex.o)
                0x00090480                altera_avalon_mutex_close
                0x00090484                altera_avalon_mutex_first_lock
                0x00090494                altera_avalon_mutex_is_mine
                0x000904e4                altera_avalon_mutex_unlock
                0x00090508                altera_avalon_mutex_trylock
                0x00090564                altera_avalon_mutex_open
                0x000905bc                altera_avalon_mutex_lock
 .text          0x00090608       0x6c ../../bsp/lab2//libucosii_bsp.a(altera_avalon_timer_sc.o)
                0x00090608                alt_avalon_timer_sc_init
 .text          0x00090674      0x1e0 ../../bsp/lab2//libucosii_bsp.a(perf_print_formatted_report.o)
                0x00090674                perf_print_formatted_report
 .text          0x00090854       0x90 ../../bsp/lab2//libucosii_bsp.a(alt_alarm_start.o)
                0x00090854                alt_alarm_start
 .text          0x000908e4        0x4 ../../bsp/lab2//libucosii_bsp.a(alt_dcache_flush_all.o)
                0x000908e4                alt_dcache_flush_all
 .text          0x000908e8       0x70 ../../bsp/lab2//libucosii_bsp.a(alt_dev_llist_insert.o)
                0x000908e8                alt_dev_llist_insert
 .text          0x00090958       0x40 ../../bsp/lab2//libucosii_bsp.a(alt_do_ctors.o)
                0x00090958                _do_ctors
 .text          0x00090998       0x40 ../../bsp/lab2//libucosii_bsp.a(alt_do_dtors.o)
                0x00090998                _do_dtors
 .text          0x000909d8       0x70 ../../bsp/lab2//libucosii_bsp.a(alt_find_dev.o)
                0x000909d8                alt_find_dev
 .text          0x00090a48        0x4 ../../bsp/lab2//libucosii_bsp.a(alt_icache_flush_all.o)
                0x00090a48                alt_icache_flush_all
 .text          0x00090a4c      0x114 ../../bsp/lab2//libucosii_bsp.a(alt_io_redirect.o)
                0x00090ad4                alt_io_redirect
 .text          0x00090b60       0xa0 ../../bsp/lab2//libucosii_bsp.a(alt_irq_register.o)
                0x00090b60                alt_irq_register
 .text          0x00090c00        0x0 ../../bsp/lab2//libucosii_bsp.a(alt_irq_vars.o)
 .text          0x00090c00      0x17c ../../bsp/lab2//libucosii_bsp.a(alt_open.o)
                0x00090c00                open
 .text          0x00090d7c       0xe0 ../../bsp/lab2//libucosii_bsp.a(alt_tick.o)
                0x00090d7c                alt_alarm_stop
                0x00090db0                alt_tick
 .text          0x00090e5c        0x8 ../../bsp/lab2//libucosii_bsp.a(altera_nios2_qsys_irq.o)
                0x00090e5c                altera_nios2_qsys_irq_init
 .text          0x00090e64       0xd0 ../../bsp/lab2//libucosii_bsp.a(os_cpu_a.o)
                0x00090e64                OSCtxSw
                0x00090e64                OSIntCtxSw
                0x00090ef0                OSStartHighRdy
                0x00090f10                OSStartTsk
 .text          0x00090f34      0x228 ../../bsp/lab2//libucosii_bsp.a(os_cpu_c.o)
                0x00090f34                OSTaskCreateHook
                0x00090f38                OSTaskDelHook
                0x00090f3c                OSTaskSwHook
                0x00090f40                OSTaskStatHook
                0x00090f44                OSInitHookBegin
                0x00090f4c                OSInitHookEnd
                0x00090f50                OSTaskIdleHook
                0x00090f54                OSTCBInitHook
                0x00090f58                OSTimeTickHook
                0x00090fb0                OSTaskStkInit
 .text          0x0009115c       0x60 ../../bsp/lab2//libucosii_bsp.a(altera_avalon_performance_counter.o)
                0x0009115c                alt_get_performance_counter_base
                0x00091168                alt_get_cpu_freq
                0x00091174                perf_get_num_starts
                0x00091184                perf_get_section_time
                0x000911b4                perf_get_total_time
 .text          0x000911bc       0x9c ../../bsp/lab2//libucosii_bsp.a(alt_find_file.o)
                0x000911bc                alt_find_file
 .text          0x00091258       0xa4 ../../bsp/lab2//libucosii_bsp.a(alt_get_fd.o)
                0x00091258                alt_get_fd
 .text          0x000912fc        0x0 ../../bsp/lab2//libucosii_bsp.a(alt_irq_entry.o)
 .text          0x000912fc        0x0 ../../bsp/lab2//libucosii_bsp.a(alt_irq_handler.o)
 .text          0x000912fc        0x0 ../../bsp/lab2//libucosii_bsp.a(alt_exception_entry.o)
 .text          0x000912fc       0x14 /opt/altera/13.0sp1/nios2eds/bin/gnu/H-i686-pc-linux-gnu/bin/../lib/gcc/nios2-elf/4.1.2/../../../../nios2-elf/lib/mno-hw-mul/libc.a(lib_a-atexit.o)
                0x000912fc                atexit
 .text          0x00091310       0x38 /opt/altera/13.0sp1/nios2eds/bin/gnu/H-i686-pc-linux-gnu/bin/../lib/gcc/nios2-elf/4.1.2/../../../../nios2-elf/lib/mno-hw-mul/libc.a(lib_a-exit.o)
                0x00091310                exit
 .text          0x00091348       0x74 /opt/altera/13.0sp1/nios2eds/bin/gnu/H-i686-pc-linux-gnu/bin/../lib/gcc/nios2-elf/4.1.2/../../../../nios2-elf/lib/mno-hw-mul/libc.a(lib_a-memcmp.o)
                0x00091348                memcmp
 .text          0x000913bc      0x134 /opt/altera/13.0sp1/nios2eds/bin/gnu/H-i686-pc-linux-gnu/bin/../lib/gcc/nios2-elf/4.1.2/../../../../nios2-elf/lib/mno-hw-mul/libc.a(lib_a-__atexit.o)
                0x000913bc                __register_exitproc
 .text          0x000914f0      0x1b4 /opt/altera/13.0sp1/nios2eds/bin/gnu/H-i686-pc-linux-gnu/bin/../lib/gcc/nios2-elf/4.1.2/../../../../nios2-elf/lib/mno-hw-mul/libc.a(lib_a-__call_atexit.o)
                0x000914f4                __call_exitprocs
 .text          0x000916a4       0x88 /opt/altera/13.0sp1/nios2eds/bin/gnu/H-i686-pc-linux-gnu/bin/../lib/gcc/nios2-elf/4.1.2/mno-hw-mul/libgcc.a(_floatundidf.o)
                0x000916a4                __floatundidf
 .text          0x0009172c       0x20 ../../bsp/lab2//libucosii_bsp.a(alt_exit.o)
                0x0009172c                _exit
 *(.gnu.warning.*)
 *(.fini)
                0x0009174c                PROVIDE (__etext, ABSOLUTE (.))
                0x0009174c                PROVIDE (_etext, ABSOLUTE (.))
                0x0009174c                PROVIDE (etext, ABSOLUTE (.))
 *(.eh_frame_hdr)
                0x0009174c                . = ALIGN (0x4)
                0x0009174c                PROVIDE (__preinit_array_start, ABSOLUTE (.))
 *(.preinit_array)
                0x0009174c                PROVIDE (__preinit_array_end, ABSOLUTE (.))
                0x0009174c                PROVIDE (__init_array_start, ABSOLUTE (.))
 *(.init_array)
                0x0009174c                PROVIDE (__init_array_end, ABSOLUTE (.))
                0x0009174c                PROVIDE (__fini_array_start, ABSOLUTE (.))
 *(.fini_array)
                0x0009174c                PROVIDE (__fini_array_end, ABSOLUTE (.))
 *(.eh_frame)
 *(.gcc_except_table)
 *(.dynamic)
                0x0009174c                PROVIDE (__CTOR_LIST__, ABSOLUTE (.))
 *(.ctors)
 *(SORT(.ctors.*))
 .ctors.65535   0x0009174c        0x4 /opt/altera/13.0sp1/nios2eds/bin/gnu/H-i686-pc-linux-gnu/bin/../lib/gcc/nios2-elf/4.1.2/../../../../nios2-elf/lib/mno-hw-mul/libc.a(lib_a-__call_atexit.o)
                0x00091750                PROVIDE (__CTOR_END__, ABSOLUTE (.))
                0x00091750                PROVIDE (__DTOR_LIST__, ABSOLUTE (.))
 *(.dtors)
 *(SORT(.dtors.*))
                0x00091750                PROVIDE (__DTOR_END__, ABSOLUTE (.))
 *(.jcr)
                0x00091750                . = ALIGN (0x4)

.rodata         0x00091750      0x640
                0x00091750                PROVIDE (__ram_rodata_start, ABSOLUTE (.))
                0x00091750                . = ALIGN (0x4)
 *(.rodata .rodata.* .gnu.linkonce.r.*)
 .rodata.str1.4
                0x00091750       0x2b obj/default/src_0/cpu_0.o
                                 0x2c (size before relaxing)
 .rodata        0x0009177b       0x10 obj/default/src_0/cpu_0.o
 *fill*         0x0009178b        0x1 00
 .rodata        0x0009178c       0x14 /opt/altera/13.0sp1/nios2eds/bin/gnu/H-i686-pc-linux-gnu/bin/../lib/gcc/nios2-elf/4.1.2/mno-hw-mul/libgcc.a(_thenan_df.o)
                0x0009178c                __thenan_df
 .rodata        0x000917a0      0x100 /opt/altera/13.0sp1/nios2eds/bin/gnu/H-i686-pc-linux-gnu/bin/../lib/gcc/nios2-elf/4.1.2/mno-hw-mul/libgcc.a(_clz.o)
                0x000917a0                __clz_tab
 .rodata.str1.4
                0x00000000       0x2b /opt/altera/13.0sp1/nios2eds/bin/gnu/H-i686-pc-linux-gnu/bin/../lib/gcc/nios2-elf/4.1.2/../../../../nios2-elf/lib/mno-hw-mul/libc.a(lib_a-puts.o)
                                  0x4 (size before relaxing)
 .rodata.str1.4
                0x000918a0       0x5e /opt/altera/13.0sp1/nios2eds/bin/gnu/H-i686-pc-linux-gnu/bin/../lib/gcc/nios2-elf/4.1.2/../../../../nios2-elf/lib/mno-hw-mul/libc.a(lib_a-vfprintf.o)
                                 0x60 (size before relaxing)
 .rodata        0x000918fe       0x20 /opt/altera/13.0sp1/nios2eds/bin/gnu/H-i686-pc-linux-gnu/bin/../lib/gcc/nios2-elf/4.1.2/../../../../nios2-elf/lib/mno-hw-mul/libc.a(lib_a-vfprintf.o)
 *fill*         0x0009191e        0x2 00
 .rodata.str1.4
                0x00091920       0x10 /opt/altera/13.0sp1/nios2eds/bin/gnu/H-i686-pc-linux-gnu/bin/../lib/gcc/nios2-elf/4.1.2/../../../../nios2-elf/lib/mno-hw-mul/libc.a(lib_a-dtoa.o)
                                 0x14 (size before relaxing)
 .rodata.str1.4
                0x00091930        0x2 /opt/altera/13.0sp1/nios2eds/bin/gnu/H-i686-pc-linux-gnu/bin/../lib/gcc/nios2-elf/4.1.2/../../../../nios2-elf/lib/mno-hw-mul/libc.a(lib_a-impure.o)
                                  0x4 (size before relaxing)
 *fill*         0x00091932        0x2 00
 .rodata.str1.4
                0x00091934        0xf /opt/altera/13.0sp1/nios2eds/bin/gnu/H-i686-pc-linux-gnu/bin/../lib/gcc/nios2-elf/4.1.2/../../../../nios2-elf/lib/mno-hw-mul/libc.a(lib_a-locale.o)
                                 0x18 (size before relaxing)
 *fill*         0x00091943        0x1 00
 .rodata        0x00091944       0x30 /opt/altera/13.0sp1/nios2eds/bin/gnu/H-i686-pc-linux-gnu/bin/../lib/gcc/nios2-elf/4.1.2/../../../../nios2-elf/lib/mno-hw-mul/libc.a(lib_a-locale.o)
 .rodata        0x00091974      0x124 /opt/altera/13.0sp1/nios2eds/bin/gnu/H-i686-pc-linux-gnu/bin/../lib/gcc/nios2-elf/4.1.2/../../../../nios2-elf/lib/mno-hw-mul/libc.a(lib_a-mprec.o)
                0x00091974                __mprec_tens
                0x00091a3c                __mprec_bigtens
                0x00091a64                __mprec_tinytens
 .rodata.str1.4
                0x00091a98        0xa ../../bsp/lab2//libucosii_bsp.a(alt_dev.o)
                                  0xc (size before relaxing)
 *fill*         0x00091aa2        0x2 00
 .rodata.str1.4
                0x00091aa4       0x11 ../../bsp/lab2//libucosii_bsp.a(alt_main.o)
                                 0x14 (size before relaxing)
 *fill*         0x00091ab5        0x3 00
 .rodata.str1.4
                0x00091ab8       0x1e ../../bsp/lab2//libucosii_bsp.a(os_core.o)
                                 0x20 (size before relaxing)
 .rodata        0x00091ad6      0x100 ../../bsp/lab2//libucosii_bsp.a(os_core.o)
                0x00091ad6                OSUnMapTbl
 *fill*         0x00091bd6        0x2 00
 .rodata.str1.4
                0x00091bd8       0x35 ../../bsp/lab2//libucosii_bsp.a(os_tmr.o)
                                 0x38 (size before relaxing)
 *fill*         0x00091c0d        0x3 00
 .rodata.str1.4
                0x00091c10       0x7f ../../bsp/lab2//libucosii_bsp.a(alt_sys_init.o)
                                 0x94 (size before relaxing)
 *fill*         0x00091c8f        0x1 00
 .rodata.str1.4
                0x00091c90      0x100 ../../bsp/lab2//libucosii_bsp.a(perf_print_formatted_report.o)
 .rodata.str1.4
                0x00000000        0x4 ../../bsp/lab2//libucosii_bsp.a(os_cpu_c.o)
 *(.rodata1)
                0x00091d90                . = ALIGN (0x4)
                0x00091d90                PROVIDE (__ram_rodata_end, ABSOLUTE (.))
                0x00091750                PROVIDE (__flash_rodata_start, LOADADDR (.rodata))

.rwdata         0x00091d90     0xdc04 load address 0x0009f994
                0x00091d90                PROVIDE (__ram_rwdata_start, ABSOLUTE (.))
                0x00091d90                . = ALIGN (0x4)
 *(.got.plt)
 *(.got)
 *(.data1)
 *(.data .data.* .gnu.linkonce.d.*)
 .data          0x00091d90        0x0 ../../bsp/lab2//obj/HAL/src/crt0.o
 .data          0x00091d90     0xc02c obj/default/src_0/cpu_0.o
                0x00091d90                test_ppm_1
                0x00094d93                test_ppm_2
                0x00097d96                test_ppm_3
                0x0009ad99                test_ppm_4
                0x0009dd9c                image_sequence
                0x0009ddac                asciiChars
 .data          0x0009ddbc        0x0 /opt/altera/13.0sp1/nios2eds/bin/gnu/H-i686-pc-linux-gnu/bin/../lib/gcc/nios2-elf/4.1.2/mno-hw-mul/libgcc.a(_fixunsdfsi.o)
 .data          0x0009ddbc        0x0 /opt/altera/13.0sp1/nios2eds/bin/gnu/H-i686-pc-linux-gnu/bin/../lib/gcc/nios2-elf/4.1.2/mno-hw-mul/libgcc.a(_addsub_df.o)
 .data          0x0009ddbc        0x0 /opt/altera/13.0sp1/nios2eds/bin/gnu/H-i686-pc-linux-gnu/bin/../lib/gcc/nios2-elf/4.1.2/mno-hw-mul/libgcc.a(_mul_df.o)
 .data          0x0009ddbc        0x0 /opt/altera/13.0sp1/nios2eds/bin/gnu/H-i686-pc-linux-gnu/bin/../lib/gcc/nios2-elf/4.1.2/mno-hw-mul/libgcc.a(_ge_df.o)
 .data          0x0009ddbc        0x0 /opt/altera/13.0sp1/nios2eds/bin/gnu/H-i686-pc-linux-gnu/bin/../lib/gcc/nios2-elf/4.1.2/mno-hw-mul/libgcc.a(_si_to_df.o)
 .data          0x0009ddbc        0x0 /opt/altera/13.0sp1/nios2eds/bin/gnu/H-i686-pc-linux-gnu/bin/../lib/gcc/nios2-elf/4.1.2/mno-hw-mul/libgcc.a(_df_to_si.o)
 .data          0x0009ddbc        0x0 /opt/altera/13.0sp1/nios2eds/bin/gnu/H-i686-pc-linux-gnu/bin/../lib/gcc/nios2-elf/4.1.2/mno-hw-mul/libgcc.a(_thenan_df.o)
 .data          0x0009ddbc        0x0 /opt/altera/13.0sp1/nios2eds/bin/gnu/H-i686-pc-linux-gnu/bin/../lib/gcc/nios2-elf/4.1.2/mno-hw-mul/libgcc.a(lib2-divmod.o)
 .data          0x0009ddbc        0x0 /opt/altera/13.0sp1/nios2eds/bin/gnu/H-i686-pc-linux-gnu/bin/../lib/gcc/nios2-elf/4.1.2/mno-hw-mul/libgcc.a(lib2-mul.o)
 .data          0x0009ddbc        0x0 /opt/altera/13.0sp1/nios2eds/bin/gnu/H-i686-pc-linux-gnu/bin/../lib/gcc/nios2-elf/4.1.2/mno-hw-mul/libgcc.a(_muldi3.o)
 .data          0x0009ddbc        0x0 /opt/altera/13.0sp1/nios2eds/bin/gnu/H-i686-pc-linux-gnu/bin/../lib/gcc/nios2-elf/4.1.2/mno-hw-mul/libgcc.a(_clzsi2.o)
 .data          0x0009ddbc        0x0 /opt/altera/13.0sp1/nios2eds/bin/gnu/H-i686-pc-linux-gnu/bin/../lib/gcc/nios2-elf/4.1.2/mno-hw-mul/libgcc.a(_pack_df.o)
 .data          0x0009ddbc        0x0 /opt/altera/13.0sp1/nios2eds/bin/gnu/H-i686-pc-linux-gnu/bin/../lib/gcc/nios2-elf/4.1.2/mno-hw-mul/libgcc.a(_unpack_df.o)
 .data          0x0009ddbc        0x0 /opt/altera/13.0sp1/nios2eds/bin/gnu/H-i686-pc-linux-gnu/bin/../lib/gcc/nios2-elf/4.1.2/mno-hw-mul/libgcc.a(_fpcmp_parts_df.o)
 .data          0x0009ddbc        0x0 /opt/altera/13.0sp1/nios2eds/bin/gnu/H-i686-pc-linux-gnu/bin/../lib/gcc/nios2-elf/4.1.2/mno-hw-mul/libgcc.a(_clz.o)
 .data          0x0009ddbc        0x0 /opt/altera/13.0sp1/nios2eds/bin/gnu/H-i686-pc-linux-gnu/bin/../lib/gcc/nios2-elf/4.1.2/../../../../nios2-elf/lib/mno-hw-mul/libc.a(lib_a-malloc.o)
 .data          0x0009ddbc      0x408 /opt/altera/13.0sp1/nios2eds/bin/gnu/H-i686-pc-linux-gnu/bin/../lib/gcc/nios2-elf/4.1.2/../../../../nios2-elf/lib/mno-hw-mul/libc.a(lib_a-mallocr.o)
                0x0009ddbc                __malloc_av_
 .data          0x0009e1c4        0x0 /opt/altera/13.0sp1/nios2eds/bin/gnu/H-i686-pc-linux-gnu/bin/../lib/gcc/nios2-elf/4.1.2/../../../../nios2-elf/lib/mno-hw-mul/libc.a(lib_a-memcpy.o)
 .data          0x0009e1c4        0x0 /opt/altera/13.0sp1/nios2eds/bin/gnu/H-i686-pc-linux-gnu/bin/../lib/gcc/nios2-elf/4.1.2/../../../../nios2-elf/lib/mno-hw-mul/libc.a(lib_a-printf.o)
 .data          0x0009e1c4        0x0 /opt/altera/13.0sp1/nios2eds/bin/gnu/H-i686-pc-linux-gnu/bin/../lib/gcc/nios2-elf/4.1.2/../../../../nios2-elf/lib/mno-hw-mul/libc.a(lib_a-putchar.o)
 .data          0x0009e1c4        0x0 /opt/altera/13.0sp1/nios2eds/bin/gnu/H-i686-pc-linux-gnu/bin/../lib/gcc/nios2-elf/4.1.2/../../../../nios2-elf/lib/mno-hw-mul/libc.a(lib_a-puts.o)
 .data          0x0009e1c4        0x0 /opt/altera/13.0sp1/nios2eds/bin/gnu/H-i686-pc-linux-gnu/bin/../lib/gcc/nios2-elf/4.1.2/../../../../nios2-elf/lib/mno-hw-mul/libc.a(lib_a-sbrkr.o)
 .data          0x0009e1c4        0x0 /opt/altera/13.0sp1/nios2eds/bin/gnu/H-i686-pc-linux-gnu/bin/../lib/gcc/nios2-elf/4.1.2/../../../../nios2-elf/lib/mno-hw-mul/libc.a(lib_a-strlen.o)
 .data          0x0009e1c4        0x0 /opt/altera/13.0sp1/nios2eds/bin/gnu/H-i686-pc-linux-gnu/bin/../lib/gcc/nios2-elf/4.1.2/../../../../nios2-elf/lib/mno-hw-mul/libc.a(lib_a-vfprintf.o)
 .data          0x0009e1c4        0x0 /opt/altera/13.0sp1/nios2eds/bin/gnu/H-i686-pc-linux-gnu/bin/../lib/gcc/nios2-elf/4.1.2/../../../../nios2-elf/lib/mno-hw-mul/libc.a(lib_a-wsetup.o)
 .data          0x0009e1c4        0x0 /opt/altera/13.0sp1/nios2eds/bin/gnu/H-i686-pc-linux-gnu/bin/../lib/gcc/nios2-elf/4.1.2/../../../../nios2-elf/lib/mno-hw-mul/libc.a(lib_a-dtoa.o)
 .data          0x0009e1c4        0x0 /opt/altera/13.0sp1/nios2eds/bin/gnu/H-i686-pc-linux-gnu/bin/../lib/gcc/nios2-elf/4.1.2/../../../../nios2-elf/lib/mno-hw-mul/libc.a(lib_a-fflush.o)
 .data          0x0009e1c4        0x0 /opt/altera/13.0sp1/nios2eds/bin/gnu/H-i686-pc-linux-gnu/bin/../lib/gcc/nios2-elf/4.1.2/../../../../nios2-elf/lib/mno-hw-mul/libc.a(lib_a-findfp.o)
 .data          0x0009e1c4        0x0 /opt/altera/13.0sp1/nios2eds/bin/gnu/H-i686-pc-linux-gnu/bin/../lib/gcc/nios2-elf/4.1.2/../../../../nios2-elf/lib/mno-hw-mul/libc.a(lib_a-freer.o)
 .data          0x0009e1c4        0x0 /opt/altera/13.0sp1/nios2eds/bin/gnu/H-i686-pc-linux-gnu/bin/../lib/gcc/nios2-elf/4.1.2/../../../../nios2-elf/lib/mno-hw-mul/libc.a(lib_a-fvwrite.o)
 .data          0x0009e1c4        0x0 /opt/altera/13.0sp1/nios2eds/bin/gnu/H-i686-pc-linux-gnu/bin/../lib/gcc/nios2-elf/4.1.2/../../../../nios2-elf/lib/mno-hw-mul/libc.a(lib_a-fwalk.o)
 .data          0x0009e1c4      0x400 /opt/altera/13.0sp1/nios2eds/bin/gnu/H-i686-pc-linux-gnu/bin/../lib/gcc/nios2-elf/4.1.2/../../../../nios2-elf/lib/mno-hw-mul/libc.a(lib_a-impure.o)
 .data          0x0009e5c4        0x0 /opt/altera/13.0sp1/nios2eds/bin/gnu/H-i686-pc-linux-gnu/bin/../lib/gcc/nios2-elf/4.1.2/../../../../nios2-elf/lib/mno-hw-mul/libc.a(lib_a-int_errno.o)
 .data          0x0009e5c4        0xc /opt/altera/13.0sp1/nios2eds/bin/gnu/H-i686-pc-linux-gnu/bin/../lib/gcc/nios2-elf/4.1.2/../../../../nios2-elf/lib/mno-hw-mul/libc.a(lib_a-locale.o)
                0x0009e5c4                __lc_ctype
 .data          0x0009e5d0        0x0 /opt/altera/13.0sp1/nios2eds/bin/gnu/H-i686-pc-linux-gnu/bin/../lib/gcc/nios2-elf/4.1.2/../../../../nios2-elf/lib/mno-hw-mul/libc.a(lib_a-makebuf.o)
 .data          0x0009e5d0        0x0 /opt/altera/13.0sp1/nios2eds/bin/gnu/H-i686-pc-linux-gnu/bin/../lib/gcc/nios2-elf/4.1.2/../../../../nios2-elf/lib/mno-hw-mul/libc.a(lib_a-memchr.o)
 .data          0x0009e5d0        0x0 /opt/altera/13.0sp1/nios2eds/bin/gnu/H-i686-pc-linux-gnu/bin/../lib/gcc/nios2-elf/4.1.2/../../../../nios2-elf/lib/mno-hw-mul/libc.a(lib_a-memmove.o)
 .data          0x0009e5d0        0x0 /opt/altera/13.0sp1/nios2eds/bin/gnu/H-i686-pc-linux-gnu/bin/../lib/gcc/nios2-elf/4.1.2/../../../../nios2-elf/lib/mno-hw-mul/libc.a(lib_a-memset.o)
 .data          0x0009e5d0        0x0 /opt/altera/13.0sp1/nios2eds/bin/gnu/H-i686-pc-linux-gnu/bin/../lib/gcc/nios2-elf/4.1.2/../../../../nios2-elf/lib/mno-hw-mul/libc.a(lib_a-mprec.o)
 .data          0x0009e5d0        0x0 /opt/altera/13.0sp1/nios2eds/bin/gnu/H-i686-pc-linux-gnu/bin/../lib/gcc/nios2-elf/4.1.2/../../../../nios2-elf/lib/mno-hw-mul/libc.a(lib_a-putc.o)
 .data          0x0009e5d0        0x0 /opt/altera/13.0sp1/nios2eds/bin/gnu/H-i686-pc-linux-gnu/bin/../lib/gcc/nios2-elf/4.1.2/../../../../nios2-elf/lib/mno-hw-mul/libc.a(lib_a-reallocr.o)
 .data          0x0009e5d0        0x0 /opt/altera/13.0sp1/nios2eds/bin/gnu/H-i686-pc-linux-gnu/bin/../lib/gcc/nios2-elf/4.1.2/../../../../nios2-elf/lib/mno-hw-mul/libc.a(lib_a-s_isinfd.o)
 .data          0x0009e5d0        0x0 /opt/altera/13.0sp1/nios2eds/bin/gnu/H-i686-pc-linux-gnu/bin/../lib/gcc/nios2-elf/4.1.2/../../../../nios2-elf/lib/mno-hw-mul/libc.a(lib_a-s_isnand.o)
 .data          0x0009e5d0        0x0 /opt/altera/13.0sp1/nios2eds/bin/gnu/H-i686-pc-linux-gnu/bin/../lib/gcc/nios2-elf/4.1.2/../../../../nios2-elf/lib/mno-hw-mul/libc.a(lib_a-stdio.o)
 .data          0x0009e5d0        0x0 /opt/altera/13.0sp1/nios2eds/bin/gnu/H-i686-pc-linux-gnu/bin/../lib/gcc/nios2-elf/4.1.2/../../../../nios2-elf/lib/mno-hw-mul/libc.a(lib_a-strcmp.o)
 .data          0x0009e5d0        0x0 /opt/altera/13.0sp1/nios2eds/bin/gnu/H-i686-pc-linux-gnu/bin/../lib/gcc/nios2-elf/4.1.2/../../../../nios2-elf/lib/mno-hw-mul/libc.a(lib_a-wbuf.o)
 .data          0x0009e5d0        0x0 /opt/altera/13.0sp1/nios2eds/bin/gnu/H-i686-pc-linux-gnu/bin/../lib/gcc/nios2-elf/4.1.2/../../../../nios2-elf/lib/mno-hw-mul/libc.a(lib_a-writer.o)
 .data          0x0009e5d0        0x0 /opt/altera/13.0sp1/nios2eds/bin/gnu/H-i686-pc-linux-gnu/bin/../lib/gcc/nios2-elf/4.1.2/../../../../nios2-elf/lib/mno-hw-mul/libc.a(lib_a-callocr.o)
 .data          0x0009e5d0        0x0 /opt/altera/13.0sp1/nios2eds/bin/gnu/H-i686-pc-linux-gnu/bin/../lib/gcc/nios2-elf/4.1.2/../../../../nios2-elf/lib/mno-hw-mul/libc.a(lib_a-closer.o)
 .data          0x0009e5d0        0x0 /opt/altera/13.0sp1/nios2eds/bin/gnu/H-i686-pc-linux-gnu/bin/../lib/gcc/nios2-elf/4.1.2/../../../../nios2-elf/lib/mno-hw-mul/libc.a(lib_a-fclose.o)
 .data          0x0009e5d0        0x0 /opt/altera/13.0sp1/nios2eds/bin/gnu/H-i686-pc-linux-gnu/bin/../lib/gcc/nios2-elf/4.1.2/../../../../nios2-elf/lib/mno-hw-mul/libc.a(lib_a-fstatr.o)
 .data          0x0009e5d0        0x0 /opt/altera/13.0sp1/nios2eds/bin/gnu/H-i686-pc-linux-gnu/bin/../lib/gcc/nios2-elf/4.1.2/../../../../nios2-elf/lib/mno-hw-mul/libc.a(lib_a-isattyr.o)
 .data          0x0009e5d0        0x0 /opt/altera/13.0sp1/nios2eds/bin/gnu/H-i686-pc-linux-gnu/bin/../lib/gcc/nios2-elf/4.1.2/../../../../nios2-elf/lib/mno-hw-mul/libc.a(lib_a-lseekr.o)
 .data          0x0009e5d0        0x0 /opt/altera/13.0sp1/nios2eds/bin/gnu/H-i686-pc-linux-gnu/bin/../lib/gcc/nios2-elf/4.1.2/../../../../nios2-elf/lib/mno-hw-mul/libc.a(lib_a-readr.o)
 .data          0x0009e5d0        0x0 /opt/altera/13.0sp1/nios2eds/bin/gnu/H-i686-pc-linux-gnu/bin/../lib/gcc/nios2-elf/4.1.2/mno-hw-mul/libgcc.a(_udivdi3.o)
 .data          0x0009e5d0        0x0 /opt/altera/13.0sp1/nios2eds/bin/gnu/H-i686-pc-linux-gnu/bin/../lib/gcc/nios2-elf/4.1.2/mno-hw-mul/libgcc.a(_umoddi3.o)
 .data          0x0009e5d0        0x0 /opt/altera/13.0sp1/nios2eds/bin/gnu/H-i686-pc-linux-gnu/bin/../lib/gcc/nios2-elf/4.1.2/mno-hw-mul/libgcc.a(_div_df.o)
 .data          0x0009e5d0        0x0 /opt/altera/13.0sp1/nios2eds/bin/gnu/H-i686-pc-linux-gnu/bin/../lib/gcc/nios2-elf/4.1.2/mno-hw-mul/libgcc.a(_eq_df.o)
 .data          0x0009e5d0        0x0 /opt/altera/13.0sp1/nios2eds/bin/gnu/H-i686-pc-linux-gnu/bin/../lib/gcc/nios2-elf/4.1.2/mno-hw-mul/libgcc.a(_ne_df.o)
 .data          0x0009e5d0        0x0 /opt/altera/13.0sp1/nios2eds/bin/gnu/H-i686-pc-linux-gnu/bin/../lib/gcc/nios2-elf/4.1.2/mno-hw-mul/libgcc.a(_gt_df.o)
 .data          0x0009e5d0        0x0 /opt/altera/13.0sp1/nios2eds/bin/gnu/H-i686-pc-linux-gnu/bin/../lib/gcc/nios2-elf/4.1.2/mno-hw-mul/libgcc.a(_lt_df.o)
 .data          0x0009e5d0        0x0 /opt/altera/13.0sp1/nios2eds/bin/gnu/H-i686-pc-linux-gnu/bin/../lib/gcc/nios2-elf/4.1.2/mno-hw-mul/libgcc.a(_usi_to_df.o)
 .data          0x0009e5d0        0x0 ../../bsp/lab2//libucosii_bsp.a(alt_close.o)
 .data          0x0009e5d0      0x1a8 ../../bsp/lab2//libucosii_bsp.a(alt_dev.o)
                0x0009e5d0                alt_dev_null
                0x0009e5f8                alt_fd_list
 .data          0x0009e778        0x0 ../../bsp/lab2//libucosii_bsp.a(alt_errno.o)
 .data          0x0009e778        0x0 ../../bsp/lab2//libucosii_bsp.a(alt_fstat.o)
 .data          0x0009e778        0x0 ../../bsp/lab2//libucosii_bsp.a(alt_isatty.o)
 .data          0x0009e778        0x0 ../../bsp/lab2//libucosii_bsp.a(alt_load.o)
 .data          0x0009e778        0x0 ../../bsp/lab2//libucosii_bsp.a(alt_lseek.o)
 .data          0x0009e778        0x0 ../../bsp/lab2//libucosii_bsp.a(alt_main.o)
 .data          0x0009e778        0x0 ../../bsp/lab2//libucosii_bsp.a(alt_read.o)
 .data          0x0009e778        0x0 ../../bsp/lab2//libucosii_bsp.a(alt_release_fd.o)
 .data          0x0009e778        0x0 ../../bsp/lab2//libucosii_bsp.a(alt_sbrk.o)
 .data          0x0009e778        0x0 ../../bsp/lab2//libucosii_bsp.a(alt_write.o)
 .data          0x0009e778        0x0 ../../bsp/lab2//libucosii_bsp.a(alt_env_lock.o)
 .data          0x0009e778        0x0 ../../bsp/lab2//libucosii_bsp.a(alt_malloc_lock.o)
 .data          0x0009e778        0x0 ../../bsp/lab2//libucosii_bsp.a(os_core.o)
 .data          0x0009e778        0x0 ../../bsp/lab2//libucosii_bsp.a(os_dbg.o)
 .data          0x0009e778        0x0 ../../bsp/lab2//libucosii_bsp.a(os_flag.o)
 .data          0x0009e778        0x0 ../../bsp/lab2//libucosii_bsp.a(os_mem.o)
 .data          0x0009e778        0x0 ../../bsp/lab2//libucosii_bsp.a(os_q.o)
 .data          0x0009e778        0x0 ../../bsp/lab2//libucosii_bsp.a(os_sem.o)
 .data          0x0009e778        0x0 ../../bsp/lab2//libucosii_bsp.a(os_task.o)
 .data          0x0009e778        0x0 ../../bsp/lab2//libucosii_bsp.a(os_time.o)
 .data          0x0009e778        0x0 ../../bsp/lab2//libucosii_bsp.a(os_tmr.o)
 .data          0x0009e778     0x1154 ../../bsp/lab2//libucosii_bsp.a(alt_sys_init.o)
 .data          0x0009f8cc        0x0 ../../bsp/lab2//libucosii_bsp.a(altera_avalon_jtag_uart_fd.o)
 .data          0x0009f8cc        0x0 ../../bsp/lab2//libucosii_bsp.a(altera_avalon_jtag_uart_init.o)
 .data          0x0009f8cc        0x0 ../../bsp/lab2//libucosii_bsp.a(altera_avalon_jtag_uart_ioctl.o)
 .data          0x0009f8cc        0x0 ../../bsp/lab2//libucosii_bsp.a(altera_avalon_jtag_uart_read.o)
 .data          0x0009f8cc        0x0 ../../bsp/lab2//libucosii_bsp.a(altera_avalon_jtag_uart_write.o)
 .data          0x0009f8cc        0x0 ../../bsp/lab2//libucosii_bsp.a(altera_avalon_mutex.o)
 .data          0x0009f8cc        0x0 ../../bsp/lab2//libucosii_bsp.a(altera_avalon_timer_sc.o)
 .data          0x0009f8cc        0x0 ../../bsp/lab2//libucosii_bsp.a(perf_print_formatted_report.o)
 .data          0x0009f8cc        0x0 ../../bsp/lab2//libucosii_bsp.a(alt_alarm_start.o)
 .data          0x0009f8cc        0x0 ../../bsp/lab2//libucosii_bsp.a(alt_dcache_flush_all.o)
 .data          0x0009f8cc        0x0 ../../bsp/lab2//libucosii_bsp.a(alt_dev_llist_insert.o)
 .data          0x0009f8cc        0x0 ../../bsp/lab2//libucosii_bsp.a(alt_do_ctors.o)
 .data          0x0009f8cc        0x0 ../../bsp/lab2//libucosii_bsp.a(alt_do_dtors.o)
 .data          0x0009f8cc        0x0 ../../bsp/lab2//libucosii_bsp.a(alt_find_dev.o)
 .data          0x0009f8cc        0x0 ../../bsp/lab2//libucosii_bsp.a(alt_icache_flush_all.o)
 .data          0x0009f8cc        0x0 ../../bsp/lab2//libucosii_bsp.a(alt_io_redirect.o)
 .data          0x0009f8cc        0x0 ../../bsp/lab2//libucosii_bsp.a(alt_irq_register.o)
 .data          0x0009f8cc        0x0 ../../bsp/lab2//libucosii_bsp.a(alt_irq_vars.o)
 .data          0x0009f8cc        0x0 ../../bsp/lab2//libucosii_bsp.a(alt_open.o)
 .data          0x0009f8cc        0x0 ../../bsp/lab2//libucosii_bsp.a(alt_tick.o)
 .data          0x0009f8cc        0x0 ../../bsp/lab2//libucosii_bsp.a(altera_nios2_qsys_irq.o)
 .data          0x0009f8cc        0x0 ../../bsp/lab2//libucosii_bsp.a(os_cpu_a.o)
 .data          0x0009f8cc        0x0 ../../bsp/lab2//libucosii_bsp.a(os_cpu_c.o)
 .data          0x0009f8cc        0x0 ../../bsp/lab2//libucosii_bsp.a(altera_avalon_performance_counter.o)
 .data          0x0009f8cc        0x0 ../../bsp/lab2//libucosii_bsp.a(alt_find_file.o)
 .data          0x0009f8cc        0x0 ../../bsp/lab2//libucosii_bsp.a(alt_get_fd.o)
 .data          0x0009f8cc        0x0 ../../bsp/lab2//libucosii_bsp.a(alt_irq_entry.o)
 .data          0x0009f8cc        0x0 ../../bsp/lab2//libucosii_bsp.a(alt_irq_handler.o)
 .data          0x0009f8cc        0x0 ../../bsp/lab2//libucosii_bsp.a(alt_exception_entry.o)
 .data          0x0009f8cc        0x0 /opt/altera/13.0sp1/nios2eds/bin/gnu/H-i686-pc-linux-gnu/bin/../lib/gcc/nios2-elf/4.1.2/../../../../nios2-elf/lib/mno-hw-mul/libc.a(lib_a-atexit.o)
 .data          0x0009f8cc        0x0 /opt/altera/13.0sp1/nios2eds/bin/gnu/H-i686-pc-linux-gnu/bin/../lib/gcc/nios2-elf/4.1.2/../../../../nios2-elf/lib/mno-hw-mul/libc.a(lib_a-exit.o)
 .data          0x0009f8cc        0x0 /opt/altera/13.0sp1/nios2eds/bin/gnu/H-i686-pc-linux-gnu/bin/../lib/gcc/nios2-elf/4.1.2/../../../../nios2-elf/lib/mno-hw-mul/libc.a(lib_a-memcmp.o)
 .data          0x0009f8cc        0x0 /opt/altera/13.0sp1/nios2eds/bin/gnu/H-i686-pc-linux-gnu/bin/../lib/gcc/nios2-elf/4.1.2/../../../../nios2-elf/lib/mno-hw-mul/libc.a(lib_a-__atexit.o)
 .data          0x0009f8cc        0x0 /opt/altera/13.0sp1/nios2eds/bin/gnu/H-i686-pc-linux-gnu/bin/../lib/gcc/nios2-elf/4.1.2/../../../../nios2-elf/lib/mno-hw-mul/libc.a(lib_a-__call_atexit.o)
 .data          0x0009f8cc        0x0 /opt/altera/13.0sp1/nios2eds/bin/gnu/H-i686-pc-linux-gnu/bin/../lib/gcc/nios2-elf/4.1.2/mno-hw-mul/libgcc.a(_floatundidf.o)
 .data          0x0009f8cc        0x0 ../../bsp/lab2//libucosii_bsp.a(alt_exit.o)
                0x000a78cc                _gp = ABSOLUTE ((. + 0x8000))
                0x000a78cc                PROVIDE (gp, _gp)
 *(.rwdata .rwdata.*)
 *(.sdata .sdata.* .gnu.linkonce.s.*)
 .sdata         0x0009f8cc        0x2 obj/default/src_0/cpu_0.o
                0x0009f8cc                sequence_length
                0x0009f8cd                NR_ASCII_CHARS
 *fill*         0x0009f8ce        0x2 00
 .sdata         0x0009f8d0        0x8 /opt/altera/13.0sp1/nios2eds/bin/gnu/H-i686-pc-linux-gnu/bin/../lib/gcc/nios2-elf/4.1.2/../../../../nios2-elf/lib/mno-hw-mul/libc.a(lib_a-mallocr.o)
                0x0009f8d0                __malloc_trim_threshold
                0x0009f8d4                __malloc_sbrk_base
 .sdata         0x0009f8d8        0x8 /opt/altera/13.0sp1/nios2eds/bin/gnu/H-i686-pc-linux-gnu/bin/../lib/gcc/nios2-elf/4.1.2/../../../../nios2-elf/lib/mno-hw-mul/libc.a(lib_a-impure.o)
                0x0009f8d8                _impure_ptr
                0x0009f8dc                _global_impure_ptr
 .sdata         0x0009f8e0        0x8 /opt/altera/13.0sp1/nios2eds/bin/gnu/H-i686-pc-linux-gnu/bin/../lib/gcc/nios2-elf/4.1.2/../../../../nios2-elf/lib/mno-hw-mul/libc.a(lib_a-locale.o)
                0x0009f8e0                __mb_cur_max
 .sdata         0x0009f8e8       0x14 ../../bsp/lab2//libucosii_bsp.a(alt_dev.o)
                0x0009f8e8                alt_fs_list
                0x0009f8f0                alt_dev_list
                0x0009f8f8                alt_max_fd
 .sdata         0x0009f8fc        0x4 ../../bsp/lab2//libucosii_bsp.a(alt_errno.o)
                0x0009f8fc                alt_errno
 .sdata         0x0009f900        0x4 ../../bsp/lab2//libucosii_bsp.a(alt_sbrk.o)
 .sdata         0x0009f904        0x4 ../../bsp/lab2//libucosii_bsp.a(alt_env_lock.o)
 .sdata         0x0009f908        0x4 ../../bsp/lab2//libucosii_bsp.a(alt_malloc_lock.o)
 .sdata         0x0009f90c       0x74 ../../bsp/lab2//libucosii_bsp.a(os_dbg.o)
                0x0009f90c                OSDebugEn
                0x0009f910                OSEndiannessTest
                0x0009f914                OSEventEn
                0x0009f916                OSEventMax
                0x0009f918                OSEventNameSize
                0x0009f91a                OSEventSize
                0x0009f91c                OSEventTblSize
                0x0009f91e                OSEventMultiEn
                0x0009f920                OSFlagEn
                0x0009f922                OSFlagGrpSize
                0x0009f924                OSFlagNodeSize
                0x0009f926                OSFlagWidth
                0x0009f928                OSFlagMax
                0x0009f92a                OSFlagNameSize
                0x0009f92c                OSLowestPrio
                0x0009f92e                OSMboxEn
                0x0009f930                OSMemEn
                0x0009f932                OSMemMax
                0x0009f934                OSMemNameSize
                0x0009f936                OSMemSize
                0x0009f938                OSMemTblSize
                0x0009f93a                OSMutexEn
                0x0009f93c                OSPtrSize
                0x0009f93e                OSQEn
                0x0009f940                OSQMax
                0x0009f942                OSQSize
                0x0009f944                OSRdyTblSize
                0x0009f946                OSSemEn
                0x0009f948                OSStkWidth
                0x0009f94a                OSTaskCreateEn
                0x0009f94c                OSTaskCreateExtEn
                0x0009f94e                OSTaskDelEn
                0x0009f950                OSTaskIdleStkSize
                0x0009f952                OSTaskProfileEn
                0x0009f954                OSTaskMax
                0x0009f956                OSTaskNameSize
                0x0009f958                OSTaskStatEn
                0x0009f95a                OSTaskStatStkSize
                0x0009f95c                OSTaskStatStkChkEn
                0x0009f95e                OSTaskSwHookEn
                0x0009f960                OSTCBPrioTblMax
                0x0009f962                OSTCBSize
                0x0009f964                OSTicksPerSec
                0x0009f966                OSTimeTickHookEn
                0x0009f968                OSVersionNbr
                0x0009f96a                OSTmrEn
                0x0009f96c                OSTmrCfgMax
                0x0009f96e                OSTmrCfgNameSize
                0x0009f970                OSTmrCfgWheelSize
                0x0009f972                OSTmrCfgTicksPerSec
                0x0009f974                OSTmrSize
                0x0009f976                OSTmrTblSize
                0x0009f978                OSTmrWheelSize
                0x0009f97a                OSTmrWheelTblSize
                0x0009f97c                OSDataSize
 .sdata         0x0009f980        0x8 ../../bsp/lab2//libucosii_bsp.a(altera_avalon_mutex.o)
                0x0009f980                alt_mutex_list
 .sdata         0x0009f988        0x4 ../../bsp/lab2//libucosii_bsp.a(alt_irq_vars.o)
                0x0009f988                alt_priority_mask
 .sdata         0x0009f98c        0x8 ../../bsp/lab2//libucosii_bsp.a(alt_tick.o)
                0x0009f98c                alt_alarm_list
 *(.sdata2 .sdata2.* .gnu.linkonce.s2.*)
                0x0009f994                . = ALIGN (0x4)
                0x0009f994                _edata = ABSOLUTE (.)
                0x0009f994                PROVIDE (edata, ABSOLUTE (.))
                0x0009f994                PROVIDE (__ram_rwdata_end, ABSOLUTE (.))
                0x0009f994                PROVIDE (__flash_rwdata_start, LOADADDR (.rwdata))

.bss            0x000ad598     0x40ec
                0x000ad598                __bss_start = ABSOLUTE (.)
                0x000ad598                PROVIDE (__sbss_start, ABSOLUTE (.))
                0x000ad598                PROVIDE (___sbss_start, ABSOLUTE (.))
 *(.dynsbss)
 *(.sbss .sbss.* .gnu.linkonce.sb.*)
 .sbss          0x000ad598        0x8 obj/default/src_0/cpu_0.o
                0x000ad598                current_image
                0x000ad59c                counter
 .sbss          0x000ad5a0        0x4 obj/default/src_0/cpu_0.o
                0x000ad5a0                objectmax
                0x000ad5a2                finalresult
 .sbss          0x000ad5a4        0xc /opt/altera/13.0sp1/nios2eds/bin/gnu/H-i686-pc-linux-gnu/bin/../lib/gcc/nios2-elf/4.1.2/../../../../nios2-elf/lib/mno-hw-mul/libc.a(lib_a-mallocr.o)
                0x000ad5a4                __malloc_top_pad
                0x000ad5a8                __malloc_max_sbrked_mem
                0x000ad5ac                __malloc_max_total_mem
 .sbss          0x000ad5b0        0x4 /opt/altera/13.0sp1/nios2eds/bin/gnu/H-i686-pc-linux-gnu/bin/../lib/gcc/nios2-elf/4.1.2/../../../../nios2-elf/lib/mno-hw-mul/libc.a(lib_a-int_errno.o)
                0x000ad5b0                errno
 .sbss          0x000ad5b4        0xc /opt/altera/13.0sp1/nios2eds/bin/gnu/H-i686-pc-linux-gnu/bin/../lib/gcc/nios2-elf/4.1.2/../../../../nios2-elf/lib/mno-hw-mul/libc.a(lib_a-locale.o)
                0x000ad5b4                __nlocale_changed
                0x000ad5b8                __mlocale_changed
                0x000ad5bc                _PathLocale
 .sbss          0x000ad5c0        0x4 ../../bsp/lab2//libucosii_bsp.a(alt_dev.o)
                0x000ad5c0                alt_fd_list_lock
 .sbss          0x000ad5c4        0xc ../../bsp/lab2//libucosii_bsp.a(alt_main.o)
                0x000ad5c4                alt_argc
                0x000ad5c8                alt_argv
                0x000ad5cc                alt_envp
 .sbss          0x000ad5d0        0x8 ../../bsp/lab2//libucosii_bsp.a(alt_env_lock.o)
                0x000ad5d4                alt_envsem
 .sbss          0x000ad5d8        0x8 ../../bsp/lab2//libucosii_bsp.a(alt_malloc_lock.o)
                0x000ad5dc                alt_heapsem
 .sbss          0x000ad5e0       0x68 ../../bsp/lab2//libucosii_bsp.a(os_core.o)
                0x000ad5e0                OSTmrFreeList
                0x000ad5e4                OSLockNesting
                0x000ad5e8                OSTmrSemSignal
                0x000ad5ec                OSRunning
                0x000ad5f0                OSIdleCtr
                0x000ad5f4                OSTmrUsed
                0x000ad5f6                OSPrioHighRdy
                0x000ad5f7                OSPrioCur
                0x000ad5f8                OSTCBList
                0x000ad5fc                OSTickStepState
                0x000ad600                OSCtxSwCtr
                0x000ad604                OSTmrFree
                0x000ad608                OSIdleCtrMax
                0x000ad60c                OSTCBFreeList
                0x000ad610                OSCPUUsage
                0x000ad611                OSTaskCtr
                0x000ad614                OSMemFreeList
                0x000ad618                OSTCBHighRdy
                0x000ad61c                OSQFreeList
                0x000ad620                OSRdyGrp
                0x000ad621                OSRdyTbl
                0x000ad624                OSEventFreeList
                0x000ad628                OSIntNesting
                0x000ad62c                OSTCBCur
                0x000ad630                OSTmrTime
                0x000ad634                OSTime
                0x000ad638                OSTmrSem
                0x000ad63c                OSFlagFreeList
                0x000ad640                OSStatRdy
                0x000ad644                OSIdleCtrRun
 .sbss          0x000ad648        0x4 ../../bsp/lab2//libucosii_bsp.a(alt_irq_vars.o)
                0x000ad648                alt_irq_active
 .sbss          0x000ad64c        0x8 ../../bsp/lab2//libucosii_bsp.a(alt_tick.o)
                0x000ad64c                _alt_tick_rate
                0x000ad650                _alt_nticks
 .sbss          0x000ad654        0x2 ../../bsp/lab2//libucosii_bsp.a(os_cpu_c.o)
 *(.sbss2 .sbss2.* .gnu.linkonce.sb2.*)
 *(.scommon)
                0x000ad656                PROVIDE (__sbss_end, ABSOLUTE (.))
                0x000ad656                PROVIDE (___sbss_end, ABSOLUTE (.))
 *(.dynbss)
 *(.bss .bss.* .gnu.linkonce.b.*)
 .bss           0x000ad656        0x0 ../../bsp/lab2//obj/HAL/src/crt0.o
 .bss           0x000ad656        0x0 obj/default/src_0/cpu_0.o
 .bss           0x000ad656        0x0 /opt/altera/13.0sp1/nios2eds/bin/gnu/H-i686-pc-linux-gnu/bin/../lib/gcc/nios2-elf/4.1.2/mno-hw-mul/libgcc.a(_fixunsdfsi.o)
 .bss           0x000ad656        0x0 /opt/altera/13.0sp1/nios2eds/bin/gnu/H-i686-pc-linux-gnu/bin/../lib/gcc/nios2-elf/4.1.2/mno-hw-mul/libgcc.a(_addsub_df.o)
 .bss           0x000ad656        0x0 /opt/altera/13.0sp1/nios2eds/bin/gnu/H-i686-pc-linux-gnu/bin/../lib/gcc/nios2-elf/4.1.2/mno-hw-mul/libgcc.a(_mul_df.o)
 .bss           0x000ad656        0x0 /opt/altera/13.0sp1/nios2eds/bin/gnu/H-i686-pc-linux-gnu/bin/../lib/gcc/nios2-elf/4.1.2/mno-hw-mul/libgcc.a(_ge_df.o)
 .bss           0x000ad656        0x0 /opt/altera/13.0sp1/nios2eds/bin/gnu/H-i686-pc-linux-gnu/bin/../lib/gcc/nios2-elf/4.1.2/mno-hw-mul/libgcc.a(_si_to_df.o)
 .bss           0x000ad656        0x0 /opt/altera/13.0sp1/nios2eds/bin/gnu/H-i686-pc-linux-gnu/bin/../lib/gcc/nios2-elf/4.1.2/mno-hw-mul/libgcc.a(_df_to_si.o)
 .bss           0x000ad656        0x0 /opt/altera/13.0sp1/nios2eds/bin/gnu/H-i686-pc-linux-gnu/bin/../lib/gcc/nios2-elf/4.1.2/mno-hw-mul/libgcc.a(_thenan_df.o)
 .bss           0x000ad656        0x0 /opt/altera/13.0sp1/nios2eds/bin/gnu/H-i686-pc-linux-gnu/bin/../lib/gcc/nios2-elf/4.1.2/mno-hw-mul/libgcc.a(lib2-divmod.o)
 .bss           0x000ad656        0x0 /opt/altera/13.0sp1/nios2eds/bin/gnu/H-i686-pc-linux-gnu/bin/../lib/gcc/nios2-elf/4.1.2/mno-hw-mul/libgcc.a(lib2-mul.o)
 .bss           0x000ad656        0x0 /opt/altera/13.0sp1/nios2eds/bin/gnu/H-i686-pc-linux-gnu/bin/../lib/gcc/nios2-elf/4.1.2/mno-hw-mul/libgcc.a(_muldi3.o)
 .bss           0x000ad656        0x0 /opt/altera/13.0sp1/nios2eds/bin/gnu/H-i686-pc-linux-gnu/bin/../lib/gcc/nios2-elf/4.1.2/mno-hw-mul/libgcc.a(_clzsi2.o)
 .bss           0x000ad656        0x0 /opt/altera/13.0sp1/nios2eds/bin/gnu/H-i686-pc-linux-gnu/bin/../lib/gcc/nios2-elf/4.1.2/mno-hw-mul/libgcc.a(_pack_df.o)
 .bss           0x000ad656        0x0 /opt/altera/13.0sp1/nios2eds/bin/gnu/H-i686-pc-linux-gnu/bin/../lib/gcc/nios2-elf/4.1.2/mno-hw-mul/libgcc.a(_unpack_df.o)
 .bss           0x000ad656        0x0 /opt/altera/13.0sp1/nios2eds/bin/gnu/H-i686-pc-linux-gnu/bin/../lib/gcc/nios2-elf/4.1.2/mno-hw-mul/libgcc.a(_fpcmp_parts_df.o)
 .bss           0x000ad656        0x0 /opt/altera/13.0sp1/nios2eds/bin/gnu/H-i686-pc-linux-gnu/bin/../lib/gcc/nios2-elf/4.1.2/mno-hw-mul/libgcc.a(_clz.o)
 .bss           0x000ad656        0x0 /opt/altera/13.0sp1/nios2eds/bin/gnu/H-i686-pc-linux-gnu/bin/../lib/gcc/nios2-elf/4.1.2/../../../../nios2-elf/lib/mno-hw-mul/libc.a(lib_a-malloc.o)
 *fill*         0x000ad656        0x2 00
 .bss           0x000ad658       0x28 /opt/altera/13.0sp1/nios2eds/bin/gnu/H-i686-pc-linux-gnu/bin/../lib/gcc/nios2-elf/4.1.2/../../../../nios2-elf/lib/mno-hw-mul/libc.a(lib_a-mallocr.o)
                0x000ad658                __malloc_current_mallinfo
 .bss           0x000ad680        0x0 /opt/altera/13.0sp1/nios2eds/bin/gnu/H-i686-pc-linux-gnu/bin/../lib/gcc/nios2-elf/4.1.2/../../../../nios2-elf/lib/mno-hw-mul/libc.a(lib_a-memcpy.o)
 .bss           0x000ad680        0x0 /opt/altera/13.0sp1/nios2eds/bin/gnu/H-i686-pc-linux-gnu/bin/../lib/gcc/nios2-elf/4.1.2/../../../../nios2-elf/lib/mno-hw-mul/libc.a(lib_a-printf.o)
 .bss           0x000ad680        0x0 /opt/altera/13.0sp1/nios2eds/bin/gnu/H-i686-pc-linux-gnu/bin/../lib/gcc/nios2-elf/4.1.2/../../../../nios2-elf/lib/mno-hw-mul/libc.a(lib_a-putchar.o)
 .bss           0x000ad680        0x0 /opt/altera/13.0sp1/nios2eds/bin/gnu/H-i686-pc-linux-gnu/bin/../lib/gcc/nios2-elf/4.1.2/../../../../nios2-elf/lib/mno-hw-mul/libc.a(lib_a-puts.o)
 .bss           0x000ad680        0x0 /opt/altera/13.0sp1/nios2eds/bin/gnu/H-i686-pc-linux-gnu/bin/../lib/gcc/nios2-elf/4.1.2/../../../../nios2-elf/lib/mno-hw-mul/libc.a(lib_a-sbrkr.o)
 .bss           0x000ad680        0x0 /opt/altera/13.0sp1/nios2eds/bin/gnu/H-i686-pc-linux-gnu/bin/../lib/gcc/nios2-elf/4.1.2/../../../../nios2-elf/lib/mno-hw-mul/libc.a(lib_a-strlen.o)
 .bss           0x000ad680        0x0 /opt/altera/13.0sp1/nios2eds/bin/gnu/H-i686-pc-linux-gnu/bin/../lib/gcc/nios2-elf/4.1.2/../../../../nios2-elf/lib/mno-hw-mul/libc.a(lib_a-vfprintf.o)
 .bss           0x000ad680        0x0 /opt/altera/13.0sp1/nios2eds/bin/gnu/H-i686-pc-linux-gnu/bin/../lib/gcc/nios2-elf/4.1.2/../../../../nios2-elf/lib/mno-hw-mul/libc.a(lib_a-wsetup.o)
 .bss           0x000ad680        0x0 /opt/altera/13.0sp1/nios2eds/bin/gnu/H-i686-pc-linux-gnu/bin/../lib/gcc/nios2-elf/4.1.2/../../../../nios2-elf/lib/mno-hw-mul/libc.a(lib_a-dtoa.o)
 .bss           0x000ad680        0x0 /opt/altera/13.0sp1/nios2eds/bin/gnu/H-i686-pc-linux-gnu/bin/../lib/gcc/nios2-elf/4.1.2/../../../../nios2-elf/lib/mno-hw-mul/libc.a(lib_a-fflush.o)
 .bss           0x000ad680        0x0 /opt/altera/13.0sp1/nios2eds/bin/gnu/H-i686-pc-linux-gnu/bin/../lib/gcc/nios2-elf/4.1.2/../../../../nios2-elf/lib/mno-hw-mul/libc.a(lib_a-findfp.o)
 .bss           0x000ad680        0x0 /opt/altera/13.0sp1/nios2eds/bin/gnu/H-i686-pc-linux-gnu/bin/../lib/gcc/nios2-elf/4.1.2/../../../../nios2-elf/lib/mno-hw-mul/libc.a(lib_a-freer.o)
 .bss           0x000ad680        0x0 /opt/altera/13.0sp1/nios2eds/bin/gnu/H-i686-pc-linux-gnu/bin/../lib/gcc/nios2-elf/4.1.2/../../../../nios2-elf/lib/mno-hw-mul/libc.a(lib_a-fvwrite.o)
 .bss           0x000ad680        0x0 /opt/altera/13.0sp1/nios2eds/bin/gnu/H-i686-pc-linux-gnu/bin/../lib/gcc/nios2-elf/4.1.2/../../../../nios2-elf/lib/mno-hw-mul/libc.a(lib_a-fwalk.o)
 .bss           0x000ad680        0x0 /opt/altera/13.0sp1/nios2eds/bin/gnu/H-i686-pc-linux-gnu/bin/../lib/gcc/nios2-elf/4.1.2/../../../../nios2-elf/lib/mno-hw-mul/libc.a(lib_a-impure.o)
 .bss           0x000ad680        0x0 /opt/altera/13.0sp1/nios2eds/bin/gnu/H-i686-pc-linux-gnu/bin/../lib/gcc/nios2-elf/4.1.2/../../../../nios2-elf/lib/mno-hw-mul/libc.a(lib_a-int_errno.o)
 .bss           0x000ad680        0x0 /opt/altera/13.0sp1/nios2eds/bin/gnu/H-i686-pc-linux-gnu/bin/../lib/gcc/nios2-elf/4.1.2/../../../../nios2-elf/lib/mno-hw-mul/libc.a(lib_a-locale.o)
 .bss           0x000ad680        0x0 /opt/altera/13.0sp1/nios2eds/bin/gnu/H-i686-pc-linux-gnu/bin/../lib/gcc/nios2-elf/4.1.2/../../../../nios2-elf/lib/mno-hw-mul/libc.a(lib_a-makebuf.o)
 .bss           0x000ad680        0x0 /opt/altera/13.0sp1/nios2eds/bin/gnu/H-i686-pc-linux-gnu/bin/../lib/gcc/nios2-elf/4.1.2/../../../../nios2-elf/lib/mno-hw-mul/libc.a(lib_a-memchr.o)
 .bss           0x000ad680        0x0 /opt/altera/13.0sp1/nios2eds/bin/gnu/H-i686-pc-linux-gnu/bin/../lib/gcc/nios2-elf/4.1.2/../../../../nios2-elf/lib/mno-hw-mul/libc.a(lib_a-memmove.o)
 .bss           0x000ad680        0x0 /opt/altera/13.0sp1/nios2eds/bin/gnu/H-i686-pc-linux-gnu/bin/../lib/gcc/nios2-elf/4.1.2/../../../../nios2-elf/lib/mno-hw-mul/libc.a(lib_a-memset.o)
 .bss           0x000ad680        0x0 /opt/altera/13.0sp1/nios2eds/bin/gnu/H-i686-pc-linux-gnu/bin/../lib/gcc/nios2-elf/4.1.2/../../../../nios2-elf/lib/mno-hw-mul/libc.a(lib_a-mprec.o)
 .bss           0x000ad680        0x0 /opt/altera/13.0sp1/nios2eds/bin/gnu/H-i686-pc-linux-gnu/bin/../lib/gcc/nios2-elf/4.1.2/../../../../nios2-elf/lib/mno-hw-mul/libc.a(lib_a-putc.o)
 .bss           0x000ad680        0x0 /opt/altera/13.0sp1/nios2eds/bin/gnu/H-i686-pc-linux-gnu/bin/../lib/gcc/nios2-elf/4.1.2/../../../../nios2-elf/lib/mno-hw-mul/libc.a(lib_a-reallocr.o)
 .bss           0x000ad680        0x0 /opt/altera/13.0sp1/nios2eds/bin/gnu/H-i686-pc-linux-gnu/bin/../lib/gcc/nios2-elf/4.1.2/../../../../nios2-elf/lib/mno-hw-mul/libc.a(lib_a-s_isinfd.o)
 .bss           0x000ad680        0x0 /opt/altera/13.0sp1/nios2eds/bin/gnu/H-i686-pc-linux-gnu/bin/../lib/gcc/nios2-elf/4.1.2/../../../../nios2-elf/lib/mno-hw-mul/libc.a(lib_a-s_isnand.o)
 .bss           0x000ad680        0x0 /opt/altera/13.0sp1/nios2eds/bin/gnu/H-i686-pc-linux-gnu/bin/../lib/gcc/nios2-elf/4.1.2/../../../../nios2-elf/lib/mno-hw-mul/libc.a(lib_a-stdio.o)
 .bss           0x000ad680        0x0 /opt/altera/13.0sp1/nios2eds/bin/gnu/H-i686-pc-linux-gnu/bin/../lib/gcc/nios2-elf/4.1.2/../../../../nios2-elf/lib/mno-hw-mul/libc.a(lib_a-strcmp.o)
 .bss           0x000ad680        0x0 /opt/altera/13.0sp1/nios2eds/bin/gnu/H-i686-pc-linux-gnu/bin/../lib/gcc/nios2-elf/4.1.2/../../../../nios2-elf/lib/mno-hw-mul/libc.a(lib_a-wbuf.o)
 .bss           0x000ad680        0x0 /opt/altera/13.0sp1/nios2eds/bin/gnu/H-i686-pc-linux-gnu/bin/../lib/gcc/nios2-elf/4.1.2/../../../../nios2-elf/lib/mno-hw-mul/libc.a(lib_a-writer.o)
 .bss           0x000ad680        0x0 /opt/altera/13.0sp1/nios2eds/bin/gnu/H-i686-pc-linux-gnu/bin/../lib/gcc/nios2-elf/4.1.2/../../../../nios2-elf/lib/mno-hw-mul/libc.a(lib_a-callocr.o)
 .bss           0x000ad680        0x0 /opt/altera/13.0sp1/nios2eds/bin/gnu/H-i686-pc-linux-gnu/bin/../lib/gcc/nios2-elf/4.1.2/../../../../nios2-elf/lib/mno-hw-mul/libc.a(lib_a-closer.o)
 .bss           0x000ad680        0x0 /opt/altera/13.0sp1/nios2eds/bin/gnu/H-i686-pc-linux-gnu/bin/../lib/gcc/nios2-elf/4.1.2/../../../../nios2-elf/lib/mno-hw-mul/libc.a(lib_a-fclose.o)
 .bss           0x000ad680        0x0 /opt/altera/13.0sp1/nios2eds/bin/gnu/H-i686-pc-linux-gnu/bin/../lib/gcc/nios2-elf/4.1.2/../../../../nios2-elf/lib/mno-hw-mul/libc.a(lib_a-fstatr.o)
 .bss           0x000ad680        0x0 /opt/altera/13.0sp1/nios2eds/bin/gnu/H-i686-pc-linux-gnu/bin/../lib/gcc/nios2-elf/4.1.2/../../../../nios2-elf/lib/mno-hw-mul/libc.a(lib_a-isattyr.o)
 .bss           0x000ad680        0x0 /opt/altera/13.0sp1/nios2eds/bin/gnu/H-i686-pc-linux-gnu/bin/../lib/gcc/nios2-elf/4.1.2/../../../../nios2-elf/lib/mno-hw-mul/libc.a(lib_a-lseekr.o)
 .bss           0x000ad680        0x0 /opt/altera/13.0sp1/nios2eds/bin/gnu/H-i686-pc-linux-gnu/bin/../lib/gcc/nios2-elf/4.1.2/../../../../nios2-elf/lib/mno-hw-mul/libc.a(lib_a-readr.o)
 .bss           0x000ad680        0x0 /opt/altera/13.0sp1/nios2eds/bin/gnu/H-i686-pc-linux-gnu/bin/../lib/gcc/nios2-elf/4.1.2/mno-hw-mul/libgcc.a(_udivdi3.o)
 .bss           0x000ad680        0x0 /opt/altera/13.0sp1/nios2eds/bin/gnu/H-i686-pc-linux-gnu/bin/../lib/gcc/nios2-elf/4.1.2/mno-hw-mul/libgcc.a(_umoddi3.o)
 .bss           0x000ad680        0x0 /opt/altera/13.0sp1/nios2eds/bin/gnu/H-i686-pc-linux-gnu/bin/../lib/gcc/nios2-elf/4.1.2/mno-hw-mul/libgcc.a(_div_df.o)
 .bss           0x000ad680        0x0 /opt/altera/13.0sp1/nios2eds/bin/gnu/H-i686-pc-linux-gnu/bin/../lib/gcc/nios2-elf/4.1.2/mno-hw-mul/libgcc.a(_eq_df.o)
 .bss           0x000ad680        0x0 /opt/altera/13.0sp1/nios2eds/bin/gnu/H-i686-pc-linux-gnu/bin/../lib/gcc/nios2-elf/4.1.2/mno-hw-mul/libgcc.a(_ne_df.o)
 .bss           0x000ad680        0x0 /opt/altera/13.0sp1/nios2eds/bin/gnu/H-i686-pc-linux-gnu/bin/../lib/gcc/nios2-elf/4.1.2/mno-hw-mul/libgcc.a(_gt_df.o)
 .bss           0x000ad680        0x0 /opt/altera/13.0sp1/nios2eds/bin/gnu/H-i686-pc-linux-gnu/bin/../lib/gcc/nios2-elf/4.1.2/mno-hw-mul/libgcc.a(_lt_df.o)
 .bss           0x000ad680        0x0 /opt/altera/13.0sp1/nios2eds/bin/gnu/H-i686-pc-linux-gnu/bin/../lib/gcc/nios2-elf/4.1.2/mno-hw-mul/libgcc.a(_usi_to_df.o)
 .bss           0x000ad680        0x0 ../../bsp/lab2//libucosii_bsp.a(alt_close.o)
 .bss           0x000ad680        0x0 ../../bsp/lab2//libucosii_bsp.a(alt_dev.o)
 .bss           0x000ad680        0x0 ../../bsp/lab2//libucosii_bsp.a(alt_errno.o)
 .bss           0x000ad680        0x0 ../../bsp/lab2//libucosii_bsp.a(alt_fstat.o)
 .bss           0x000ad680        0x0 ../../bsp/lab2//libucosii_bsp.a(alt_isatty.o)
 .bss           0x000ad680        0x0 ../../bsp/lab2//libucosii_bsp.a(alt_load.o)
 .bss           0x000ad680        0x0 ../../bsp/lab2//libucosii_bsp.a(alt_lseek.o)
 .bss           0x000ad680        0x0 ../../bsp/lab2//libucosii_bsp.a(alt_main.o)
 .bss           0x000ad680        0x0 ../../bsp/lab2//libucosii_bsp.a(alt_read.o)
 .bss           0x000ad680        0x0 ../../bsp/lab2//libucosii_bsp.a(alt_release_fd.o)
 .bss           0x000ad680        0x0 ../../bsp/lab2//libucosii_bsp.a(alt_sbrk.o)
 .bss           0x000ad680        0x0 ../../bsp/lab2//libucosii_bsp.a(alt_write.o)
 .bss           0x000ad680        0x0 ../../bsp/lab2//libucosii_bsp.a(alt_env_lock.o)
 .bss           0x000ad680        0x0 ../../bsp/lab2//libucosii_bsp.a(alt_malloc_lock.o)
 .bss           0x000ad680        0x0 ../../bsp/lab2//libucosii_bsp.a(os_core.o)
 .bss           0x000ad680        0x0 ../../bsp/lab2//libucosii_bsp.a(os_dbg.o)
 .bss           0x000ad680        0x0 ../../bsp/lab2//libucosii_bsp.a(os_flag.o)
 .bss           0x000ad680        0x0 ../../bsp/lab2//libucosii_bsp.a(os_mem.o)
 .bss           0x000ad680        0x0 ../../bsp/lab2//libucosii_bsp.a(os_q.o)
 .bss           0x000ad680        0x0 ../../bsp/lab2//libucosii_bsp.a(os_sem.o)
 .bss           0x000ad680        0x0 ../../bsp/lab2//libucosii_bsp.a(os_task.o)
 .bss           0x000ad680        0x0 ../../bsp/lab2//libucosii_bsp.a(os_time.o)
 .bss           0x000ad680        0x0 ../../bsp/lab2//libucosii_bsp.a(os_tmr.o)
 .bss           0x000ad680        0x0 ../../bsp/lab2//libucosii_bsp.a(alt_sys_init.o)
 .bss           0x000ad680        0x0 ../../bsp/lab2//libucosii_bsp.a(altera_avalon_jtag_uart_fd.o)
 .bss           0x000ad680        0x0 ../../bsp/lab2//libucosii_bsp.a(altera_avalon_jtag_uart_init.o)
 .bss           0x000ad680        0x0 ../../bsp/lab2//libucosii_bsp.a(altera_avalon_jtag_uart_ioctl.o)
 .bss           0x000ad680        0x0 ../../bsp/lab2//libucosii_bsp.a(altera_avalon_jtag_uart_read.o)
 .bss           0x000ad680        0x0 ../../bsp/lab2//libucosii_bsp.a(altera_avalon_jtag_uart_write.o)
 .bss           0x000ad680        0x0 ../../bsp/lab2//libucosii_bsp.a(altera_avalon_mutex.o)
 .bss           0x000ad680        0x0 ../../bsp/lab2//libucosii_bsp.a(altera_avalon_timer_sc.o)
 .bss           0x000ad680        0x0 ../../bsp/lab2//libucosii_bsp.a(perf_print_formatted_report.o)
 .bss           0x000ad680        0x0 ../../bsp/lab2//libucosii_bsp.a(alt_alarm_start.o)
 .bss           0x000ad680        0x0 ../../bsp/lab2//libucosii_bsp.a(alt_dcache_flush_all.o)
 .bss           0x000ad680        0x0 ../../bsp/lab2//libucosii_bsp.a(alt_dev_llist_insert.o)
 .bss           0x000ad680        0x0 ../../bsp/lab2//libucosii_bsp.a(alt_do_ctors.o)
 .bss           0x000ad680        0x0 ../../bsp/lab2//libucosii_bsp.a(alt_do_dtors.o)
 .bss           0x000ad680        0x0 ../../bsp/lab2//libucosii_bsp.a(alt_find_dev.o)
 .bss           0x000ad680        0x0 ../../bsp/lab2//libucosii_bsp.a(alt_icache_flush_all.o)
 .bss           0x000ad680        0x0 ../../bsp/lab2//libucosii_bsp.a(alt_io_redirect.o)
 .bss           0x000ad680        0x0 ../../bsp/lab2//libucosii_bsp.a(alt_irq_register.o)
 .bss           0x000ad680        0x0 ../../bsp/lab2//libucosii_bsp.a(alt_irq_vars.o)
 .bss           0x000ad680        0x0 ../../bsp/lab2//libucosii_bsp.a(alt_open.o)
 .bss           0x000ad680        0x0 ../../bsp/lab2//libucosii_bsp.a(alt_tick.o)
 .bss           0x000ad680        0x0 ../../bsp/lab2//libucosii_bsp.a(altera_nios2_qsys_irq.o)
 .bss           0x000ad680        0x0 ../../bsp/lab2//libucosii_bsp.a(os_cpu_a.o)
 .bss           0x000ad680        0x0 ../../bsp/lab2//libucosii_bsp.a(os_cpu_c.o)
 .bss           0x000ad680        0x0 ../../bsp/lab2//libucosii_bsp.a(altera_avalon_performance_counter.o)
 .bss           0x000ad680        0x0 ../../bsp/lab2//libucosii_bsp.a(alt_find_file.o)
 .bss           0x000ad680        0x0 ../../bsp/lab2//libucosii_bsp.a(alt_get_fd.o)
 .bss           0x000ad680        0x0 ../../bsp/lab2//libucosii_bsp.a(alt_irq_entry.o)
 .bss           0x000ad680        0x0 ../../bsp/lab2//libucosii_bsp.a(alt_irq_handler.o)
 .bss           0x000ad680        0x0 ../../bsp/lab2//libucosii_bsp.a(alt_exception_entry.o)
 .bss           0x000ad680        0x0 /opt/altera/13.0sp1/nios2eds/bin/gnu/H-i686-pc-linux-gnu/bin/../lib/gcc/nios2-elf/4.1.2/../../../../nios2-elf/lib/mno-hw-mul/libc.a(lib_a-atexit.o)
 .bss           0x000ad680        0x0 /opt/altera/13.0sp1/nios2eds/bin/gnu/H-i686-pc-linux-gnu/bin/../lib/gcc/nios2-elf/4.1.2/../../../../nios2-elf/lib/mno-hw-mul/libc.a(lib_a-exit.o)
 .bss           0x000ad680        0x0 /opt/altera/13.0sp1/nios2eds/bin/gnu/H-i686-pc-linux-gnu/bin/../lib/gcc/nios2-elf/4.1.2/../../../../nios2-elf/lib/mno-hw-mul/libc.a(lib_a-memcmp.o)
 .bss           0x000ad680        0x0 /opt/altera/13.0sp1/nios2eds/bin/gnu/H-i686-pc-linux-gnu/bin/../lib/gcc/nios2-elf/4.1.2/../../../../nios2-elf/lib/mno-hw-mul/libc.a(lib_a-__atexit.o)
 .bss           0x000ad680        0x0 /opt/altera/13.0sp1/nios2eds/bin/gnu/H-i686-pc-linux-gnu/bin/../lib/gcc/nios2-elf/4.1.2/../../../../nios2-elf/lib/mno-hw-mul/libc.a(lib_a-__call_atexit.o)
 .bss           0x000ad680        0x0 /opt/altera/13.0sp1/nios2eds/bin/gnu/H-i686-pc-linux-gnu/bin/../lib/gcc/nios2-elf/4.1.2/mno-hw-mul/libgcc.a(_floatundidf.o)
 .bss           0x000ad680        0x0 ../../bsp/lab2//libucosii_bsp.a(alt_exit.o)
 *(COMMON)
 COMMON         0x000ad680     0x3d74 ../../bsp/lab2//libucosii_bsp.a(os_core.o)
                0x000ad680                OSTmrWheelTbl
                0x000ad690                OSFlagTbl
                0x000ada00                OSTmrTbl
                0x000add40                OSMemTbl
                0x000ae970                OSTaskStatStk
                0x000af170                OSQTbl
                0x000af350                OSTmrTaskStk
                0x000afb50                OSTaskIdleStk
                0x000b0350                OSEventTbl
                0x000b0e90                OSTCBTbl
                0x000b13a0                OSTCBPrioTbl
 COMMON         0x000b13f4      0x100 ../../bsp/lab2//libucosii_bsp.a(alt_irq_handler.o)
                0x000b13f4                alt_irq
 COMMON         0x000b14f4      0x190 /opt/altera/13.0sp1/nios2eds/bin/gnu/H-i686-pc-linux-gnu/bin/../lib/gcc/nios2-elf/4.1.2/../../../../nios2-elf/lib/mno-hw-mul/libc.a(lib_a-atexit.o)
                0x000b14f4                _atexit0
                0x000b1684                . = ALIGN (0x4)
                0x000b1684                __bss_end = ABSOLUTE (.)

.sram           0x000b1684        0x0
                0x000b1684                PROVIDE (_alt_partition_sram_start, ABSOLUTE (.))
 *(.sram. sram.*)
                0x000b1684                . = ALIGN (0x4)
                0x000b1684                PROVIDE (_alt_partition_sram_end, ABSOLUTE (.))
                0x000b1684                _end = ABSOLUTE (.)
                0x000b1684                end = ABSOLUTE (.)
                0x000b1684                __alt_stack_base = ABSOLUTE (.)
                0x000b1684                PROVIDE (_alt_partition_sram_load_addr, LOADADDR (.sram))

.shared_onchip  0x00102000        0x0 load address 0x000b1684
                0x00102000                PROVIDE (_alt_partition_shared_onchip_start, ABSOLUTE (.))
 *(.shared_onchip. shared_onchip.*)
                0x00102000                . = ALIGN (0x4)
                0x00102000                PROVIDE (_alt_partition_shared_onchip_end, ABSOLUTE (.))
                0x000b1684                PROVIDE (_alt_partition_shared_onchip_load_addr, LOADADDR (.shared_onchip))

.sdram          0x01000000        0x0 load address 0x000b1684
                0x01000000                PROVIDE (_alt_partition_sdram_start, ABSOLUTE (.))
 *(.sdram. sdram.*)
                0x01000000                . = ALIGN (0x4)
                0x01000000                PROVIDE (_alt_partition_sdram_end, ABSOLUTE (.))
                0x000b1684                PROVIDE (_alt_partition_sdram_load_addr, LOADADDR (.sdram))

.stab
 *(.stab)

.stabstr
 *(.stabstr)

.stab.excl
 *(.stab.excl)

.stab.exclstr
 *(.stab.exclstr)

.stab.index
 *(.stab.index)

.stab.indexstr
 *(.stab.indexstr)

.comment        0x00000000       0x26
 *(.comment)
 .comment       0x00000000       0x26 obj/default/src_0/cpu_0.o
                                 0x27 (size before relaxing)
 .comment       0x00000000       0x27 /opt/altera/13.0sp1/nios2eds/bin/gnu/H-i686-pc-linux-gnu/bin/../lib/gcc/nios2-elf/4.1.2/mno-hw-mul/libgcc.a(_fixunsdfsi.o)
 .comment       0x00000000       0x27 /opt/altera/13.0sp1/nios2eds/bin/gnu/H-i686-pc-linux-gnu/bin/../lib/gcc/nios2-elf/4.1.2/mno-hw-mul/libgcc.a(_addsub_df.o)
 .comment       0x00000000       0x27 /opt/altera/13.0sp1/nios2eds/bin/gnu/H-i686-pc-linux-gnu/bin/../lib/gcc/nios2-elf/4.1.2/mno-hw-mul/libgcc.a(_mul_df.o)
 .comment       0x00000000       0x27 /opt/altera/13.0sp1/nios2eds/bin/gnu/H-i686-pc-linux-gnu/bin/../lib/gcc/nios2-elf/4.1.2/mno-hw-mul/libgcc.a(_ge_df.o)
 .comment       0x00000000       0x27 /opt/altera/13.0sp1/nios2eds/bin/gnu/H-i686-pc-linux-gnu/bin/../lib/gcc/nios2-elf/4.1.2/mno-hw-mul/libgcc.a(_si_to_df.o)
 .comment       0x00000000       0x27 /opt/altera/13.0sp1/nios2eds/bin/gnu/H-i686-pc-linux-gnu/bin/../lib/gcc/nios2-elf/4.1.2/mno-hw-mul/libgcc.a(_df_to_si.o)
 .comment       0x00000000       0x27 /opt/altera/13.0sp1/nios2eds/bin/gnu/H-i686-pc-linux-gnu/bin/../lib/gcc/nios2-elf/4.1.2/mno-hw-mul/libgcc.a(_thenan_df.o)
 .comment       0x00000000       0x27 /opt/altera/13.0sp1/nios2eds/bin/gnu/H-i686-pc-linux-gnu/bin/../lib/gcc/nios2-elf/4.1.2/mno-hw-mul/libgcc.a(lib2-divmod.o)
 .comment       0x00000000       0x27 /opt/altera/13.0sp1/nios2eds/bin/gnu/H-i686-pc-linux-gnu/bin/../lib/gcc/nios2-elf/4.1.2/mno-hw-mul/libgcc.a(lib2-mul.o)
 .comment       0x00000000       0x27 /opt/altera/13.0sp1/nios2eds/bin/gnu/H-i686-pc-linux-gnu/bin/../lib/gcc/nios2-elf/4.1.2/mno-hw-mul/libgcc.a(_muldi3.o)
 .comment       0x00000000       0x27 /opt/altera/13.0sp1/nios2eds/bin/gnu/H-i686-pc-linux-gnu/bin/../lib/gcc/nios2-elf/4.1.2/mno-hw-mul/libgcc.a(_clzsi2.o)
 .comment       0x00000000       0x27 /opt/altera/13.0sp1/nios2eds/bin/gnu/H-i686-pc-linux-gnu/bin/../lib/gcc/nios2-elf/4.1.2/mno-hw-mul/libgcc.a(_pack_df.o)
 .comment       0x00000000       0x27 /opt/altera/13.0sp1/nios2eds/bin/gnu/H-i686-pc-linux-gnu/bin/../lib/gcc/nios2-elf/4.1.2/mno-hw-mul/libgcc.a(_unpack_df.o)
 .comment       0x00000000       0x27 /opt/altera/13.0sp1/nios2eds/bin/gnu/H-i686-pc-linux-gnu/bin/../lib/gcc/nios2-elf/4.1.2/mno-hw-mul/libgcc.a(_fpcmp_parts_df.o)
 .comment       0x00000000       0x27 /opt/altera/13.0sp1/nios2eds/bin/gnu/H-i686-pc-linux-gnu/bin/../lib/gcc/nios2-elf/4.1.2/mno-hw-mul/libgcc.a(_clz.o)
 .comment       0x00000000       0x27 /opt/altera/13.0sp1/nios2eds/bin/gnu/H-i686-pc-linux-gnu/bin/../lib/gcc/nios2-elf/4.1.2/../../../../nios2-elf/lib/mno-hw-mul/libc.a(lib_a-malloc.o)
 .comment       0x00000000       0x27 /opt/altera/13.0sp1/nios2eds/bin/gnu/H-i686-pc-linux-gnu/bin/../lib/gcc/nios2-elf/4.1.2/../../../../nios2-elf/lib/mno-hw-mul/libc.a(lib_a-mallocr.o)