Archive member included because of file (symbol)

/opt/altera/13.0sp1/nios2eds/bin/gnu/H-i686-pc-linux-gnu/bin/../lib/gcc/nios2-elf/4.1.2/mno-hw-mul/libgcc.a(_div_df.o)
                              obj/default/src_0/cpu_0.o (__divdf3)
/opt/altera/13.0sp1/nios2eds/bin/gnu/H-i686-pc-linux-gnu/bin/../lib/gcc/nios2-elf/4.1.2/mno-hw-mul/libgcc.a(_thenan_df.o)
                              /opt/altera/13.0sp1/nios2eds/bin/gnu/H-i686-pc-linux-gnu/bin/../lib/gcc/nios2-elf/4.1.2/mno-hw-mul/libgcc.a(_div_df.o) (__thenan_df)
/opt/altera/13.0sp1/nios2eds/bin/gnu/H-i686-pc-linux-gnu/bin/../lib/gcc/nios2-elf/4.1.2/mno-hw-mul/libgcc.a(_usi_to_df.o)
                              obj/default/src_0/cpu_0.o (__floatunsidf)
/opt/altera/13.0sp1/nios2eds/bin/gnu/H-i686-pc-linux-gnu/bin/../lib/gcc/nios2-elf/4.1.2/mno-hw-mul/libgcc.a(lib2-divmod.o)
                              obj/default/src_0/cpu_0.o (__modsi3)
/opt/altera/13.0sp1/nios2eds/bin/gnu/H-i686-pc-linux-gnu/bin/../lib/gcc/nios2-elf/4.1.2/mno-hw-mul/libgcc.a(lib2-mul.o)
                              obj/default/src_0/cpu_0.o (__mulsi3)
/opt/altera/13.0sp1/nios2eds/bin/gnu/H-i686-pc-linux-gnu/bin/../lib/gcc/nios2-elf/4.1.2/mno-hw-mul/libgcc.a(_clzsi2.o)
                              /opt/altera/13.0sp1/nios2eds/bin/gnu/H-i686-pc-linux-gnu/bin/../lib/gcc/nios2-elf/4.1.2/mno-hw-mul/libgcc.a(_usi_to_df.o) (__clzsi2)
/opt/altera/13.0sp1/nios2eds/bin/gnu/H-i686-pc-linux-gnu/bin/../lib/gcc/nios2-elf/4.1.2/mno-hw-mul/libgcc.a(_pack_df.o)
                              /opt/altera/13.0sp1/nios2eds/bin/gnu/H-i686-pc-linux-gnu/bin/../lib/gcc/nios2-elf/4.1.2/mno-hw-mul/libgcc.a(_div_df.o) (__pack_d)
/opt/altera/13.0sp1/nios2eds/bin/gnu/H-i686-pc-linux-gnu/bin/../lib/gcc/nios2-elf/4.1.2/mno-hw-mul/libgcc.a(_unpack_df.o)
                              /opt/altera/13.0sp1/nios2eds/bin/gnu/H-i686-pc-linux-gnu/bin/../lib/gcc/nios2-elf/4.1.2/mno-hw-mul/libgcc.a(_div_df.o) (__unpack_d)
/opt/altera/13.0sp1/nios2eds/bin/gnu/H-i686-pc-linux-gnu/bin/../lib/gcc/nios2-elf/4.1.2/mno-hw-mul/libgcc.a(_clz.o)
                              /opt/altera/13.0sp1/nios2eds/bin/gnu/H-i686-pc-linux-gnu/bin/../lib/gcc/nios2-elf/4.1.2/mno-hw-mul/libgcc.a(_clzsi2.o) (__clz_tab)
/opt/altera/13.0sp1/nios2eds/bin/gnu/H-i686-pc-linux-gnu/bin/../lib/gcc/nios2-elf/4.1.2/../../../../nios2-elf/lib/mno-hw-mul/libc.a(lib_a-printf.o)
                              obj/default/src_0/cpu_0.o (printf)
/opt/altera/13.0sp1/nios2eds/bin/gnu/H-i686-pc-linux-gnu/bin/../lib/gcc/nios2-elf/4.1.2/../../../../nios2-elf/lib/mno-hw-mul/libc.a(lib_a-puts.o)
                              obj/default/src_0/cpu_0.o (puts)
/opt/altera/13.0sp1/nios2eds/bin/gnu/H-i686-pc-linux-gnu/bin/../lib/gcc/nios2-elf/4.1.2/../../../../nios2-elf/lib/mno-hw-mul/libc.a(lib_a-strlen.o)
                              /opt/altera/13.0sp1/nios2eds/bin/gnu/H-i686-pc-linux-gnu/bin/../lib/gcc/nios2-elf/4.1.2/../../../../nios2-elf/lib/mno-hw-mul/libc.a(lib_a-puts.o) (strlen)
/opt/altera/13.0sp1/nios2eds/bin/gnu/H-i686-pc-linux-gnu/bin/../lib/gcc/nios2-elf/4.1.2/../../../../nios2-elf/lib/mno-hw-mul/libc.a(lib_a-vfprintf.o)
                              /opt/altera/13.0sp1/nios2eds/bin/gnu/H-i686-pc-linux-gnu/bin/../lib/gcc/nios2-elf/4.1.2/../../../../nios2-elf/lib/mno-hw-mul/libc.a(lib_a-printf.o) (___vfprintf_internal_r)
/opt/altera/13.0sp1/nios2eds/bin/gnu/H-i686-pc-linux-gnu/bin/../lib/gcc/nios2-elf/4.1.2/../../../../nios2-elf/lib/mno-hw-mul/libc.a(lib_a-wsetup.o)
                              /opt/altera/13.0sp1/nios2eds/bin/gnu/H-i686-pc-linux-gnu/bin/../lib/gcc/nios2-elf/4.1.2/../../../../nios2-elf/lib/mno-hw-mul/libc.a(lib_a-vfprintf.o) (__swsetup_r)
/opt/altera/13.0sp1/nios2eds/bin/gnu/H-i686-pc-linux-gnu/bin/../lib/gcc/nios2-elf/4.1.2/../../../../nios2-elf/lib/mno-hw-mul/libc.a(lib_a-dtoa.o)
                              /opt/altera/13.0sp1/nios2eds/bin/gnu/H-i686-pc-linux-gnu/bin/../lib/gcc/nios2-elf/4.1.2/../../../../nios2-elf/lib/mno-hw-mul/libc.a(lib_a-vfprintf.o) (_dtoa_r)
/opt/altera/13.0sp1/nios2eds/bin/gnu/H-i686-pc-linux-gnu/bin/../lib/gcc/nios2-elf/4.1.2/../../../../nios2-elf/lib/mno-hw-mul/libc.a(lib_a-fflush.o)
                              /opt/altera/13.0sp1/nios2eds/bin/gnu/H-i686-pc-linux-gnu/bin/../lib/gcc/nios2-elf/4.1.2/../../../../nios2-elf/lib/mno-hw-mul/libc.a(lib_a-vfprintf.o) (_fflush_r)
/opt/altera/13.0sp1/nios2eds/bin/gnu/H-i686-pc-linux-gnu/bin/../lib/gcc/nios2-elf/4.1.2/../../../../nios2-elf/lib/mno-hw-mul/libc.a(lib_a-findfp.o)
                              /opt/altera/13.0sp1/nios2eds/bin/gnu/H-i686-pc-linux-gnu/bin/../lib/gcc/nios2-elf/4.1.2/../../../../nios2-elf/lib/mno-hw-mul/libc.a(lib_a-vfprintf.o) (__sinit)
/opt/altera/13.0sp1/nios2eds/bin/gnu/H-i686-pc-linux-gnu/bin/../lib/gcc/nios2-elf/4.1.2/../../../../nios2-elf/lib/mno-hw-mul/libc.a(lib_a-freer.o)
[...]
Memory Configuration

Name             Origin             Length             Attributes
reset            0x00080000         0x00000020
sram             0x00080020         0x0007ffe0
shared_onchip    0x00102000         0x00002000
sdram            0x01000000         0x00800000
*default*        0x00000000         0xffffffff

Linker script and memory map

LOAD ../../bsp/lab2//obj/HAL/src/crt0.o
LOAD obj/default/src_0/cpu_0.o
LOAD /opt/altera/13.0sp1/nios2eds/bin/gnu/H-i686-pc-linux-gnu/bin/../lib/gcc/nios2-elf/4.1.2/../../../../nios2-elf/lib/mno-hw-mul/libstdc++.a
LOAD /opt/altera/13.0sp1/nios2eds/bin/gnu/H-i686-pc-linux-gnu/bin/../lib/gcc/nios2-elf/4.1.2/../../../../nios2-elf/lib/mno-hw-mul/libm.a
LOAD /opt/altera/13.0sp1/nios2eds/bin/gnu/H-i686-pc-linux-gnu/bin/../lib/gcc/nios2-elf/4.1.2/mno-hw-mul/libgcc.a
START GROUP
LOAD /opt/altera/13.0sp1/nios2eds/bin/gnu/H-i686-pc-linux-gnu/bin/../lib/gcc/nios2-elf/4.1.2/../../../../nios2-elf/lib/mno-hw-mul/libc.a
LOAD /opt/altera/13.0sp1/nios2eds/bin/gnu/H-i686-pc-linux-gnu/bin/../lib/gcc/nios2-elf/4.1.2/mno-hw-mul/libgcc.a
LOAD ../../bsp/lab2//libucosii_bsp.a
END GROUP
LOAD /opt/altera/13.0sp1/nios2eds/bin/gnu/H-i686-pc-linux-gnu/bin/../lib/gcc/nios2-elf/4.1.2/mno-hw-mul/libgcc.a
                0x00080000                __alt_mem_sram = 0x80000
                0x00102000                __alt_mem_shared_onchip = 0x102000
                0x01000000                __alt_mem_sdram = 0x1000000

.entry          0x00080000       0x20
 *(.entry)
 .entry         0x00080000       0x20 ../../bsp/lab2//obj/HAL/src/crt0.o
                0x00080000                __reset

.exceptions     0x00080020      0x12c
                0x00080020                PROVIDE (__ram_exceptions_start, ABSOLUTE (.))
                0x00080020                . = ALIGN (0x20)
 *(.irq)
 *(.exceptions.entry.label)
 .exceptions.entry.label
                0x00080020        0x0 ../../bsp/lab2//libucosii_bsp.a(alt_irq_entry.o)
                0x00080020                alt_irq_entry
 .exceptions.entry.label
                0x00080020        0x0 ../../bsp/lab2//libucosii_bsp.a(alt_exception_entry.o)
                0x00080020                alt_exception
 *(.exceptions.entry.user)
 *(.exceptions.entry)
 .exceptions.entry
                0x00080020       0x54 ../../bsp/lab2//libucosii_bsp.a(alt_exception_entry.o)
 *(.exceptions.irqtest.user)
 *(.exceptions.irqtest)
 .exceptions.irqtest
                0x00080074       0x10 ../../bsp/lab2//libucosii_bsp.a(alt_irq_entry.o)
 *(.exceptions.irqhandler.user)
 *(.exceptions.irqhandler)
 .exceptions.irqhandler
                0x00080084        0x4 ../../bsp/lab2//libucosii_bsp.a(alt_irq_entry.o)
 *(.exceptions.irqreturn.user)
 *(.exceptions.irqreturn)
 .exceptions.irqreturn
                0x00080088        0x4 ../../bsp/lab2//libucosii_bsp.a(alt_irq_entry.o)
 *(.exceptions.notirq.label)
 .exceptions.notirq.label
                0x0008008c        0x0 ../../bsp/lab2//libucosii_bsp.a(alt_irq_entry.o)
 *(.exceptions.notirq.user)
 *(.exceptions.notirq)
 .exceptions.notirq
                0x0008008c        0x8 ../../bsp/lab2//libucosii_bsp.a(alt_exception_entry.o)
 *(.exceptions.soft.user)
 *(.exceptions.soft)
 *(.exceptions.unknown.user)
 *(.exceptions.unknown)
 .exceptions.unknown
                0x00080094        0x4 ../../bsp/lab2//libucosii_bsp.a(alt_exception_entry.o)
 *(.exceptions.exit.label)
 .exceptions.exit.label
                0x00080098        0x0 ../../bsp/lab2//libucosii_bsp.a(alt_irq_entry.o)
 .exceptions.exit.label
                0x00080098        0x0 ../../bsp/lab2//libucosii_bsp.a(alt_exception_entry.o)
 *(.exceptions.exit.user)
 *(.exceptions.exit)
 .exceptions.exit
                0x00080098       0x54 ../../bsp/lab2//libucosii_bsp.a(alt_exception_entry.o)
 *(.exceptions)
 .exceptions    0x000800ec       0x60 ../../bsp/lab2//libucosii_bsp.a(alt_irq_handler.o)
                0x000800ec                alt_irq_handler
                0x0008014c                PROVIDE (__ram_exceptions_end, ABSOLUTE (.))
                0x00080020                PROVIDE (__flash_exceptions_start, LOADADDR (.exceptions))

.text           0x0008014c    0x11050
                0x0008014c                PROVIDE (stext, ABSOLUTE (.))
 *(.interp)
 *(.hash)
 *(.dynsym)
 *(.dynstr)
 *(.gnu.version)
 *(.gnu.version_d)
 *(.gnu.version_r)
 *(.rel.init)
 *(.rela.init)
 *(.rel.text .rel.text.* .rel.gnu.linkonce.t.*)
 *(.rela.text .rela.text.* .rela.gnu.linkonce.t.*)
 *(.rel.fini)
 *(.rela.fini)
 *(.rel.rodata .rel.rodata.* .rel.gnu.linkonce.r.*)
 *(.rela.rodata .rela.rodata.* .rela.gnu.linkonce.r.*)
 *(.rel.data .rel.data.* .rel.gnu.linkonce.d.*)
 *(.rela.data .rela.data.* .rela.gnu.linkonce.d.*)
 *(.rel.tdata .rel.tdata.* .rel.gnu.linkonce.td.*)
 *(.rela.tdata .rela.tdata.* .rela.gnu.linkonce.td.*)
 *(.rel.tbss .rel.tbss.* .rel.gnu.linkonce.tb.*)
 *(.rela.tbss .rela.tbss.* .rela.gnu.linkonce.tb.*)
 *(.rel.ctors)
 *(.rela.ctors)
 *(.rel.dtors)
 *(.rela.dtors)
 *(.rel.got)
 *(.rela.got)
 *(.rel.sdata .rel.sdata.* .rel.gnu.linkonce.s.*)
 *(.rela.sdata .rela.sdata.* .rela.gnu.linkonce.s.*)
 *(.rel.sbss .rel.sbss.* .rel.gnu.linkonce.sb.*)
 *(.rela.sbss .rela.sbss.* .rela.gnu.linkonce.sb.*)
 *(.rel.sdata2 .rel.sdata2.* .rel.gnu.linkonce.s2.*)
 *(.rela.sdata2 .rela.sdata2.* .rela.gnu.linkonce.s2.*)
 *(.rel.sbss2 .rel.sbss2.* .rel.gnu.linkonce.sb2.*)
 *(.rela.sbss2 .rela.sbss2.* .rela.gnu.linkonce.sb2.*)
 *(.rel.bss .rel.bss.* .rel.gnu.linkonce.b.*)
 *(.rela.bss .rela.bss.* .rela.gnu.linkonce.b.*)
 *(.rel.plt)
 *(.rela.plt)
 *(.rel.dyn)
 *(.init)
 *(.plt)
 *(.text .stub .text.* .gnu.linkonce.t.*)
 .text          0x0008014c       0x3c ../../bsp/lab2//obj/HAL/src/crt0.o
                0x0008014c                _start
 .text          0x00080188      0x38c obj/default/src_0/cpu_0.o
                0x00080188                sram2sm_p3
                0x00080240                main
                0x000802dc                StartTask
                0x00080430                task1
                0x000804f0                Task1TmrCallback
                0x000804f8                alarm_handler
 .text          0x00080514      0x258 /opt/altera/13.0sp1/nios2eds/bin/gnu/H-i686-pc-linux-gnu/bin/../lib/gcc/nios2-elf/4.1.2/mno-hw-mul/libgcc.a(_div_df.o)
                0x00080514                __divdf3
 .text          0x0008076c        0x0 /opt/altera/13.0sp1/nios2eds/bin/gnu/H-i686-pc-linux-gnu/bin/../lib/gcc/nios2-elf/4.1.2/mno-hw-mul/libgcc.a(_thenan_df.o)
 .text          0x0008076c      0x194 /opt/altera/13.0sp1/nios2eds/bin/gnu/H-i686-pc-linux-gnu/bin/../lib/gcc/nios2-elf/4.1.2/mno-hw-mul/libgcc.a(_usi_to_df.o)
                0x0008076c                __floatunsidf
 .text          0x00080900      0x14c /opt/altera/13.0sp1/nios2eds/bin/gnu/H-i686-pc-linux-gnu/bin/../lib/gcc/nios2-elf/4.1.2/mno-hw-mul/libgcc.a(lib2-divmod.o)
                0x0008097c                __divsi3
                0x000809dc                __modsi3
                0x00080a3c                __udivsi3
                0x00080a44                __umodsi3
 .text          0x00080a4c       0x38 /opt/altera/13.0sp1/nios2eds/bin/gnu/H-i686-pc-linux-gnu/bin/../lib/gcc/nios2-elf/4.1.2/mno-hw-mul/libgcc.a(lib2-mul.o)
                0x00080a4c                __mulsi3
 .text          0x00080a84       0x80 /opt/altera/13.0sp1/nios2eds/bin/gnu/H-i686-pc-linux-gnu/bin/../lib/gcc/nios2-elf/4.1.2/mno-hw-mul/libgcc.a(_clzsi2.o)
                0x00080a84                __clzsi2
 .text          0x00080b04      0x314 /opt/altera/13.0sp1/nios2eds/bin/gnu/H-i686-pc-linux-gnu/bin/../lib/gcc/nios2-elf/4.1.2/mno-hw-mul/libgcc.a(_pack_df.o)
                0x00080b04                __pack_d
 .text          0x00080e18      0x138 /opt/altera/13.0sp1/nios2eds/bin/gnu/H-i686-pc-linux-gnu/bin/../lib/gcc/nios2-elf/4.1.2/mno-hw-mul/libgcc.a(_unpack_df.o)
                0x00080e18                __unpack_d
 .text          0x00080f50        0x0 /opt/altera/13.0sp1/nios2eds/bin/gnu/H-i686-pc-linux-gnu/bin/../lib/gcc/nios2-elf/4.1.2/mno-hw-mul/libgcc.a(_clz.o)
 .text          0x00080f50       0x78 /opt/altera/13.0sp1/nios2eds/bin/gnu/H-i686-pc-linux-gnu/bin/../lib/gcc/nios2-elf/4.1.2/../../../../nios2-elf/lib/mno-hw-mul/libc.a(lib_a-printf.o)
                0x00080f50                printf
                0x00080f94                _printf_r
 .text          0x00080fc8       0xb4 /opt/altera/13.0sp1/nios2eds/bin/gnu/H-i686-pc-linux-gnu/bin/../lib/gcc/nios2-elf/4.1.2/../../../../nios2-elf/lib/mno-hw-mul/libc.a(lib_a-puts.o)
                0x00080fc8                _puts_r
                0x00081068                puts
 .text          0x0008107c       0x74 /opt/altera/13.0sp1/nios2eds/bin/gnu/H-i686-pc-linux-gnu/bin/../lib/gcc/nios2-elf/4.1.2/../../../../nios2-elf/lib/mno-hw-mul/libc.a(lib_a-strlen.o)
                0x0008107c                strlen
 .text          0x000810f0     0x1f40 /opt/altera/13.0sp1/nios2eds/bin/gnu/H-i686-pc-linux-gnu/bin/../lib/gcc/nios2-elf/4.1.2/../../../../nios2-elf/lib/mno-hw-mul/libc.a(lib_a-vfprintf.o)
                0x00081148                ___vfprintf_internal_r
                0x0008300c                __vfprintf_internal
 .text          0x00083030      0x13c /opt/altera/13.0sp1/nios2eds/bin/gnu/H-i686-pc-linux-gnu/bin/../lib/gcc/nios2-elf/4.1.2/../../../../nios2-elf/lib/mno-hw-mul/libc.a(lib_a-wsetup.o)
                0x00083030                __swsetup_r
 .text          0x0008316c     0x17f8 /opt/altera/13.0sp1/nios2eds/bin/gnu/H-i686-pc-linux-gnu/bin/../lib/gcc/nios2-elf/4.1.2/../../../../nios2-elf/lib/mno-hw-mul/libc.a(lib_a-dtoa.o)
                0x000833b0                _dtoa_r
 .text          0x00084964      0x230 /opt/altera/13.0sp1/nios2eds/bin/gnu/H-i686-pc-linux-gnu/bin/../lib/gcc/nios2-elf/4.1.2/../../../../nios2-elf/lib/mno-hw-mul/libc.a(lib_a-fflush.o)
                0x00084964                _fflush_r
                0x00084b60                fflush
 .text          0x00084b94      0x2f4 /opt/altera/13.0sp1/nios2eds/bin/gnu/H-i686-pc-linux-gnu/bin/../lib/gcc/nios2-elf/4.1.2/../../../../nios2-elf/lib/mno-hw-mul/libc.a(lib_a-findfp.o)
                0x00084bec                __sfp_lock_acquire
                0x00084bf0                __sfp_lock_release
                0x00084bf4                __sinit_lock_acquire
                0x00084bf8                __sinit_lock_release
                0x00084bfc                __sinit
                0x00084cb0                __fp_unlock_all
                0x00084cc8                __fp_lock_all
                0x00084ce0                _cleanup_r
                0x00084cec                _cleanup
                0x00084cfc                __sfmoreglue
                0x00084d98                __sfp
 .text          0x00084e88      0x440 /opt/altera/13.0sp1/nios2eds/bin/gnu/H-i686-pc-linux-gnu/bin/../lib/gcc/nios2-elf/4.1.2/../../../../nios2-elf/lib/mno-hw-mul/libc.a(lib_a-freer.o)
                0x00084e88                _malloc_trim_r
                0x00084fb4                _free_r
 .text          0x000852c8      0x49c /opt/altera/13.0sp1/nios2eds/bin/gnu/H-i686-pc-linux-gnu/bin/../lib/gcc/nios2-elf/4.1.2/../../../../nios2-elf/lib/mno-hw-mul/libc.a(lib_a-fvwrite.o)
                0x000852c8                __sfvwrite_r
 .text          0x00085764      0x180 /opt/altera/13.0sp1/nios2eds/bin/gnu/H-i686-pc-linux-gnu/bin/../lib/gcc/nios2-elf/4.1.2/../../../../nios2-elf/lib/mno-hw-mul/libc.a(lib_a-fwalk.o)
                0x00085764                _fwalk_reent
                0x0008582c                _fwalk
 .text          0x000858e4        0x0 /opt/altera/13.0sp1/nios2eds/bin/gnu/H-i686-pc-linux-gnu/bin/../lib/gcc/nios2-elf/4.1.2/../../../../nios2-elf/lib/mno-hw-mul/libc.a(lib_a-impure.o)
 .text          0x000858e4       0xc4 /opt/altera/13.0sp1/nios2eds/bin/gnu/H-i686-pc-linux-gnu/bin/../lib/gcc/nios2-elf/4.1.2/../../../../nios2-elf/lib/mno-hw-mul/libc.a(lib_a-locale.o)
                0x000858e4                __locale_charset
                0x000858ec                _localeconv_r
                0x000858f8                localeconv
                0x00085908                _setlocale_r
                0x0008598c                setlocale
 .text          0x000859a8      0x194 /opt/altera/13.0sp1/nios2eds/bin/gnu/H-i686-pc-linux-gnu/bin/../lib/gcc/nios2-elf/4.1.2/../../../../nios2-elf/lib/mno-hw-mul/libc.a(lib_a-makebuf.o)
                0x000859a8                __smakebuf_r
 .text          0x00085b3c      0x740 /opt/altera/13.0sp1/nios2eds/bin/gnu/H-i686-pc-linux-gnu/bin/../lib/gcc/nios2-elf/4.1.2/../../../../nios2-elf/lib/mno-hw-mul/libc.a(lib_a-mallocr.o)
                0x00085b3c                _malloc_r
 .text          0x0008627c       0xe4 /opt/altera/13.0sp1/nios2eds/bin/gnu/H-i686-pc-linux-gnu/bin/../lib/gcc/nios2-elf/4.1.2/../../../../nios2-elf/lib/mno-hw-mul/libc.a(lib_a-memchr.o)
                0x0008627c                memchr
 .text          0x00086360       0xa0 /opt/altera/13.0sp1/nios2eds/bin/gnu/H-i686-pc-linux-gnu/bin/../lib/gcc/nios2-elf/4.1.2/../../../../nios2-elf/lib/mno-hw-mul/libc.a(lib_a-memcpy.o)
                0x00086360                memcpy
 .text          0x00086400       0xe0 /opt/altera/13.0sp1/nios2eds/bin/gnu/H-i686-pc-linux-gnu/bin/../lib/gcc/nios2-elf/4.1.2/../../../../nios2-elf/lib/mno-hw-mul/libc.a(lib_a-memmove.o)
                0x00086400                memmove
 .text          0x000864e0       0x98 /opt/altera/13.0sp1/nios2eds/bin/gnu/H-i686-pc-linux-gnu/bin/../lib/gcc/nios2-elf/4.1.2/../../../../nios2-elf/lib/mno-hw-mul/libc.a(lib_a-memset.o)
                0x000864e0                memset
 .text          0x00086578     0x108c /opt/altera/13.0sp1/nios2eds/bin/gnu/H-i686-pc-linux-gnu/bin/../lib/gcc/nios2-elf/4.1.2/../../../../nios2-elf/lib/mno-hw-mul/libc.a(lib_a-mprec.o)
                0x00086578                _Bfree
                0x000865a0                __hi0bits
                0x00086610                __lo0bits
                0x000866d4                __mcmp
                0x00086734                __ulp
                0x000867b4                __b2d
                0x000868d4                __ratio
                0x00086984                _mprec_log10
                0x00086a18                __copybits
                0x00086a70                __any_on
                0x00086af8                _Balloc
                0x00086bb4                __d2b
                0x00086d30                __mdiff
                0x00086ebc                __lshift
                0x00087008                __multiply
                0x0008725c                __i2b
                0x00087298                __multadd
                0x000873c4                __pow5mult
                0x000874e4                __s2b
 .text          0x00087604      0x5f4 /opt/altera/13.0sp1/nios2eds/bin/gnu/H-i686-pc-linux-gnu/bin/../lib/gcc/nios2-elf/4.1.2/../../../../nios2-elf/lib/mno-hw-mul/libc.a(lib_a-reallocr.o)
                0x00087604                _realloc_r
 .text          0x00087bf8       0x40 /opt/altera/13.0sp1/nios2eds/bin/gnu/H-i686-pc-linux-gnu/bin/../lib/gcc/nios2-elf/4.1.2/../../../../nios2-elf/lib/mno-hw-mul/libc.a(lib_a-s_isinfd.o)
                0x00087bf8                __isinfd
 .text          0x00087c38       0x30 /opt/altera/13.0sp1/nios2eds/bin/gnu/H-i686-pc-linux-gnu/bin/../lib/gcc/nios2-elf/4.1.2/../../../../nios2-elf/lib/mno-hw-mul/libc.a(lib_a-s_isnand.o)
                0x00087c38                __isnand
 .text          0x00087c68       0x70 /opt/altera/13.0sp1/nios2eds/bin/gnu/H-i686-pc-linux-gnu/bin/../lib/gcc/nios2-elf/4.1.2/../../../../nios2-elf/lib/mno-hw-mul/libc.a(lib_a-sbrkr.o)
                0x00087c68                _sbrk_r
 .text          0x00087cd8      0x14c /opt/altera/13.0sp1/nios2eds/bin/gnu/H-i686-pc-linux-gnu/bin/../lib/gcc/nios2-elf/4.1.2/../../../../nios2-elf/lib/mno-hw-mul/libc.a(lib_a-stdio.o)
                0x00087cd8                __sclose
                0x00087ce0                __sseek
                0x00087d48                __swrite
                0x00087dc4                __sread
 .text          0x00087e24       0xbc /opt/altera/13.0sp1/nios2eds/bin/gnu/H-i686-pc-linux-gnu/bin/../lib/gcc/nios2-elf/4.1.2/../../../../nios2-elf/lib/mno-hw-mul/libc.a(lib_a-strcmp.o)
                0x00087e24                strcmp
 .text          0x00087ee0       0x78 /opt/altera/13.0sp1/nios2eds/bin/gnu/H-i686-pc-linux-gnu/bin/../lib/gcc/nios2-elf/4.1.2/../../../../nios2-elf/lib/mno-hw-mul/libc.a(lib_a-writer.o)
                0x00087ee0                _write_r
 .text          0x00087f58       0xc8 /opt/altera/13.0sp1/nios2eds/bin/gnu/H-i686-pc-linux-gnu/bin/../lib/gcc/nios2-elf/4.1.2/../../../../nios2-elf/lib/mno-hw-mul/libc.a(lib_a-callocr.o)
                0x00087f58                _calloc_r
 .text          0x00088020       0x70 /opt/altera/13.0sp1/nios2eds/bin/gnu/H-i686-pc-linux-gnu/bin/../lib/gcc/nios2-elf/4.1.2/../../../../nios2-elf/lib/mno-hw-mul/libc.a(lib_a-closer.o)
                0x00088020                _close_r
 .text          0x00088090      0x124 /opt/altera/13.0sp1/nios2eds/bin/gnu/H-i686-pc-linux-gnu/bin/../lib/gcc/nios2-elf/4.1.2/../../../../nios2-elf/lib/mno-hw-mul/libc.a(lib_a-fclose.o)
                0x00088090                _fclose_r
                0x000881a0                fclose
 .text          0x000881b4       0x74 /opt/altera/13.0sp1/nios2eds/bin/gnu/H-i686-pc-linux-gnu/bin/../lib/gcc/nios2-elf/4.1.2/../../../../nios2-elf/lib/mno-hw-mul/libc.a(lib_a-fstatr.o)
                0x000881b4                _fstat_r
 .text          0x00088228        0x0 /opt/altera/13.0sp1/nios2eds/bin/gnu/H-i686-pc-linux-gnu/bin/../lib/gcc/nios2-elf/4.1.2/../../../../nios2-elf/lib/mno-hw-mul/libc.a(lib_a-int_errno.o)
 .text          0x00088228       0x70 /opt/altera/13.0sp1/nios2eds/bin/gnu/H-i686-pc-linux-gnu/bin/../lib/gcc/nios2-elf/4.1.2/../../../../nios2-elf/lib/mno-hw-mul/libc.a(lib_a-isattyr.o)
                0x00088228                _isatty_r
 .text          0x00088298       0x78 /opt/altera/13.0sp1/nios2eds/bin/gnu/H-i686-pc-linux-gnu/bin/../lib/gcc/nios2-elf/4.1.2/../../../../nios2-elf/lib/mno-hw-mul/libc.a(lib_a-lseekr.o)
                0x00088298                _lseek_r
 .text          0x00088310       0x78 /opt/altera/13.0sp1/nios2eds/bin/gnu/H-i686-pc-linux-gnu/bin/../lib/gcc/nios2-elf/4.1.2/../../../../nios2-elf/lib/mno-hw-mul/libc.a(lib_a-readr.o)
                0x00088310                _read_r
 .text          0x00088388      0x66c /opt/altera/13.0sp1/nios2eds/bin/gnu/H-i686-pc-linux-gnu/bin/../lib/gcc/nios2-elf/4.1.2/mno-hw-mul/libgcc.a(_udivdi3.o)
                0x00088388                __udivdi3
 .text          0x000889f4      0x660 /opt/altera/13.0sp1/nios2eds/bin/gnu/H-i686-pc-linux-gnu/bin/../lib/gcc/nios2-elf/4.1.2/mno-hw-mul/libgcc.a(_umoddi3.o)
                0x000889f4                __umoddi3
 .text          0x00089054      0x504 /opt/altera/13.0sp1/nios2eds/bin/gnu/H-i686-pc-linux-gnu/bin/../lib/gcc/nios2-elf/4.1.2/mno-hw-mul/libgcc.a(_addsub_df.o)
                0x00089464                __subdf3
                0x000894e4                __adddf3
 .text          0x00089558      0x3c4 /opt/altera/13.0sp1/nios2eds/bin/gnu/H-i686-pc-linux-gnu/bin/../lib/gcc/nios2-elf/4.1.2/mno-hw-mul/libgcc.a(_mul_df.o)
                0x00089558                __muldf3
 .text          0x0008991c       0x88 /opt/altera/13.0sp1/nios2eds/bin/gnu/H-i686-pc-linux-gnu/bin/../lib/gcc/nios2-elf/4.1.2/mno-hw-mul/libgcc.a(_eq_df.o)
                0x0008991c                __eqdf2
 .text          0x000899a4       0x88 /opt/altera/13.0sp1/nios2eds/bin/gnu/H-i686-pc-linux-gnu/bin/../lib/gcc/nios2-elf/4.1.2/mno-hw-mul/libgcc.a(_ne_df.o)
                0x000899a4                __nedf2
 .text          0x00089a2c       0x88 /opt/altera/13.0sp1/nios2eds/bin/gnu/H-i686-pc-linux-gnu/bin/../lib/gcc/nios2-elf/4.1.2/mno-hw-mul/libgcc.a(_gt_df.o)
                0x00089a2c                __gtdf2
 .text          0x00089ab4       0x88 /opt/altera/13.0sp1/nios2eds/bin/gnu/H-i686-pc-linux-gnu/bin/../lib/gcc/nios2-elf/4.1.2/mno-hw-mul/libgcc.a(_ge_df.o)
                0x00089ab4                __gedf2
 .text          0x00089b3c       0x88 /opt/altera/13.0sp1/nios2eds/bin/gnu/H-i686-pc-linux-gnu/bin/../lib/gcc/nios2-elf/4.1.2/mno-hw-mul/libgcc.a(_lt_df.o)
                0x00089b3c                __ltdf2
 .text          0x00089bc4       0xf8 /opt/altera/13.0sp1/nios2eds/bin/gnu/H-i686-pc-linux-gnu/bin/../lib/gcc/nios2-elf/4.1.2/mno-hw-mul/libgcc.a(_si_to_df.o)
                0x00089bc4                __floatsidf
 .text          0x00089cbc       0xd8 /opt/altera/13.0sp1/nios2eds/bin/gnu/H-i686-pc-linux-gnu/bin/../lib/gcc/nios2-elf/4.1.2/mno-hw-mul/libgcc.a(_df_to_si.o)
                0x00089cbc                __fixdfsi
 .text          0x00089d94      0x124 /opt/altera/13.0sp1/nios2eds/bin/gnu/H-i686-pc-linux-gnu/bin/../lib/gcc/nios2-elf/4.1.2/mno-hw-mul/libgcc.a(_muldi3.o)
                0x00089d94                __muldi3
 .text          0x00089eb8       0xc8 /opt/altera/13.0sp1/nios2eds/bin/gnu/H-i686-pc-linux-gnu/bin/../lib/gcc/nios2-elf/4.1.2/mno-hw-mul/libgcc.a(_fpcmp_parts_df.o)
                0x00089eb8                __fpcmp_parts_d
 .text          0x00089f80       0x90 ../../bsp/lab2//libucosii_bsp.a(alt_alarm_start.o)
                0x00089f80                alt_alarm_start
 .text          0x0008a010       0xbc ../../bsp/lab2//libucosii_bsp.a(alt_close.o)
                0x0008a030                close
 .text          0x0008a0cc        0x8 ../../bsp/lab2//libucosii_bsp.a(alt_dev.o)
 .text          0x0008a0d4        0x0 ../../bsp/lab2//libucosii_bsp.a(alt_errno.o)
 .text          0x0008a0d4       0x9c ../../bsp/lab2//libucosii_bsp.a(alt_fstat.o)
                0x0008a0d4                fstat
 .text          0x0008a170       0x94 ../../bsp/lab2//libucosii_bsp.a(alt_isatty.o)
                0x0008a170                isatty
 .text          0x0008a204       0x8c ../../bsp/lab2//libucosii_bsp.a(alt_load.o)
                0x0008a224                alt_load
 .text          0x0008a290       0xb8 ../../bsp/lab2//libucosii_bsp.a(alt_lseek.o)
                0x0008a290                lseek
 .text          0x0008a348       0xa8 ../../bsp/lab2//libucosii_bsp.a(alt_main.o)
                0x0008a348                alt_main
 .text          0x0008a3f0       0xd8 ../../bsp/lab2//libucosii_bsp.a(alt_read.o)
                0x0008a410                read
 .text          0x0008a4c8       0x5c ../../bsp/lab2//libucosii_bsp.a(alt_release_fd.o)
                0x0008a4c8                alt_release_fd
 .text          0x0008a524       0x50 ../../bsp/lab2//libucosii_bsp.a(alt_sbrk.o)
                0x0008a524                sbrk
 .text          0x0008a574       0xe0 ../../bsp/lab2//libucosii_bsp.a(alt_tick.o)
                0x0008a574                alt_alarm_stop
                0x0008a5a8                alt_tick
 .text          0x0008a654       0xd4 ../../bsp/lab2//libucosii_bsp.a(alt_write.o)
                0x0008a674                write
 .text          0x0008a728       0xa8 ../../bsp/lab2//libucosii_bsp.a(alt_env_lock.o)
                0x0008a728                __env_unlock
                0x0008a750                __env_lock
 .text          0x0008a7d0      0x110 ../../bsp/lab2//libucosii_bsp.a(alt_malloc_lock.o)
                0x0008a7d0                __malloc_unlock
                0x0008a82c                __malloc_lock
 .text          0x0008a8e0     0x1118 ../../bsp/lab2//libucosii_bsp.a(os_core.o)
                0x0008a8e0                OSVersion
                0x0008a8e8                OS_Dummy
                0x0008a8ec                OS_EventTaskWait
                0x0008a970                OS_EventTaskWaitMulti
                0x0008aa10                OS_EventTaskRemove
                0x0008aa5c                OS_EventTaskRemoveMulti
                0x0008aab8                OS_EventTaskRdy
                0x0008abac                OS_EventWaitListInit
                0x0008abc8                OS_MemClr
                0x0008abe4                OS_MemCopy
                0x0008ac08                OS_StrCopy
                0x0008ac34                OS_StrLen
                0x0008ac54                OS_TaskStatStkChk
                0x0008acd8                OS_Sched
                0x0008ad90                OSStart
                0x0008adfc                OSInit
                0x0008afdc                OSEventNameGet
                0x0008b094                OSEventPendMulti
                0x0008b3ec                OSIntEnter
                0x0008b428                OSSchedLock
                0x0008b46c                OSSchedUnlock
                0x0008b4c0                OSStatInit
                0x0008b524                OSTimeTick
                0x0008b630                OS_TaskIdle
                0x0008b660                OS_TaskStat
                0x0008b6e4                OS_TCBInit
                0x0008b868                OSIntExit
                0x0008b93c                OSEventNameSet
 .text          0x0008b9f8        0x4 ../../bsp/lab2//libucosii_bsp.a(os_dbg.o)
                0x0008b9f8                OSDebugInit
 .text          0x0008b9fc      0xc5c ../../bsp/lab2//libucosii_bsp.a(os_flag.o)
                0x0008bab4                OS_FlagUnlink
                0x0008bb80                OS_FlagInit
                0x0008bbf0                OSFlagQuery
                0x0008bc4c                OSFlagAccept
                0x0008bdbc                OSFlagCreate
                0x0008be44                OSFlagDel
                0x0008bfa4                OSFlagNameGet
                0x0008c064                OSFlagNameSet
                0x0008c138                OSFlagPend
                0x0008c438                OSFlagPendGetFlagsRdy
                0x0008c464                OSFlagPost
 .text          0x0008c658      0x3b8 ../../bsp/lab2//libucosii_bsp.a(os_mem.o)
                0x0008c658                OS_MemInit
                0x0008c6c0                OSMemQuery
                0x0008c724                OSMemCreate
                0x0008c7f4                OSMemGet
                0x0008c860                OSMemNameGet
                0x0008c8fc                OSMemNameSet
                0x0008c9b8                OSMemPut
 .text          0x0008ca10      0x9c4 ../../bsp/lab2//libucosii_bsp.a(os_q.o)
                0x0008ca10                OS_QInit
                0x0008ca60                OSQQuery
                0x0008caf8                OSQAccept
                0x0008cb94                OSQCreate
                0x0008cc94                OSQDel
                0x0008ce18                OSQFlush
                0x0008ce68                OSQPend
                0x0008d028                OSQPendAbort
                0x0008d110                OSQPost
                0x0008d1cc                OSQPostFront
                0x0008d290                OSQPostOpt
 .text          0x0008d3d4      0x5e0 ../../bsp/lab2//libucosii_bsp.a(os_sem.o)
                0x0008d3d4                OSSemSet
                0x0008d438                OSSemAccept
                0x0008d47c                OSSemCreate
                0x0008d508                OSSemDel
                0x0008d65c                OSSemPend
                0x0008d7c4                OSSemPendAbort
                0x0008d8b0                OSSemPost
                0x0008d94c                OSSemQuery
 .text          0x0008d9b4      0xe74 ../../bsp/lab2//libucosii_bsp.a(os_task.o)
                0x0008d9b4                OS_TaskStkClr
                0x0008d9e4                OSTaskQuery
                0x0008daac                OSTaskChangePrio
                0x0008dd48                OSTaskCreate
                0x0008de54                OSTaskCreateExt
                0x0008dfcc                OSTaskDel
                0x0008e218                OSTaskDelReq
                0x0008e2cc                OSTaskNameGet
                0x0008e3d4                OSTaskNameSet
                0x0008e4f0                OSTaskResume
                0x0008e5f4                OSTaskStkChk
                0x0008e6e4                OSTaskSuspend
 .text          0x0008e828      0x378 ../../bsp/lab2//libucosii_bsp.a(os_time.o)
                0x0008e828                OSTimeSet
                0x0008e84c                OSTimeDly
                0x0008e8e4                OSTimeDlyHMSM
                0x0008ea84                OSTimeDlyResume
                0x0008eb7c                OSTimeGet
 .text          0x0008eba0      0xb94 ../../bsp/lab2//libucosii_bsp.a(os_tmr.o)
                0x0008ed0c                OSTmr_Init
                0x0008ef68                OSTmrStop
                0x0008f0c4                OSTmrStart
                0x0008f1c8                OSTmrStateGet
                0x0008f270                OSTmrRemainGet
                0x0008f388                OSTmrDel
                0x0008f484                OSTmrSignal
                0x0008f4ac                OSTmrNameGet
                0x0008f598                OSTmrCreate
 .text          0x0008f734      0x168 ../../bsp/lab2//libucosii_bsp.a(alt_sys_init.o)
                0x0008f7bc                alt_sys_init
                0x0008f87c                alt_irq_init
 .text          0x0008f89c       0x3c ../../bsp/lab2//libucosii_bsp.a(altera_avalon_jtag_uart_fd.o)
                0x0008f89c                altera_avalon_jtag_uart_ioctl_fd
                0x0008f8a8                altera_avalon_jtag_uart_close_fd
                0x0008f8b8                altera_avalon_jtag_uart_write_fd
                0x0008f8c8                altera_avalon_jtag_uart_read_fd
 .text          0x0008f8d8      0x2e0 ../../bsp/lab2//libucosii_bsp.a(altera_avalon_jtag_uart_init.o)
                0x0008f8d8                altera_avalon_jtag_uart_close
                0x0008f998                altera_avalon_jtag_uart_init
 .text          0x0008fbb8       0x7c ../../bsp/lab2//libucosii_bsp.a(altera_avalon_jtag_uart_ioctl.o)
                0x0008fbb8                altera_avalon_jtag_uart_ioctl
 .text          0x0008fc34      0x1ac ../../bsp/lab2//libucosii_bsp.a(altera_avalon_jtag_uart_read.o)
                0x0008fc34                altera_avalon_jtag_uart_read
 .text          0x0008fde0      0x1b8 ../../bsp/lab2//libucosii_bsp.a(altera_avalon_jtag_uart_write.o)
                0x0008fde0                altera_avalon_jtag_uart_write
 .text          0x0008ff98      0x188 ../../bsp/lab2//libucosii_bsp.a(altera_avalon_mutex.o)
                0x0008ff98                altera_avalon_mutex_close
                0x0008ff9c                altera_avalon_mutex_first_lock
                0x0008ffac                altera_avalon_mutex_is_mine
                0x0008fffc                altera_avalon_mutex_unlock
                0x00090020                altera_avalon_mutex_trylock
                0x0009007c                altera_avalon_mutex_open
                0x000900d4                altera_avalon_mutex_lock
 .text          0x00090120       0x6c ../../bsp/lab2//libucosii_bsp.a(altera_avalon_timer_sc.o)
                0x00090120                alt_avalon_timer_sc_init
 .text          0x0009018c      0x1e0 ../../bsp/lab2//libucosii_bsp.a(perf_print_formatted_report.o)
                0x0009018c                perf_print_formatted_report
 .text          0x0009036c        0x4 ../../bsp/lab2//libucosii_bsp.a(alt_dcache_flush_all.o)
                0x0009036c                alt_dcache_flush_all
 .text          0x00090370       0x70 ../../bsp/lab2//libucosii_bsp.a(alt_dev_llist_insert.o)
                0x00090370                alt_dev_llist_insert
 .text          0x000903e0       0x40 ../../bsp/lab2//libucosii_bsp.a(alt_do_ctors.o)
                0x000903e0                _do_ctors
 .text          0x00090420       0x40 ../../bsp/lab2//libucosii_bsp.a(alt_do_dtors.o)
                0x00090420                _do_dtors
 .text          0x00090460       0x70 ../../bsp/lab2//libucosii_bsp.a(alt_find_dev.o)
                0x00090460                alt_find_dev
 .text          0x000904d0        0x4 ../../bsp/lab2//libucosii_bsp.a(alt_icache_flush_all.o)
                0x000904d0                alt_icache_flush_all
 .text          0x000904d4      0x114 ../../bsp/lab2//libucosii_bsp.a(alt_io_redirect.o)
                0x0009055c                alt_io_redirect
 .text          0x000905e8       0xa0 ../../bsp/lab2//libucosii_bsp.a(alt_irq_register.o)
                0x000905e8                alt_irq_register
 .text          0x00090688        0x0 ../../bsp/lab2//libucosii_bsp.a(alt_irq_vars.o)
 .text          0x00090688      0x17c ../../bsp/lab2//libucosii_bsp.a(alt_open.o)
                0x00090688                open
 .text          0x00090804        0x8 ../../bsp/lab2//libucosii_bsp.a(altera_nios2_qsys_irq.o)
                0x00090804                altera_nios2_qsys_irq_init
 .text          0x0009080c       0xd0 ../../bsp/lab2//libucosii_bsp.a(os_cpu_a.o)
                0x0009080c                OSCtxSw
                0x0009080c                OSIntCtxSw
                0x00090898                OSStartHighRdy
                0x000908b8                OSStartTsk
 .text          0x000908dc      0x228 ../../bsp/lab2//libucosii_bsp.a(os_cpu_c.o)
                0x000908dc                OSTaskCreateHook
                0x000908e0                OSTaskDelHook
                0x000908e4                OSTaskSwHook
                0x000908e8                OSTaskStatHook
                0x000908ec                OSInitHookBegin
                0x000908f4                OSInitHookEnd
                0x000908f8                OSTaskIdleHook
                0x000908fc                OSTCBInitHook
                0x00090900                OSTimeTickHook
                0x00090958                OSTaskStkInit
 .text          0x00090b04       0x60 ../../bsp/lab2//libucosii_bsp.a(altera_avalon_performance_counter.o)
                0x00090b04                alt_get_performance_counter_base
                0x00090b10                alt_get_cpu_freq
                0x00090b1c                perf_get_num_starts
                0x00090b2c                perf_get_section_time
                0x00090b5c                perf_get_total_time
 .text          0x00090b64       0x9c ../../bsp/lab2//libucosii_bsp.a(alt_find_file.o)
                0x00090b64                alt_find_file
 .text          0x00090c00       0xa4 ../../bsp/lab2//libucosii_bsp.a(alt_get_fd.o)
                0x00090c00                alt_get_fd
 .text          0x00090ca4        0x0 ../../bsp/lab2//libucosii_bsp.a(alt_irq_entry.o)
 .text          0x00090ca4        0x0 ../../bsp/lab2//libucosii_bsp.a(alt_irq_handler.o)
 .text          0x00090ca4        0x0 ../../bsp/lab2//libucosii_bsp.a(alt_exception_entry.o)
 .text          0x00090ca4       0x14 /opt/altera/13.0sp1/nios2eds/bin/gnu/H-i686-pc-linux-gnu/bin/../lib/gcc/nios2-elf/4.1.2/../../../../nios2-elf/lib/mno-hw-mul/libc.a(lib_a-atexit.o)
                0x00090ca4                atexit
 .text          0x00090cb8       0x38 /opt/altera/13.0sp1/nios2eds/bin/gnu/H-i686-pc-linux-gnu/bin/../lib/gcc/nios2-elf/4.1.2/../../../../nios2-elf/lib/mno-hw-mul/libc.a(lib_a-exit.o)
                0x00090cb8                exit
 .text          0x00090cf0       0x74 /opt/altera/13.0sp1/nios2eds/bin/gnu/H-i686-pc-linux-gnu/bin/../lib/gcc/nios2-elf/4.1.2/../../../../nios2-elf/lib/mno-hw-mul/libc.a(lib_a-memcmp.o)
                0x00090cf0                memcmp
 .text          0x00090d64      0x134 /opt/altera/13.0sp1/nios2eds/bin/gnu/H-i686-pc-linux-gnu/bin/../lib/gcc/nios2-elf/4.1.2/../../../../nios2-elf/lib/mno-hw-mul/libc.a(lib_a-__atexit.o)
                0x00090d64                __register_exitproc
 .text          0x00090e98      0x1b4 /opt/altera/13.0sp1/nios2eds/bin/gnu/H-i686-pc-linux-gnu/bin/../lib/gcc/nios2-elf/4.1.2/../../../../nios2-elf/lib/mno-hw-mul/libc.a(lib_a-__call_atexit.o)
                0x00090e9c                __call_exitprocs
 .text          0x0009104c       0xa4 /opt/altera/13.0sp1/nios2eds/bin/gnu/H-i686-pc-linux-gnu/bin/../lib/gcc/nios2-elf/4.1.2/mno-hw-mul/libgcc.a(_fixunsdfsi.o)
                0x0009104c                __fixunsdfsi
 .text          0x000910f0       0x88 /opt/altera/13.0sp1/nios2eds/bin/gnu/H-i686-pc-linux-gnu/bin/../lib/gcc/nios2-elf/4.1.2/mno-hw-mul/libgcc.a(_floatundidf.o)
                0x000910f0                __floatundidf
 .text          0x00091178       0x20 ../../bsp/lab2//libucosii_bsp.a(alt_exit.o)
                0x00091178                _exit
 *(.gnu.warning.*)
 *(.fini)
                0x00091198                PROVIDE (__etext, ABSOLUTE (.))
                0x00091198                PROVIDE (_etext, ABSOLUTE (.))
                0x00091198                PROVIDE (etext, ABSOLUTE (.))
 *(.eh_frame_hdr)
                0x00091198                . = ALIGN (0x4)
                0x00091198                PROVIDE (__preinit_array_start, ABSOLUTE (.))
 *(.preinit_array)
                0x00091198                PROVIDE (__preinit_array_end, ABSOLUTE (.))
                0x00091198                PROVIDE (__init_array_start, ABSOLUTE (.))
 *(.init_array)
                0x00091198                PROVIDE (__init_array_end, ABSOLUTE (.))
                0x00091198                PROVIDE (__fini_array_start, ABSOLUTE (.))
 *(.fini_array)
                0x00091198                PROVIDE (__fini_array_end, ABSOLUTE (.))
 *(.eh_frame)
 *(.gcc_except_table)
 *(.dynamic)
                0x00091198                PROVIDE (__CTOR_LIST__, ABSOLUTE (.))
 *(.ctors)
 *(SORT(.ctors.*))
 .ctors.65535   0x00091198        0x4 /opt/altera/13.0sp1/nios2eds/bin/gnu/H-i686-pc-linux-gnu/bin/../lib/gcc/nios2-elf/4.1.2/../../../../nios2-elf/lib/mno-hw-mul/libc.a(lib_a-__call_atexit.o)
                0x0009119c                PROVIDE (__CTOR_END__, ABSOLUTE (.))
                0x0009119c                PROVIDE (__DTOR_LIST__, ABSOLUTE (.))
 *(.dtors)
 *(SORT(.dtors.*))
                0x0009119c                PROVIDE (__DTOR_END__, ABSOLUTE (.))
 *(.jcr)
                0x0009119c                . = ALIGN (0x4)

.rodata         0x0009119c      0x6e4
                0x0009119c                PROVIDE (__ram_rodata_start, ABSOLUTE (.))
                0x0009119c                . = ALIGN (0x4)
 *(.rodata .rodata.* .gnu.linkonce.r.*)
 .rodata.str1.4
                0x0009119c       0xde obj/default/src_0/cpu_0.o
                                 0xe0 (size before relaxing)
 *fill*         0x0009127a        0x2 00
 .rodata        0x0009127c       0x14 /opt/altera/13.0sp1/nios2eds/bin/gnu/H-i686-pc-linux-gnu/bin/../lib/gcc/nios2-elf/4.1.2/mno-hw-mul/libgcc.a(_thenan_df.o)
                0x0009127c                __thenan_df
 .rodata        0x00091290      0x100 /opt/altera/13.0sp1/nios2eds/bin/gnu/H-i686-pc-linux-gnu/bin/../lib/gcc/nios2-elf/4.1.2/mno-hw-mul/libgcc.a(_clz.o)
                0x00091290                __clz_tab
 .rodata.str1.4
                0x00000000       0xde /opt/altera/13.0sp1/nios2eds/bin/gnu/H-i686-pc-linux-gnu/bin/../lib/gcc/nios2-elf/4.1.2/../../../../nios2-elf/lib/mno-hw-mul/libc.a(lib_a-puts.o)
                                  0x4 (size before relaxing)
 .rodata.str1.4
                0x00091390       0x5e /opt/altera/13.0sp1/nios2eds/bin/gnu/H-i686-pc-linux-gnu/bin/../lib/gcc/nios2-elf/4.1.2/../../../../nios2-elf/lib/mno-hw-mul/libc.a(lib_a-vfprintf.o)
                                 0x60 (size before relaxing)
 .rodata        0x000913ee       0x20 /opt/altera/13.0sp1/nios2eds/bin/gnu/H-i686-pc-linux-gnu/bin/../lib/gcc/nios2-elf/4.1.2/../../../../nios2-elf/lib/mno-hw-mul/libc.a(lib_a-vfprintf.o)
 *fill*         0x0009140e        0x2 00
 .rodata.str1.4
                0x00091410       0x10 /opt/altera/13.0sp1/nios2eds/bin/gnu/H-i686-pc-linux-gnu/bin/../lib/gcc/nios2-elf/4.1.2/../../../../nios2-elf/lib/mno-hw-mul/libc.a(lib_a-dtoa.o)
                                 0x14 (size before relaxing)
 .rodata.str1.4
                0x00091420        0x2 /opt/altera/13.0sp1/nios2eds/bin/gnu/H-i686-pc-linux-gnu/bin/../lib/gcc/nios2-elf/4.1.2/../../../../nios2-elf/lib/mno-hw-mul/libc.a(lib_a-impure.o)
                                  0x4 (size before relaxing)
 *fill*         0x00091422        0x2 00
 .rodata.str1.4
                0x00091424        0xf /opt/altera/13.0sp1/nios2eds/bin/gnu/H-i686-pc-linux-gnu/bin/../lib/gcc/nios2-elf/4.1.2/../../../../nios2-elf/lib/mno-hw-mul/libc.a(lib_a-locale.o)
                                 0x18 (size before relaxing)
 *fill*         0x00091433        0x1 00
 .rodata        0x00091434       0x30 /opt/altera/13.0sp1/nios2eds/bin/gnu/H-i686-pc-linux-gnu/bin/../lib/gcc/nios2-elf/4.1.2/../../../../nios2-elf/lib/mno-hw-mul/libc.a(lib_a-locale.o)
 .rodata        0x00091464      0x124 /opt/altera/13.0sp1/nios2eds/bin/gnu/H-i686-pc-linux-gnu/bin/../lib/gcc/nios2-elf/4.1.2/../../../../nios2-elf/lib/mno-hw-mul/libc.a(lib_a-mprec.o)
                0x00091464                __mprec_tens
                0x0009152c                __mprec_bigtens
                0x00091554                __mprec_tinytens
 .rodata.str1.4
                0x00091588        0xa ../../bsp/lab2//libucosii_bsp.a(alt_dev.o)
                                  0xc (size before relaxing)
 *fill*         0x00091592        0x2 00
 .rodata.str1.4
                0x00091594       0x11 ../../bsp/lab2//libucosii_bsp.a(alt_main.o)
                                 0x14 (size before relaxing)
 *fill*         0x000915a5        0x3 00
 .rodata.str1.4
                0x000915a8       0x1e ../../bsp/lab2//libucosii_bsp.a(os_core.o)
                                 0x20 (size before relaxing)
 .rodata        0x000915c6      0x100 ../../bsp/lab2//libucosii_bsp.a(os_core.o)
                0x000915c6                OSUnMapTbl
 *fill*         0x000916c6        0x2 00
 .rodata.str1.4
                0x000916c8       0x35 ../../bsp/lab2//libucosii_bsp.a(os_tmr.o)
                                 0x38 (size before relaxing)
 *fill*         0x000916fd        0x3 00
 .rodata.str1.4
                0x00091700       0x7f ../../bsp/lab2//libucosii_bsp.a(alt_sys_init.o)
                                 0x94 (size before relaxing)
 *fill*         0x0009177f        0x1 00
 .rodata.str1.4
                0x00091780      0x100 ../../bsp/lab2//libucosii_bsp.a(perf_print_formatted_report.o)
 .rodata.str1.4
                0x00000000        0x4 ../../bsp/lab2//libucosii_bsp.a(os_cpu_c.o)
 *(.rodata1)
                0x00091880                . = ALIGN (0x4)
                0x00091880                PROVIDE (__ram_rodata_end, ABSOLUTE (.))
                0x0009119c                PROVIDE (__flash_rodata_start, LOADADDR (.rodata))

.rwdata         0x00091880     0xdbf4 load address 0x0009f474
                0x00091880                PROVIDE (__ram_rwdata_start, ABSOLUTE (.))
                0x00091880                . = ALIGN (0x4)
 *(.got.plt)
 *(.got)
 *(.data1)
 *(.data .data.* .gnu.linkonce.d.*)
 .data          0x00091880        0x0 ../../bsp/lab2//obj/HAL/src/crt0.o
 .data          0x00091880     0xc01c obj/default/src_0/cpu_0.o
                0x00091880                test_ppm_1
                0x00094883                test_ppm_2
                0x00097886                test_ppm_3
                0x0009a889                test_ppm_4
                0x0009d88c                image_sequence
 .data          0x0009d89c        0x0 /opt/altera/13.0sp1/nios2eds/bin/gnu/H-i686-pc-linux-gnu/bin/../lib/gcc/nios2-elf/4.1.2/mno-hw-mul/libgcc.a(_div_df.o)
 .data          0x0009d89c        0x0 /opt/altera/13.0sp1/nios2eds/bin/gnu/H-i686-pc-linux-gnu/bin/../lib/gcc/nios2-elf/4.1.2/mno-hw-mul/libgcc.a(_thenan_df.o)
 .data          0x0009d89c        0x0 /opt/altera/13.0sp1/nios2eds/bin/gnu/H-i686-pc-linux-gnu/bin/../lib/gcc/nios2-elf/4.1.2/mno-hw-mul/libgcc.a(_usi_to_df.o)
 .data          0x0009d89c        0x0 /opt/altera/13.0sp1/nios2eds/bin/gnu/H-i686-pc-linux-gnu/bin/../lib/gcc/nios2-elf/4.1.2/mno-hw-mul/libgcc.a(lib2-divmod.o)
 .data          0x0009d89c        0x0 /opt/altera/13.0sp1/nios2eds/bin/gnu/H-i686-pc-linux-gnu/bin/../lib/gcc/nios2-elf/4.1.2/mno-hw-mul/libgcc.a(lib2-mul.o)
 .data          0x0009d89c        0x0 /opt/altera/13.0sp1/nios2eds/bin/gnu/H-i686-pc-linux-gnu/bin/../lib/gcc/nios2-elf/4.1.2/mno-hw-mul/libgcc.a(_clzsi2.o)
 .data          0x0009d89c        0x0 /opt/altera/13.0sp1/nios2eds/bin/gnu/H-i686-pc-linux-gnu/bin/../lib/gcc/nios2-elf/4.1.2/mno-hw-mul/libgcc.a(_pack_df.o)
 .data          0x0009d89c        0x0 /opt/altera/13.0sp1/nios2eds/bin/gnu/H-i686-pc-linux-gnu/bin/../lib/gcc/nios2-elf/4.1.2/mno-hw-mul/libgcc.a(_unpack_df.o)
 .data          0x0009d89c        0x0 /opt/altera/13.0sp1/nios2eds/bin/gnu/H-i686-pc-linux-gnu/bin/../lib/gcc/nios2-elf/4.1.2/mno-hw-mul/libgcc.a(_clz.o)
 .data          0x0009d89c        0x0 /opt/altera/13.0sp1/nios2eds/bin/gnu/H-i686-pc-linux-gnu/bin/../lib/gcc/nios2-elf/4.1.2/../../../../nios2-elf/lib/mno-hw-mul/libc.a(lib_a-printf.o)
 .data          0x0009d89c        0x0 /opt/altera/13.0sp1/nios2eds/bin/gnu/H-i686-pc-linux-gnu/bin/../lib/gcc/nios2-elf/4.1.2/../../../../nios2-elf/lib/mno-hw-mul/libc.a(lib_a-puts.o)
 .data          0x0009d89c        0x0 /opt/altera/13.0sp1/nios2eds/bin/gnu/H-i686-pc-linux-gnu/bin/../lib/gcc/nios2-elf/4.1.2/../../../../nios2-elf/lib/mno-hw-mul/libc.a(lib_a-strlen.o)
 .data          0x0009d89c        0x0 /opt/altera/13.0sp1/nios2eds/bin/gnu/H-i686-pc-linux-gnu/bin/../lib/gcc/nios2-elf/4.1.2/../../../../nios2-elf/lib/mno-hw-mul/libc.a(lib_a-vfprintf.o)
 .data          0x0009d89c        0x0 /opt/altera/13.0sp1/nios2eds/bin/gnu/H-i686-pc-linux-gnu/bin/../lib/gcc/nios2-elf/4.1.2/../../../../nios2-elf/lib/mno-hw-mul/libc.a(lib_a-wsetup.o)
 .data          0x0009d89c        0x0 /opt/altera/13.0sp1/nios2eds/bin/gnu/H-i686-pc-linux-gnu/bin/../lib/gcc/nios2-elf/4.1.2/../../../../nios2-elf/lib/mno-hw-mul/libc.a(lib_a-dtoa.o)
 .data          0x0009d89c        0x0 /opt/altera/13.0sp1/nios2eds/bin/gnu/H-i686-pc-linux-gnu/bin/../lib/gcc/nios2-elf/4.1.2/../../../../nios2-elf/lib/mno-hw-mul/libc.a(lib_a-fflush.o)
 .data          0x0009d89c        0x0 /opt/altera/13.0sp1/nios2eds/bin/gnu/H-i686-pc-linux-gnu/bin/../lib/gcc/nios2-elf/4.1.2/../../../../nios2-elf/lib/mno-hw-mul/libc.a(lib_a-findfp.o)
 .data          0x0009d89c        0x0 /opt/altera/13.0sp1/nios2eds/bin/gnu/H-i686-pc-linux-gnu/bin/../lib/gcc/nios2-elf/4.1.2/../../../../nios2-elf/lib/mno-hw-mul/libc.a(lib_a-freer.o)
 .data          0x0009d89c        0x0 /opt/altera/13.0sp1/nios2eds/bin/gnu/H-i686-pc-linux-gnu/bin/../lib/gcc/nios2-elf/4.1.2/../../../../nios2-elf/lib/mno-hw-mul/libc.a(lib_a-fvwrite.o)
 .data          0x0009d89c        0x0 /opt/altera/13.0sp1/nios2eds/bin/gnu/H-i686-pc-linux-gnu/bin/../lib/gcc/nios2-elf/4.1.2/../../../../nios2-elf/lib/mno-hw-mul/libc.a(lib_a-fwalk.o)
 .data          0x0009d89c      0x400 /opt/altera/13.0sp1/nios2eds/bin/gnu/H-i686-pc-linux-gnu/bin/../lib/gcc/nios2-elf/4.1.2/../../../../nios2-elf/lib/mno-hw-mul/libc.a(lib_a-impure.o)
 .data          0x0009dc9c        0xc /opt/altera/13.0sp1/nios2eds/bin/gnu/H-i686-pc-linux-gnu/bin/../lib/gcc/nios2-elf/4.1.2/../../../../nios2-elf/lib/mno-hw-mul/libc.a(lib_a-locale.o)
                0x0009dc9c                __lc_ctype
 .data          0x0009dca8        0x0 /opt/altera/13.0sp1/nios2eds/bin/gnu/H-i686-pc-linux-gnu/bin/../lib/gcc/nios2-elf/4.1.2/../../../../nios2-elf/lib/mno-hw-mul/libc.a(lib_a-makebuf.o)
 .data          0x0009dca8      0x408 /opt/altera/13.0sp1/nios2eds/bin/gnu/H-i686-pc-linux-gnu/bin/../lib/gcc/nios2-elf/4.1.2/../../../../nios2-elf/lib/mno-hw-mul/libc.a(lib_a-mallocr.o)
                0x0009dca8                __malloc_av_
 .data          0x0009e0b0        0x0 /opt/altera/13.0sp1/nios2eds/bin/gnu/H-i686-pc-linux-gnu/bin/../lib/gcc/nios2-elf/4.1.2/../../../../nios2-elf/lib/mno-hw-mul/libc.a(lib_a-memchr.o)
 .data          0x0009e0b0        0x0 /opt/altera/13.0sp1/nios2eds/bin/gnu/H-i686-pc-linux-gnu/bin/../lib/gcc/nios2-elf/4.1.2/../../../../nios2-elf/lib/mno-hw-mul/libc.a(lib_a-memcpy.o)
 .data          0x0009e0b0        0x0 /opt/altera/13.0sp1/nios2eds/bin/gnu/H-i686-pc-linux-gnu/bin/../lib/gcc/nios2-elf/4.1.2/../../../../nios2-elf/lib/mno-hw-mul/libc.a(lib_a-memmove.o)
 .data          0x0009e0b0        0x0 /opt/altera/13.0sp1/nios2eds/bin/gnu/H-i686-pc-linux-gnu/bin/../lib/gcc/nios2-elf/4.1.2/../../../../nios2-elf/lib/mno-hw-mul/libc.a(lib_a-memset.o)
 .data          0x0009e0b0        0x0 /opt/altera/13.0sp1/nios2eds/bin/gnu/H-i686-pc-linux-gnu/bin/../lib/gcc/nios2-elf/4.1.2/../../../../nios2-elf/lib/mno-hw-mul/libc.a(lib_a-mprec.o)
 .data          0x0009e0b0        0x0 /opt/altera/13.0sp1/nios2eds/bin/gnu/H-i686-pc-linux-gnu/bin/../lib/gcc/nios2-elf/4.1.2/../../../../nios2-elf/lib/mno-hw-mul/libc.a(lib_a-reallocr.o)
 .data          0x0009e0b0        0x0 /opt/altera/13.0sp1/nios2eds/bin/gnu/H-i686-pc-linux-gnu/bin/../lib/gcc/nios2-elf/4.1.2/../../../../nios2-elf/lib/mno-hw-mul/libc.a(lib_a-s_isinfd.o)
 .data          0x0009e0b0        0x0 /opt/altera/13.0sp1/nios2eds/bin/gnu/H-i686-pc-linux-gnu/bin/../lib/gcc/nios2-elf/4.1.2/../../../../nios2-elf/lib/mno-hw-mul/libc.a(lib_a-s_isnand.o)
 .data          0x0009e0b0        0x0 /opt/altera/13.0sp1/nios2eds/bin/gnu/H-i686-pc-linux-gnu/bin/../lib/gcc/nios2-elf/4.1.2/../../../../nios2-elf/lib/mno-hw-mul/libc.a(lib_a-sbrkr.o)
 .data          0x0009e0b0        0x0 /opt/altera/13.0sp1/nios2eds/bin/gnu/H-i686-pc-linux-gnu/bin/../lib/gcc/nios2-elf/4.1.2/../../../../nios2-elf/lib/mno-hw-mul/libc.a(lib_a-stdio.o)
 .data          0x0009e0b0        0x0 /opt/altera/13.0sp1/nios2eds/bin/gnu/H-i686-pc-linux-gnu/bin/../lib/gcc/nios2-elf/4.1.2/../../../../nios2-elf/lib/mno-hw-mul/libc.a(lib_a-strcmp.o)
 .data          0x0009e0b0        0x0 /opt/altera/13.0sp1/nios2eds/bin/gnu/H-i686-pc-linux-gnu/bin/../lib/gcc/nios2-elf/4.1.2/../../../../nios2-elf/lib/mno-hw-mul/libc.a(lib_a-writer.o)
 .data          0x0009e0b0        0x0 /opt/altera/13.0sp1/nios2eds/bin/gnu/H-i686-pc-linux-gnu/bin/../lib/gcc/nios2-elf/4.1.2/../../../../nios2-elf/lib/mno-hw-mul/libc.a(lib_a-callocr.o)
 .data          0x0009e0b0        0x0 /opt/altera/13.0sp1/nios2eds/bin/gnu/H-i686-pc-linux-gnu/bin/../lib/gcc/nios2-elf/4.1.2/../../../../nios2-elf/lib/mno-hw-mul/libc.a(lib_a-closer.o)
 .data          0x0009e0b0        0x0 /opt/altera/13.0sp1/nios2eds/bin/gnu/H-i686-pc-linux-gnu/bin/../lib/gcc/nios2-elf/4.1.2/../../../../nios2-elf/lib/mno-hw-mul/libc.a(lib_a-fclose.o)
 .data          0x0009e0b0        0x0 /opt/altera/13.0sp1/nios2eds/bin/gnu/H-i686-pc-linux-gnu/bin/../lib/gcc/nios2-elf/4.1.2/../../../../nios2-elf/lib/mno-hw-mul/libc.a(lib_a-fstatr.o)
 .data          0x0009e0b0        0x0 /opt/altera/13.0sp1/nios2eds/bin/gnu/H-i686-pc-linux-gnu/bin/../lib/gcc/nios2-elf/4.1.2/../../../../nios2-elf/lib/mno-hw-mul/libc.a(lib_a-int_errno.o)
 .data          0x0009e0b0        0x0 /opt/altera/13.0sp1/nios2eds/bin/gnu/H-i686-pc-linux-gnu/bin/../lib/gcc/nios2-elf/4.1.2/../../../../nios2-elf/lib/mno-hw-mul/libc.a(lib_a-isattyr.o)
 .data          0x0009e0b0        0x0 /opt/altera/13.0sp1/nios2eds/bin/gnu/H-i686-pc-linux-gnu/bin/../lib/gcc/nios2-elf/4.1.2/../../../../nios2-elf/lib/mno-hw-mul/libc.a(lib_a-lseekr.o)
 .data          0x0009e0b0        0x0 /opt/altera/13.0sp1/nios2eds/bin/gnu/H-i686-pc-linux-gnu/bin/../lib/gcc/nios2-elf/4.1.2/../../../../nios2-elf/lib/mno-hw-mul/libc.a(lib_a-readr.o)
 .data          0x0009e0b0        0x0 /opt/altera/13.0sp1/nios2eds/bin/gnu/H-i686-pc-linux-gnu/bin/../lib/gcc/nios2-elf/4.1.2/mno-hw-mul/libgcc.a(_udivdi3.o)
 .data          0x0009e0b0        0x0 /opt/altera/13.0sp1/nios2eds/bin/gnu/H-i686-pc-linux-gnu/bin/../lib/gcc/nios2-elf/4.1.2/mno-hw-mul/libgcc.a(_umoddi3.o)
 .data          0x0009e0b0        0x0 /opt/altera/13.0sp1/nios2eds/bin/gnu/H-i686-pc-linux-gnu/bin/../lib/gcc/nios2-elf/4.1.2/mno-hw-mul/libgcc.a(_addsub_df.o)
 .data          0x0009e0b0        0x0 /opt/altera/13.0sp1/nios2eds/bin/gnu/H-i686-pc-linux-gnu/bin/../lib/gcc/nios2-elf/4.1.2/mno-hw-mul/libgcc.a(_mul_df.o)
 .data          0x0009e0b0        0x0 /opt/altera/13.0sp1/nios2eds/bin/gnu/H-i686-pc-linux-gnu/bin/../lib/gcc/nios2-elf/4.1.2/mno-hw-mul/libgcc.a(_eq_df.o)
 .data          0x0009e0b0        0x0 /opt/altera/13.0sp1/nios2eds/bin/gnu/H-i686-pc-linux-gnu/bin/../lib/gcc/nios2-elf/4.1.2/mno-hw-mul/libgcc.a(_ne_df.o)
 .data          0x0009e0b0        0x0 /opt/altera/13.0sp1/nios2eds/bin/gnu/H-i686-pc-linux-gnu/bin/../lib/gcc/nios2-elf/4.1.2/mno-hw-mul/libgcc.a(_gt_df.o)
 .data          0x0009e0b0        0x0 /opt/altera/13.0sp1/nios2eds/bin/gnu/H-i686-pc-linux-gnu/bin/../lib/gcc/nios2-elf/4.1.2/mno-hw-mul/libgcc.a(_ge_df.o)
 .data          0x0009e0b0        0x0 /opt/altera/13.0sp1/nios2eds/bin/gnu/H-i686-pc-linux-gnu/bin/../lib/gcc/nios2-elf/4.1.2/mno-hw-mul/libgcc.a(_lt_df.o)
 .data          0x0009e0b0        0x0 /opt/altera/13.0sp1/nios2eds/bin/gnu/H-i686-pc-linux-gnu/bin/../lib/gcc/nios2-elf/4.1.2/mno-hw-mul/libgcc.a(_si_to_df.o)
 .data          0x0009e0b0        0x0 /opt/altera/13.0sp1/nios2eds/bin/gnu/H-i686-pc-linux-gnu/bin/../lib/gcc/nios2-elf/4.1.2/mno-hw-mul/libgcc.a(_df_to_si.o)
 .data          0x0009e0b0        0x0 /opt/altera/13.0sp1/nios2eds/bin/gnu/H-i686-pc-linux-gnu/bin/../lib/gcc/nios2-elf/4.1.2/mno-hw-mul/libgcc.a(_muldi3.o)
 .data          0x0009e0b0        0x0 /opt/altera/13.0sp1/nios2eds/bin/gnu/H-i686-pc-linux-gnu/bin/../lib/gcc/nios2-elf/4.1.2/mno-hw-mul/libgcc.a(_fpcmp_parts_df.o)
 .data          0x0009e0b0        0x0 ../../bsp/lab2//libucosii_bsp.a(alt_alarm_start.o)
 .data          0x0009e0b0        0x0 ../../bsp/lab2//libucosii_bsp.a(alt_close.o)
 .data          0x0009e0b0      0x1a8 ../../bsp/lab2//libucosii_bsp.a(alt_dev.o)
                0x0009e0b0                alt_dev_null
                0x0009e0d8                alt_fd_list
 .data          0x0009e258        0x0 ../../bsp/lab2//libucosii_bsp.a(alt_errno.o)
 .data          0x0009e258        0x0 ../../bsp/lab2//libucosii_bsp.a(alt_fstat.o)
 .data          0x0009e258        0x0 ../../bsp/lab2//libucosii_bsp.a(alt_isatty.o)
 .data          0x0009e258        0x0 ../../bsp/lab2//libucosii_bsp.a(alt_load.o)
 .data          0x0009e258        0x0 ../../bsp/lab2//libucosii_bsp.a(alt_lseek.o)
 .data          0x0009e258        0x0 ../../bsp/lab2//libucosii_bsp.a(alt_main.o)
 .data          0x0009e258        0x0 ../../bsp/lab2//libucosii_bsp.a(alt_read.o)
 .data          0x0009e258        0x0 ../../bsp/lab2//libucosii_bsp.a(alt_release_fd.o)
 .data          0x0009e258        0x0 ../../bsp/lab2//libucosii_bsp.a(alt_sbrk.o)
 .data          0x0009e258        0x0 ../../bsp/lab2//libucosii_bsp.a(alt_tick.o)
 .data          0x0009e258        0x0 ../../bsp/lab2//libucosii_bsp.a(alt_write.o)
 .data          0x0009e258        0x0 ../../bsp/lab2//libucosii_bsp.a(alt_env_lock.o)
 .data          0x0009e258        0x0 ../../bsp/lab2//libucosii_bsp.a(alt_malloc_lock.o)
 .data          0x0009e258        0x0 ../../bsp/lab2//libucosii_bsp.a(os_core.o)
 .data          0x0009e258        0x0 ../../bsp/lab2//libucosii_bsp.a(os_dbg.o)
 .data          0x0009e258        0x0 ../../bsp/lab2//libucosii_bsp.a(os_flag.o)
 .data          0x0009e258        0x0 ../../bsp/lab2//libucosii_bsp.a(os_mem.o)
 .data          0x0009e258        0x0 ../../bsp/lab2//libucosii_bsp.a(os_q.o)
 .data          0x0009e258        0x0 ../../bsp/lab2//libucosii_bsp.a(os_sem.o)
 .data          0x0009e258        0x0 ../../bsp/lab2//libucosii_bsp.a(os_task.o)
 .data          0x0009e258        0x0 ../../bsp/lab2//libucosii_bsp.a(os_time.o)
 .data          0x0009e258        0x0 ../../bsp/lab2//libucosii_bsp.a(os_tmr.o)
 .data          0x0009e258     0x1154 ../../bsp/lab2//libucosii_bsp.a(alt_sys_init.o)
 .data          0x0009f3ac        0x0 ../../bsp/lab2//libucosii_bsp.a(altera_avalon_jtag_uart_fd.o)
 .data          0x0009f3ac        0x0 ../../bsp/lab2//libucosii_bsp.a(altera_avalon_jtag_uart_init.o)
 .data          0x0009f3ac        0x0 ../../bsp/lab2//libucosii_bsp.a(altera_avalon_jtag_uart_ioctl.o)
 .data          0x0009f3ac        0x0 ../../bsp/lab2//libucosii_bsp.a(altera_avalon_jtag_uart_read.o)
 .data          0x0009f3ac        0x0 ../../bsp/lab2//libucosii_bsp.a(altera_avalon_jtag_uart_write.o)
 .data          0x0009f3ac        0x0 ../../bsp/lab2//libucosii_bsp.a(altera_avalon_mutex.o)
 .data          0x0009f3ac        0x0 ../../bsp/lab2//libucosii_bsp.a(altera_avalon_timer_sc.o)
 .data          0x0009f3ac        0x0 ../../bsp/lab2//libucosii_bsp.a(perf_print_formatted_report.o)
 .data          0x0009f3ac        0x0 ../../bsp/lab2//libucosii_bsp.a(alt_dcache_flush_all.o)
 .data          0x0009f3ac        0x0 ../../bsp/lab2//libucosii_bsp.a(alt_dev_llist_insert.o)
 .data          0x0009f3ac        0x0 ../../bsp/lab2//libucosii_bsp.a(alt_do_ctors.o)
 .data          0x0009f3ac        0x0 ../../bsp/lab2//libucosii_bsp.a(alt_do_dtors.o)
 .data          0x0009f3ac        0x0 ../../bsp/lab2//libucosii_bsp.a(alt_find_dev.o)
 .data          0x0009f3ac        0x0 ../../bsp/lab2//libucosii_bsp.a(alt_icache_flush_all.o)
 .data          0x0009f3ac        0x0 ../../bsp/lab2//libucosii_bsp.a(alt_io_redirect.o)
 .data          0x0009f3ac        0x0 ../../bsp/lab2//libucosii_bsp.a(alt_irq_register.o)
 .data          0x0009f3ac        0x0 ../../bsp/lab2//libucosii_bsp.a(alt_irq_vars.o)
 .data          0x0009f3ac        0x0 ../../bsp/lab2//libucosii_bsp.a(alt_open.o)
 .data          0x0009f3ac        0x0 ../../bsp/lab2//libucosii_bsp.a(altera_nios2_qsys_irq.o)
 .data          0x0009f3ac        0x0 ../../bsp/lab2//libucosii_bsp.a(os_cpu_a.o)
 .data          0x0009f3ac        0x0 ../../bsp/lab2//libucosii_bsp.a(os_cpu_c.o)
 .data          0x0009f3ac        0x0 ../../bsp/lab2//libucosii_bsp.a(altera_avalon_performance_counter.o)
 .data          0x0009f3ac        0x0 ../../bsp/lab2//libucosii_bsp.a(alt_find_file.o)
 .data          0x0009f3ac        0x0 ../../bsp/lab2//libucosii_bsp.a(alt_get_fd.o)
 .data          0x0009f3ac        0x0 ../../bsp/lab2//libucosii_bsp.a(alt_irq_entry.o)
 .data          0x0009f3ac        0x0 ../../bsp/lab2//libucosii_bsp.a(alt_irq_handler.o)
 .data          0x0009f3ac        0x0 ../../bsp/lab2//libucosii_bsp.a(alt_exception_entry.o)
 .data          0x0009f3ac        0x0 /opt/altera/13.0sp1/nios2eds/bin/gnu/H-i686-pc-linux-gnu/bin/../lib/gcc/nios2-elf/4.1.2/../../../../nios2-elf/lib/mno-hw-mul/libc.a(lib_a-atexit.o)
 .data          0x0009f3ac        0x0 /opt/altera/13.0sp1/nios2eds/bin/gnu/H-i686-pc-linux-gnu/bin/../lib/gcc/nios2-elf/4.1.2/../../../../nios2-elf/lib/mno-hw-mul/libc.a(lib_a-exit.o)
 .data          0x0009f3ac        0x0 /opt/altera/13.0sp1/nios2eds/bin/gnu/H-i686-pc-linux-gnu/bin/../lib/gcc/nios2-elf/4.1.2/../../../../nios2-elf/lib/mno-hw-mul/libc.a(lib_a-memcmp.o)
 .data          0x0009f3ac        0x0 /opt/altera/13.0sp1/nios2eds/bin/gnu/H-i686-pc-linux-gnu/bin/../lib/gcc/nios2-elf/4.1.2/../../../../nios2-elf/lib/mno-hw-mul/libc.a(lib_a-__atexit.o)
 .data          0x0009f3ac        0x0 /opt/altera/13.0sp1/nios2eds/bin/gnu/H-i686-pc-linux-gnu/bin/../lib/gcc/nios2-elf/4.1.2/../../../../nios2-elf/lib/mno-hw-mul/libc.a(lib_a-__call_atexit.o)
 .data          0x0009f3ac        0x0 /opt/altera/13.0sp1/nios2eds/bin/gnu/H-i686-pc-linux-gnu/bin/../lib/gcc/nios2-elf/4.1.2/mno-hw-mul/libgcc.a(_fixunsdfsi.o)
 .data          0x0009f3ac        0x0 /opt/altera/13.0sp1/nios2eds/bin/gnu/H-i686-pc-linux-gnu/bin/../lib/gcc/nios2-elf/4.1.2/mno-hw-mul/libgcc.a(_floatundidf.o)
 .data          0x0009f3ac        0x0 ../../bsp/lab2//libucosii_bsp.a(alt_exit.o)
                0x000a73ac                _gp = ABSOLUTE ((. + 0x8000))
                0x000a73ac                PROVIDE (gp, _gp)
 *(.rwdata .rwdata.*)
 *(.sdata .sdata.* .gnu.linkonce.s.*)
 .sdata         0x0009f3ac        0x1 obj/default/src_0/cpu_0.o
                0x0009f3ac                sequence_length
 *fill*         0x0009f3ad        0x3 00
 .sdata         0x0009f3b0        0x8 /opt/altera/13.0sp1/nios2eds/bin/gnu/H-i686-pc-linux-gnu/bin/../lib/gcc/nios2-elf/4.1.2/../../../../nios2-elf/lib/mno-hw-mul/libc.a(lib_a-impure.o)
                0x0009f3b0                _impure_ptr
                0x0009f3b4                _global_impure_ptr
 .sdata         0x0009f3b8        0x8 /opt/altera/13.0sp1/nios2eds/bin/gnu/H-i686-pc-linux-gnu/bin/../lib/gcc/nios2-elf/4.1.2/../../../../nios2-elf/lib/mno-hw-mul/libc.a(lib_a-locale.o)
                0x0009f3b8                __mb_cur_max
 .sdata         0x0009f3c0        0x8 /opt/altera/13.0sp1/nios2eds/bin/gnu/H-i686-pc-linux-gnu/bin/../lib/gcc/nios2-elf/4.1.2/../../../../nios2-elf/lib/mno-hw-mul/libc.a(lib_a-mallocr.o)
                0x0009f3c0                __malloc_trim_threshold
                0x0009f3c4                __malloc_sbrk_base
 .sdata         0x0009f3c8       0x14 ../../bsp/lab2//libucosii_bsp.a(alt_dev.o)
                0x0009f3c8                alt_fs_list
                0x0009f3d0                alt_dev_list
                0x0009f3d8                alt_max_fd
 .sdata         0x0009f3dc        0x4 ../../bsp/lab2//libucosii_bsp.a(alt_errno.o)
                0x0009f3dc                alt_errno
 .sdata         0x0009f3e0        0x4 ../../bsp/lab2//libucosii_bsp.a(alt_sbrk.o)
 .sdata         0x0009f3e4        0x8 ../../bsp/lab2//libucosii_bsp.a(alt_tick.o)
                0x0009f3e4                alt_alarm_list
 .sdata         0x0009f3ec        0x4 ../../bsp/lab2//libucosii_bsp.a(alt_env_lock.o)
 .sdata         0x0009f3f0        0x4 ../../bsp/lab2//libucosii_bsp.a(alt_malloc_lock.o)
 .sdata         0x0009f3f4       0x74 ../../bsp/lab2//libucosii_bsp.a(os_dbg.o)
                0x0009f3f4                OSDebugEn
                0x0009f3f8                OSEndiannessTest
                0x0009f3fc                OSEventEn
                0x0009f3fe                OSEventMax
                0x0009f400                OSEventNameSize
                0x0009f402                OSEventSize
                0x0009f404                OSEventTblSize
                0x0009f406                OSEventMultiEn
                0x0009f408                OSFlagEn
                0x0009f40a                OSFlagGrpSize
                0x0009f40c                OSFlagNodeSize
                0x0009f40e                OSFlagWidth
                0x0009f410                OSFlagMax
                0x0009f412                OSFlagNameSize
                0x0009f414                OSLowestPrio
                0x0009f416                OSMboxEn
                0x0009f418                OSMemEn
                0x0009f41a                OSMemMax
                0x0009f41c                OSMemNameSize
                0x0009f41e                OSMemSize
                0x0009f420                OSMemTblSize
                0x0009f422                OSMutexEn
                0x0009f424                OSPtrSize
                0x0009f426                OSQEn
                0x0009f428                OSQMax
                0x0009f42a                OSQSize
                0x0009f42c                OSRdyTblSize
                0x0009f42e                OSSemEn
                0x0009f430                OSStkWidth
                0x0009f432                OSTaskCreateEn
                0x0009f434                OSTaskCreateExtEn
                0x0009f436                OSTaskDelEn
                0x0009f438                OSTaskIdleStkSize
                0x0009f43a                OSTaskProfileEn
                0x0009f43c                OSTaskMax
                0x0009f43e                OSTaskNameSize
                0x0009f440                OSTaskStatEn
                0x0009f442                OSTaskStatStkSize
                0x0009f444                OSTaskStatStkChkEn
                0x0009f446                OSTaskSwHookEn
                0x0009f448                OSTCBPrioTblMax
                0x0009f44a                OSTCBSize
                0x0009f44c                OSTicksPerSec
                0x0009f44e                OSTimeTickHookEn
                0x0009f450                OSVersionNbr
                0x0009f452                OSTmrEn
                0x0009f454                OSTmrCfgMax
                0x0009f456                OSTmrCfgNameSize
                0x0009f458                OSTmrCfgWheelSize
                0x0009f45a                OSTmrCfgTicksPerSec
                0x0009f45c                OSTmrSize
                0x0009f45e                OSTmrTblSize
                0x0009f460                OSTmrWheelSize
                0x0009f462                OSTmrWheelTblSize
                0x0009f464                OSDataSize
 .sdata         0x0009f468        0x8 ../../bsp/lab2//libucosii_bsp.a(altera_avalon_mutex.o)
                0x0009f468                alt_mutex_list
 .sdata         0x0009f470        0x4 ../../bsp/lab2//libucosii_bsp.a(alt_irq_vars.o)
                0x0009f470                alt_priority_mask
 *(.sdata2 .sdata2.* .gnu.linkonce.s2.*)
                0x0009f474                . = ALIGN (0x4)
                0x0009f474                _edata = ABSOLUTE (.)
                0x0009f474                PROVIDE (edata, ABSOLUTE (.))
                0x0009f474                PROVIDE (__ram_rwdata_end, ABSOLUTE (.))
                0x0009f474                PROVIDE (__flash_rwdata_start, LOADADDR (.rwdata))

.bss            0x000ad068     0x8104
                0x000ad068                __bss_start = ABSOLUTE (.)
                0x000ad068                PROVIDE (__sbss_start, ABSOLUTE (.))
                0x000ad068                PROVIDE (___sbss_start, ABSOLUTE (.))
 *(.dynsbss)
 *(.sbss .sbss.* .gnu.linkonce.sb.*)
 .sbss          0x000ad068        0xc obj/default/src_0/cpu_0.o
                0x000ad068                Task1Tmr
                0x000ad06c                delay
                0x000ad070                Task1TmrSem
 .sbss          0x000ad074        0xc /opt/altera/13.0sp1/nios2eds/bin/gnu/H-i686-pc-linux-gnu/bin/../lib/gcc/nios2-elf/4.1.2/../../../../nios2-elf/lib/mno-hw-mul/libc.a(lib_a-locale.o)
                0x000ad074                __nlocale_changed
                0x000ad078                __mlocale_changed
                0x000ad07c                _PathLocale
 .sbss          0x000ad080        0xc /opt/altera/13.0sp1/nios2eds/bin/gnu/H-i686-pc-linux-gnu/bin/../lib/gcc/nios2-elf/4.1.2/../../../../nios2-elf/lib/mno-hw-mul/libc.a(lib_a-mallocr.o)
                0x000ad080                __malloc_top_pad
                0x000ad084                __malloc_max_sbrked_mem
                0x000ad088                __malloc_max_total_mem
 .sbss          0x000ad08c        0x4 /opt/altera/13.0sp1/nios2eds/bin/gnu/H-i686-pc-linux-gnu/bin/../lib/gcc/nios2-elf/4.1.2/../../../../nios2-elf/lib/mno-hw-mul/libc.a(lib_a-int_errno.o)
                0x000ad08c                errno
 .sbss          0x000ad090        0x4 ../../bsp/lab2//libucosii_bsp.a(alt_dev.o)
                0x000ad090                alt_fd_list_lock
 .sbss          0x000ad094        0xc ../../bsp/lab2//libucosii_bsp.a(alt_main.o)
                0x000ad094                alt_argc
                0x000ad098                alt_argv
                0x000ad09c                alt_envp
 .sbss          0x000ad0a0        0x8 ../../bsp/lab2//libucosii_bsp.a(alt_tick.o)
                0x000ad0a0                _alt_tick_rate
                0x000ad0a4                _alt_nticks
 .sbss          0x000ad0a8        0x8 ../../bsp/lab2//libucosii_bsp.a(alt_env_lock.o)
                0x000ad0ac                alt_envsem
 .sbss          0x000ad0b0        0x8 ../../bsp/lab2//libucosii_bsp.a(alt_malloc_lock.o)
                0x000ad0b4                alt_heapsem
 .sbss          0x000ad0b8       0x68 ../../bsp/lab2//libucosii_bsp.a(os_core.o)
                0x000ad0b8                OSTmrFreeList
                0x000ad0bc                OSLockNesting
                0x000ad0c0                OSTmrSemSignal
                0x000ad0c4                OSRunning
                0x000ad0c8                OSIdleCtr
                0x000ad0cc                OSTmrUsed
                0x000ad0ce                OSPrioHighRdy
                0x000ad0cf                OSPrioCur
                0x000ad0d0                OSTCBList
                0x000ad0d4                OSTickStepState
                0x000ad0d8                OSCtxSwCtr
                0x000ad0dc                OSTmrFree
                0x000ad0e0                OSIdleCtrMax
                0x000ad0e4                OSTCBFreeList
                0x000ad0e8                OSCPUUsage
                0x000ad0e9                OSTaskCtr
                0x000ad0ec                OSMemFreeList
                0x000ad0f0                OSTCBHighRdy
                0x000ad0f4                OSQFreeList
                0x000ad0f8                OSRdyGrp
                0x000ad0f9                OSRdyTbl
                0x000ad0fc                OSEventFreeList
                0x000ad100                OSIntNesting
                0x000ad104                OSTCBCur
                0x000ad108                OSTmrTime
                0x000ad10c                OSTime
                0x000ad110                OSTmrSem
                0x000ad114                OSFlagFreeList
                0x000ad118                OSStatRdy
                0x000ad11c                OSIdleCtrRun
 .sbss          0x000ad120        0x4 ../../bsp/lab2//libucosii_bsp.a(alt_irq_vars.o)
                0x000ad120                alt_irq_active
 .sbss          0x000ad124        0x2 ../../bsp/lab2//libucosii_bsp.a(os_cpu_c.o)
 *(.sbss2 .sbss2.* .gnu.linkonce.sb2.*)
 *(.scommon)
                0x000ad126                PROVIDE (__sbss_end, ABSOLUTE (.))
                0x000ad126                PROVIDE (___sbss_end, ABSOLUTE (.))
 *(.dynbss)
 *(.bss .bss.* .gnu.linkonce.b.*)
 .bss           0x000ad126        0x0 ../../bsp/lab2//obj/HAL/src/crt0.o
 *fill*         0x000ad126        0x2 00
 .bss           0x000ad128       0x18 obj/default/src_0/cpu_0.o
 .bss           0x000ad140        0x0 /opt/altera/13.0sp1/nios2eds/bin/gnu/H-i686-pc-linux-gnu/bin/../lib/gcc/nios2-elf/4.1.2/mno-hw-mul/libgcc.a(_div_df.o)
 .bss           0x000ad140        0x0 /opt/altera/13.0sp1/nios2eds/bin/gnu/H-i686-pc-linux-gnu/bin/../lib/gcc/nios2-elf/4.1.2/mno-hw-mul/libgcc.a(_thenan_df.o)
 .bss           0x000ad140        0x0 /opt/altera/13.0sp1/nios2eds/bin/gnu/H-i686-pc-linux-gnu/bin/../lib/gcc/nios2-elf/4.1.2/mno-hw-mul/libgcc.a(_usi_to_df.o)
 .bss           0x000ad140        0x0 /opt/altera/13.0sp1/nios2eds/bin/gnu/H-i686-pc-linux-gnu/bin/../lib/gcc/nios2-elf/4.1.2/mno-hw-mul/libgcc.a(lib2-divmod.o)
 .bss           0x000ad140        0x0 /opt/altera/13.0sp1/nios2eds/bin/gnu/H-i686-pc-linux-gnu/bin/../lib/gcc/nios2-elf/4.1.2/mno-hw-mul/libgcc.a(lib2-mul.o)
 .bss           0x000ad140        0x0 /opt/altera/13.0sp1/nios2eds/bin/gnu/H-i686-pc-linux-gnu/bin/../lib/gcc/nios2-elf/4.1.2/mno-hw-mul/libgcc.a(_clzsi2.o)
 .bss           0x000ad140        0x0 /opt/altera/13.0sp1/nios2eds/bin/gnu/H-i686-pc-linux-gnu/bin/../lib/gcc/nios2-elf/4.1.2/mno-hw-mul/libgcc.a(_pack_df.o)
 .bss           0x000ad140        0x0 /opt/altera/13.0sp1/nios2eds/bin/gnu/H-i686-pc-linux-gnu/bin/../lib/gcc/nios2-elf/4.1.2/mno-hw-mul/libgcc.a(_unpack_df.o)
 .bss           0x000ad140        0x0 /opt/altera/13.0sp1/nios2eds/bin/gnu/H-i686-pc-linux-gnu/bin/../lib/gcc/nios2-elf/4.1.2/mno-hw-mul/libgcc.a(_clz.o)
 .bss           0x000ad140        0x0 /opt/altera/13.0sp1/nios2eds/bin/gnu/H-i686-pc-linux-gnu/bin/../lib/gcc/nios2-elf/4.1.2/../../../../nios2-elf/lib/mno-hw-mul/libc.a(lib_a-printf.o)
 .bss           0x000ad140        0x0 /opt/altera/13.0sp1/nios2eds/bin/gnu/H-i686-pc-linux-gnu/bin/../lib/gcc/nios2-elf/4.1.2/../../../../nios2-elf/lib/mno-hw-mul/libc.a(lib_a-puts.o)
 .bss           0x000ad140        0x0 /opt/altera/13.0sp1/nios2eds/bin/gnu/H-i686-pc-linux-gnu/bin/../lib/gcc/nios2-elf/4.1.2/../../../../nios2-elf/lib/mno-hw-mul/libc.a(lib_a-strlen.o)
 .bss           0x000ad140        0x0 /opt/altera/13.0sp1/nios2eds/bin/gnu/H-i686-pc-linux-gnu/bin/../lib/gcc/nios2-elf/4.1.2/../../../../nios2-elf/lib/mno-hw-mul/libc.a(lib_a-vfprintf.o)
 .bss           0x000ad140        0x0 /opt/altera/13.0sp1/nios2eds/bin/gnu/H-i686-pc-linux-gnu/bin/../lib/gcc/nios2-elf/4.1.2/../../../../nios2-elf/lib/mno-hw-mul/libc.a(lib_a-wsetup.o)
 .bss           0x000ad140        0x0 /opt/altera/13.0sp1/nios2eds/bin/gnu/H-i686-pc-linux-gnu/bin/../lib/gcc/nios2-elf/4.1.2/../../../../nios2-elf/lib/mno-hw-mul/libc.a(lib_a-dtoa.o)
 .bss           0x000ad140        0x0 /opt/altera/13.0sp1/nios2eds/bin/gnu/H-i686-pc-linux-gnu/bin/../lib/gcc/nios2-elf/4.1.2/../../../../nios2-elf/lib/mno-hw-mul/libc.a(lib_a-fflush.o)
 .bss           0x000ad140        0x0 /opt/altera/13.0sp1/nios2eds/bin/gnu/H-i686-pc-linux-gnu/bin/../lib/gcc/nios2-elf/4.1.2/../../../../nios2-elf/lib/mno-hw-mul/libc.a(lib_a-findfp.o)
 .bss           0x000ad140        0x0 /opt/altera/13.0sp1/nios2eds/bin/gnu/H-i686-pc-linux-gnu/bin/../lib/gcc/nios2-elf/4.1.2/../../../../nios2-elf/lib/mno-hw-mul/libc.a(lib_a-freer.o)
 .bss           0x000ad140        0x0 /opt/altera/13.0sp1/nios2eds/bin/gnu/H-i686-pc-linux-gnu/bin/../lib/gcc/nios2-elf/4.1.2/../../../../nios2-elf/lib/mno-hw-mul/libc.a(lib_a-fvwrite.o)
 .bss           0x000ad140        0x0 /opt/altera/13.0sp1/nios2eds/bin/gnu/H-i686-pc-linux-gnu/bin/../lib/gcc/nios2-elf/4.1.2/../../../../nios2-elf/lib/mno-hw-mul/libc.a(lib_a-fwalk.o)
 .bss           0x000ad140        0x0 /opt/altera/13.0sp1/nios2eds/bin/gnu/H-i686-pc-linux-gnu/bin/../lib/gcc/nios2-elf/4.1.2/../../../../nios2-elf/lib/mno-hw-mul/libc.a(lib_a-impure.o)
 .bss           0x000ad140        0x0 /opt/altera/13.0sp1/nios2eds/bin/gnu/H-i686-pc-linux-gnu/bin/../lib/gcc/nios2-elf/4.1.2/../../../../nios2-elf/lib/mno-hw-mul/libc.a(lib_a-locale.o)
 .bss           0x000ad140        0x0 /opt/altera/13.0sp1/nios2eds/bin/gnu/H-i686-pc-linux-gnu/bin/../lib/gcc/nios2-elf/4.1.2/../../../../nios2-elf/lib/mno-hw-mul/libc.a(lib_a-makebuf.o)
 .bss           0x000ad140       0x28 /opt/altera/13.0sp1/nios2eds/bin/gnu/H-i686-pc-linux-gnu/bin/../lib/gcc/nios2-elf/4.1.2/../../../../nios2-elf/lib/mno-hw-mul/libc.a(lib_a-mallocr.o)
                0x000ad140                __malloc_current_mallinfo
 .bss           0x000ad168        0x0 /opt/altera/13.0sp1/nios2eds/bin/gnu/H-i686-pc-linux-gnu/bin/../lib/gcc/nios2-elf/4.1.2/../../../../nios2-elf/lib/mno-hw-mul/libc.a(lib_a-memchr.o)
 .bss           0x000ad168        0x0 /opt/altera/13.0sp1/nios2eds/bin/gnu/H-i686-pc-linux-gnu/bin/../lib/gcc/nios2-elf/4.1.2/../../../../nios2-elf/lib/mno-hw-mul/libc.a(lib_a-memcpy.o)
 .bss           0x000ad168        0x0 /opt/altera/13.0sp1/nios2eds/bin/gnu/H-i686-pc-linux-gnu/bin/../lib/gcc/nios2-elf/4.1.2/../../../../nios2-elf/lib/mno-hw-mul/libc.a(lib_a-memmove.o)
 .bss           0x000ad168        0x0 /opt/altera/13.0sp1/nios2eds/bin/gnu/H-i686-pc-linux-gnu/bin/../lib/gcc/nios2-elf/4.1.2/../../../../nios2-elf/lib/mno-hw-mul/libc.a(lib_a-memset.o)
 .bss           0x000ad168        0x0 /opt/altera/13.0sp1/nios2eds/bin/gnu/H-i686-pc-linux-gnu/bin/../lib/gcc/nios2-elf/4.1.2/../../../../nios2-elf/lib/mno-hw-mul/libc.a(lib_a-mprec.o)
 .bss           0x000ad168        0x0 /opt/altera/13.0sp1/nios2eds/bin/gnu/H-i686-pc-linux-gnu/bin/../lib/gcc/nios2-elf/4.1.2/../../../../nios2-elf/lib/mno-hw-mul/libc.a(lib_a-reallocr.o)
 .bss           0x000ad168        0x0 /opt/altera/13.0sp1/nios2eds/bin/gnu/H-i686-pc-linux-gnu/bin/../lib/gcc/nios2-elf/4.1.2/../../../../nios2-elf/lib/mno-hw-mul/libc.a(lib_a-s_isinfd.o)
 .bss           0x000ad168        0x0 /opt/altera/13.0sp1/nios2eds/bin/gnu/H-i686-pc-linux-gnu/bin/../lib/gcc/nios2-elf/4.1.2/../../../../nios2-elf/lib/mno-hw-mul/libc.a(lib_a-s_isnand.o)
 .bss           0x000ad168        0x0 /opt/altera/13.0sp1/nios2eds/bin/gnu/H-i686-pc-linux-gnu/bin/../lib/gcc/nios2-elf/4.1.2/../../../../nios2-elf/lib/mno-hw-mul/libc.a(lib_a-sbrkr.o)
 .bss           0x000ad168        0x0 /opt/altera/13.0sp1/nios2eds/bin/gnu/H-i686-pc-linux-gnu/bin/../lib/gcc/nios2-elf/4.1.2/../../../../nios2-elf/lib/mno-hw-mul/libc.a(lib_a-stdio.o)
 .bss           0x000ad168        0x0 /opt/altera/13.0sp1/nios2eds/bin/gnu/H-i686-pc-linux-gnu/bin/../lib/gcc/nios2-elf/4.1.2/../../../../nios2-elf/lib/mno-hw-mul/libc.a(lib_a-strcmp.o)
 .bss           0x000ad168        0x0 /opt/altera/13.0sp1/nios2eds/bin/gnu/H-i686-pc-linux-gnu/bin/../lib/gcc/nios2-elf/4.1.2/../../../../nios2-elf/lib/mno-hw-mul/libc.a(lib_a-writer.o)
 .bss           0x000ad168        0x0 /opt/altera/13.0sp1/nios2eds/bin/gnu/H-i686-pc-linux-gnu/bin/../lib/gcc/nios2-elf/4.1.2/../../../../nios2-elf/lib/mno-hw-mul/libc.a(lib_a-callocr.o)
 .bss           0x000ad168        0x0 /opt/altera/13.0sp1/nios2eds/bin/gnu/H-i686-pc-linux-gnu/bin/../lib/gcc/nios2-elf/4.1.2/../../../../nios2-elf/lib/mno-hw-mul/libc.a(lib_a-closer.o)
 .bss           0x000ad168        0x0 /opt/altera/13.0sp1/nios2eds/bin/gnu/H-i686-pc-linux-gnu/bin/../lib/gcc/nios2-elf/4.1.2/../../../../nios2-elf/lib/mno-hw-mul/libc.a(lib_a-fclose.o)
 .bss           0x000ad168        0x0 /opt/altera/13.0sp1/nios2eds/bin/gnu/H-i686-pc-linux-gnu/bin/../lib/gcc/nios2-elf/4.1.2/../../../../nios2-elf/lib/mno-hw-mul/libc.a(lib_a-fstatr.o)
 .bss           0x000ad168        0x0 /opt/altera/13.0sp1/nios2eds/bin/gnu/H-i686-pc-linux-gnu/bin/../lib/gcc/nios2-elf/4.1.2/../../../../nios2-elf/lib/mno-hw-mul/libc.a(lib_a-int_errno.o)
 .bss           0x000ad168        0x0 /opt/altera/13.0sp1/nios2eds/bin/gnu/H-i686-pc-linux-gnu/bin/../lib/gcc/nios2-elf/4.1.2/../../../../nios2-elf/lib/mno-hw-mul/libc.a(lib_a-isattyr.o)
 .bss           0x000ad168        0x0 /opt/altera/13.0sp1/nios2eds/bin/gnu/H-i686-pc-linux-gnu/bin/../lib/gcc/nios2-elf/4.1.2/../../../../nios2-elf/lib/mno-hw-mul/libc.a(lib_a-lseekr.o)
 .bss           0x000ad168        0x0 /opt/altera/13.0sp1/nios2eds/bin/gnu/H-i686-pc-linux-gnu/bin/../lib/gcc/nios2-elf/4.1.2/../../../../nios2-elf/lib/mno-hw-mul/libc.a(lib_a-readr.o)
 .bss           0x000ad168        0x0 /opt/altera/13.0sp1/nios2eds/bin/gnu/H-i686-pc-linux-gnu/bin/../lib/gcc/nios2-elf/4.1.2/mno-hw-mul/libgcc.a(_udivdi3.o)
 .bss           0x000ad168        0x0 /opt/altera/13.0sp1/nios2eds/bin/gnu/H-i686-pc-linux-gnu/bin/../lib/gcc/nios2-elf/4.1.2/mno-hw-mul/libgcc.a(_umoddi3.o)
 .bss           0x000ad168        0x0 /opt/altera/13.0sp1/nios2eds/bin/gnu/H-i686-pc-linux-gnu/bin/../lib/gcc/nios2-elf/4.1.2/mno-hw-mul/libgcc.a(_addsub_df.o)
 .bss           0x000ad168        0x0 /opt/altera/13.0sp1/nios2eds/bin/gnu/H-i686-pc-linux-gnu/bin/../lib/gcc/nios2-elf/4.1.2/mno-hw-mul/libgcc.a(_mul_df.o)
 .bss           0x000ad168        0x0 /opt/altera/13.0sp1/nios2eds/bin/gnu/H-i686-pc-linux-gnu/bin/../lib/gcc/nios2-elf/4.1.2/mno-hw-mul/libgcc.a(_eq_df.o)
 .bss           0x000ad168        0x0 /opt/altera/13.0sp1/nios2eds/bin/gnu/H-i686-pc-linux-gnu/bin/../lib/gcc/nios2-elf/4.1.2/mno-hw-mul/libgcc.a(_ne_df.o)
 .bss           0x000ad168        0x0 /opt/altera/13.0sp1/nios2eds/bin/gnu/H-i686-pc-linux-gnu/bin/../lib/gcc/nios2-elf/4.1.2/mno-hw-mul/libgcc.a(_gt_df.o)
 .bss           0x000ad168        0x0 /opt/altera/13.0sp1/nios2eds/bin/gnu/H-i686-pc-linux-gnu/bin/../lib/gcc/nios2-elf/4.1.2/mno-hw-mul/libgcc.a(_ge_df.o)
 .bss           0x000ad168        0x0 /opt/altera/13.0sp1/nios2eds/bin/gnu/H-i686-pc-linux-gnu/bin/../lib/gcc/nios2-elf/4.1.2/mno-hw-mul/libgcc.a(_lt_df.o)
 .bss           0x000ad168        0x0 /opt/altera/13.0sp1/nios2eds/bin/gnu/H-i686-pc-linux-gnu/bin/../lib/gcc/nios2-elf/4.1.2/mno-hw-mul/libgcc.a(_si_to_df.o)
 .bss           0x000ad168        0x0 /opt/altera/13.0sp1/nios2eds/bin/gnu/H-i686-pc-linux-gnu/bin/../lib/gcc/nios2-elf/4.1.2/mno-hw-mul/libgcc.a(_df_to_si.o)
 .bss           0x000ad168        0x0 /opt/altera/13.0sp1/nios2eds/bin/gnu/H-i686-pc-linux-gnu/bin/../lib/gcc/nios2-elf/4.1.2/mno-hw-mul/libgcc.a(_muldi3.o)
 .bss           0x000ad168        0x0 /opt/altera/13.0sp1/nios2eds/bin/gnu/H-i686-pc-linux-gnu/bin/../lib/gcc/nios2-elf/4.1.2/mno-hw-mul/libgcc.a(_fpcmp_parts_df.o)
 .bss           0x000ad168        0x0 ../../bsp/lab2//libucosii_bsp.a(alt_alarm_start.o)
 .bss           0x000ad168        0x0 ../../bsp/lab2//libucosii_bsp.a(alt_close.o)
 .bss           0x000ad168        0x0 ../../bsp/lab2//libucosii_bsp.a(alt_dev.o)
 .bss           0x000ad168        0x0 ../../bsp/lab2//libucosii_bsp.a(alt_errno.o)
 .bss           0x000ad168        0x0 ../../bsp/lab2//libucosii_bsp.a(alt_fstat.o)
 .bss           0x000ad168        0x0 ../../bsp/lab2//libucosii_bsp.a(alt_isatty.o)
 .bss           0x000ad168        0x0 ../../bsp/lab2//libucosii_bsp.a(alt_load.o)
 .bss           0x000ad168        0x0 ../../bsp/lab2//libucosii_bsp.a(alt_lseek.o)
 .bss           0x000ad168        0x0 ../../bsp/lab2//libucosii_bsp.a(alt_main.o)
 .bss           0x000ad168        0x0 ../../bsp/lab2//libucosii_bsp.a(alt_read.o)
 .bss           0x000ad168        0x0 ../../bsp/lab2//libucosii_bsp.a(alt_release_fd.o)
 .bss           0x000ad168        0x0 ../../bsp/lab2//libucosii_bsp.a(alt_sbrk.o)
 .bss           0x000ad168        0x0 ../../bsp/lab2//libucosii_bsp.a(alt_tick.o)
 .bss           0x000ad168        0x0 ../../bsp/lab2//libucosii_bsp.a(alt_write.o)
 .bss           0x000ad168        0x0 ../../bsp/lab2//libucosii_bsp.a(alt_env_lock.o)
 .bss           0x000ad168        0x0 ../../bsp/lab2//libucosii_bsp.a(alt_malloc_lock.o)
 .bss           0x000ad168        0x0 ../../bsp/lab2//libucosii_bsp.a(os_core.o)
 .bss           0x000ad168        0x0 ../../bsp/lab2//libucosii_bsp.a(os_dbg.o)
 .bss           0x000ad168        0x0 ../../bsp/lab2//libucosii_bsp.a(os_flag.o)
 .bss           0x000ad168        0x0 ../../bsp/lab2//libucosii_bsp.a(os_mem.o)
 .bss           0x000ad168        0x0 ../../bsp/lab2//libucosii_bsp.a(os_q.o)
 .bss           0x000ad168        0x0 ../../bsp/lab2//libucosii_bsp.a(os_sem.o)
 .bss           0x000ad168        0x0 ../../bsp/lab2//libucosii_bsp.a(os_task.o)
 .bss           0x000ad168        0x0 ../../bsp/lab2//libucosii_bsp.a(os_time.o)
 .bss           0x000ad168        0x0 ../../bsp/lab2//libucosii_bsp.a(os_tmr.o)
 .bss           0x000ad168        0x0 ../../bsp/lab2//libucosii_bsp.a(alt_sys_init.o)
 .bss           0x000ad168        0x0 ../../bsp/lab2//libucosii_bsp.a(altera_avalon_jtag_uart_fd.o)
 .bss           0x000ad168        0x0 ../../bsp/lab2//libucosii_bsp.a(altera_avalon_jtag_uart_init.o)
 .bss           0x000ad168        0x0 ../../bsp/lab2//libucosii_bsp.a(altera_avalon_jtag_uart_ioctl.o)
 .bss           0x000ad168        0x0 ../../bsp/lab2//libucosii_bsp.a(altera_avalon_jtag_uart_read.o)
 .bss           0x000ad168        0x0 ../../bsp/lab2//libucosii_bsp.a(altera_avalon_jtag_uart_write.o)
 .bss           0x000ad168        0x0 ../../bsp/lab2//libucosii_bsp.a(altera_avalon_mutex.o)
 .bss           0x000ad168        0x0 ../../bsp/lab2//libucosii_bsp.a(altera_avalon_timer_sc.o)
 .bss           0x000ad168        0x0 ../../bsp/lab2//libucosii_bsp.a(perf_print_formatted_report.o)
 .bss           0x000ad168        0x0 ../../bsp/lab2//libucosii_bsp.a(alt_dcache_flush_all.o)
 .bss           0x000ad168        0x0 ../../bsp/lab2//libucosii_bsp.a(alt_dev_llist_insert.o)
 .bss           0x000ad168        0x0 ../../bsp/lab2//libucosii_bsp.a(alt_do_ctors.o)
 .bss           0x000ad168        0x0 ../../bsp/lab2//libucosii_bsp.a(alt_do_dtors.o)
 .bss           0x000ad168        0x0 ../../bsp/lab2//libucosii_bsp.a(alt_find_dev.o)
 .bss           0x000ad168        0x0 ../../bsp/lab2//libucosii_bsp.a(alt_icache_flush_all.o)
 .bss           0x000ad168        0x0 ../../bsp/lab2//libucosii_bsp.a(alt_io_redirect.o)
 .bss           0x000ad168        0x0 ../../bsp/lab2//libucosii_bsp.a(alt_irq_register.o)
 .bss           0x000ad168        0x0 ../../bsp/lab2//libucosii_bsp.a(alt_irq_vars.o)
 .bss           0x000ad168        0x0 ../../bsp/lab2//libucosii_bsp.a(alt_open.o)
 .bss           0x000ad168        0x0 ../../bsp/lab2//libucosii_bsp.a(altera_nios2_qsys_irq.o)
 .bss           0x000ad168        0x0 ../../bsp/lab2//libucosii_bsp.a(os_cpu_a.o)
 .bss           0x000ad168        0x0 ../../bsp/lab2//libucosii_bsp.a(os_cpu_c.o)
 .bss           0x000ad168        0x0 ../../bsp/lab2//libucosii_bsp.a(altera_avalon_performance_counter.o)
 .bss           0x000ad168        0x0 ../../bsp/lab2//libucosii_bsp.a(alt_find_file.o)
 .bss           0x000ad168        0x0 ../../bsp/lab2//libucosii_bsp.a(alt_get_fd.o)
 .bss           0x000ad168        0x0 ../../bsp/lab2//libucosii_bsp.a(alt_irq_entry.o)
 .bss           0x000ad168        0x0 ../../bsp/lab2//libucosii_bsp.a(alt_irq_handler.o)
 .bss           0x000ad168        0x0 ../../bsp/lab2//libucosii_bsp.a(alt_exception_entry.o)
 .bss           0x000ad168        0x0 /opt/altera/13.0sp1/nios2eds/bin/gnu/H-i686-pc-linux-gnu/bin/../lib/gcc/nios2-elf/4.1.2/../../../../nios2-elf/lib/mno-hw-mul/libc.a(lib_a-atexit.o)
 .bss           0x000ad168        0x0 /opt/altera/13.0sp1/nios2eds/bin/gnu/H-i686-pc-linux-gnu/bin/../lib/gcc/nios2-elf/4.1.2/../../../../nios2-elf/lib/mno-hw-mul/libc.a(lib_a-exit.o)
 .bss           0x000ad168        0x0 /opt/altera/13.0sp1/nios2eds/bin/gnu/H-i686-pc-linux-gnu/bin/../lib/gcc/nios2-elf/4.1.2/../../../../nios2-elf/lib/mno-hw-mul/libc.a(lib_a-memcmp.o)
 .bss           0x000ad168        0x0 /opt/altera/13.0sp1/nios2eds/bin/gnu/H-i686-pc-linux-gnu/bin/../lib/gcc/nios2-elf/4.1.2/../../../../nios2-elf/lib/mno-hw-mul/libc.a(lib_a-__atexit.o)
 .bss           0x000ad168        0x0 /opt/altera/13.0sp1/nios2eds/bin/gnu/H-i686-pc-linux-gnu/bin/../lib/gcc/nios2-elf/4.1.2/../../../../nios2-elf/lib/mno-hw-mul/libc.a(lib_a-__call_atexit.o)
 .bss           0x000ad168        0x0 /opt/altera/13.0sp1/nios2eds/bin/gnu/H-i686-pc-linux-gnu/bin/../lib/gcc/nios2-elf/4.1.2/mno-hw-mul/libgcc.a(_fixunsdfsi.o)
 .bss           0x000ad168        0x0 /opt/altera/13.0sp1/nios2eds/bin/gnu/H-i686-pc-linux-gnu/bin/../lib/gcc/nios2-elf/4.1.2/mno-hw-mul/libgcc.a(_floatundidf.o)
 .bss           0x000ad168        0x0 ../../bsp/lab2//libucosii_bsp.a(alt_exit.o)
 *(COMMON)
 COMMON         0x000ad168     0x4000 obj/default/src_0/cpu_0.o
                0x000ad168                task1_stk
                0x000af168                StartTask_Stack
 COMMON         0x000b1168     0x3d74 ../../bsp/lab2//libucosii_bsp.a(os_core.o)
                0x000b1168                OSTmrWheelTbl
                0x000b1178                OSFlagTbl
                0x000b14e8                OSTmrTbl
                0x000b1828                OSMemTbl
                0x000b2458                OSTaskStatStk
                0x000b2c58                OSQTbl
                0x000b2e38                OSTmrTaskStk
                0x000b3638                OSTaskIdleStk
                0x000b3e38                OSEventTbl
                0x000b4978                OSTCBTbl
                0x000b4e88                OSTCBPrioTbl
 COMMON         0x000b4edc      0x100 ../../bsp/lab2//libucosii_bsp.a(alt_irq_handler.o)
                0x000b4edc                alt_irq
 COMMON         0x000b4fdc      0x190 /opt/altera/13.0sp1/nios2eds/bin/gnu/H-i686-pc-linux-gnu/bin/../lib/gcc/nios2-elf/4.1.2/../../../../nios2-elf/lib/mno-hw-mul/libc.a(lib_a-atexit.o)
                0x000b4fdc                _atexit0
                0x000b516c                . = ALIGN (0x4)
                0x000b516c                __bss_end = ABSOLUTE (.)

.sram           0x000b516c        0x0
                0x000b516c                PROVIDE (_alt_partition_sram_start, ABSOLUTE (.))
 *(.sram. sram.*)
                0x000b516c                . = ALIGN (0x4)
                0x000b516c                PROVIDE (_alt_partition_sram_end, ABSOLUTE (.))
                0x000b516c                _end = ABSOLUTE (.)
                0x000b516c                end = ABSOLUTE (.)
                0x000b516c                __alt_stack_base = ABSOLUTE (.)
                0x000b516c                PROVIDE (_alt_partition_sram_load_addr, LOADADDR (.sram))

.shared_onchip  0x00102000        0x0 load address 0x000b516c
                0x00102000                PROVIDE (_alt_partition_shared_onchip_start, ABSOLUTE (.))
 *(.shared_onchip. shared_onchip.*)
                0x00102000                . = ALIGN (0x4)
                0x00102000                PROVIDE (_alt_partition_shared_onchip_end, ABSOLUTE (.))
                0x000b516c                PROVIDE (_alt_partition_shared_onchip_load_addr, LOADADDR (.shared_onchip))

.sdram          0x01000000        0x0 load address 0x000b516c
                0x01000000                PROVIDE (_alt_partition_sdram_start, ABSOLUTE (.))
 *(.sdram. sdram.*)
                0x01000000                . = ALIGN (0x4)
                0x01000000                PROVIDE (_alt_partition_sdram_end, ABSOLUTE (.))
                0x000b516c                PROVIDE (_alt_partition_sdram_load_addr, LOADADDR (.sdram))

.stab
 *(.stab)

.stabstr
 *(.stabstr)

.stab.excl
 *(.stab.excl)

.stab.exclstr
 *(.stab.exclstr)

.stab.index
 *(.stab.index)

.stab.indexstr
 *(.stab.indexstr)

.comment        0x00000000       0x26
 *(.comment)
 .comment       0x00000000       0x26 obj/default/src_0/cpu_0.o
                                 0x27 (size before relaxing)
 .comment       0x00000000       0x27 /opt/altera/13.0sp1/nios2eds/bin/gnu/H-i686-pc-linux-gnu/bin/../lib/gcc/nios2-elf/4.1.2/mno-hw-mul/libgcc.a(_div_df.o)
 .comment       0x00000000       0x27 /opt/altera/13.0sp1/nios2eds/bin/gnu/H-i686-pc-linux-gnu/bin/../lib/gcc/nios2-elf/4.1.2/mno-hw-mul/libgcc.a(_thenan_df.o)
 .comment       0x00000000       0x27 /opt/altera/13.0sp1/nios2eds/bin/gnu/H-i686-pc-linux-gnu/bin/../lib/gcc/nios2-elf/4.1.2/mno-hw-mul/libgcc.a(_usi_to_df.o)
 .comment       0x00000000       0x27 /opt/altera/13.0sp1/nios2eds/bin/gnu/H-i686-pc-linux-gnu/bin/../lib/gcc/nios2-elf/4.1.2/mno-hw-mul/libgcc.a(lib2-divmod.o)
 .comment       0x00000000       0x27 /opt/altera/13.0sp1/nios2eds/bin/gnu/H-i686-pc-linux-gnu/bin/../lib/gcc/nios2-elf/4.1.2/mno-hw-mul/libgcc.a(lib2-mul.o)
 .comment       0x00000000       0x27 /opt/altera/13.0sp1/nios2eds/bin/gnu/H-i686-pc-linux-gnu/bin/../lib/gcc/nios2-elf/4.1.2/mno-hw-mul/libgcc.a(_clzsi2.o)
 .comment       0x00000000       0x27 /opt/altera/13.0sp1/nios2eds/bin/gnu/H-i686-pc-linux-gnu/bin/../lib/gcc/nios2-elf/4.1.2/mno-hw-mul/libgcc.a(_pack_df.o)
 .comment       0x00000000       0x27 /opt/altera/13.0sp1/nios2eds/bin/gnu/H-i686-pc-linux-gnu/bin/../lib/gcc/nios2-elf/4.1.2/mno-hw-mul/libgcc.a(_unpack_df.o)
 .comment       0x00000000       0x27 /opt/altera/13.0sp1/nios2eds/bin/gnu/H-i686-pc-linux-gnu/bin/../lib/gcc/nios2-elf/4.1.2/mno-hw-mul/libgcc.a(_clz.o)
 .comment       0x00000000       0x27 /opt/altera/13.0sp1/nios2eds/bin/gnu/H-i686-pc-linux-gnu/bin/../lib/gcc/nios2-elf/4.1.2/../../../../nios2-elf/lib/mno-hw-mul/libc.a(lib_a-printf.o)
 .comment       0x00000000       0x27 /opt/altera/13.0sp1/nios2eds/bin/gnu/H-i686-pc-linux-gnu/bin/../lib/gcc/nios2-elf/4.1.2/../../../../nios2-elf/lib/mno-hw-mul/libc.a(lib_a-puts.o)
 .comment       0x00000000       0x27 /opt/altera/13.0sp1/nios2eds/bin/gnu/H-i686-pc-linux-gnu/bin/../lib/gcc/nios2-elf/4.1.2/../../../../nios2-elf/lib/mno-hw-mul/libc.a(lib_a-strlen.o)
 .comment       0x00000000       0x27 /opt/altera/13.0sp1/nios2eds/bin/gnu/H-i686-pc-linux-gnu/bin/../lib/gcc/nios2-elf/4.1.2/../../../../nios2-elf/lib/mno-hw-mul/libc.a(lib_a-vfprintf.o)
 .comment       0x00000000       0x27 /opt/altera/13.0sp1/nios2eds/bin/gnu/H-i686-pc-linux-gnu/bin/../lib/gcc/nios2-elf/4.1.2/../../../../nios2-elf/lib/mno-hw-mul/libc.a(lib_a-wsetup.o)
 .comment       0x00000000       0x27 /opt/altera/13.0sp1/nios2eds/bin/gnu/H-i686-pc-linux-gnu/bin/../lib/gcc/nios2-elf/4.1.2/../../../../nios2-elf/lib/mno-hw-mul/libc.a(lib_a-dtoa.o)
 .comment       0x00000000       0x27 /opt/altera/13.0sp1/nios2eds/bin/gnu/H-i686-pc-linux-gnu/bin/../lib/gcc/nios2-elf/4.1.2/../../../../nios2-elf/lib/mno-hw-mul/libc.a(lib_a-fflush.o)
 .comment       0x00000000       0x27 /opt/altera/13.0sp1/nios2eds/bin/gnu/H-i686-pc-linux-gnu/bin/../lib/gcc/nios2-elf/4.1.2/../../../../nios2-elf/lib/mno-hw-mul/libc.a(lib_a-findfp.o)
 .comment       0x00000000       0x27 /opt/altera/13.0sp1/nios2eds/bin/gnu/H-i686-pc-linux-gnu/bin/../lib/gcc/nios2-elf/4.1.2/../../../../nios2-elf/lib/mno-hw-mul/libc.a(lib_a-freer.o)
 .comment       0x00000000       0x27 /opt/altera/13.0sp1/nios2eds/bin/gnu/H-i686-pc-linux-gnu/bin/../lib/gcc/nios2-elf/4.1.2/../../../../nios2-elf/lib/mno-hw-mul/libc.a(lib_a-fvwrite.o)
 .comment       0x00000000       0x27 /opt/altera/13.0sp1/nios2eds/bin/gnu/H-i686-pc-linux-gnu/bin/../lib/gcc/nios2-elf/4.1.2/../../../../nios2-elf/lib/mno-hw-mul/libc.a(lib_a-fwalk.o)
 .comment       0x00000000       0x27 /opt/altera/13.0sp1/nios2eds/bin/gnu/H-i686-pc-linux-gnu/bin/../lib/gcc/nios2-elf/4.1.2/../../../../nios2-elf/lib/mno-hw-mul/libc.a(lib_a-impure.o)
 .comment       0x00000000       0x27 /opt/altera/13.0sp1/nios2eds/bin/gnu/H-i686-pc-linux-gnu/bin/../lib/gcc/nios2-elf/4.1.2/../../../../nios2-elf/lib/mno-hw-mul/libc.a(lib_a-locale.o)
 .comment       0x00000000       0x27 /opt/altera/13.0sp1/nios2eds/bin/gnu/H-i686-pc-linux-gnu/bin/../lib/gcc/nios2-elf/4.1.2/../../../../nios2-elf/lib/mno-hw-mul/libc.a(lib_a-makebuf.o)
 .comment       0x00000000       0x27 /opt/altera/13.0sp1/nios2eds/bin/gnu/H-i686-pc-linux-gnu/bin/../lib/gcc/nios2-elf/4.1.2/../../../../nios2-elf/lib/mno-hw-mul/libc.a(lib_a-mallocr.o)
 .comment       0x00000000       0x27 /opt/altera/13.0sp1/nios2eds/bin/gnu/H-i686-pc-linux-gnu/bin/../lib/gcc/nios2-elf/4.1.2/../../../../nios2-elf/lib/mno-hw-mul/libc.a(lib_a-memchr.o)
 .comment       0x00000000       0x27 /opt/altera/13.0sp1/nios2eds/bin/gnu/H-i686-pc-linux-gnu/bin/../lib/gcc/nios2-elf/4.1.2/../../../../nios2-elf/lib/mno-hw-mul/libc.a(lib_a-memcpy.o)
 .comment       0x00000000       0x27 /opt/altera/13.0sp1/nios2eds/bin/gnu/H-i686-pc-linux-gnu/bin/../lib/gcc/nios2-elf/4.1.2/../../../../nios2-elf/lib/mno-hw-mul/libc.a(lib_a-memmove.o)
 .comment       0x00000000       0x27 /opt/altera/13.0sp1/nios2eds/bin/gnu/H-i686-pc-linux-gnu/bin/../lib/gcc/nios2-elf/4.1.2/../../../../nios2-elf/lib/mno-hw-mul/libc.a(lib_a-memset.o)
 .comment       0x00000000       0x27 /opt/altera/13.0sp1/nios2eds/bin/gnu/H-i686-pc-linux-gnu/bin/../lib/gcc/nios2-elf/4.1.2/../../../../nios2-elf/lib/mno-hw-mul/libc.a(lib_a-mprec.o)
 .comment       0x00000000       0x27 /opt/altera/13.0sp1/nios2eds/bin/gnu/H-i686-pc-linux-gnu/bin/../lib/gcc/nios2-elf/4.1.2/../../../../nios2-elf/lib/mno-hw-mul/libc.a(lib_a-reallocr.o)