Archive member included because of file (symbol)

/opt/altera/13.0sp1/nios2eds/bin/gnu/H-i686-pc-linux-gnu/bin/../lib/gcc/nios2-elf/4.1.2/mno-hw-mul/libgcc.a(_div_df.o)
                              obj/default/src/hello_ucosii.o (__divdf3)
/opt/altera/13.0sp1/nios2eds/bin/gnu/H-i686-pc-linux-gnu/bin/../lib/gcc/nios2-elf/4.1.2/mno-hw-mul/libgcc.a(_thenan_df.o)
                              /opt/altera/13.0sp1/nios2eds/bin/gnu/H-i686-pc-linux-gnu/bin/../lib/gcc/nios2-elf/4.1.2/mno-hw-mul/libgcc.a(_div_df.o) (__thenan_df)
/opt/altera/13.0sp1/nios2eds/bin/gnu/H-i686-pc-linux-gnu/bin/../lib/gcc/nios2-elf/4.1.2/mno-hw-mul/libgcc.a(_usi_to_df.o)
                              obj/default/src/hello_ucosii.o (__floatunsidf)
/opt/altera/13.0sp1/nios2eds/bin/gnu/H-i686-pc-linux-gnu/bin/../lib/gcc/nios2-elf/4.1.2/mno-hw-mul/libgcc.a(lib2-divmod.o)
                              obj/default/src/hello_ucosii.o (__divsi3)
/opt/altera/13.0sp1/nios2eds/bin/gnu/H-i686-pc-linux-gnu/bin/../lib/gcc/nios2-elf/4.1.2/mno-hw-mul/libgcc.a(lib2-mul.o)
                              obj/default/src/hello_ucosii.o (__mulsi3)
/opt/altera/13.0sp1/nios2eds/bin/gnu/H-i686-pc-linux-gnu/bin/../lib/gcc/nios2-elf/4.1.2/mno-hw-mul/libgcc.a(_clzsi2.o)
                              /opt/altera/13.0sp1/nios2eds/bin/gnu/H-i686-pc-linux-gnu/bin/../lib/gcc/nios2-elf/4.1.2/mno-hw-mul/libgcc.a(_usi_to_df.o) (__clzsi2)
/opt/altera/13.0sp1/nios2eds/bin/gnu/H-i686-pc-linux-gnu/bin/../lib/gcc/nios2-elf/4.1.2/mno-hw-mul/libgcc.a(_pack_df.o)
                              /opt/altera/13.0sp1/nios2eds/bin/gnu/H-i686-pc-linux-gnu/bin/../lib/gcc/nios2-elf/4.1.2/mno-hw-mul/libgcc.a(_div_df.o) (__pack_d)
/opt/altera/13.0sp1/nios2eds/bin/gnu/H-i686-pc-linux-gnu/bin/../lib/gcc/nios2-elf/4.1.2/mno-hw-mul/libgcc.a(_unpack_df.o)
                              /opt/altera/13.0sp1/nios2eds/bin/gnu/H-i686-pc-linux-gnu/bin/../lib/gcc/nios2-elf/4.1.2/mno-hw-mul/libgcc.a(_div_df.o) (__unpack_d)
/opt/altera/13.0sp1/nios2eds/bin/gnu/H-i686-pc-linux-gnu/bin/../lib/gcc/nios2-elf/4.1.2/mno-hw-mul/libgcc.a(_clz.o)
                              /opt/altera/13.0sp1/nios2eds/bin/gnu/H-i686-pc-linux-gnu/bin/../lib/gcc/nios2-elf/4.1.2/mno-hw-mul/libgcc.a(_clzsi2.o) (__clz_tab)
/opt/altera/13.0sp1/nios2eds/bin/gnu/H-i686-pc-linux-gnu/bin/../lib/gcc/nios2-elf/4.1.2/../../../../nios2-elf/lib/mno-hw-mul/libc.a(lib_a-printf.o)
                              obj/default/src/hello_ucosii.o (printf)
/opt/altera/13.0sp1/nios2eds/bin/gnu/H-i686-pc-linux-gnu/bin/../lib/gcc/nios2-elf/4.1.2/../../../../nios2-elf/lib/mno-hw-mul/libc.a(lib_a-putchar.o)
                              obj/default/src/hello_ucosii.o (putchar)
/opt/altera/13.0sp1/nios2eds/bin/gnu/H-i686-pc-linux-gnu/bin/../lib/gcc/nios2-elf/4.1.2/../../../../nios2-elf/lib/mno-hw-mul/libc.a(lib_a-puts.o)
                              obj/default/src/hello_ucosii.o (puts)
/opt/altera/13.0sp1/nios2eds/bin/gnu/H-i686-pc-linux-gnu/bin/../lib/gcc/nios2-elf/4.1.2/../../../../nios2-elf/lib/mno-hw-mul/libc.a(lib_a-strlen.o)
                              /opt/altera/13.0sp1/nios2eds/bin/gnu/H-i686-pc-linux-gnu/bin/../lib/gcc/nios2-elf/4.1.2/../../../../nios2-elf/lib/mno-hw-mul/libc.a(lib_a-puts.o) (strlen)
/opt/altera/13.0sp1/nios2eds/bin/gnu/H-i686-pc-linux-gnu/bin/../lib/gcc/nios2-elf/4.1.2/../../../../nios2-elf/lib/mno-hw-mul/libc.a(lib_a-vfprintf.o)
                              /opt/altera/13.0sp1/nios2eds/bin/gnu/H-i686-pc-linux-gnu/bin/../lib/gcc/nios2-elf/4.1.2/../../../../nios2-elf/lib/mno-hw-mul/libc.a(lib_a-printf.o) (___vfprintf_internal_r)
/opt/altera/13.0sp1/nios2eds/bin/gnu/H-i686-pc-linux-gnu/bin/../lib/gcc/nios2-elf/4.1.2/../../../../nios2-elf/lib/mno-hw-mul/libc.a(lib_a-wsetup.o)
                              /opt/altera/13.0sp1/nios2eds/bin/gnu/H-i686-pc-linux-gnu/bin/../lib/gcc/nios2-elf/4.1.2/../../../../nios2-elf/lib/mno-hw-mul/libc.a(lib_a-vfprintf.o) (__swsetup_r)
/opt/altera/13.0sp1/nios2eds/bin/gnu/H-i686-pc-linux-gnu/bin/../lib/gcc/nios2-elf/4.1.2/../../../../nios2-elf/lib/mno-hw-mul/libc.a(lib_a-dtoa.o)
                              /opt/altera/13.0sp1/nios2eds/bin/gnu/H-i686-pc-linux-gnu/bin/../lib/gcc/nios2-elf/4.1.2/../../../../nios2-elf/lib/mno-hw-mul/libc.a(lib_a-vfprintf.o) (_dtoa_r)
/opt/altera/13.0sp1/nios2eds/bin/gnu/H-i686-pc-linux-gnu/bin/../lib/gcc/nios2-elf/4.1.2/../../../../nios2-elf/lib/mno-hw-mul/libc.a(lib_a-fflush.o)
                              /opt/altera/13.0sp1/nios2eds/bin/gnu/H-i686-pc-linux-gnu/bin/../lib/gcc/nios2-elf/4.1.2/../../../../nios2-elf/lib/mno-hw-mul/libc.a(lib_a-vfprintf.o) (_fflush_r)
/opt/altera/13.0sp1/nios2eds/bin/gnu/H-i686-pc-linux-gnu/bin/../lib/gcc/nios2-elf/4.1.2/../../../../nios2-elf/lib/mno-hw-mul/libc.a(lib_a-findfp.o)
                              /opt/altera/13.0sp1/nios2eds/bin/gnu/H-i686-pc-linux-gnu/bin/../lib/gcc/nios2-elf/4.1.2/../../../../nios2-elf/lib/mno-hw-mul/libc.a(lib_a-vfprintf.o) (__sinit)
[...]
Memory Configuration

Name             Origin             Length             Attributes
reset            0x00080000         0x00000020
sram             0x00080020         0x0007ffe0
shared_onchip    0x00102000         0x00002000
sdram            0x01000000         0x00800000
*default*        0x00000000         0xffffffff

Linker script and memory map

LOAD ../../bsp/mpsoc_hello_ucosii_q2//obj/HAL/src/crt0.o
LOAD obj/default/src/hello_ucosii.o
LOAD obj/default/src/imageProcessing.o
LOAD /opt/altera/13.0sp1/nios2eds/bin/gnu/H-i686-pc-linux-gnu/bin/../lib/gcc/nios2-elf/4.1.2/../../../../nios2-elf/lib/mno-hw-mul/libstdc++.a
LOAD /opt/altera/13.0sp1/nios2eds/bin/gnu/H-i686-pc-linux-gnu/bin/../lib/gcc/nios2-elf/4.1.2/../../../../nios2-elf/lib/mno-hw-mul/libm.a
LOAD /opt/altera/13.0sp1/nios2eds/bin/gnu/H-i686-pc-linux-gnu/bin/../lib/gcc/nios2-elf/4.1.2/mno-hw-mul/libgcc.a
START GROUP
LOAD /opt/altera/13.0sp1/nios2eds/bin/gnu/H-i686-pc-linux-gnu/bin/../lib/gcc/nios2-elf/4.1.2/../../../../nios2-elf/lib/mno-hw-mul/libc.a
LOAD /opt/altera/13.0sp1/nios2eds/bin/gnu/H-i686-pc-linux-gnu/bin/../lib/gcc/nios2-elf/4.1.2/mno-hw-mul/libgcc.a
LOAD ../../bsp/mpsoc_hello_ucosii_q2//libucosii_bsp.a
END GROUP
LOAD /opt/altera/13.0sp1/nios2eds/bin/gnu/H-i686-pc-linux-gnu/bin/../lib/gcc/nios2-elf/4.1.2/mno-hw-mul/libgcc.a
                0x00080000                __alt_mem_sram = 0x80000
                0x00102000                __alt_mem_shared_onchip = 0x102000
                0x01000000                __alt_mem_sdram = 0x1000000

.entry          0x00080000       0x20
 *(.entry)
 .entry         0x00080000       0x20 ../../bsp/mpsoc_hello_ucosii_q2//obj/HAL/src/crt0.o
                0x00080000                __reset

.exceptions     0x00080020      0x12c
                0x00080020                PROVIDE (__ram_exceptions_start, ABSOLUTE (.))
                0x00080020                . = ALIGN (0x20)
 *(.irq)
 *(.exceptions.entry.label)
 .exceptions.entry.label
                0x00080020        0x0 ../../bsp/mpsoc_hello_ucosii_q2//libucosii_bsp.a(alt_irq_entry.o)
                0x00080020                alt_irq_entry
 .exceptions.entry.label
                0x00080020        0x0 ../../bsp/mpsoc_hello_ucosii_q2//libucosii_bsp.a(alt_exception_entry.o)
                0x00080020                alt_exception
 *(.exceptions.entry.user)
 *(.exceptions.entry)
 .exceptions.entry
                0x00080020       0x54 ../../bsp/mpsoc_hello_ucosii_q2//libucosii_bsp.a(alt_exception_entry.o)
 *(.exceptions.irqtest.user)
 *(.exceptions.irqtest)
 .exceptions.irqtest
                0x00080074       0x10 ../../bsp/mpsoc_hello_ucosii_q2//libucosii_bsp.a(alt_irq_entry.o)
 *(.exceptions.irqhandler.user)
 *(.exceptions.irqhandler)
 .exceptions.irqhandler
                0x00080084        0x4 ../../bsp/mpsoc_hello_ucosii_q2//libucosii_bsp.a(alt_irq_entry.o)
 *(.exceptions.irqreturn.user)
 *(.exceptions.irqreturn)
 .exceptions.irqreturn
                0x00080088        0x4 ../../bsp/mpsoc_hello_ucosii_q2//libucosii_bsp.a(alt_irq_entry.o)
 *(.exceptions.notirq.label)
 .exceptions.notirq.label
                0x0008008c        0x0 ../../bsp/mpsoc_hello_ucosii_q2//libucosii_bsp.a(alt_irq_entry.o)
 *(.exceptions.notirq.user)
 *(.exceptions.notirq)
 .exceptions.notirq
                0x0008008c        0x8 ../../bsp/mpsoc_hello_ucosii_q2//libucosii_bsp.a(alt_exception_entry.o)
 *(.exceptions.soft.user)
 *(.exceptions.soft)
 *(.exceptions.unknown.user)
 *(.exceptions.unknown)
 .exceptions.unknown
                0x00080094        0x4 ../../bsp/mpsoc_hello_ucosii_q2//libucosii_bsp.a(alt_exception_entry.o)
 *(.exceptions.exit.label)
 .exceptions.exit.label
                0x00080098        0x0 ../../bsp/mpsoc_hello_ucosii_q2//libucosii_bsp.a(alt_irq_entry.o)
 .exceptions.exit.label
                0x00080098        0x0 ../../bsp/mpsoc_hello_ucosii_q2//libucosii_bsp.a(alt_exception_entry.o)
 *(.exceptions.exit.user)
 *(.exceptions.exit)
 .exceptions.exit
                0x00080098       0x54 ../../bsp/mpsoc_hello_ucosii_q2//libucosii_bsp.a(alt_exception_entry.o)
 *(.exceptions)
 .exceptions    0x000800ec       0x60 ../../bsp/mpsoc_hello_ucosii_q2//libucosii_bsp.a(alt_irq_handler.o)
                0x000800ec                alt_irq_handler
                0x0008014c                PROVIDE (__ram_exceptions_end, ABSOLUTE (.))
                0x00080020                PROVIDE (__flash_exceptions_start, LOADADDR (.exceptions))

.text           0x0008014c    0x11614
                0x0008014c                PROVIDE (stext, ABSOLUTE (.))
 *(.interp)
 *(.hash)
 *(.dynsym)
 *(.dynstr)
 *(.gnu.version)
 *(.gnu.version_d)
 *(.gnu.version_r)
 *(.rel.init)
 *(.rela.init)
 *(.rel.text .rel.text.* .rel.gnu.linkonce.t.*)
 *(.rela.text .rela.text.* .rela.gnu.linkonce.t.*)
 *(.rel.fini)
 *(.rela.fini)
 *(.rel.rodata .rel.rodata.* .rel.gnu.linkonce.r.*)
 *(.rela.rodata .rela.rodata.* .rela.gnu.linkonce.r.*)
 *(.rel.data .rel.data.* .rel.gnu.linkonce.d.*)
 *(.rela.data .rela.data.* .rela.gnu.linkonce.d.*)
 *(.rel.tdata .rel.tdata.* .rel.gnu.linkonce.td.*)
 *(.rela.tdata .rela.tdata.* .rela.gnu.linkonce.td.*)
 *(.rel.tbss .rel.tbss.* .rel.gnu.linkonce.tb.*)
 *(.rela.tbss .rela.tbss.* .rela.gnu.linkonce.tb.*)
 *(.rel.ctors)
 *(.rela.ctors)
 *(.rel.dtors)
 *(.rela.dtors)
 *(.rel.got)
 *(.rela.got)
 *(.rel.sdata .rel.sdata.* .rel.gnu.linkonce.s.*)
 *(.rela.sdata .rela.sdata.* .rela.gnu.linkonce.s.*)
 *(.rel.sbss .rel.sbss.* .rel.gnu.linkonce.sb.*)
 *(.rela.sbss .rela.sbss.* .rela.gnu.linkonce.sb.*)
 *(.rel.sdata2 .rel.sdata2.* .rel.gnu.linkonce.s2.*)
 *(.rela.sdata2 .rela.sdata2.* .rela.gnu.linkonce.s2.*)
 *(.rel.sbss2 .rel.sbss2.* .rel.gnu.linkonce.sb2.*)
 *(.rela.sbss2 .rela.sbss2.* .rela.gnu.linkonce.sb2.*)
 *(.rel.bss .rel.bss.* .rel.gnu.linkonce.b.*)
 *(.rela.bss .rela.bss.* .rela.gnu.linkonce.b.*)
 *(.rel.plt)
 *(.rela.plt)
 *(.rel.dyn)
 *(.init)
 *(.plt)
 *(.text .stub .text.* .gnu.linkonce.t.*)
 .text          0x0008014c       0x3c ../../bsp/mpsoc_hello_ucosii_q2//obj/HAL/src/crt0.o
                0x0008014c                _start
 .text          0x00080188      0x690 obj/default/src/hello_ucosii.o
                0x00080188                main
                0x0008023c                StartTask
                0x00080450                task2
                0x000804e4                Task2TmrCallback
                0x00080508                Task1TmrCallback
                0x0008052c                task1
                0x000805bc                alarm_handler
                0x000805d8                printAsciiHidden
                0x000806e8                printAscii
                0x000807a4                task3
 .text          0x00080818      0x22c obj/default/src/imageProcessing.o
                0x00080818                graySDF
                0x00080964                sram2sm_p32
 .text          0x00080a44      0x258 /opt/altera/13.0sp1/nios2eds/bin/gnu/H-i686-pc-linux-gnu/bin/../lib/gcc/nios2-elf/4.1.2/mno-hw-mul/libgcc.a(_div_df.o)
                0x00080a44                __divdf3
 .text          0x00080c9c        0x0 /opt/altera/13.0sp1/nios2eds/bin/gnu/H-i686-pc-linux-gnu/bin/../lib/gcc/nios2-elf/4.1.2/mno-hw-mul/libgcc.a(_thenan_df.o)
 .text          0x00080c9c      0x194 /opt/altera/13.0sp1/nios2eds/bin/gnu/H-i686-pc-linux-gnu/bin/../lib/gcc/nios2-elf/4.1.2/mno-hw-mul/libgcc.a(_usi_to_df.o)
                0x00080c9c                __floatunsidf
 .text          0x00080e30      0x14c /opt/altera/13.0sp1/nios2eds/bin/gnu/H-i686-pc-linux-gnu/bin/../lib/gcc/nios2-elf/4.1.2/mno-hw-mul/libgcc.a(lib2-divmod.o)
                0x00080eac                __divsi3
                0x00080f0c                __modsi3
                0x00080f6c                __udivsi3
                0x00080f74                __umodsi3
 .text          0x00080f7c       0x38 /opt/altera/13.0sp1/nios2eds/bin/gnu/H-i686-pc-linux-gnu/bin/../lib/gcc/nios2-elf/4.1.2/mno-hw-mul/libgcc.a(lib2-mul.o)
                0x00080f7c                __mulsi3
 .text          0x00080fb4       0x80 /opt/altera/13.0sp1/nios2eds/bin/gnu/H-i686-pc-linux-gnu/bin/../lib/gcc/nios2-elf/4.1.2/mno-hw-mul/libgcc.a(_clzsi2.o)
                0x00080fb4                __clzsi2
 .text          0x00081034      0x314 /opt/altera/13.0sp1/nios2eds/bin/gnu/H-i686-pc-linux-gnu/bin/../lib/gcc/nios2-elf/4.1.2/mno-hw-mul/libgcc.a(_pack_df.o)
                0x00081034                __pack_d
 .text          0x00081348      0x138 /opt/altera/13.0sp1/nios2eds/bin/gnu/H-i686-pc-linux-gnu/bin/../lib/gcc/nios2-elf/4.1.2/mno-hw-mul/libgcc.a(_unpack_df.o)
                0x00081348                __unpack_d
 .text          0x00081480        0x0 /opt/altera/13.0sp1/nios2eds/bin/gnu/H-i686-pc-linux-gnu/bin/../lib/gcc/nios2-elf/4.1.2/mno-hw-mul/libgcc.a(_clz.o)
 .text          0x00081480       0x78 /opt/altera/13.0sp1/nios2eds/bin/gnu/H-i686-pc-linux-gnu/bin/../lib/gcc/nios2-elf/4.1.2/../../../../nios2-elf/lib/mno-hw-mul/libc.a(lib_a-printf.o)
                0x00081480                printf
                0x000814c4                _printf_r
 .text          0x000814f8       0x24 /opt/altera/13.0sp1/nios2eds/bin/gnu/H-i686-pc-linux-gnu/bin/../lib/gcc/nios2-elf/4.1.2/../../../../nios2-elf/lib/mno-hw-mul/libc.a(lib_a-putchar.o)
                0x000814f8                putchar
                0x00081514                _putchar_r
 .text          0x0008151c       0xb4 /opt/altera/13.0sp1/nios2eds/bin/gnu/H-i686-pc-linux-gnu/bin/../lib/gcc/nios2-elf/4.1.2/../../../../nios2-elf/lib/mno-hw-mul/libc.a(lib_a-puts.o)
                0x0008151c                _puts_r
                0x000815bc                puts
 .text          0x000815d0       0x74 /opt/altera/13.0sp1/nios2eds/bin/gnu/H-i686-pc-linux-gnu/bin/../lib/gcc/nios2-elf/4.1.2/../../../../nios2-elf/lib/mno-hw-mul/libc.a(lib_a-strlen.o)
                0x000815d0                strlen
 .text          0x00081644     0x1f40 /opt/altera/13.0sp1/nios2eds/bin/gnu/H-i686-pc-linux-gnu/bin/../lib/gcc/nios2-elf/4.1.2/../../../../nios2-elf/lib/mno-hw-mul/libc.a(lib_a-vfprintf.o)
                0x0008169c                ___vfprintf_internal_r
                0x00083560                __vfprintf_internal
 .text          0x00083584      0x13c /opt/altera/13.0sp1/nios2eds/bin/gnu/H-i686-pc-linux-gnu/bin/../lib/gcc/nios2-elf/4.1.2/../../../../nios2-elf/lib/mno-hw-mul/libc.a(lib_a-wsetup.o)
                0x00083584                __swsetup_r
 .text          0x000836c0     0x17f8 /opt/altera/13.0sp1/nios2eds/bin/gnu/H-i686-pc-linux-gnu/bin/../lib/gcc/nios2-elf/4.1.2/../../../../nios2-elf/lib/mno-hw-mul/libc.a(lib_a-dtoa.o)
                0x00083904                _dtoa_r
 .text          0x00084eb8      0x230 /opt/altera/13.0sp1/nios2eds/bin/gnu/H-i686-pc-linux-gnu/bin/../lib/gcc/nios2-elf/4.1.2/../../../../nios2-elf/lib/mno-hw-mul/libc.a(lib_a-fflush.o)
                0x00084eb8                _fflush_r
                0x000850b4                fflush
 .text          0x000850e8      0x2f4 /opt/altera/13.0sp1/nios2eds/bin/gnu/H-i686-pc-linux-gnu/bin/../lib/gcc/nios2-elf/4.1.2/../../../../nios2-elf/lib/mno-hw-mul/libc.a(lib_a-findfp.o)
                0x00085140                __sfp_lock_acquire
                0x00085144                __sfp_lock_release
                0x00085148                __sinit_lock_acquire
                0x0008514c                __sinit_lock_release
                0x00085150                __sinit
                0x00085204                __fp_unlock_all
                0x0008521c                __fp_lock_all
                0x00085234                _cleanup_r
                0x00085240                _cleanup
                0x00085250                __sfmoreglue
                0x000852ec                __sfp
 .text          0x000853dc      0x440 /opt/altera/13.0sp1/nios2eds/bin/gnu/H-i686-pc-linux-gnu/bin/../lib/gcc/nios2-elf/4.1.2/../../../../nios2-elf/lib/mno-hw-mul/libc.a(lib_a-freer.o)
                0x000853dc                _malloc_trim_r
                0x00085508                _free_r
 .text          0x0008581c      0x49c /opt/altera/13.0sp1/nios2eds/bin/gnu/H-i686-pc-linux-gnu/bin/../lib/gcc/nios2-elf/4.1.2/../../../../nios2-elf/lib/mno-hw-mul/libc.a(lib_a-fvwrite.o)
                0x0008581c                __sfvwrite_r
 .text          0x00085cb8      0x180 /opt/altera/13.0sp1/nios2eds/bin/gnu/H-i686-pc-linux-gnu/bin/../lib/gcc/nios2-elf/4.1.2/../../../../nios2-elf/lib/mno-hw-mul/libc.a(lib_a-fwalk.o)
                0x00085cb8                _fwalk_reent
                0x00085d80                _fwalk
 .text          0x00085e38        0x0 /opt/altera/13.0sp1/nios2eds/bin/gnu/H-i686-pc-linux-gnu/bin/../lib/gcc/nios2-elf/4.1.2/../../../../nios2-elf/lib/mno-hw-mul/libc.a(lib_a-impure.o)
 .text          0x00085e38       0xc4 /opt/altera/13.0sp1/nios2eds/bin/gnu/H-i686-pc-linux-gnu/bin/../lib/gcc/nios2-elf/4.1.2/../../../../nios2-elf/lib/mno-hw-mul/libc.a(lib_a-locale.o)
                0x00085e38                __locale_charset
                0x00085e40                _localeconv_r
                0x00085e4c                localeconv
                0x00085e5c                _setlocale_r
                0x00085ee0                setlocale
 .text          0x00085efc      0x194 /opt/altera/13.0sp1/nios2eds/bin/gnu/H-i686-pc-linux-gnu/bin/../lib/gcc/nios2-elf/4.1.2/../../../../nios2-elf/lib/mno-hw-mul/libc.a(lib_a-makebuf.o)
                0x00085efc                __smakebuf_r
 .text          0x00086090      0x740 /opt/altera/13.0sp1/nios2eds/bin/gnu/H-i686-pc-linux-gnu/bin/../lib/gcc/nios2-elf/4.1.2/../../../../nios2-elf/lib/mno-hw-mul/libc.a(lib_a-mallocr.o)
                0x00086090                _malloc_r
 .text          0x000867d0       0xe4 /opt/altera/13.0sp1/nios2eds/bin/gnu/H-i686-pc-linux-gnu/bin/../lib/gcc/nios2-elf/4.1.2/../../../../nios2-elf/lib/mno-hw-mul/libc.a(lib_a-memchr.o)
                0x000867d0                memchr
 .text          0x000868b4       0xa0 /opt/altera/13.0sp1/nios2eds/bin/gnu/H-i686-pc-linux-gnu/bin/../lib/gcc/nios2-elf/4.1.2/../../../../nios2-elf/lib/mno-hw-mul/libc.a(lib_a-memcpy.o)
                0x000868b4                memcpy
 .text          0x00086954       0xe0 /opt/altera/13.0sp1/nios2eds/bin/gnu/H-i686-pc-linux-gnu/bin/../lib/gcc/nios2-elf/4.1.2/../../../../nios2-elf/lib/mno-hw-mul/libc.a(lib_a-memmove.o)
                0x00086954                memmove
 .text          0x00086a34       0x98 /opt/altera/13.0sp1/nios2eds/bin/gnu/H-i686-pc-linux-gnu/bin/../lib/gcc/nios2-elf/4.1.2/../../../../nios2-elf/lib/mno-hw-mul/libc.a(lib_a-memset.o)
                0x00086a34                memset
 .text          0x00086acc     0x108c /opt/altera/13.0sp1/nios2eds/bin/gnu/H-i686-pc-linux-gnu/bin/../lib/gcc/nios2-elf/4.1.2/../../../../nios2-elf/lib/mno-hw-mul/libc.a(lib_a-mprec.o)
                0x00086acc                _Bfree
                0x00086af4                __hi0bits
                0x00086b64                __lo0bits
                0x00086c28                __mcmp
                0x00086c88                __ulp
                0x00086d08                __b2d
                0x00086e28                __ratio
                0x00086ed8                _mprec_log10
                0x00086f6c                __copybits
                0x00086fc4                __any_on
                0x0008704c                _Balloc
                0x00087108                __d2b
                0x00087284                __mdiff
                0x00087410                __lshift
                0x0008755c                __multiply
                0x000877b0                __i2b
                0x000877ec                __multadd
                0x00087918                __pow5mult
                0x00087a38                __s2b
 .text          0x00087b58      0x1ec /opt/altera/13.0sp1/nios2eds/bin/gnu/H-i686-pc-linux-gnu/bin/../lib/gcc/nios2-elf/4.1.2/../../../../nios2-elf/lib/mno-hw-mul/libc.a(lib_a-putc.o)
                0x00087b58                putc
                0x00087c5c                _putc_r
 .text          0x00087d44      0x5f4 /opt/altera/13.0sp1/nios2eds/bin/gnu/H-i686-pc-linux-gnu/bin/../lib/gcc/nios2-elf/4.1.2/../../../../nios2-elf/lib/mno-hw-mul/libc.a(lib_a-reallocr.o)
                0x00087d44                _realloc_r
 .text          0x00088338       0x40 /opt/altera/13.0sp1/nios2eds/bin/gnu/H-i686-pc-linux-gnu/bin/../lib/gcc/nios2-elf/4.1.2/../../../../nios2-elf/lib/mno-hw-mul/libc.a(lib_a-s_isinfd.o)
                0x00088338                __isinfd
 .text          0x00088378       0x30 /opt/altera/13.0sp1/nios2eds/bin/gnu/H-i686-pc-linux-gnu/bin/../lib/gcc/nios2-elf/4.1.2/../../../../nios2-elf/lib/mno-hw-mul/libc.a(lib_a-s_isnand.o)
                0x00088378                __isnand
 .text          0x000883a8       0x70 /opt/altera/13.0sp1/nios2eds/bin/gnu/H-i686-pc-linux-gnu/bin/../lib/gcc/nios2-elf/4.1.2/../../../../nios2-elf/lib/mno-hw-mul/libc.a(lib_a-sbrkr.o)
                0x000883a8                _sbrk_r
 .text          0x00088418      0x14c /opt/altera/13.0sp1/nios2eds/bin/gnu/H-i686-pc-linux-gnu/bin/../lib/gcc/nios2-elf/4.1.2/../../../../nios2-elf/lib/mno-hw-mul/libc.a(lib_a-stdio.o)
                0x00088418                __sclose
                0x00088420                __sseek
                0x00088488                __swrite
                0x00088504                __sread
 .text          0x00088564       0xbc /opt/altera/13.0sp1/nios2eds/bin/gnu/H-i686-pc-linux-gnu/bin/../lib/gcc/nios2-elf/4.1.2/../../../../nios2-elf/lib/mno-hw-mul/libc.a(lib_a-strcmp.o)
                0x00088564                strcmp
 .text          0x00088620      0x14c /opt/altera/13.0sp1/nios2eds/bin/gnu/H-i686-pc-linux-gnu/bin/../lib/gcc/nios2-elf/4.1.2/../../../../nios2-elf/lib/mno-hw-mul/libc.a(lib_a-wbuf.o)
                0x00088620                __swbuf_r
                0x00088750                __swbuf
 .text          0x0008876c       0x78 /opt/altera/13.0sp1/nios2eds/bin/gnu/H-i686-pc-linux-gnu/bin/../lib/gcc/nios2-elf/4.1.2/../../../../nios2-elf/lib/mno-hw-mul/libc.a(lib_a-writer.o)
                0x0008876c                _write_r
 .text          0x000887e4       0xc8 /opt/altera/13.0sp1/nios2eds/bin/gnu/H-i686-pc-linux-gnu/bin/../lib/gcc/nios2-elf/4.1.2/../../../../nios2-elf/lib/mno-hw-mul/libc.a(lib_a-callocr.o)
                0x000887e4                _calloc_r
 .text          0x000888ac       0x70 /opt/altera/13.0sp1/nios2eds/bin/gnu/H-i686-pc-linux-gnu/bin/../lib/gcc/nios2-elf/4.1.2/../../../../nios2-elf/lib/mno-hw-mul/libc.a(lib_a-closer.o)
                0x000888ac                _close_r
 .text          0x0008891c      0x124 /opt/altera/13.0sp1/nios2eds/bin/gnu/H-i686-pc-linux-gnu/bin/../lib/gcc/nios2-elf/4.1.2/../../../../nios2-elf/lib/mno-hw-mul/libc.a(lib_a-fclose.o)
                0x0008891c                _fclose_r
                0x00088a2c                fclose
 .text          0x00088a40       0x74 /opt/altera/13.0sp1/nios2eds/bin/gnu/H-i686-pc-linux-gnu/bin/../lib/gcc/nios2-elf/4.1.2/../../../../nios2-elf/lib/mno-hw-mul/libc.a(lib_a-fstatr.o)
                0x00088a40                _fstat_r
 .text          0x00088ab4        0x0 /opt/altera/13.0sp1/nios2eds/bin/gnu/H-i686-pc-linux-gnu/bin/../lib/gcc/nios2-elf/4.1.2/../../../../nios2-elf/lib/mno-hw-mul/libc.a(lib_a-int_errno.o)
 .text          0x00088ab4       0x70 /opt/altera/13.0sp1/nios2eds/bin/gnu/H-i686-pc-linux-gnu/bin/../lib/gcc/nios2-elf/4.1.2/../../../../nios2-elf/lib/mno-hw-mul/libc.a(lib_a-isattyr.o)
                0x00088ab4                _isatty_r
 .text          0x00088b24       0x78 /opt/altera/13.0sp1/nios2eds/bin/gnu/H-i686-pc-linux-gnu/bin/../lib/gcc/nios2-elf/4.1.2/../../../../nios2-elf/lib/mno-hw-mul/libc.a(lib_a-lseekr.o)
                0x00088b24                _lseek_r
 .text          0x00088b9c       0x78 /opt/altera/13.0sp1/nios2eds/bin/gnu/H-i686-pc-linux-gnu/bin/../lib/gcc/nios2-elf/4.1.2/../../../../nios2-elf/lib/mno-hw-mul/libc.a(lib_a-readr.o)
                0x00088b9c                _read_r
 .text          0x00088c14      0x66c /opt/altera/13.0sp1/nios2eds/bin/gnu/H-i686-pc-linux-gnu/bin/../lib/gcc/nios2-elf/4.1.2/mno-hw-mul/libgcc.a(_udivdi3.o)
                0x00088c14                __udivdi3
 .text          0x00089280      0x660 /opt/altera/13.0sp1/nios2eds/bin/gnu/H-i686-pc-linux-gnu/bin/../lib/gcc/nios2-elf/4.1.2/mno-hw-mul/libgcc.a(_umoddi3.o)
                0x00089280                __umoddi3
 .text          0x000898e0      0x504 /opt/altera/13.0sp1/nios2eds/bin/gnu/H-i686-pc-linux-gnu/bin/../lib/gcc/nios2-elf/4.1.2/mno-hw-mul/libgcc.a(_addsub_df.o)
                0x00089cf0                __subdf3
                0x00089d70                __adddf3
 .text          0x00089de4      0x3c4 /opt/altera/13.0sp1/nios2eds/bin/gnu/H-i686-pc-linux-gnu/bin/../lib/gcc/nios2-elf/4.1.2/mno-hw-mul/libgcc.a(_mul_df.o)
                0x00089de4                __muldf3
 .text          0x0008a1a8       0x88 /opt/altera/13.0sp1/nios2eds/bin/gnu/H-i686-pc-linux-gnu/bin/../lib/gcc/nios2-elf/4.1.2/mno-hw-mul/libgcc.a(_eq_df.o)
                0x0008a1a8                __eqdf2
 .text          0x0008a230       0x88 /opt/altera/13.0sp1/nios2eds/bin/gnu/H-i686-pc-linux-gnu/bin/../lib/gcc/nios2-elf/4.1.2/mno-hw-mul/libgcc.a(_ne_df.o)
                0x0008a230                __nedf2
 .text          0x0008a2b8       0x88 /opt/altera/13.0sp1/nios2eds/bin/gnu/H-i686-pc-linux-gnu/bin/../lib/gcc/nios2-elf/4.1.2/mno-hw-mul/libgcc.a(_gt_df.o)
                0x0008a2b8                __gtdf2
 .text          0x0008a340       0x88 /opt/altera/13.0sp1/nios2eds/bin/gnu/H-i686-pc-linux-gnu/bin/../lib/gcc/nios2-elf/4.1.2/mno-hw-mul/libgcc.a(_ge_df.o)
                0x0008a340                __gedf2
 .text          0x0008a3c8       0x88 /opt/altera/13.0sp1/nios2eds/bin/gnu/H-i686-pc-linux-gnu/bin/../lib/gcc/nios2-elf/4.1.2/mno-hw-mul/libgcc.a(_lt_df.o)
                0x0008a3c8                __ltdf2
 .text          0x0008a450       0xf8 /opt/altera/13.0sp1/nios2eds/bin/gnu/H-i686-pc-linux-gnu/bin/../lib/gcc/nios2-elf/4.1.2/mno-hw-mul/libgcc.a(_si_to_df.o)
                0x0008a450                __floatsidf
 .text          0x0008a548       0xd8 /opt/altera/13.0sp1/nios2eds/bin/gnu/H-i686-pc-linux-gnu/bin/../lib/gcc/nios2-elf/4.1.2/mno-hw-mul/libgcc.a(_df_to_si.o)
                0x0008a548                __fixdfsi
 .text          0x0008a620      0x124 /opt/altera/13.0sp1/nios2eds/bin/gnu/H-i686-pc-linux-gnu/bin/../lib/gcc/nios2-elf/4.1.2/mno-hw-mul/libgcc.a(_muldi3.o)
                0x0008a620                __muldi3
 .text          0x0008a744       0xc8 /opt/altera/13.0sp1/nios2eds/bin/gnu/H-i686-pc-linux-gnu/bin/../lib/gcc/nios2-elf/4.1.2/mno-hw-mul/libgcc.a(_fpcmp_parts_df.o)
                0x0008a744                __fpcmp_parts_d
 .text          0x0008a80c       0x90 ../../bsp/mpsoc_hello_ucosii_q2//libucosii_bsp.a(alt_alarm_start.o)
                0x0008a80c                alt_alarm_start
 .text          0x0008a89c       0xbc ../../bsp/mpsoc_hello_ucosii_q2//libucosii_bsp.a(alt_close.o)
                0x0008a8bc                close
 .text          0x0008a958        0x8 ../../bsp/mpsoc_hello_ucosii_q2//libucosii_bsp.a(alt_dev.o)
 .text          0x0008a960        0x0 ../../bsp/mpsoc_hello_ucosii_q2//libucosii_bsp.a(alt_errno.o)
 .text          0x0008a960       0x9c ../../bsp/mpsoc_hello_ucosii_q2//libucosii_bsp.a(alt_fstat.o)
                0x0008a960                fstat
 .text          0x0008a9fc       0x94 ../../bsp/mpsoc_hello_ucosii_q2//libucosii_bsp.a(alt_isatty.o)
                0x0008a9fc                isatty
 .text          0x0008aa90       0x8c ../../bsp/mpsoc_hello_ucosii_q2//libucosii_bsp.a(alt_load.o)
                0x0008aab0                alt_load
 .text          0x0008ab1c       0xb8 ../../bsp/mpsoc_hello_ucosii_q2//libucosii_bsp.a(alt_lseek.o)
                0x0008ab1c                lseek
 .text          0x0008abd4       0xa8 ../../bsp/mpsoc_hello_ucosii_q2//libucosii_bsp.a(alt_main.o)
                0x0008abd4                alt_main
 .text          0x0008ac7c       0xd8 ../../bsp/mpsoc_hello_ucosii_q2//libucosii_bsp.a(alt_read.o)
                0x0008ac9c                read
 .text          0x0008ad54       0x5c ../../bsp/mpsoc_hello_ucosii_q2//libucosii_bsp.a(alt_release_fd.o)
                0x0008ad54                alt_release_fd
 .text          0x0008adb0       0x50 ../../bsp/mpsoc_hello_ucosii_q2//libucosii_bsp.a(alt_sbrk.o)
                0x0008adb0                sbrk
 .text          0x0008ae00       0xe0 ../../bsp/mpsoc_hello_ucosii_q2//libucosii_bsp.a(alt_tick.o)
                0x0008ae00                alt_alarm_stop
                0x0008ae34                alt_tick
 .text          0x0008aee0       0xd4 ../../bsp/mpsoc_hello_ucosii_q2//libucosii_bsp.a(alt_write.o)
                0x0008af00                write
 .text          0x0008afb4       0xa8 ../../bsp/mpsoc_hello_ucosii_q2//libucosii_bsp.a(alt_env_lock.o)
                0x0008afb4                __env_unlock
                0x0008afdc                __env_lock
 .text          0x0008b05c      0x110 ../../bsp/mpsoc_hello_ucosii_q2//libucosii_bsp.a(alt_malloc_lock.o)
                0x0008b05c                __malloc_unlock
                0x0008b0b8                __malloc_lock
 .text          0x0008b16c     0x1118 ../../bsp/mpsoc_hello_ucosii_q2//libucosii_bsp.a(os_core.o)
                0x0008b16c                OSVersion
                0x0008b174                OS_Dummy
                0x0008b178                OS_EventTaskWait
                0x0008b1fc                OS_EventTaskWaitMulti
                0x0008b29c                OS_EventTaskRemove
                0x0008b2e8                OS_EventTaskRemoveMulti
                0x0008b344                OS_EventTaskRdy
                0x0008b438                OS_EventWaitListInit
                0x0008b454                OS_MemClr
                0x0008b470                OS_MemCopy
                0x0008b494                OS_StrCopy
                0x0008b4c0                OS_StrLen
                0x0008b4e0                OS_TaskStatStkChk
                0x0008b564                OS_Sched
                0x0008b61c                OSStart
                0x0008b688                OSInit
                0x0008b868                OSEventNameGet
                0x0008b920                OSEventPendMulti
                0x0008bc78                OSIntEnter
                0x0008bcb4                OSSchedLock
                0x0008bcf8                OSSchedUnlock
                0x0008bd4c                OSStatInit
                0x0008bdb0                OSTimeTick
                0x0008bebc                OS_TaskIdle
                0x0008beec                OS_TaskStat
                0x0008bf70                OS_TCBInit
                0x0008c0f4                OSIntExit
                0x0008c1c8                OSEventNameSet
 .text          0x0008c284        0x4 ../../bsp/mpsoc_hello_ucosii_q2//libucosii_bsp.a(os_dbg.o)
                0x0008c284                OSDebugInit
 .text          0x0008c288      0xc5c ../../bsp/mpsoc_hello_ucosii_q2//libucosii_bsp.a(os_flag.o)
                0x0008c340                OS_FlagUnlink
                0x0008c40c                OS_FlagInit
                0x0008c47c                OSFlagQuery
                0x0008c4d8                OSFlagAccept
                0x0008c648                OSFlagCreate
                0x0008c6d0                OSFlagDel
                0x0008c830                OSFlagNameGet
                0x0008c8f0                OSFlagNameSet
                0x0008c9c4                OSFlagPend
                0x0008ccc4                OSFlagPendGetFlagsRdy
                0x0008ccf0                OSFlagPost
 .text          0x0008cee4      0x3b8 ../../bsp/mpsoc_hello_ucosii_q2//libucosii_bsp.a(os_mem.o)
                0x0008cee4                OS_MemInit
                0x0008cf4c                OSMemQuery
                0x0008cfb0                OSMemCreate
                0x0008d080                OSMemGet
                0x0008d0ec                OSMemNameGet
                0x0008d188                OSMemNameSet
                0x0008d244                OSMemPut
 .text          0x0008d29c      0x9c4 ../../bsp/mpsoc_hello_ucosii_q2//libucosii_bsp.a(os_q.o)
                0x0008d29c                OS_QInit
                0x0008d2ec                OSQQuery
                0x0008d384                OSQAccept
                0x0008d420                OSQCreate
                0x0008d520                OSQDel
                0x0008d6a4                OSQFlush
                0x0008d6f4                OSQPend
                0x0008d8b4                OSQPendAbort
                0x0008d99c                OSQPost
                0x0008da58                OSQPostFront
                0x0008db1c                OSQPostOpt
 .text          0x0008dc60      0x5e0 ../../bsp/mpsoc_hello_ucosii_q2//libucosii_bsp.a(os_sem.o)
                0x0008dc60                OSSemSet
                0x0008dcc4                OSSemAccept
                0x0008dd08                OSSemCreate
                0x0008dd94                OSSemDel
                0x0008dee8                OSSemPend
                0x0008e050                OSSemPendAbort
                0x0008e13c                OSSemPost
                0x0008e1d8                OSSemQuery
 .text          0x0008e240      0xe74 ../../bsp/mpsoc_hello_ucosii_q2//libucosii_bsp.a(os_task.o)
                0x0008e240                OS_TaskStkClr
                0x0008e270                OSTaskQuery
                0x0008e338                OSTaskChangePrio
                0x0008e5d4                OSTaskCreate
                0x0008e6e0                OSTaskCreateExt
                0x0008e858                OSTaskDel
                0x0008eaa4                OSTaskDelReq
                0x0008eb58                OSTaskNameGet
                0x0008ec60                OSTaskNameSet
                0x0008ed7c                OSTaskResume
                0x0008ee80                OSTaskStkChk
                0x0008ef70                OSTaskSuspend
 .text          0x0008f0b4      0x378 ../../bsp/mpsoc_hello_ucosii_q2//libucosii_bsp.a(os_time.o)
                0x0008f0b4                OSTimeSet
                0x0008f0d8                OSTimeDly
                0x0008f170                OSTimeDlyHMSM
                0x0008f310                OSTimeDlyResume
                0x0008f408                OSTimeGet
 .text          0x0008f42c      0xb94 ../../bsp/mpsoc_hello_ucosii_q2//libucosii_bsp.a(os_tmr.o)
                0x0008f598                OSTmr_Init
                0x0008f7f4                OSTmrStop
                0x0008f950                OSTmrStart
                0x0008fa54                OSTmrStateGet
                0x0008fafc                OSTmrRemainGet
                0x0008fc14                OSTmrDel
                0x0008fd10                OSTmrSignal
                0x0008fd38                OSTmrNameGet
                0x0008fe24                OSTmrCreate
 .text          0x0008ffc0      0x168 ../../bsp/mpsoc_hello_ucosii_q2//libucosii_bsp.a(alt_sys_init.o)
                0x00090048                alt_sys_init
                0x00090108                alt_irq_init
 .text          0x00090128       0x3c ../../bsp/mpsoc_hello_ucosii_q2//libucosii_bsp.a(altera_avalon_jtag_uart_fd.o)
                0x00090128                altera_avalon_jtag_uart_ioctl_fd
                0x00090134                altera_avalon_jtag_uart_close_fd
                0x00090144                altera_avalon_jtag_uart_write_fd
                0x00090154                altera_avalon_jtag_uart_read_fd
 .text          0x00090164      0x2e0 ../../bsp/mpsoc_hello_ucosii_q2//libucosii_bsp.a(altera_avalon_jtag_uart_init.o)
                0x00090164                altera_avalon_jtag_uart_close
                0x00090224                altera_avalon_jtag_uart_init
 .text          0x00090444       0x7c ../../bsp/mpsoc_hello_ucosii_q2//libucosii_bsp.a(altera_avalon_jtag_uart_ioctl.o)
                0x00090444                altera_avalon_jtag_uart_ioctl
 .text          0x000904c0      0x1ac ../../bsp/mpsoc_hello_ucosii_q2//libucosii_bsp.a(altera_avalon_jtag_uart_read.o)
                0x000904c0                altera_avalon_jtag_uart_read
 .text          0x0009066c      0x1b8 ../../bsp/mpsoc_hello_ucosii_q2//libucosii_bsp.a(altera_avalon_jtag_uart_write.o)
                0x0009066c                altera_avalon_jtag_uart_write
 .text          0x00090824      0x188 ../../bsp/mpsoc_hello_ucosii_q2//libucosii_bsp.a(altera_avalon_mutex.o)
                0x00090824                altera_avalon_mutex_close
                0x00090828                altera_avalon_mutex_first_lock
                0x00090838                altera_avalon_mutex_is_mine
                0x00090888                altera_avalon_mutex_unlock
                0x000908ac                altera_avalon_mutex_trylock
                0x00090908                altera_avalon_mutex_open
                0x00090960                altera_avalon_mutex_lock
 .text          0x000909ac       0x6c ../../bsp/mpsoc_hello_ucosii_q2//libucosii_bsp.a(altera_avalon_timer_sc.o)
                0x000909ac                alt_avalon_timer_sc_init
 .text          0x00090a18        0x4 ../../bsp/mpsoc_hello_ucosii_q2//libucosii_bsp.a(alt_dcache_flush_all.o)
                0x00090a18                alt_dcache_flush_all
 .text          0x00090a1c       0x70 ../../bsp/mpsoc_hello_ucosii_q2//libucosii_bsp.a(alt_dev_llist_insert.o)
                0x00090a1c                alt_dev_llist_insert
 .text          0x00090a8c       0x40 ../../bsp/mpsoc_hello_ucosii_q2//libucosii_bsp.a(alt_do_ctors.o)
                0x00090a8c                _do_ctors
 .text          0x00090acc       0x40 ../../bsp/mpsoc_hello_ucosii_q2//libucosii_bsp.a(alt_do_dtors.o)
                0x00090acc                _do_dtors
 .text          0x00090b0c       0x70 ../../bsp/mpsoc_hello_ucosii_q2//libucosii_bsp.a(alt_find_dev.o)
                0x00090b0c                alt_find_dev
 .text          0x00090b7c        0x4 ../../bsp/mpsoc_hello_ucosii_q2//libucosii_bsp.a(alt_icache_flush_all.o)
                0x00090b7c                alt_icache_flush_all
 .text          0x00090b80      0x114 ../../bsp/mpsoc_hello_ucosii_q2//libucosii_bsp.a(alt_io_redirect.o)
                0x00090c08                alt_io_redirect
 .text          0x00090c94       0xa0 ../../bsp/mpsoc_hello_ucosii_q2//libucosii_bsp.a(alt_irq_register.o)
                0x00090c94                alt_irq_register
 .text          0x00090d34        0x0 ../../bsp/mpsoc_hello_ucosii_q2//libucosii_bsp.a(alt_irq_vars.o)
 .text          0x00090d34      0x17c ../../bsp/mpsoc_hello_ucosii_q2//libucosii_bsp.a(alt_open.o)
                0x00090d34                open
 .text          0x00090eb0        0x8 ../../bsp/mpsoc_hello_ucosii_q2//libucosii_bsp.a(altera_nios2_qsys_irq.o)
                0x00090eb0                altera_nios2_qsys_irq_init
 .text          0x00090eb8       0xd0 ../../bsp/mpsoc_hello_ucosii_q2//libucosii_bsp.a(os_cpu_a.o)
                0x00090eb8                OSCtxSw
                0x00090eb8                OSIntCtxSw
                0x00090f44                OSStartHighRdy
                0x00090f64                OSStartTsk
 .text          0x00090f88      0x228 ../../bsp/mpsoc_hello_ucosii_q2//libucosii_bsp.a(os_cpu_c.o)
                0x00090f88                OSTaskCreateHook
                0x00090f8c                OSTaskDelHook
                0x00090f90                OSTaskSwHook
                0x00090f94                OSTaskStatHook
                0x00090f98                OSInitHookBegin
                0x00090fa0                OSInitHookEnd
                0x00090fa4                OSTaskIdleHook
                0x00090fa8                OSTCBInitHook
                0x00090fac                OSTimeTickHook
                0x00091004                OSTaskStkInit
 .text          0x000911b0       0x9c ../../bsp/mpsoc_hello_ucosii_q2//libucosii_bsp.a(alt_find_file.o)
                0x000911b0                alt_find_file
 .text          0x0009124c       0xa4 ../../bsp/mpsoc_hello_ucosii_q2//libucosii_bsp.a(alt_get_fd.o)
                0x0009124c                alt_get_fd
 .text          0x000912f0        0x0 ../../bsp/mpsoc_hello_ucosii_q2//libucosii_bsp.a(alt_irq_entry.o)
 .text          0x000912f0        0x0 ../../bsp/mpsoc_hello_ucosii_q2//libucosii_bsp.a(alt_irq_handler.o)
 .text          0x000912f0        0x0 ../../bsp/mpsoc_hello_ucosii_q2//libucosii_bsp.a(alt_exception_entry.o)
 .text          0x000912f0       0x14 /opt/altera/13.0sp1/nios2eds/bin/gnu/H-i686-pc-linux-gnu/bin/../lib/gcc/nios2-elf/4.1.2/../../../../nios2-elf/lib/mno-hw-mul/libc.a(lib_a-atexit.o)
                0x000912f0                atexit
 .text          0x00091304       0x38 /opt/altera/13.0sp1/nios2eds/bin/gnu/H-i686-pc-linux-gnu/bin/../lib/gcc/nios2-elf/4.1.2/../../../../nios2-elf/lib/mno-hw-mul/libc.a(lib_a-exit.o)
                0x00091304                exit
 .text          0x0009133c       0x74 /opt/altera/13.0sp1/nios2eds/bin/gnu/H-i686-pc-linux-gnu/bin/../lib/gcc/nios2-elf/4.1.2/../../../../nios2-elf/lib/mno-hw-mul/libc.a(lib_a-memcmp.o)
                0x0009133c                memcmp
 .text          0x000913b0      0x134 /opt/altera/13.0sp1/nios2eds/bin/gnu/H-i686-pc-linux-gnu/bin/../lib/gcc/nios2-elf/4.1.2/../../../../nios2-elf/lib/mno-hw-mul/libc.a(lib_a-__atexit.o)
                0x000913b0                __register_exitproc
 .text          0x000914e4      0x1b4 /opt/altera/13.0sp1/nios2eds/bin/gnu/H-i686-pc-linux-gnu/bin/../lib/gcc/nios2-elf/4.1.2/../../../../nios2-elf/lib/mno-hw-mul/libc.a(lib_a-__call_atexit.o)
                0x000914e8                __call_exitprocs
 .text          0x00091698       0xa4 /opt/altera/13.0sp1/nios2eds/bin/gnu/H-i686-pc-linux-gnu/bin/../lib/gcc/nios2-elf/4.1.2/mno-hw-mul/libgcc.a(_fixunsdfsi.o)
                0x00091698                __fixunsdfsi
 .text          0x0009173c       0x20 ../../bsp/mpsoc_hello_ucosii_q2//libucosii_bsp.a(alt_exit.o)
                0x0009173c                _exit
 *(.gnu.warning.*)
 *(.fini)
                0x0009175c                PROVIDE (__etext, ABSOLUTE (.))
                0x0009175c                PROVIDE (_etext, ABSOLUTE (.))
                0x0009175c                PROVIDE (etext, ABSOLUTE (.))
 *(.eh_frame_hdr)
                0x0009175c                . = ALIGN (0x4)
                0x0009175c                PROVIDE (__preinit_array_start, ABSOLUTE (.))
 *(.preinit_array)
                0x0009175c                PROVIDE (__preinit_array_end, ABSOLUTE (.))
                0x0009175c                PROVIDE (__init_array_start, ABSOLUTE (.))
 *(.init_array)
                0x0009175c                PROVIDE (__init_array_end, ABSOLUTE (.))
                0x0009175c                PROVIDE (__fini_array_start, ABSOLUTE (.))
 *(.fini_array)
                0x0009175c                PROVIDE (__fini_array_end, ABSOLUTE (.))
 *(.eh_frame)
 *(.gcc_except_table)
 *(.dynamic)
                0x0009175c                PROVIDE (__CTOR_LIST__, ABSOLUTE (.))
 *(.ctors)
 *(SORT(.ctors.*))
 .ctors.65535   0x0009175c        0x4 /opt/altera/13.0sp1/nios2eds/bin/gnu/H-i686-pc-linux-gnu/bin/../lib/gcc/nios2-elf/4.1.2/../../../../nios2-elf/lib/mno-hw-mul/libc.a(lib_a-__call_atexit.o)
                0x00091760                PROVIDE (__CTOR_END__, ABSOLUTE (.))
                0x00091760                PROVIDE (__DTOR_LIST__, ABSOLUTE (.))
 *(.dtors)
 *(SORT(.dtors.*))
                0x00091760                PROVIDE (__DTOR_END__, ABSOLUTE (.))
 *(.jcr)
                0x00091760                . = ALIGN (0x4)

.rodata         0x00091760      0x780
                0x00091760                PROVIDE (__ram_rodata_start, ABSOLUTE (.))
                0x00091760                . = ALIGN (0x4)
 *(.rodata .rodata.* .gnu.linkonce.r.*)
 .rodata.str1.4
                0x00091760      0x1f7 obj/default/src/hello_ucosii.o
                                0x1f8 (size before relaxing)
 *fill*         0x00091957        0x1 00
 .rodata.str1.4
                0x00091958       0x82 obj/default/src/imageProcessing.o
                                 0x84 (size before relaxing)
 *fill*         0x000919da        0x2 00
 .rodata        0x000919dc       0x14 /opt/altera/13.0sp1/nios2eds/bin/gnu/H-i686-pc-linux-gnu/bin/../lib/gcc/nios2-elf/4.1.2/mno-hw-mul/libgcc.a(_thenan_df.o)
                0x000919dc                __thenan_df
 .rodata        0x000919f0      0x100 /opt/altera/13.0sp1/nios2eds/bin/gnu/H-i686-pc-linux-gnu/bin/../lib/gcc/nios2-elf/4.1.2/mno-hw-mul/libgcc.a(_clz.o)
                0x000919f0                __clz_tab
 .rodata.str1.4
                0x00000000       0x82 /opt/altera/13.0sp1/nios2eds/bin/gnu/H-i686-pc-linux-gnu/bin/../lib/gcc/nios2-elf/4.1.2/../../../../nios2-elf/lib/mno-hw-mul/libc.a(lib_a-puts.o)
                                  0x4 (size before relaxing)
 .rodata.str1.4
                0x00091af0       0x5e /opt/altera/13.0sp1/nios2eds/bin/gnu/H-i686-pc-linux-gnu/bin/../lib/gcc/nios2-elf/4.1.2/../../../../nios2-elf/lib/mno-hw-mul/libc.a(lib_a-vfprintf.o)
                                 0x60 (size before relaxing)
 .rodata        0x00091b4e       0x20 /opt/altera/13.0sp1/nios2eds/bin/gnu/H-i686-pc-linux-gnu/bin/../lib/gcc/nios2-elf/4.1.2/../../../../nios2-elf/lib/mno-hw-mul/libc.a(lib_a-vfprintf.o)
 *fill*         0x00091b6e        0x2 00
 .rodata.str1.4
                0x00091b70       0x10 /opt/altera/13.0sp1/nios2eds/bin/gnu/H-i686-pc-linux-gnu/bin/../lib/gcc/nios2-elf/4.1.2/../../../../nios2-elf/lib/mno-hw-mul/libc.a(lib_a-dtoa.o)
                                 0x14 (size before relaxing)
 .rodata.str1.4
                0x00091b80        0x2 /opt/altera/13.0sp1/nios2eds/bin/gnu/H-i686-pc-linux-gnu/bin/../lib/gcc/nios2-elf/4.1.2/../../../../nios2-elf/lib/mno-hw-mul/libc.a(lib_a-impure.o)
                                  0x4 (size before relaxing)
 *fill*         0x00091b82        0x2 00
 .rodata.str1.4
                0x00091b84        0xf /opt/altera/13.0sp1/nios2eds/bin/gnu/H-i686-pc-linux-gnu/bin/../lib/gcc/nios2-elf/4.1.2/../../../../nios2-elf/lib/mno-hw-mul/libc.a(lib_a-locale.o)
                                 0x18 (size before relaxing)
 *fill*         0x00091b93        0x1 00
 .rodata        0x00091b94       0x30 /opt/altera/13.0sp1/nios2eds/bin/gnu/H-i686-pc-linux-gnu/bin/../lib/gcc/nios2-elf/4.1.2/../../../../nios2-elf/lib/mno-hw-mul/libc.a(lib_a-locale.o)
 .rodata        0x00091bc4      0x124 /opt/altera/13.0sp1/nios2eds/bin/gnu/H-i686-pc-linux-gnu/bin/../lib/gcc/nios2-elf/4.1.2/../../../../nios2-elf/lib/mno-hw-mul/libc.a(lib_a-mprec.o)
                0x00091bc4                __mprec_tens
                0x00091c8c                __mprec_bigtens
                0x00091cb4                __mprec_tinytens
 .rodata.str1.4
                0x00091ce8        0xa ../../bsp/mpsoc_hello_ucosii_q2//libucosii_bsp.a(alt_dev.o)
                                  0xc (size before relaxing)
 *fill*         0x00091cf2        0x2 00
 .rodata.str1.4
                0x00091cf4       0x11 ../../bsp/mpsoc_hello_ucosii_q2//libucosii_bsp.a(alt_main.o)
                                 0x14 (size before relaxing)
 *fill*         0x00091d05        0x3 00
 .rodata.str1.4
                0x00091d08       0x1e ../../bsp/mpsoc_hello_ucosii_q2//libucosii_bsp.a(os_core.o)
                                 0x20 (size before relaxing)
 .rodata        0x00091d26      0x100 ../../bsp/mpsoc_hello_ucosii_q2//libucosii_bsp.a(os_core.o)
                0x00091d26                OSUnMapTbl
 *fill*         0x00091e26        0x2 00
 .rodata.str1.4
                0x00091e28       0x35 ../../bsp/mpsoc_hello_ucosii_q2//libucosii_bsp.a(os_tmr.o)
                                 0x38 (size before relaxing)
 *fill*         0x00091e5d        0x3 00
 .rodata.str1.4
                0x00091e60       0x80 ../../bsp/mpsoc_hello_ucosii_q2//libucosii_bsp.a(alt_sys_init.o)
                                 0x94 (size before relaxing)
 .rodata.str1.4
                0x00000000        0x4 ../../bsp/mpsoc_hello_ucosii_q2//libucosii_bsp.a(os_cpu_c.o)
 *(.rodata1)
                0x00091ee0                . = ALIGN (0x4)
                0x00091ee0                PROVIDE (__ram_rodata_end, ABSOLUTE (.))
                0x00091760                PROVIDE (__flash_rodata_start, LOADADDR (.rodata))

.rwdata         0x00091ee0     0xe808 load address 0x000a06e8
                0x00091ee0                PROVIDE (__ram_rwdata_start, ABSOLUTE (.))
                0x00091ee0                . = ALIGN (0x4)
 *(.got.plt)
 *(.got)
 *(.data1)
 *(.data .data.* .gnu.linkonce.d.*)
 .data          0x00091ee0        0x0 ../../bsp/mpsoc_hello_ucosii_q2//obj/HAL/src/crt0.o
 .data          0x00091ee0     0xcc30 obj/default/src/hello_ucosii.o
                0x00091ee0                test_ppm_5
                0x00092ae3                test_ppm_1
                0x00095ae6                test_ppm_2
                0x00098ae9                test_ppm_3
                0x0009baec                test_ppm_4
                0x0009eaf0                image_sequence
                0x0009eb00                asciiChars
 .data          0x0009eb10        0x0 obj/default/src/imageProcessing.o
 .data          0x0009eb10        0x0 /opt/altera/13.0sp1/nios2eds/bin/gnu/H-i686-pc-linux-gnu/bin/../lib/gcc/nios2-elf/4.1.2/mno-hw-mul/libgcc.a(_div_df.o)
 .data          0x0009eb10        0x0 /opt/altera/13.0sp1/nios2eds/bin/gnu/H-i686-pc-linux-gnu/bin/../lib/gcc/nios2-elf/4.1.2/mno-hw-mul/libgcc.a(_thenan_df.o)
 .data          0x0009eb10        0x0 /opt/altera/13.0sp1/nios2eds/bin/gnu/H-i686-pc-linux-gnu/bin/../lib/gcc/nios2-elf/4.1.2/mno-hw-mul/libgcc.a(_usi_to_df.o)
 .data          0x0009eb10        0x0 /opt/altera/13.0sp1/nios2eds/bin/gnu/H-i686-pc-linux-gnu/bin/../lib/gcc/nios2-elf/4.1.2/mno-hw-mul/libgcc.a(lib2-divmod.o)
 .data          0x0009eb10        0x0 /opt/altera/13.0sp1/nios2eds/bin/gnu/H-i686-pc-linux-gnu/bin/../lib/gcc/nios2-elf/4.1.2/mno-hw-mul/libgcc.a(lib2-mul.o)
 .data          0x0009eb10        0x0 /opt/altera/13.0sp1/nios2eds/bin/gnu/H-i686-pc-linux-gnu/bin/../lib/gcc/nios2-elf/4.1.2/mno-hw-mul/libgcc.a(_clzsi2.o)
 .data          0x0009eb10        0x0 /opt/altera/13.0sp1/nios2eds/bin/gnu/H-i686-pc-linux-gnu/bin/../lib/gcc/nios2-elf/4.1.2/mno-hw-mul/libgcc.a(_pack_df.o)
 .data          0x0009eb10        0x0 /opt/altera/13.0sp1/nios2eds/bin/gnu/H-i686-pc-linux-gnu/bin/../lib/gcc/nios2-elf/4.1.2/mno-hw-mul/libgcc.a(_unpack_df.o)
 .data          0x0009eb10        0x0 /opt/altera/13.0sp1/nios2eds/bin/gnu/H-i686-pc-linux-gnu/bin/../lib/gcc/nios2-elf/4.1.2/mno-hw-mul/libgcc.a(_clz.o)
 .data          0x0009eb10        0x0 /opt/altera/13.0sp1/nios2eds/bin/gnu/H-i686-pc-linux-gnu/bin/../lib/gcc/nios2-elf/4.1.2/../../../../nios2-elf/lib/mno-hw-mul/libc.a(lib_a-printf.o)
 .data          0x0009eb10        0x0 /opt/altera/13.0sp1/nios2eds/bin/gnu/H-i686-pc-linux-gnu/bin/../lib/gcc/nios2-elf/4.1.2/../../../../nios2-elf/lib/mno-hw-mul/libc.a(lib_a-putchar.o)
 .data          0x0009eb10        0x0 /opt/altera/13.0sp1/nios2eds/bin/gnu/H-i686-pc-linux-gnu/bin/../lib/gcc/nios2-elf/4.1.2/../../../../nios2-elf/lib/mno-hw-mul/libc.a(lib_a-puts.o)
 .data          0x0009eb10        0x0 /opt/altera/13.0sp1/nios2eds/bin/gnu/H-i686-pc-linux-gnu/bin/../lib/gcc/nios2-elf/4.1.2/../../../../nios2-elf/lib/mno-hw-mul/libc.a(lib_a-strlen.o)
 .data          0x0009eb10        0x0 /opt/altera/13.0sp1/nios2eds/bin/gnu/H-i686-pc-linux-gnu/bin/../lib/gcc/nios2-elf/4.1.2/../../../../nios2-elf/lib/mno-hw-mul/libc.a(lib_a-vfprintf.o)
 .data          0x0009eb10        0x0 /opt/altera/13.0sp1/nios2eds/bin/gnu/H-i686-pc-linux-gnu/bin/../lib/gcc/nios2-elf/4.1.2/../../../../nios2-elf/lib/mno-hw-mul/libc.a(lib_a-wsetup.o)
 .data          0x0009eb10        0x0 /opt/altera/13.0sp1/nios2eds/bin/gnu/H-i686-pc-linux-gnu/bin/../lib/gcc/nios2-elf/4.1.2/../../../../nios2-elf/lib/mno-hw-mul/libc.a(lib_a-dtoa.o)
 .data          0x0009eb10        0x0 /opt/altera/13.0sp1/nios2eds/bin/gnu/H-i686-pc-linux-gnu/bin/../lib/gcc/nios2-elf/4.1.2/../../../../nios2-elf/lib/mno-hw-mul/libc.a(lib_a-fflush.o)
 .data          0x0009eb10        0x0 /opt/altera/13.0sp1/nios2eds/bin/gnu/H-i686-pc-linux-gnu/bin/../lib/gcc/nios2-elf/4.1.2/../../../../nios2-elf/lib/mno-hw-mul/libc.a(lib_a-findfp.o)
 .data          0x0009eb10        0x0 /opt/altera/13.0sp1/nios2eds/bin/gnu/H-i686-pc-linux-gnu/bin/../lib/gcc/nios2-elf/4.1.2/../../../../nios2-elf/lib/mno-hw-mul/libc.a(lib_a-freer.o)
 .data          0x0009eb10        0x0 /opt/altera/13.0sp1/nios2eds/bin/gnu/H-i686-pc-linux-gnu/bin/../lib/gcc/nios2-elf/4.1.2/../../../../nios2-elf/lib/mno-hw-mul/libc.a(lib_a-fvwrite.o)
 .data          0x0009eb10        0x0 /opt/altera/13.0sp1/nios2eds/bin/gnu/H-i686-pc-linux-gnu/bin/../lib/gcc/nios2-elf/4.1.2/../../../../nios2-elf/lib/mno-hw-mul/libc.a(lib_a-fwalk.o)
 .data          0x0009eb10      0x400 /opt/altera/13.0sp1/nios2eds/bin/gnu/H-i686-pc-linux-gnu/bin/../lib/gcc/nios2-elf/4.1.2/../../../../nios2-elf/lib/mno-hw-mul/libc.a(lib_a-impure.o)
 .data          0x0009ef10        0xc /opt/altera/13.0sp1/nios2eds/bin/gnu/H-i686-pc-linux-gnu/bin/../lib/gcc/nios2-elf/4.1.2/../../../../nios2-elf/lib/mno-hw-mul/libc.a(lib_a-locale.o)
                0x0009ef10                __lc_ctype
 .data          0x0009ef1c        0x0 /opt/altera/13.0sp1/nios2eds/bin/gnu/H-i686-pc-linux-gnu/bin/../lib/gcc/nios2-elf/4.1.2/../../../../nios2-elf/lib/mno-hw-mul/libc.a(lib_a-makebuf.o)
 .data          0x0009ef1c      0x408 /opt/altera/13.0sp1/nios2eds/bin/gnu/H-i686-pc-linux-gnu/bin/../lib/gcc/nios2-elf/4.1.2/../../../../nios2-elf/lib/mno-hw-mul/libc.a(lib_a-mallocr.o)
                0x0009ef1c                __malloc_av_
 .data          0x0009f324        0x0 /opt/altera/13.0sp1/nios2eds/bin/gnu/H-i686-pc-linux-gnu/bin/../lib/gcc/nios2-elf/4.1.2/../../../../nios2-elf/lib/mno-hw-mul/libc.a(lib_a-memchr.o)
 .data          0x0009f324        0x0 /opt/altera/13.0sp1/nios2eds/bin/gnu/H-i686-pc-linux-gnu/bin/../lib/gcc/nios2-elf/4.1.2/../../../../nios2-elf/lib/mno-hw-mul/libc.a(lib_a-memcpy.o)
 .data          0x0009f324        0x0 /opt/altera/13.0sp1/nios2eds/bin/gnu/H-i686-pc-linux-gnu/bin/../lib/gcc/nios2-elf/4.1.2/../../../../nios2-elf/lib/mno-hw-mul/libc.a(lib_a-memmove.o)
 .data          0x0009f324        0x0 /opt/altera/13.0sp1/nios2eds/bin/gnu/H-i686-pc-linux-gnu/bin/../lib/gcc/nios2-elf/4.1.2/../../../../nios2-elf/lib/mno-hw-mul/libc.a(lib_a-memset.o)
 .data          0x0009f324        0x0 /opt/altera/13.0sp1/nios2eds/bin/gnu/H-i686-pc-linux-gnu/bin/../lib/gcc/nios2-elf/4.1.2/../../../../nios2-elf/lib/mno-hw-mul/libc.a(lib_a-mprec.o)
 .data          0x0009f324        0x0 /opt/altera/13.0sp1/nios2eds/bin/gnu/H-i686-pc-linux-gnu/bin/../lib/gcc/nios2-elf/4.1.2/../../../../nios2-elf/lib/mno-hw-mul/libc.a(lib_a-putc.o)
 .data          0x0009f324        0x0 /opt/altera/13.0sp1/nios2eds/bin/gnu/H-i686-pc-linux-gnu/bin/../lib/gcc/nios2-elf/4.1.2/../../../../nios2-elf/lib/mno-hw-mul/libc.a(lib_a-reallocr.o)
 .data          0x0009f324        0x0 /opt/altera/13.0sp1/nios2eds/bin/gnu/H-i686-pc-linux-gnu/bin/../lib/gcc/nios2-elf/4.1.2/../../../../nios2-elf/lib/mno-hw-mul/libc.a(lib_a-s_isinfd.o)
 .data          0x0009f324        0x0 /opt/altera/13.0sp1/nios2eds/bin/gnu/H-i686-pc-linux-gnu/bin/../lib/gcc/nios2-elf/4.1.2/../../../../nios2-elf/lib/mno-hw-mul/libc.a(lib_a-s_isnand.o)
 .data          0x0009f324        0x0 /opt/altera/13.0sp1/nios2eds/bin/gnu/H-i686-pc-linux-gnu/bin/../lib/gcc/nios2-elf/4.1.2/../../../../nios2-elf/lib/mno-hw-mul/libc.a(lib_a-sbrkr.o)
 .data          0x0009f324        0x0 /opt/altera/13.0sp1/nios2eds/bin/gnu/H-i686-pc-linux-gnu/bin/../lib/gcc/nios2-elf/4.1.2/../../../../nios2-elf/lib/mno-hw-mul/libc.a(lib_a-stdio.o)
 .data          0x0009f324        0x0 /opt/altera/13.0sp1/nios2eds/bin/gnu/H-i686-pc-linux-gnu/bin/../lib/gcc/nios2-elf/4.1.2/../../../../nios2-elf/lib/mno-hw-mul/libc.a(lib_a-strcmp.o)
 .data          0x0009f324        0x0 /opt/altera/13.0sp1/nios2eds/bin/gnu/H-i686-pc-linux-gnu/bin/../lib/gcc/nios2-elf/4.1.2/../../../../nios2-elf/lib/mno-hw-mul/libc.a(lib_a-wbuf.o)
 .data          0x0009f324        0x0 /opt/altera/13.0sp1/nios2eds/bin/gnu/H-i686-pc-linux-gnu/bin/../lib/gcc/nios2-elf/4.1.2/../../../../nios2-elf/lib/mno-hw-mul/libc.a(lib_a-writer.o)
 .data          0x0009f324        0x0 /opt/altera/13.0sp1/nios2eds/bin/gnu/H-i686-pc-linux-gnu/bin/../lib/gcc/nios2-elf/4.1.2/../../../../nios2-elf/lib/mno-hw-mul/libc.a(lib_a-callocr.o)
 .data          0x0009f324        0x0 /opt/altera/13.0sp1/nios2eds/bin/gnu/H-i686-pc-linux-gnu/bin/../lib/gcc/nios2-elf/4.1.2/../../../../nios2-elf/lib/mno-hw-mul/libc.a(lib_a-closer.o)
 .data          0x0009f324        0x0 /opt/altera/13.0sp1/nios2eds/bin/gnu/H-i686-pc-linux-gnu/bin/../lib/gcc/nios2-elf/4.1.2/../../../../nios2-elf/lib/mno-hw-mul/libc.a(lib_a-fclose.o)
 .data          0x0009f324        0x0 /opt/altera/13.0sp1/nios2eds/bin/gnu/H-i686-pc-linux-gnu/bin/../lib/gcc/nios2-elf/4.1.2/../../../../nios2-elf/lib/mno-hw-mul/libc.a(lib_a-fstatr.o)
 .data          0x0009f324        0x0 /opt/altera/13.0sp1/nios2eds/bin/gnu/H-i686-pc-linux-gnu/bin/../lib/gcc/nios2-elf/4.1.2/../../../../nios2-elf/lib/mno-hw-mul/libc.a(lib_a-int_errno.o)
 .data          0x0009f324        0x0 /opt/altera/13.0sp1/nios2eds/bin/gnu/H-i686-pc-linux-gnu/bin/../lib/gcc/nios2-elf/4.1.2/../../../../nios2-elf/lib/mno-hw-mul/libc.a(lib_a-isattyr.o)
 .data          0x0009f324        0x0 /opt/altera/13.0sp1/nios2eds/bin/gnu/H-i686-pc-linux-gnu/bin/../lib/gcc/nios2-elf/4.1.2/../../../../nios2-elf/lib/mno-hw-mul/libc.a(lib_a-lseekr.o)
 .data          0x0009f324        0x0 /opt/altera/13.0sp1/nios2eds/bin/gnu/H-i686-pc-linux-gnu/bin/../lib/gcc/nios2-elf/4.1.2/../../../../nios2-elf/lib/mno-hw-mul/libc.a(lib_a-readr.o)
 .data          0x0009f324        0x0 /opt/altera/13.0sp1/nios2eds/bin/gnu/H-i686-pc-linux-gnu/bin/../lib/gcc/nios2-elf/4.1.2/mno-hw-mul/libgcc.a(_udivdi3.o)
 .data          0x0009f324        0x0 /opt/altera/13.0sp1/nios2eds/bin/gnu/H-i686-pc-linux-gnu/bin/../lib/gcc/nios2-elf/4.1.2/mno-hw-mul/libgcc.a(_umoddi3.o)
 .data          0x0009f324        0x0 /opt/altera/13.0sp1/nios2eds/bin/gnu/H-i686-pc-linux-gnu/bin/../lib/gcc/nios2-elf/4.1.2/mno-hw-mul/libgcc.a(_addsub_df.o)
 .data          0x0009f324        0x0 /opt/altera/13.0sp1/nios2eds/bin/gnu/H-i686-pc-linux-gnu/bin/../lib/gcc/nios2-elf/4.1.2/mno-hw-mul/libgcc.a(_mul_df.o)
 .data          0x0009f324        0x0 /opt/altera/13.0sp1/nios2eds/bin/gnu/H-i686-pc-linux-gnu/bin/../lib/gcc/nios2-elf/4.1.2/mno-hw-mul/libgcc.a(_eq_df.o)
 .data          0x0009f324        0x0 /opt/altera/13.0sp1/nios2eds/bin/gnu/H-i686-pc-linux-gnu/bin/../lib/gcc/nios2-elf/4.1.2/mno-hw-mul/libgcc.a(_ne_df.o)
 .data          0x0009f324        0x0 /opt/altera/13.0sp1/nios2eds/bin/gnu/H-i686-pc-linux-gnu/bin/../lib/gcc/nios2-elf/4.1.2/mno-hw-mul/libgcc.a(_gt_df.o)
 .data          0x0009f324        0x0 /opt/altera/13.0sp1/nios2eds/bin/gnu/H-i686-pc-linux-gnu/bin/../lib/gcc/nios2-elf/4.1.2/mno-hw-mul/libgcc.a(_ge_df.o)
 .data          0x0009f324        0x0 /opt/altera/13.0sp1/nios2eds/bin/gnu/H-i686-pc-linux-gnu/bin/../lib/gcc/nios2-elf/4.1.2/mno-hw-mul/libgcc.a(_lt_df.o)
 .data          0x0009f324        0x0 /opt/altera/13.0sp1/nios2eds/bin/gnu/H-i686-pc-linux-gnu/bin/../lib/gcc/nios2-elf/4.1.2/mno-hw-mul/libgcc.a(_si_to_df.o)
 .data          0x0009f324        0x0 /opt/altera/13.0sp1/nios2eds/bin/gnu/H-i686-pc-linux-gnu/bin/../lib/gcc/nios2-elf/4.1.2/mno-hw-mul/libgcc.a(_df_to_si.o)
 .data          0x0009f324        0x0 /opt/altera/13.0sp1/nios2eds/bin/gnu/H-i686-pc-linux-gnu/bin/../lib/gcc/nios2-elf/4.1.2/mno-hw-mul/libgcc.a(_muldi3.o)
 .data          0x0009f324        0x0 /opt/altera/13.0sp1/nios2eds/bin/gnu/H-i686-pc-linux-gnu/bin/../lib/gcc/nios2-elf/4.1.2/mno-hw-mul/libgcc.a(_fpcmp_parts_df.o)
 .data          0x0009f324        0x0 ../../bsp/mpsoc_hello_ucosii_q2//libucosii_bsp.a(alt_alarm_start.o)
 .data          0x0009f324        0x0 ../../bsp/mpsoc_hello_ucosii_q2//libucosii_bsp.a(alt_close.o)
 .data          0x0009f324      0x1a8 ../../bsp/mpsoc_hello_ucosii_q2//libucosii_bsp.a(alt_dev.o)
                0x0009f324                alt_dev_null
                0x0009f34c                alt_fd_list
 .data          0x0009f4cc        0x0 ../../bsp/mpsoc_hello_ucosii_q2//libucosii_bsp.a(alt_errno.o)
 .data          0x0009f4cc        0x0 ../../bsp/mpsoc_hello_ucosii_q2//libucosii_bsp.a(alt_fstat.o)
 .data          0x0009f4cc        0x0 ../../bsp/mpsoc_hello_ucosii_q2//libucosii_bsp.a(alt_isatty.o)
 .data          0x0009f4cc        0x0 ../../bsp/mpsoc_hello_ucosii_q2//libucosii_bsp.a(alt_load.o)
 .data          0x0009f4cc        0x0 ../../bsp/mpsoc_hello_ucosii_q2//libucosii_bsp.a(alt_lseek.o)
 .data          0x0009f4cc        0x0 ../../bsp/mpsoc_hello_ucosii_q2//libucosii_bsp.a(alt_main.o)
 .data          0x0009f4cc        0x0 ../../bsp/mpsoc_hello_ucosii_q2//libucosii_bsp.a(alt_read.o)
 .data          0x0009f4cc        0x0 ../../bsp/mpsoc_hello_ucosii_q2//libucosii_bsp.a(alt_release_fd.o)
 .data          0x0009f4cc        0x0 ../../bsp/mpsoc_hello_ucosii_q2//libucosii_bsp.a(alt_sbrk.o)
 .data          0x0009f4cc        0x0 ../../bsp/mpsoc_hello_ucosii_q2//libucosii_bsp.a(alt_tick.o)
 .data          0x0009f4cc        0x0 ../../bsp/mpsoc_hello_ucosii_q2//libucosii_bsp.a(alt_write.o)
 .data          0x0009f4cc        0x0 ../../bsp/mpsoc_hello_ucosii_q2//libucosii_bsp.a(alt_env_lock.o)
 .data          0x0009f4cc        0x0 ../../bsp/mpsoc_hello_ucosii_q2//libucosii_bsp.a(alt_malloc_lock.o)
 .data          0x0009f4cc        0x0 ../../bsp/mpsoc_hello_ucosii_q2//libucosii_bsp.a(os_core.o)
 .data          0x0009f4cc        0x0 ../../bsp/mpsoc_hello_ucosii_q2//libucosii_bsp.a(os_dbg.o)
 .data          0x0009f4cc        0x0 ../../bsp/mpsoc_hello_ucosii_q2//libucosii_bsp.a(os_flag.o)
 .data          0x0009f4cc        0x0 ../../bsp/mpsoc_hello_ucosii_q2//libucosii_bsp.a(os_mem.o)
 .data          0x0009f4cc        0x0 ../../bsp/mpsoc_hello_ucosii_q2//libucosii_bsp.a(os_q.o)
 .data          0x0009f4cc        0x0 ../../bsp/mpsoc_hello_ucosii_q2//libucosii_bsp.a(os_sem.o)
 .data          0x0009f4cc        0x0 ../../bsp/mpsoc_hello_ucosii_q2//libucosii_bsp.a(os_task.o)
 .data          0x0009f4cc        0x0 ../../bsp/mpsoc_hello_ucosii_q2//libucosii_bsp.a(os_time.o)
 .data          0x0009f4cc        0x0 ../../bsp/mpsoc_hello_ucosii_q2//libucosii_bsp.a(os_tmr.o)
 .data          0x0009f4cc     0x1154 ../../bsp/mpsoc_hello_ucosii_q2//libucosii_bsp.a(alt_sys_init.o)
 .data          0x000a0620        0x0 ../../bsp/mpsoc_hello_ucosii_q2//libucosii_bsp.a(altera_avalon_jtag_uart_fd.o)
 .data          0x000a0620        0x0 ../../bsp/mpsoc_hello_ucosii_q2//libucosii_bsp.a(altera_avalon_jtag_uart_init.o)
 .data          0x000a0620        0x0 ../../bsp/mpsoc_hello_ucosii_q2//libucosii_bsp.a(altera_avalon_jtag_uart_ioctl.o)
 .data          0x000a0620        0x0 ../../bsp/mpsoc_hello_ucosii_q2//libucosii_bsp.a(altera_avalon_jtag_uart_read.o)
 .data          0x000a0620        0x0 ../../bsp/mpsoc_hello_ucosii_q2//libucosii_bsp.a(altera_avalon_jtag_uart_write.o)
 .data          0x000a0620        0x0 ../../bsp/mpsoc_hello_ucosii_q2//libucosii_bsp.a(altera_avalon_mutex.o)
 .data          0x000a0620        0x0 ../../bsp/mpsoc_hello_ucosii_q2//libucosii_bsp.a(altera_avalon_timer_sc.o)
 .data          0x000a0620        0x0 ../../bsp/mpsoc_hello_ucosii_q2//libucosii_bsp.a(alt_dcache_flush_all.o)
 .data          0x000a0620        0x0 ../../bsp/mpsoc_hello_ucosii_q2//libucosii_bsp.a(alt_dev_llist_insert.o)
 .data          0x000a0620        0x0 ../../bsp/mpsoc_hello_ucosii_q2//libucosii_bsp.a(alt_do_ctors.o)
 .data          0x000a0620        0x0 ../../bsp/mpsoc_hello_ucosii_q2//libucosii_bsp.a(alt_do_dtors.o)
 .data          0x000a0620        0x0 ../../bsp/mpsoc_hello_ucosii_q2//libucosii_bsp.a(alt_find_dev.o)
 .data          0x000a0620        0x0 ../../bsp/mpsoc_hello_ucosii_q2//libucosii_bsp.a(alt_icache_flush_all.o)
 .data          0x000a0620        0x0 ../../bsp/mpsoc_hello_ucosii_q2//libucosii_bsp.a(alt_io_redirect.o)
 .data          0x000a0620        0x0 ../../bsp/mpsoc_hello_ucosii_q2//libucosii_bsp.a(alt_irq_register.o)
 .data          0x000a0620        0x0 ../../bsp/mpsoc_hello_ucosii_q2//libucosii_bsp.a(alt_irq_vars.o)
 .data          0x000a0620        0x0 ../../bsp/mpsoc_hello_ucosii_q2//libucosii_bsp.a(alt_open.o)
 .data          0x000a0620        0x0 ../../bsp/mpsoc_hello_ucosii_q2//libucosii_bsp.a(altera_nios2_qsys_irq.o)
 .data          0x000a0620        0x0 ../../bsp/mpsoc_hello_ucosii_q2//libucosii_bsp.a(os_cpu_a.o)
 .data          0x000a0620        0x0 ../../bsp/mpsoc_hello_ucosii_q2//libucosii_bsp.a(os_cpu_c.o)
 .data          0x000a0620        0x0 ../../bsp/mpsoc_hello_ucosii_q2//libucosii_bsp.a(alt_find_file.o)
 .data          0x000a0620        0x0 ../../bsp/mpsoc_hello_ucosii_q2//libucosii_bsp.a(alt_get_fd.o)
 .data          0x000a0620        0x0 ../../bsp/mpsoc_hello_ucosii_q2//libucosii_bsp.a(alt_irq_entry.o)
 .data          0x000a0620        0x0 ../../bsp/mpsoc_hello_ucosii_q2//libucosii_bsp.a(alt_irq_handler.o)
 .data          0x000a0620        0x0 ../../bsp/mpsoc_hello_ucosii_q2//libucosii_bsp.a(alt_exception_entry.o)
 .data          0x000a0620        0x0 /opt/altera/13.0sp1/nios2eds/bin/gnu/H-i686-pc-linux-gnu/bin/../lib/gcc/nios2-elf/4.1.2/../../../../nios2-elf/lib/mno-hw-mul/libc.a(lib_a-atexit.o)
 .data          0x000a0620        0x0 /opt/altera/13.0sp1/nios2eds/bin/gnu/H-i686-pc-linux-gnu/bin/../lib/gcc/nios2-elf/4.1.2/../../../../nios2-elf/lib/mno-hw-mul/libc.a(lib_a-exit.o)
 .data          0x000a0620        0x0 /opt/altera/13.0sp1/nios2eds/bin/gnu/H-i686-pc-linux-gnu/bin/../lib/gcc/nios2-elf/4.1.2/../../../../nios2-elf/lib/mno-hw-mul/libc.a(lib_a-memcmp.o)
 .data          0x000a0620        0x0 /opt/altera/13.0sp1/nios2eds/bin/gnu/H-i686-pc-linux-gnu/bin/../lib/gcc/nios2-elf/4.1.2/../../../../nios2-elf/lib/mno-hw-mul/libc.a(lib_a-__atexit.o)
 .data          0x000a0620        0x0 /opt/altera/13.0sp1/nios2eds/bin/gnu/H-i686-pc-linux-gnu/bin/../lib/gcc/nios2-elf/4.1.2/../../../../nios2-elf/lib/mno-hw-mul/libc.a(lib_a-__call_atexit.o)
 .data          0x000a0620        0x0 /opt/altera/13.0sp1/nios2eds/bin/gnu/H-i686-pc-linux-gnu/bin/../lib/gcc/nios2-elf/4.1.2/mno-hw-mul/libgcc.a(_fixunsdfsi.o)
 .data          0x000a0620        0x0 ../../bsp/mpsoc_hello_ucosii_q2//libucosii_bsp.a(alt_exit.o)
                0x000a8620                _gp = ABSOLUTE ((. + 0x8000))
                0x000a8620                PROVIDE (gp, _gp)
 *(.rwdata .rwdata.*)
 *(.sdata .sdata.* .gnu.linkonce.s.*)
 .sdata         0x000a0620        0x2 obj/default/src/hello_ucosii.o
                0x000a0620                sequence_length
                0x000a0621                NR_ASCII_CHARS
 *fill*         0x000a0622        0x2 00
 .sdata         0x000a0624        0x8 /opt/altera/13.0sp1/nios2eds/bin/gnu/H-i686-pc-linux-gnu/bin/../lib/gcc/nios2-elf/4.1.2/../../../../nios2-elf/lib/mno-hw-mul/libc.a(lib_a-impure.o)
                0x000a0624                _impure_ptr
                0x000a0628                _global_impure_ptr
 .sdata         0x000a062c        0x8 /opt/altera/13.0sp1/nios2eds/bin/gnu/H-i686-pc-linux-gnu/bin/../lib/gcc/nios2-elf/4.1.2/../../../../nios2-elf/lib/mno-hw-mul/libc.a(lib_a-locale.o)
                0x000a062c                __mb_cur_max
 .sdata         0x000a0634        0x8 /opt/altera/13.0sp1/nios2eds/bin/gnu/H-i686-pc-linux-gnu/bin/../lib/gcc/nios2-elf/4.1.2/../../../../nios2-elf/lib/mno-hw-mul/libc.a(lib_a-mallocr.o)
                0x000a0634                __malloc_trim_threshold
                0x000a0638                __malloc_sbrk_base
 .sdata         0x000a063c       0x14 ../../bsp/mpsoc_hello_ucosii_q2//libucosii_bsp.a(alt_dev.o)
                0x000a063c                alt_fs_list
                0x000a0644                alt_dev_list
                0x000a064c                alt_max_fd
 .sdata         0x000a0650        0x4 ../../bsp/mpsoc_hello_ucosii_q2//libucosii_bsp.a(alt_errno.o)
                0x000a0650                alt_errno
 .sdata         0x000a0654        0x4 ../../bsp/mpsoc_hello_ucosii_q2//libucosii_bsp.a(alt_sbrk.o)
 .sdata         0x000a0658        0x8 ../../bsp/mpsoc_hello_ucosii_q2//libucosii_bsp.a(alt_tick.o)
                0x000a0658                alt_alarm_list
 .sdata         0x000a0660        0x4 ../../bsp/mpsoc_hello_ucosii_q2//libucosii_bsp.a(alt_env_lock.o)
 .sdata         0x000a0664        0x4 ../../bsp/mpsoc_hello_ucosii_q2//libucosii_bsp.a(alt_malloc_lock.o)
 .sdata         0x000a0668       0x74 ../../bsp/mpsoc_hello_ucosii_q2//libucosii_bsp.a(os_dbg.o)
                0x000a0668                OSDebugEn
                0x000a066c                OSEndiannessTest
                0x000a0670                OSEventEn
                0x000a0672                OSEventMax
                0x000a0674                OSEventNameSize
                0x000a0676                OSEventSize
                0x000a0678                OSEventTblSize
                0x000a067a                OSEventMultiEn
                0x000a067c                OSFlagEn
                0x000a067e                OSFlagGrpSize
                0x000a0680                OSFlagNodeSize
                0x000a0682                OSFlagWidth
                0x000a0684                OSFlagMax
                0x000a0686                OSFlagNameSize
                0x000a0688                OSLowestPrio
                0x000a068a                OSMboxEn
                0x000a068c                OSMemEn
                0x000a068e                OSMemMax
                0x000a0690                OSMemNameSize
                0x000a0692                OSMemSize
                0x000a0694                OSMemTblSize
                0x000a0696                OSMutexEn
                0x000a0698                OSPtrSize
                0x000a069a                OSQEn
                0x000a069c                OSQMax
                0x000a069e                OSQSize
                0x000a06a0                OSRdyTblSize
                0x000a06a2                OSSemEn
                0x000a06a4                OSStkWidth
                0x000a06a6                OSTaskCreateEn
                0x000a06a8                OSTaskCreateExtEn
                0x000a06aa                OSTaskDelEn
                0x000a06ac                OSTaskIdleStkSize
                0x000a06ae                OSTaskProfileEn
                0x000a06b0                OSTaskMax
                0x000a06b2                OSTaskNameSize
                0x000a06b4                OSTaskStatEn
                0x000a06b6                OSTaskStatStkSize
                0x000a06b8                OSTaskStatStkChkEn
                0x000a06ba                OSTaskSwHookEn
                0x000a06bc                OSTCBPrioTblMax
                0x000a06be                OSTCBSize
                0x000a06c0                OSTicksPerSec
                0x000a06c2                OSTimeTickHookEn
                0x000a06c4                OSVersionNbr
                0x000a06c6                OSTmrEn
                0x000a06c8                OSTmrCfgMax
                0x000a06ca                OSTmrCfgNameSize
                0x000a06cc                OSTmrCfgWheelSize
                0x000a06ce                OSTmrCfgTicksPerSec
                0x000a06d0                OSTmrSize
                0x000a06d2                OSTmrTblSize
                0x000a06d4                OSTmrWheelSize
                0x000a06d6                OSTmrWheelTblSize
                0x000a06d8                OSDataSize
 .sdata         0x000a06dc        0x8 ../../bsp/mpsoc_hello_ucosii_q2//libucosii_bsp.a(altera_avalon_mutex.o)
                0x000a06dc                alt_mutex_list
 .sdata         0x000a06e4        0x4 ../../bsp/mpsoc_hello_ucosii_q2//libucosii_bsp.a(alt_irq_vars.o)
                0x000a06e4                alt_priority_mask
 *(.sdata2 .sdata2.* .gnu.linkonce.s2.*)
                0x000a06e8                . = ALIGN (0x4)
                0x000a06e8                _edata = ABSOLUTE (.)
                0x000a06e8                PROVIDE (edata, ABSOLUTE (.))
                0x000a06e8                PROVIDE (__ram_rwdata_end, ABSOLUTE (.))
                0x000a06e8                PROVIDE (__flash_rwdata_start, LOADADDR (.rwdata))

.bss            0x000aeef0     0xc158
                0x000aeef0                __bss_start = ABSOLUTE (.)
                0x000aeef0                PROVIDE (__sbss_start, ABSOLUTE (.))
                0x000aeef0                PROVIDE (___sbss_start, ABSOLUTE (.))
 *(.dynsbss)
 *(.sbss .sbss.* .gnu.linkonce.sb.*)
 .sbss          0x000aeef0       0x1c obj/default/src/hello_ucosii.o
                0x000aeef0                Task1Semaphore
                0x000aeef4                Task1Tmr
                0x000aeef8                Task2Semaphore
                0x000aeefc                QSem
                0x000aef00                Task3Semaphore
                0x000aef04                Task2Tmr
                0x000aef08                delay
 .sbss          0x000aef0c        0x8 obj/default/src/imageProcessing.o
                0x000aef0c                grayShared
                0x000aef10                g_shared
 .sbss          0x000aef14        0xc /opt/altera/13.0sp1/nios2eds/bin/gnu/H-i686-pc-linux-gnu/bin/../lib/gcc/nios2-elf/4.1.2/../../../../nios2-elf/lib/mno-hw-mul/libc.a(lib_a-locale.o)
                0x000aef14                __nlocale_changed
                0x000aef18                __mlocale_changed
                0x000aef1c                _PathLocale
 .sbss          0x000aef20        0xc /opt/altera/13.0sp1/nios2eds/bin/gnu/H-i686-pc-linux-gnu/bin/../lib/gcc/nios2-elf/4.1.2/../../../../nios2-elf/lib/mno-hw-mul/libc.a(lib_a-mallocr.o)
                0x000aef20                __malloc_top_pad
                0x000aef24                __malloc_max_sbrked_mem
                0x000aef28                __malloc_max_total_mem
 .sbss          0x000aef2c        0x4 /opt/altera/13.0sp1/nios2eds/bin/gnu/H-i686-pc-linux-gnu/bin/../lib/gcc/nios2-elf/4.1.2/../../../../nios2-elf/lib/mno-hw-mul/libc.a(lib_a-int_errno.o)
                0x000aef2c                errno
 .sbss          0x000aef30        0x4 ../../bsp/mpsoc_hello_ucosii_q2//libucosii_bsp.a(alt_dev.o)
                0x000aef30                alt_fd_list_lock
 .sbss          0x000aef34        0xc ../../bsp/mpsoc_hello_ucosii_q2//libucosii_bsp.a(alt_main.o)
                0x000aef34                alt_argc
                0x000aef38                alt_argv
                0x000aef3c                alt_envp
 .sbss          0x000aef40        0x8 ../../bsp/mpsoc_hello_ucosii_q2//libucosii_bsp.a(alt_tick.o)
                0x000aef40                _alt_tick_rate
                0x000aef44                _alt_nticks
 .sbss          0x000aef48        0x8 ../../bsp/mpsoc_hello_ucosii_q2//libucosii_bsp.a(alt_env_lock.o)
                0x000aef4c                alt_envsem
 .sbss          0x000aef50        0x8 ../../bsp/mpsoc_hello_ucosii_q2//libucosii_bsp.a(alt_malloc_lock.o)
                0x000aef54                alt_heapsem
 .sbss          0x000aef58       0x68 ../../bsp/mpsoc_hello_ucosii_q2//libucosii_bsp.a(os_core.o)
                0x000aef58                OSTmrFreeList
                0x000aef5c                OSLockNesting
                0x000aef60                OSTmrSemSignal
                0x000aef64                OSRunning
                0x000aef68                OSIdleCtr
                0x000aef6c                OSTmrUsed
                0x000aef6e                OSPrioHighRdy
                0x000aef6f                OSPrioCur
                0x000aef70                OSTCBList
                0x000aef74                OSTickStepState
                0x000aef78                OSCtxSwCtr
                0x000aef7c                OSTmrFree
                0x000aef80                OSIdleCtrMax
                0x000aef84                OSTCBFreeList
                0x000aef88                OSCPUUsage
                0x000aef89                OSTaskCtr
                0x000aef8c                OSMemFreeList
                0x000aef90                OSTCBHighRdy
                0x000aef94                OSQFreeList
                0x000aef98                OSRdyGrp
                0x000aef99                OSRdyTbl
                0x000aef9c                OSEventFreeList
                0x000aefa0                OSIntNesting
                0x000aefa4                OSTCBCur
                0x000aefa8                OSTmrTime
                0x000aefac                OSTime
                0x000aefb0                OSTmrSem
                0x000aefb4                OSFlagFreeList
                0x000aefb8                OSStatRdy
                0x000aefbc                OSIdleCtrRun
 .sbss          0x000aefc0        0x4 ../../bsp/mpsoc_hello_ucosii_q2//libucosii_bsp.a(alt_irq_vars.o)
                0x000aefc0                alt_irq_active
 .sbss          0x000aefc4        0x2 ../../bsp/mpsoc_hello_ucosii_q2//libucosii_bsp.a(os_cpu_c.o)
 *(.sbss2 .sbss2.* .gnu.linkonce.sb2.*)
 *(.scommon)
                0x000aefc6                PROVIDE (__sbss_end, ABSOLUTE (.))
                0x000aefc6                PROVIDE (___sbss_end, ABSOLUTE (.))
 *(.dynbss)
 *(.bss .bss.* .gnu.linkonce.b.*)
 .bss           0x000aefc6        0x0 ../../bsp/mpsoc_hello_ucosii_q2//obj/HAL/src/crt0.o
 *fill*         0x000aefc6        0x2 00
 .bss           0x000aefc8       0x18 obj/default/src/hello_ucosii.o
 .bss           0x000aefe0        0x0 obj/default/src/imageProcessing.o
 .bss           0x000aefe0        0x0 /opt/altera/13.0sp1/nios2eds/bin/gnu/H-i686-pc-linux-gnu/bin/../lib/gcc/nios2-elf/4.1.2/mno-hw-mul/libgcc.a(_div_df.o)
 .bss           0x000aefe0        0x0 /opt/altera/13.0sp1/nios2eds/bin/gnu/H-i686-pc-linux-gnu/bin/../lib/gcc/nios2-elf/4.1.2/mno-hw-mul/libgcc.a(_thenan_df.o)
 .bss           0x000aefe0        0x0 /opt/altera/13.0sp1/nios2eds/bin/gnu/H-i686-pc-linux-gnu/bin/../lib/gcc/nios2-elf/4.1.2/mno-hw-mul/libgcc.a(_usi_to_df.o)
 .bss           0x000aefe0        0x0 /opt/altera/13.0sp1/nios2eds/bin/gnu/H-i686-pc-linux-gnu/bin/../lib/gcc/nios2-elf/4.1.2/mno-hw-mul/libgcc.a(lib2-divmod.o)
 .bss           0x000aefe0        0x0 /opt/altera/13.0sp1/nios2eds/bin/gnu/H-i686-pc-linux-gnu/bin/../lib/gcc/nios2-elf/4.1.2/mno-hw-mul/libgcc.a(lib2-mul.o)
 .bss           0x000aefe0        0x0 /opt/altera/13.0sp1/nios2eds/bin/gnu/H-i686-pc-linux-gnu/bin/../lib/gcc/nios2-elf/4.1.2/mno-hw-mul/libgcc.a(_clzsi2.o)
 .bss           0x000aefe0        0x0 /opt/altera/13.0sp1/nios2eds/bin/gnu/H-i686-pc-linux-gnu/bin/../lib/gcc/nios2-elf/4.1.2/mno-hw-mul/libgcc.a(_pack_df.o)
 .bss           0x000aefe0        0x0 /opt/altera/13.0sp1/nios2eds/bin/gnu/H-i686-pc-linux-gnu/bin/../lib/gcc/nios2-elf/4.1.2/mno-hw-mul/libgcc.a(_unpack_df.o)
 .bss           0x000aefe0        0x0 /opt/altera/13.0sp1/nios2eds/bin/gnu/H-i686-pc-linux-gnu/bin/../lib/gcc/nios2-elf/4.1.2/mno-hw-mul/libgcc.a(_clz.o)
 .bss           0x000aefe0        0x0 /opt/altera/13.0sp1/nios2eds/bin/gnu/H-i686-pc-linux-gnu/bin/../lib/gcc/nios2-elf/4.1.2/../../../../nios2-elf/lib/mno-hw-mul/libc.a(lib_a-printf.o)
 .bss           0x000aefe0        0x0 /opt/altera/13.0sp1/nios2eds/bin/gnu/H-i686-pc-linux-gnu/bin/../lib/gcc/nios2-elf/4.1.2/../../../../nios2-elf/lib/mno-hw-mul/libc.a(lib_a-putchar.o)
 .bss           0x000aefe0        0x0 /opt/altera/13.0sp1/nios2eds/bin/gnu/H-i686-pc-linux-gnu/bin/../lib/gcc/nios2-elf/4.1.2/../../../../nios2-elf/lib/mno-hw-mul/libc.a(lib_a-puts.o)
 .bss           0x000aefe0        0x0 /opt/altera/13.0sp1/nios2eds/bin/gnu/H-i686-pc-linux-gnu/bin/../lib/gcc/nios2-elf/4.1.2/../../../../nios2-elf/lib/mno-hw-mul/libc.a(lib_a-strlen.o)
 .bss           0x000aefe0        0x0 /opt/altera/13.0sp1/nios2eds/bin/gnu/H-i686-pc-linux-gnu/bin/../lib/gcc/nios2-elf/4.1.2/../../../../nios2-elf/lib/mno-hw-mul/libc.a(lib_a-vfprintf.o)
 .bss           0x000aefe0        0x0 /opt/altera/13.0sp1/nios2eds/bin/gnu/H-i686-pc-linux-gnu/bin/../lib/gcc/nios2-elf/4.1.2/../../../../nios2-elf/lib/mno-hw-mul/libc.a(lib_a-wsetup.o)
 .bss           0x000aefe0        0x0 /opt/altera/13.0sp1/nios2eds/bin/gnu/H-i686-pc-linux-gnu/bin/../lib/gcc/nios2-elf/4.1.2/../../../../nios2-elf/lib/mno-hw-mul/libc.a(lib_a-dtoa.o)
 .bss           0x000aefe0        0x0 /opt/altera/13.0sp1/nios2eds/bin/gnu/H-i686-pc-linux-gnu/bin/../lib/gcc/nios2-elf/4.1.2/../../../../nios2-elf/lib/mno-hw-mul/libc.a(lib_a-fflush.o)
 .bss           0x000aefe0        0x0 /opt/altera/13.0sp1/nios2eds/bin/gnu/H-i686-pc-linux-gnu/bin/../lib/gcc/nios2-elf/4.1.2/../../../../nios2-elf/lib/mno-hw-mul/libc.a(lib_a-findfp.o)
 .bss           0x000aefe0        0x0 /opt/altera/13.0sp1/nios2eds/bin/gnu/H-i686-pc-linux-gnu/bin/../lib/gcc/nios2-elf/4.1.2/../../../../nios2-elf/lib/mno-hw-mul/libc.a(lib_a-freer.o)
 .bss           0x000aefe0        0x0 /opt/altera/13.0sp1/nios2eds/bin/gnu/H-i686-pc-linux-gnu/bin/../lib/gcc/nios2-elf/4.1.2/../../../../nios2-elf/lib/mno-hw-mul/libc.a(lib_a-fvwrite.o)
 .bss           0x000aefe0        0x0 /opt/altera/13.0sp1/nios2eds/bin/gnu/H-i686-pc-linux-gnu/bin/../lib/gcc/nios2-elf/4.1.2/../../../../nios2-elf/lib/mno-hw-mul/libc.a(lib_a-fwalk.o)
 .bss           0x000aefe0        0x0 /opt/altera/13.0sp1/nios2eds/bin/gnu/H-i686-pc-linux-gnu/bin/../lib/gcc/nios2-elf/4.1.2/../../../../nios2-elf/lib/mno-hw-mul/libc.a(lib_a-impure.o)
 .bss           0x000aefe0        0x0 /opt/altera/13.0sp1/nios2eds/bin/gnu/H-i686-pc-linux-gnu/bin/../lib/gcc/nios2-elf/4.1.2/../../../../nios2-elf/lib/mno-hw-mul/libc.a(lib_a-locale.o)
 .bss           0x000aefe0        0x0 /opt/altera/13.0sp1/nios2eds/bin/gnu/H-i686-pc-linux-gnu/bin/../lib/gcc/nios2-elf/4.1.2/../../../../nios2-elf/lib/mno-hw-mul/libc.a(lib_a-makebuf.o)
 .bss           0x000aefe0       0x28 /opt/altera/13.0sp1/nios2eds/bin/gnu/H-i686-pc-linux-gnu/bin/../lib/gcc/nios2-elf/4.1.2/../../../../nios2-elf/lib/mno-hw-mul/libc.a(lib_a-mallocr.o)
                0x000aefe0                __malloc_current_mallinfo
 .bss           0x000af008        0x0 /opt/altera/13.0sp1/nios2eds/bin/gnu/H-i686-pc-linux-gnu/bin/../lib/gcc/nios2-elf/4.1.2/../../../../nios2-elf/lib/mno-hw-mul/libc.a(lib_a-memchr.o)
 .bss           0x000af008        0x0 /opt/altera/13.0sp1/nios2eds/bin/gnu/H-i686-pc-linux-gnu/bin/../lib/gcc/nios2-elf/4.1.2/../../../../nios2-elf/lib/mno-hw-mul/libc.a(lib_a-memcpy.o)
 .bss           0x000af008        0x0 /opt/altera/13.0sp1/nios2eds/bin/gnu/H-i686-pc-linux-gnu/bin/../lib/gcc/nios2-elf/4.1.2/../../../../nios2-elf/lib/mno-hw-mul/libc.a(lib_a-memmove.o)
 .bss           0x000af008        0x0 /opt/altera/13.0sp1/nios2eds/bin/gnu/H-i686-pc-linux-gnu/bin/../lib/gcc/nios2-elf/4.1.2/../../../../nios2-elf/lib/mno-hw-mul/libc.a(lib_a-memset.o)
 .bss           0x000af008        0x0 /opt/altera/13.0sp1/nios2eds/bin/gnu/H-i686-pc-linux-gnu/bin/../lib/gcc/nios2-elf/4.1.2/../../../../nios2-elf/lib/mno-hw-mul/libc.a(lib_a-mprec.o)
 .bss           0x000af008        0x0 /opt/altera/13.0sp1/nios2eds/bin/gnu/H-i686-pc-linux-gnu/bin/../lib/gcc/nios2-elf/4.1.2/../../../../nios2-elf/lib/mno-hw-mul/libc.a(lib_a-putc.o)
 .bss           0x000af008        0x0 /opt/altera/13.0sp1/nios2eds/bin/gnu/H-i686-pc-linux-gnu/bin/../lib/gcc/nios2-elf/4.1.2/../../../../nios2-elf/lib/mno-hw-mul/libc.a(lib_a-reallocr.o)
 .bss           0x000af008        0x0 /opt/altera/13.0sp1/nios2eds/bin/gnu/H-i686-pc-linux-gnu/bin/../lib/gcc/nios2-elf/4.1.2/../../../../nios2-elf/lib/mno-hw-mul/libc.a(lib_a-s_isinfd.o)
 .bss           0x000af008        0x0 /opt/altera/13.0sp1/nios2eds/bin/gnu/H-i686-pc-linux-gnu/bin/../lib/gcc/nios2-elf/4.1.2/../../../../nios2-elf/lib/mno-hw-mul/libc.a(lib_a-s_isnand.o)
 .bss           0x000af008        0x0 /opt/altera/13.0sp1/nios2eds/bin/gnu/H-i686-pc-linux-gnu/bin/../lib/gcc/nios2-elf/4.1.2/../../../../nios2-elf/lib/mno-hw-mul/libc.a(lib_a-sbrkr.o)
 .bss           0x000af008        0x0 /opt/altera/13.0sp1/nios2eds/bin/gnu/H-i686-pc-linux-gnu/bin/../lib/gcc/nios2-elf/4.1.2/../../../../nios2-elf/lib/mno-hw-mul/libc.a(lib_a-stdio.o)
 .bss           0x000af008        0x0 /opt/altera/13.0sp1/nios2eds/bin/gnu/H-i686-pc-linux-gnu/bin/../lib/gcc/nios2-elf/4.1.2/../../../../nios2-elf/lib/mno-hw-mul/libc.a(lib_a-strcmp.o)
 .bss           0x000af008        0x0 /opt/altera/13.0sp1/nios2eds/bin/gnu/H-i686-pc-linux-gnu/bin/../lib/gcc/nios2-elf/4.1.2/../../../../nios2-elf/lib/mno-hw-mul/libc.a(lib_a-wbuf.o)
 .bss           0x000af008        0x0 /opt/altera/13.0sp1/nios2eds/bin/gnu/H-i686-pc-linux-gnu/bin/../lib/gcc/nios2-elf/4.1.2/../../../../nios2-elf/lib/mno-hw-mul/libc.a(lib_a-writer.o)
 .bss           0x000af008        0x0 /opt/altera/13.0sp1/nios2eds/bin/gnu/H-i686-pc-linux-gnu/bin/../lib/gcc/nios2-elf/4.1.2/../../../../nios2-elf/lib/mno-hw-mul/libc.a(lib_a-callocr.o)
 .bss           0x000af008        0x0 /opt/altera/13.0sp1/nios2eds/bin/gnu/H-i686-pc-linux-gnu/bin/../lib/gcc/nios2-elf/4.1.2/../../../../nios2-elf/lib/mno-hw-mul/libc.a(lib_a-closer.o)
 .bss           0x000af008        0x0 /opt/altera/13.0sp1/nios2eds/bin/gnu/H-i686-pc-linux-gnu/bin/../lib/gcc/nios2-elf/4.1.2/../../../../nios2-elf/lib/mno-hw-mul/libc.a(lib_a-fclose.o)
 .bss           0x000af008        0x0 /opt/altera/13.0sp1/nios2eds/bin/gnu/H-i686-pc-linux-gnu/bin/../lib/gcc/nios2-elf/4.1.2/../../../../nios2-elf/lib/mno-hw-mul/libc.a(lib_a-fstatr.o)
 .bss           0x000af008        0x0 /opt/altera/13.0sp1/nios2eds/bin/gnu/H-i686-pc-linux-gnu/bin/../lib/gcc/nios2-elf/4.1.2/../../../../nios2-elf/lib/mno-hw-mul/libc.a(lib_a-int_errno.o)
 .bss           0x000af008        0x0 /opt/altera/13.0sp1/nios2eds/bin/gnu/H-i686-pc-linux-gnu/bin/../lib/gcc/nios2-elf/4.1.2/../../../../nios2-elf/lib/mno-hw-mul/libc.a(lib_a-isattyr.o)
 .bss           0x000af008        0x0 /opt/altera/13.0sp1/nios2eds/bin/gnu/H-i686-pc-linux-gnu/bin/../lib/gcc/nios2-elf/4.1.2/../../../../nios2-elf/lib/mno-hw-mul/libc.a(lib_a-lseekr.o)
 .bss           0x000af008        0x0 /opt/altera/13.0sp1/nios2eds/bin/gnu/H-i686-pc-linux-gnu/bin/../lib/gcc/nios2-elf/4.1.2/../../../../nios2-elf/lib/mno-hw-mul/libc.a(lib_a-readr.o)
 .bss           0x000af008        0x0 /opt/altera/13.0sp1/nios2eds/bin/gnu/H-i686-pc-linux-gnu/bin/../lib/gcc/nios2-elf/4.1.2/mno-hw-mul/libgcc.a(_udivdi3.o)
 .bss           0x000af008        0x0 /opt/altera/13.0sp1/nios2eds/bin/gnu/H-i686-pc-linux-gnu/bin/../lib/gcc/nios2-elf/4.1.2/mno-hw-mul/libgcc.a(_umoddi3.o)
 .bss           0x000af008        0x0 /opt/altera/13.0sp1/nios2eds/bin/gnu/H-i686-pc-linux-gnu/bin/../lib/gcc/nios2-elf/4.1.2/mno-hw-mul/libgcc.a(_addsub_df.o)
 .bss           0x000af008        0x0 /opt/altera/13.0sp1/nios2eds/bin/gnu/H-i686-pc-linux-gnu/bin/../lib/gcc/nios2-elf/4.1.2/mno-hw-mul/libgcc.a(_mul_df.o)
 .bss           0x000af008        0x0 /opt/altera/13.0sp1/nios2eds/bin/gnu/H-i686-pc-linux-gnu/bin/../lib/gcc/nios2-elf/4.1.2/mno-hw-mul/libgcc.a(_eq_df.o)
 .bss           0x000af008        0x0 /opt/altera/13.0sp1/nios2eds/bin/gnu/H-i686-pc-linux-gnu/bin/../lib/gcc/nios2-elf/4.1.2/mno-hw-mul/libgcc.a(_ne_df.o)
 .bss           0x000af008        0x0 /opt/altera/13.0sp1/nios2eds/bin/gnu/H-i686-pc-linux-gnu/bin/../lib/gcc/nios2-elf/4.1.2/mno-hw-mul/libgcc.a(_gt_df.o)
 .bss           0x000af008        0x0 /opt/altera/13.0sp1/nios2eds/bin/gnu/H-i686-pc-linux-gnu/bin/../lib/gcc/nios2-elf/4.1.2/mno-hw-mul/libgcc.a(_ge_df.o)
 .bss           0x000af008        0x0 /opt/altera/13.0sp1/nios2eds/bin/gnu/H-i686-pc-linux-gnu/bin/../lib/gcc/nios2-elf/4.1.2/mno-hw-mul/libgcc.a(_lt_df.o)
 .bss           0x000af008        0x0 /opt/altera/13.0sp1/nios2eds/bin/gnu/H-i686-pc-linux-gnu/bin/../lib/gcc/nios2-elf/4.1.2/mno-hw-mul/libgcc.a(_si_to_df.o)
 .bss           0x000af008        0x0 /opt/altera/13.0sp1/nios2eds/bin/gnu/H-i686-pc-linux-gnu/bin/../lib/gcc/nios2-elf/4.1.2/mno-hw-mul/libgcc.a(_df_to_si.o)
 .bss           0x000af008        0x0 /opt/altera/13.0sp1/nios2eds/bin/gnu/H-i686-pc-linux-gnu/bin/../lib/gcc/nios2-elf/4.1.2/mno-hw-mul/libgcc.a(_muldi3.o)
 .bss           0x000af008        0x0 /opt/altera/13.0sp1/nios2eds/bin/gnu/H-i686-pc-linux-gnu/bin/../lib/gcc/nios2-elf/4.1.2/mno-hw-mul/libgcc.a(_fpcmp_parts_df.o)
 .bss           0x000af008        0x0 ../../bsp/mpsoc_hello_ucosii_q2//libucosii_bsp.a(alt_alarm_start.o)
 .bss           0x000af008        0x0 ../../bsp/mpsoc_hello_ucosii_q2//libucosii_bsp.a(alt_close.o)
 .bss           0x000af008        0x0 ../../bsp/mpsoc_hello_ucosii_q2//libucosii_bsp.a(alt_dev.o)
 .bss           0x000af008        0x0 ../../bsp/mpsoc_hello_ucosii_q2//libucosii_bsp.a(alt_errno.o)
 .bss           0x000af008        0x0 ../../bsp/mpsoc_hello_ucosii_q2//libucosii_bsp.a(alt_fstat.o)
 .bss           0x000af008        0x0 ../../bsp/mpsoc_hello_ucosii_q2//libucosii_bsp.a(alt_isatty.o)
 .bss           0x000af008        0x0 ../../bsp/mpsoc_hello_ucosii_q2//libucosii_bsp.a(alt_load.o)
 .bss           0x000af008        0x0 ../../bsp/mpsoc_hello_ucosii_q2//libucosii_bsp.a(alt_lseek.o)
 .bss           0x000af008        0x0 ../../bsp/mpsoc_hello_ucosii_q2//libucosii_bsp.a(alt_main.o)
 .bss           0x000af008        0x0 ../../bsp/mpsoc_hello_ucosii_q2//libucosii_bsp.a(alt_read.o)
 .bss           0x000af008        0x0 ../../bsp/mpsoc_hello_ucosii_q2//libucosii_bsp.a(alt_release_fd.o)
 .bss           0x000af008        0x0 ../../bsp/mpsoc_hello_ucosii_q2//libucosii_bsp.a(alt_sbrk.o)
 .bss           0x000af008        0x0 ../../bsp/mpsoc_hello_ucosii_q2//libucosii_bsp.a(alt_tick.o)
 .bss           0x000af008        0x0 ../../bsp/mpsoc_hello_ucosii_q2//libucosii_bsp.a(alt_write.o)
 .bss           0x000af008        0x0 ../../bsp/mpsoc_hello_ucosii_q2//libucosii_bsp.a(alt_env_lock.o)
 .bss           0x000af008        0x0 ../../bsp/mpsoc_hello_ucosii_q2//libucosii_bsp.a(alt_malloc_lock.o)
 .bss           0x000af008        0x0 ../../bsp/mpsoc_hello_ucosii_q2//libucosii_bsp.a(os_core.o)
 .bss           0x000af008        0x0 ../../bsp/mpsoc_hello_ucosii_q2//libucosii_bsp.a(os_dbg.o)
 .bss           0x000af008        0x0 ../../bsp/mpsoc_hello_ucosii_q2//libucosii_bsp.a(os_flag.o)
 .bss           0x000af008        0x0 ../../bsp/mpsoc_hello_ucosii_q2//libucosii_bsp.a(os_mem.o)
 .bss           0x000af008        0x0 ../../bsp/mpsoc_hello_ucosii_q2//libucosii_bsp.a(os_q.o)
 .bss           0x000af008        0x0 ../../bsp/mpsoc_hello_ucosii_q2//libucosii_bsp.a(os_sem.o)
 .bss           0x000af008        0x0 ../../bsp/mpsoc_hello_ucosii_q2//libucosii_bsp.a(os_task.o)
 .bss           0x000af008        0x0 ../../bsp/mpsoc_hello_ucosii_q2//libucosii_bsp.a(os_time.o)
 .bss           0x000af008        0x0 ../../bsp/mpsoc_hello_ucosii_q2//libucosii_bsp.a(os_tmr.o)
 .bss           0x000af008        0x0 ../../bsp/mpsoc_hello_ucosii_q2//libucosii_bsp.a(alt_sys_init.o)
 .bss           0x000af008        0x0 ../../bsp/mpsoc_hello_ucosii_q2//libucosii_bsp.a(altera_avalon_jtag_uart_fd.o)
 .bss           0x000af008        0x0 ../../bsp/mpsoc_hello_ucosii_q2//libucosii_bsp.a(altera_avalon_jtag_uart_init.o)
 .bss           0x000af008        0x0 ../../bsp/mpsoc_hello_ucosii_q2//libucosii_bsp.a(altera_avalon_jtag_uart_ioctl.o)
 .bss           0x000af008        0x0 ../../bsp/mpsoc_hello_ucosii_q2//libucosii_bsp.a(altera_avalon_jtag_uart_read.o)
 .bss           0x000af008        0x0 ../../bsp/mpsoc_hello_ucosii_q2//libucosii_bsp.a(altera_avalon_jtag_uart_write.o)
 .bss           0x000af008        0x0 ../../bsp/mpsoc_hello_ucosii_q2//libucosii_bsp.a(altera_avalon_mutex.o)
 .bss           0x000af008        0x0 ../../bsp/mpsoc_hello_ucosii_q2//libucosii_bsp.a(altera_avalon_timer_sc.o)
 .bss           0x000af008        0x0 ../../bsp/mpsoc_hello_ucosii_q2//libucosii_bsp.a(alt_dcache_flush_all.o)
 .bss           0x000af008        0x0 ../../bsp/mpsoc_hello_ucosii_q2//libucosii_bsp.a(alt_dev_llist_insert.o)
 .bss           0x000af008        0x0 ../../bsp/mpsoc_hello_ucosii_q2//libucosii_bsp.a(alt_do_ctors.o)
 .bss           0x000af008        0x0 ../../bsp/mpsoc_hello_ucosii_q2//libucosii_bsp.a(alt_do_dtors.o)
 .bss           0x000af008        0x0 ../../bsp/mpsoc_hello_ucosii_q2//libucosii_bsp.a(alt_find_dev.o)
 .bss           0x000af008        0x0 ../../bsp/mpsoc_hello_ucosii_q2//libucosii_bsp.a(alt_icache_flush_all.o)
 .bss           0x000af008        0x0 ../../bsp/mpsoc_hello_ucosii_q2//libucosii_bsp.a(alt_io_redirect.o)
 .bss           0x000af008        0x0 ../../bsp/mpsoc_hello_ucosii_q2//libucosii_bsp.a(alt_irq_register.o)
 .bss           0x000af008        0x0 ../../bsp/mpsoc_hello_ucosii_q2//libucosii_bsp.a(alt_irq_vars.o)
 .bss           0x000af008        0x0 ../../bsp/mpsoc_hello_ucosii_q2//libucosii_bsp.a(alt_open.o)
 .bss           0x000af008        0x0 ../../bsp/mpsoc_hello_ucosii_q2//libucosii_bsp.a(altera_nios2_qsys_irq.o)
 .bss           0x000af008        0x0 ../../bsp/mpsoc_hello_ucosii_q2//libucosii_bsp.a(os_cpu_a.o)
 .bss           0x000af008        0x0 ../../bsp/mpsoc_hello_ucosii_q2//libucosii_bsp.a(os_cpu_c.o)
 .bss           0x000af008        0x0 ../../bsp/mpsoc_hello_ucosii_q2//libucosii_bsp.a(alt_find_file.o)
 .bss           0x000af008        0x0 ../../bsp/mpsoc_hello_ucosii_q2//libucosii_bsp.a(alt_get_fd.o)
 .bss           0x000af008        0x0 ../../bsp/mpsoc_hello_ucosii_q2//libucosii_bsp.a(alt_irq_entry.o)
 .bss           0x000af008        0x0 ../../bsp/mpsoc_hello_ucosii_q2//libucosii_bsp.a(alt_irq_handler.o)
 .bss           0x000af008        0x0 ../../bsp/mpsoc_hello_ucosii_q2//libucosii_bsp.a(alt_exception_entry.o)
 .bss           0x000af008        0x0 /opt/altera/13.0sp1/nios2eds/bin/gnu/H-i686-pc-linux-gnu/bin/../lib/gcc/nios2-elf/4.1.2/../../../../nios2-elf/lib/mno-hw-mul/libc.a(lib_a-atexit.o)
 .bss           0x000af008        0x0 /opt/altera/13.0sp1/nios2eds/bin/gnu/H-i686-pc-linux-gnu/bin/../lib/gcc/nios2-elf/4.1.2/../../../../nios2-elf/lib/mno-hw-mul/libc.a(lib_a-exit.o)
 .bss           0x000af008        0x0 /opt/altera/13.0sp1/nios2eds/bin/gnu/H-i686-pc-linux-gnu/bin/../lib/gcc/nios2-elf/4.1.2/../../../../nios2-elf/lib/mno-hw-mul/libc.a(lib_a-memcmp.o)
 .bss           0x000af008        0x0 /opt/altera/13.0sp1/nios2eds/bin/gnu/H-i686-pc-linux-gnu/bin/../lib/gcc/nios2-elf/4.1.2/../../../../nios2-elf/lib/mno-hw-mul/libc.a(lib_a-__atexit.o)
 .bss           0x000af008        0x0 /opt/altera/13.0sp1/nios2eds/bin/gnu/H-i686-pc-linux-gnu/bin/../lib/gcc/nios2-elf/4.1.2/../../../../nios2-elf/lib/mno-hw-mul/libc.a(lib_a-__call_atexit.o)
 .bss           0x000af008        0x0 /opt/altera/13.0sp1/nios2eds/bin/gnu/H-i686-pc-linux-gnu/bin/../lib/gcc/nios2-elf/4.1.2/mno-hw-mul/libgcc.a(_fixunsdfsi.o)
 .bss           0x000af008        0x0 ../../bsp/mpsoc_hello_ucosii_q2//libucosii_bsp.a(alt_exit.o)
 *(COMMON)
 COMMON         0x000af008     0x803c obj/default/src/hello_ucosii.o
                0x000af008                task1_stk
                0x000b1008                QMsgTbl
                0x000b1044                task2_stk
                0x000b3044                task3_stk
                0x000b5044                StartTask_Stack
 COMMON         0x000b7044     0x3d74 ../../bsp/mpsoc_hello_ucosii_q2//libucosii_bsp.a(os_core.o)
                0x000b7044                OSTmrWheelTbl
                0x000b7054                OSFlagTbl
                0x000b73c4                OSTmrTbl
                0x000b7704                OSMemTbl
                0x000b8334                OSTaskStatStk
                0x000b8b34                OSQTbl
                0x000b8d14                OSTmrTaskStk
                0x000b9514                OSTaskIdleStk
                0x000b9d14                OSEventTbl
                0x000ba854                OSTCBTbl
                0x000bad64                OSTCBPrioTbl
 COMMON         0x000badb8      0x100 ../../bsp/mpsoc_hello_ucosii_q2//libucosii_bsp.a(alt_irq_handler.o)
                0x000badb8                alt_irq
 COMMON         0x000baeb8      0x190 /opt/altera/13.0sp1/nios2eds/bin/gnu/H-i686-pc-linux-gnu/bin/../lib/gcc/nios2-elf/4.1.2/../../../../nios2-elf/lib/mno-hw-mul/libc.a(lib_a-atexit.o)
                0x000baeb8                _atexit0
                0x000bb048                . = ALIGN (0x4)
                0x000bb048                __bss_end = ABSOLUTE (.)

.sram           0x000bb048        0x0
                0x000bb048                PROVIDE (_alt_partition_sram_start, ABSOLUTE (.))
 *(.sram. sram.*)
                0x000bb048                . = ALIGN (0x4)
                0x000bb048                PROVIDE (_alt_partition_sram_end, ABSOLUTE (.))
                0x000bb048                _end = ABSOLUTE (.)
                0x000bb048                end = ABSOLUTE (.)
                0x000bb048                __alt_stack_base = ABSOLUTE (.)
                0x000bb048                PROVIDE (_alt_partition_sram_load_addr, LOADADDR (.sram))

.shared_onchip  0x00102000        0x0 load address 0x000bb048
                0x00102000                PROVIDE (_alt_partition_shared_onchip_start, ABSOLUTE (.))
 *(.shared_onchip. shared_onchip.*)
                0x00102000                . = ALIGN (0x4)
                0x00102000                PROVIDE (_alt_partition_shared_onchip_end, ABSOLUTE (.))
                0x000bb048                PROVIDE (_alt_partition_shared_onchip_load_addr, LOADADDR (.shared_onchip))

.sdram          0x01000000        0x0 load address 0x000bb048
                0x01000000                PROVIDE (_alt_partition_sdram_start, ABSOLUTE (.))
 *(.sdram. sdram.*)
                0x01000000                . = ALIGN (0x4)
                0x01000000                PROVIDE (_alt_partition_sdram_end, ABSOLUTE (.))
                0x000bb048                PROVIDE (_alt_partition_sdram_load_addr, LOADADDR (.sdram))

.stab
 *(.stab)

.stabstr
 *(.stabstr)

.stab.excl
 *(.stab.excl)

.stab.exclstr
 *(.stab.exclstr)

.stab.index
 *(.stab.index)

.stab.indexstr
 *(.stab.indexstr)

.comment        0x00000000       0x26
 *(.comment)
 .comment       0x00000000       0x26 obj/default/src/hello_ucosii.o
                                 0x27 (size before relaxing)
 .comment       0x00000000       0x27 obj/default/src/imageProcessing.o
 .comment       0x00000000       0x27 /opt/altera/13.0sp1/nios2eds/bin/gnu/H-i686-pc-linux-gnu/bin/../lib/gcc/nios2-elf/4.1.2/mno-hw-mul/libgcc.a(_div_df.o)