Archive member included because of file (symbol)

/opt/altera/13.0sp1/nios2eds/bin/gnu/H-i686-pc-linux-gnu/bin/../lib/gcc/nios2-elf/4.1.2/mno-hw-mul/libgcc.a(lib2-divmod.o)
                              obj/default/src_0/cpu_0.o (__divsi3)
/opt/altera/13.0sp1/nios2eds/bin/gnu/H-i686-pc-linux-gnu/bin/../lib/gcc/nios2-elf/4.1.2/mno-hw-mul/libgcc.a(lib2-mul.o)
                              obj/default/src_0/cpu_0.o (__mulsi3)
/opt/altera/13.0sp1/nios2eds/bin/gnu/H-i686-pc-linux-gnu/bin/../lib/gcc/nios2-elf/4.1.2/../../../../nios2-elf/lib/mno-hw-mul/libc.a(lib_a-malloc.o)
                              obj/default/src_0/cpu_0.o (malloc)
/opt/altera/13.0sp1/nios2eds/bin/gnu/H-i686-pc-linux-gnu/bin/../lib/gcc/nios2-elf/4.1.2/../../../../nios2-elf/lib/mno-hw-mul/libc.a(lib_a-mallocr.o)
                              /opt/altera/13.0sp1/nios2eds/bin/gnu/H-i686-pc-linux-gnu/bin/../lib/gcc/nios2-elf/4.1.2/../../../../nios2-elf/lib/mno-hw-mul/libc.a(lib_a-malloc.o) (_malloc_r)
/opt/altera/13.0sp1/nios2eds/bin/gnu/H-i686-pc-linux-gnu/bin/../lib/gcc/nios2-elf/4.1.2/../../../../nios2-elf/lib/mno-hw-mul/libc.a(lib_a-printf.o)
                              obj/default/src_0/cpu_0.o (printf)
/opt/altera/13.0sp1/nios2eds/bin/gnu/H-i686-pc-linux-gnu/bin/../lib/gcc/nios2-elf/4.1.2/../../../../nios2-elf/lib/mno-hw-mul/libc.a(lib_a-putchar.o)
                              obj/default/src_0/cpu_0.o (putchar)
/opt/altera/13.0sp1/nios2eds/bin/gnu/H-i686-pc-linux-gnu/bin/../lib/gcc/nios2-elf/4.1.2/../../../../nios2-elf/lib/mno-hw-mul/libc.a(lib_a-puts.o)
                              obj/default/src_0/cpu_0.o (puts)
/opt/altera/13.0sp1/nios2eds/bin/gnu/H-i686-pc-linux-gnu/bin/../lib/gcc/nios2-elf/4.1.2/../../../../nios2-elf/lib/mno-hw-mul/libc.a(lib_a-sbrkr.o)
                              /opt/altera/13.0sp1/nios2eds/bin/gnu/H-i686-pc-linux-gnu/bin/../lib/gcc/nios2-elf/4.1.2/../../../../nios2-elf/lib/mno-hw-mul/libc.a(lib_a-mallocr.o) (_sbrk_r)
/opt/altera/13.0sp1/nios2eds/bin/gnu/H-i686-pc-linux-gnu/bin/../lib/gcc/nios2-elf/4.1.2/../../../../nios2-elf/lib/mno-hw-mul/libc.a(lib_a-strlen.o)
                              /opt/altera/13.0sp1/nios2eds/bin/gnu/H-i686-pc-linux-gnu/bin/../lib/gcc/nios2-elf/4.1.2/../../../../nios2-elf/lib/mno-hw-mul/libc.a(lib_a-puts.o) (strlen)
/opt/altera/13.0sp1/nios2eds/bin/gnu/H-i686-pc-linux-gnu/bin/../lib/gcc/nios2-elf/4.1.2/../../../../nios2-elf/lib/mno-hw-mul/libc.a(lib_a-vfprintf.o)
                              /opt/altera/13.0sp1/nios2eds/bin/gnu/H-i686-pc-linux-gnu/bin/../lib/gcc/nios2-elf/4.1.2/../../../../nios2-elf/lib/mno-hw-mul/libc.a(lib_a-printf.o) (___vfprintf_internal_r)
/opt/altera/13.0sp1/nios2eds/bin/gnu/H-i686-pc-linux-gnu/bin/../lib/gcc/nios2-elf/4.1.2/../../../../nios2-elf/lib/mno-hw-mul/libc.a(lib_a-wsetup.o)
                              /opt/altera/13.0sp1/nios2eds/bin/gnu/H-i686-pc-linux-gnu/bin/../lib/gcc/nios2-elf/4.1.2/../../../../nios2-elf/lib/mno-hw-mul/libc.a(lib_a-vfprintf.o) (__swsetup_r)
/opt/altera/13.0sp1/nios2eds/bin/gnu/H-i686-pc-linux-gnu/bin/../lib/gcc/nios2-elf/4.1.2/../../../../nios2-elf/lib/mno-hw-mul/libc.a(lib_a-dtoa.o)
                              /opt/altera/13.0sp1/nios2eds/bin/gnu/H-i686-pc-linux-gnu/bin/../lib/gcc/nios2-elf/4.1.2/../../../../nios2-elf/lib/mno-hw-mul/libc.a(lib_a-vfprintf.o) (_dtoa_r)
/opt/altera/13.0sp1/nios2eds/bin/gnu/H-i686-pc-linux-gnu/bin/../lib/gcc/nios2-elf/4.1.2/../../../../nios2-elf/lib/mno-hw-mul/libc.a(lib_a-fflush.o)
                              /opt/altera/13.0sp1/nios2eds/bin/gnu/H-i686-pc-linux-gnu/bin/../lib/gcc/nios2-elf/4.1.2/../../../../nios2-elf/lib/mno-hw-mul/libc.a(lib_a-vfprintf.o) (_fflush_r)
/opt/altera/13.0sp1/nios2eds/bin/gnu/H-i686-pc-linux-gnu/bin/../lib/gcc/nios2-elf/4.1.2/../../../../nios2-elf/lib/mno-hw-mul/libc.a(lib_a-findfp.o)
                              /opt/altera/13.0sp1/nios2eds/bin/gnu/H-i686-pc-linux-gnu/bin/../lib/gcc/nios2-elf/4.1.2/../../../../nios2-elf/lib/mno-hw-mul/libc.a(lib_a-vfprintf.o) (__sinit)
/opt/altera/13.0sp1/nios2eds/bin/gnu/H-i686-pc-linux-gnu/bin/../lib/gcc/nios2-elf/4.1.2/../../../../nios2-elf/lib/mno-hw-mul/libc.a(lib_a-freer.o)
                              /opt/altera/13.0sp1/nios2eds/bin/gnu/H-i686-pc-linux-gnu/bin/../lib/gcc/nios2-elf/4.1.2/../../../../nios2-elf/lib/mno-hw-mul/libc.a(lib_a-malloc.o) (_free_r)
/opt/altera/13.0sp1/nios2eds/bin/gnu/H-i686-pc-linux-gnu/bin/../lib/gcc/nios2-elf/4.1.2/../../../../nios2-elf/lib/mno-hw-mul/libc.a(lib_a-fvwrite.o)
                              /opt/altera/13.0sp1/nios2eds/bin/gnu/H-i686-pc-linux-gnu/bin/../lib/gcc/nios2-elf/4.1.2/../../../../nios2-elf/lib/mno-hw-mul/libc.a(lib_a-puts.o) (__sfvwrite_r)
/opt/altera/13.0sp1/nios2eds/bin/gnu/H-i686-pc-linux-gnu/bin/../lib/gcc/nios2-elf/4.1.2/../../../../nios2-elf/lib/mno-hw-mul/libc.a(lib_a-fwalk.o)
[...]
Memory Configuration

Name             Origin             Length             Attributes
reset            0x00080000         0x00000020
sram             0x00080020         0x0007ffe0
shared_onchip    0x00102000         0x00002000
sdram            0x01000000         0x00800000
*default*        0x00000000         0xffffffff

Linker script and memory map

LOAD ../../bsp/lab2//obj/HAL/src/crt0.o
LOAD obj/default/src_0/cpu_0.o
LOAD /opt/altera/13.0sp1/nios2eds/bin/gnu/H-i686-pc-linux-gnu/bin/../lib/gcc/nios2-elf/4.1.2/../../../../nios2-elf/lib/mno-hw-mul/libstdc++.a
LOAD /opt/altera/13.0sp1/nios2eds/bin/gnu/H-i686-pc-linux-gnu/bin/../lib/gcc/nios2-elf/4.1.2/../../../../nios2-elf/lib/mno-hw-mul/libm.a
LOAD /opt/altera/13.0sp1/nios2eds/bin/gnu/H-i686-pc-linux-gnu/bin/../lib/gcc/nios2-elf/4.1.2/mno-hw-mul/libgcc.a
START GROUP
LOAD /opt/altera/13.0sp1/nios2eds/bin/gnu/H-i686-pc-linux-gnu/bin/../lib/gcc/nios2-elf/4.1.2/../../../../nios2-elf/lib/mno-hw-mul/libc.a
LOAD /opt/altera/13.0sp1/nios2eds/bin/gnu/H-i686-pc-linux-gnu/bin/../lib/gcc/nios2-elf/4.1.2/mno-hw-mul/libgcc.a
LOAD ../../bsp/lab2//libucosii_bsp.a
END GROUP
LOAD /opt/altera/13.0sp1/nios2eds/bin/gnu/H-i686-pc-linux-gnu/bin/../lib/gcc/nios2-elf/4.1.2/mno-hw-mul/libgcc.a
                0x00080000                __alt_mem_sram = 0x80000
                0x00102000                __alt_mem_shared_onchip = 0x102000
                0x01000000                __alt_mem_sdram = 0x1000000

.entry          0x00080000       0x20
 *(.entry)
 .entry         0x00080000       0x20 ../../bsp/lab2//obj/HAL/src/crt0.o
                0x00080000                __reset

.exceptions     0x00080020      0x12c
                0x00080020                PROVIDE (__ram_exceptions_start, ABSOLUTE (.))
                0x00080020                . = ALIGN (0x20)
 *(.irq)
 *(.exceptions.entry.label)
 .exceptions.entry.label
                0x00080020        0x0 ../../bsp/lab2//libucosii_bsp.a(alt_irq_entry.o)
                0x00080020                alt_irq_entry
 .exceptions.entry.label
                0x00080020        0x0 ../../bsp/lab2//libucosii_bsp.a(alt_exception_entry.o)
                0x00080020                alt_exception
 *(.exceptions.entry.user)
 *(.exceptions.entry)
 .exceptions.entry
                0x00080020       0x54 ../../bsp/lab2//libucosii_bsp.a(alt_exception_entry.o)
 *(.exceptions.irqtest.user)
 *(.exceptions.irqtest)
 .exceptions.irqtest
                0x00080074       0x10 ../../bsp/lab2//libucosii_bsp.a(alt_irq_entry.o)
 *(.exceptions.irqhandler.user)
 *(.exceptions.irqhandler)
 .exceptions.irqhandler
                0x00080084        0x4 ../../bsp/lab2//libucosii_bsp.a(alt_irq_entry.o)
 *(.exceptions.irqreturn.user)
 *(.exceptions.irqreturn)
 .exceptions.irqreturn
                0x00080088        0x4 ../../bsp/lab2//libucosii_bsp.a(alt_irq_entry.o)
 *(.exceptions.notirq.label)
 .exceptions.notirq.label
                0x0008008c        0x0 ../../bsp/lab2//libucosii_bsp.a(alt_irq_entry.o)
 *(.exceptions.notirq.user)
 *(.exceptions.notirq)
 .exceptions.notirq
                0x0008008c        0x8 ../../bsp/lab2//libucosii_bsp.a(alt_exception_entry.o)
 *(.exceptions.soft.user)
 *(.exceptions.soft)
 *(.exceptions.unknown.user)
 *(.exceptions.unknown)
 .exceptions.unknown
                0x00080094        0x4 ../../bsp/lab2//libucosii_bsp.a(alt_exception_entry.o)
 *(.exceptions.exit.label)
 .exceptions.exit.label
                0x00080098        0x0 ../../bsp/lab2//libucosii_bsp.a(alt_irq_entry.o)
 .exceptions.exit.label
                0x00080098        0x0 ../../bsp/lab2//libucosii_bsp.a(alt_exception_entry.o)
 *(.exceptions.exit.user)
 *(.exceptions.exit)
 .exceptions.exit
                0x00080098       0x54 ../../bsp/lab2//libucosii_bsp.a(alt_exception_entry.o)
 *(.exceptions)
 .exceptions    0x000800ec       0x60 ../../bsp/lab2//libucosii_bsp.a(alt_irq_handler.o)
                0x000800ec                alt_irq_handler
                0x0008014c                PROVIDE (__ram_exceptions_end, ABSOLUTE (.))
                0x00080020                PROVIDE (__flash_exceptions_start, LOADADDR (.exceptions))

.text           0x0008014c    0x114c4
                0x0008014c                PROVIDE (stext, ABSOLUTE (.))
 *(.interp)
 *(.hash)
 *(.dynsym)
 *(.dynstr)
 *(.gnu.version)
 *(.gnu.version_d)
 *(.gnu.version_r)
 *(.rel.init)
 *(.rela.init)
 *(.rel.text .rel.text.* .rel.gnu.linkonce.t.*)
 *(.rela.text .rela.text.* .rela.gnu.linkonce.t.*)
 *(.rel.fini)
 *(.rela.fini)
 *(.rel.rodata .rel.rodata.* .rel.gnu.linkonce.r.*)
 *(.rela.rodata .rela.rodata.* .rela.gnu.linkonce.r.*)
 *(.rel.data .rel.data.* .rel.gnu.linkonce.d.*)
 *(.rela.data .rela.data.* .rela.gnu.linkonce.d.*)
 *(.rel.tdata .rel.tdata.* .rel.gnu.linkonce.td.*)
 *(.rela.tdata .rela.tdata.* .rela.gnu.linkonce.td.*)
 *(.rel.tbss .rel.tbss.* .rel.gnu.linkonce.tb.*)
 *(.rela.tbss .rela.tbss.* .rela.gnu.linkonce.tb.*)
 *(.rel.ctors)
 *(.rela.ctors)
 *(.rel.dtors)
 *(.rela.dtors)
 *(.rel.got)
 *(.rela.got)
 *(.rel.sdata .rel.sdata.* .rel.gnu.linkonce.s.*)
 *(.rela.sdata .rela.sdata.* .rela.gnu.linkonce.s.*)
 *(.rel.sbss .rel.sbss.* .rel.gnu.linkonce.sb.*)
 *(.rela.sbss .rela.sbss.* .rela.gnu.linkonce.sb.*)
 *(.rel.sdata2 .rel.sdata2.* .rel.gnu.linkonce.s2.*)
 *(.rela.sdata2 .rela.sdata2.* .rela.gnu.linkonce.s2.*)
 *(.rel.sbss2 .rel.sbss2.* .rel.gnu.linkonce.sb2.*)
 *(.rela.sbss2 .rela.sbss2.* .rela.gnu.linkonce.sb2.*)
 *(.rel.bss .rel.bss.* .rel.gnu.linkonce.b.*)
 *(.rela.bss .rela.bss.* .rela.gnu.linkonce.b.*)
 *(.rel.plt)
 *(.rela.plt)
 *(.rel.dyn)
 *(.init)
 *(.plt)
 *(.text .stub .text.* .gnu.linkonce.t.*)
 .text          0x0008014c       0x3c ../../bsp/lab2//obj/HAL/src/crt0.o
                0x0008014c                _start
 .text          0x00080188      0x47c obj/default/src_0/cpu_0.o
                0x00080188                Grayscale
                0x00080214                resize
                0x0008033c                printAsciiHidden
                0x0008044c                printAscii
                0x00080508                taskAsciiSDF
                0x00080514                main
 .text          0x00080604      0x14c /opt/altera/13.0sp1/nios2eds/bin/gnu/H-i686-pc-linux-gnu/bin/../lib/gcc/nios2-elf/4.1.2/mno-hw-mul/libgcc.a(lib2-divmod.o)
                0x00080680                __divsi3
                0x000806e0                __modsi3
                0x00080740                __udivsi3
                0x00080748                __umodsi3
 .text          0x00080750       0x38 /opt/altera/13.0sp1/nios2eds/bin/gnu/H-i686-pc-linux-gnu/bin/../lib/gcc/nios2-elf/4.1.2/mno-hw-mul/libgcc.a(lib2-mul.o)
                0x00080750                __mulsi3
 .text          0x00080788       0x28 /opt/altera/13.0sp1/nios2eds/bin/gnu/H-i686-pc-linux-gnu/bin/../lib/gcc/nios2-elf/4.1.2/../../../../nios2-elf/lib/mno-hw-mul/libc.a(lib_a-malloc.o)
                0x00080788                free
                0x0008079c                malloc
 .text          0x000807b0      0x740 /opt/altera/13.0sp1/nios2eds/bin/gnu/H-i686-pc-linux-gnu/bin/../lib/gcc/nios2-elf/4.1.2/../../../../nios2-elf/lib/mno-hw-mul/libc.a(lib_a-mallocr.o)
                0x000807b0                _malloc_r
 .text          0x00080ef0       0x78 /opt/altera/13.0sp1/nios2eds/bin/gnu/H-i686-pc-linux-gnu/bin/../lib/gcc/nios2-elf/4.1.2/../../../../nios2-elf/lib/mno-hw-mul/libc.a(lib_a-printf.o)
                0x00080ef0                printf
                0x00080f34                _printf_r
 .text          0x00080f68       0x24 /opt/altera/13.0sp1/nios2eds/bin/gnu/H-i686-pc-linux-gnu/bin/../lib/gcc/nios2-elf/4.1.2/../../../../nios2-elf/lib/mno-hw-mul/libc.a(lib_a-putchar.o)
                0x00080f68                putchar
                0x00080f84                _putchar_r
 .text          0x00080f8c       0xb4 /opt/altera/13.0sp1/nios2eds/bin/gnu/H-i686-pc-linux-gnu/bin/../lib/gcc/nios2-elf/4.1.2/../../../../nios2-elf/lib/mno-hw-mul/libc.a(lib_a-puts.o)
                0x00080f8c                _puts_r
                0x0008102c                puts
 .text          0x00081040       0x70 /opt/altera/13.0sp1/nios2eds/bin/gnu/H-i686-pc-linux-gnu/bin/../lib/gcc/nios2-elf/4.1.2/../../../../nios2-elf/lib/mno-hw-mul/libc.a(lib_a-sbrkr.o)
                0x00081040                _sbrk_r
 .text          0x000810b0       0x74 /opt/altera/13.0sp1/nios2eds/bin/gnu/H-i686-pc-linux-gnu/bin/../lib/gcc/nios2-elf/4.1.2/../../../../nios2-elf/lib/mno-hw-mul/libc.a(lib_a-strlen.o)
                0x000810b0                strlen
 .text          0x00081124     0x1f40 /opt/altera/13.0sp1/nios2eds/bin/gnu/H-i686-pc-linux-gnu/bin/../lib/gcc/nios2-elf/4.1.2/../../../../nios2-elf/lib/mno-hw-mul/libc.a(lib_a-vfprintf.o)
                0x0008117c                ___vfprintf_internal_r
                0x00083040                __vfprintf_internal
 .text          0x00083064      0x13c /opt/altera/13.0sp1/nios2eds/bin/gnu/H-i686-pc-linux-gnu/bin/../lib/gcc/nios2-elf/4.1.2/../../../../nios2-elf/lib/mno-hw-mul/libc.a(lib_a-wsetup.o)
                0x00083064                __swsetup_r
 .text          0x000831a0     0x17f8 /opt/altera/13.0sp1/nios2eds/bin/gnu/H-i686-pc-linux-gnu/bin/../lib/gcc/nios2-elf/4.1.2/../../../../nios2-elf/lib/mno-hw-mul/libc.a(lib_a-dtoa.o)
                0x000833e4                _dtoa_r
 .text          0x00084998      0x230 /opt/altera/13.0sp1/nios2eds/bin/gnu/H-i686-pc-linux-gnu/bin/../lib/gcc/nios2-elf/4.1.2/../../../../nios2-elf/lib/mno-hw-mul/libc.a(lib_a-fflush.o)
                0x00084998                _fflush_r
                0x00084b94                fflush
 .text          0x00084bc8      0x2f4 /opt/altera/13.0sp1/nios2eds/bin/gnu/H-i686-pc-linux-gnu/bin/../lib/gcc/nios2-elf/4.1.2/../../../../nios2-elf/lib/mno-hw-mul/libc.a(lib_a-findfp.o)
                0x00084c20                __sfp_lock_acquire
                0x00084c24                __sfp_lock_release
                0x00084c28                __sinit_lock_acquire
                0x00084c2c                __sinit_lock_release
                0x00084c30                __sinit
                0x00084ce4                __fp_unlock_all
                0x00084cfc                __fp_lock_all
                0x00084d14                _cleanup_r
                0x00084d20                _cleanup
                0x00084d30                __sfmoreglue
                0x00084dcc                __sfp
 .text          0x00084ebc      0x440 /opt/altera/13.0sp1/nios2eds/bin/gnu/H-i686-pc-linux-gnu/bin/../lib/gcc/nios2-elf/4.1.2/../../../../nios2-elf/lib/mno-hw-mul/libc.a(lib_a-freer.o)
                0x00084ebc                _malloc_trim_r
                0x00084fe8                _free_r
 .text          0x000852fc      0x49c /opt/altera/13.0sp1/nios2eds/bin/gnu/H-i686-pc-linux-gnu/bin/../lib/gcc/nios2-elf/4.1.2/../../../../nios2-elf/lib/mno-hw-mul/libc.a(lib_a-fvwrite.o)
                0x000852fc                __sfvwrite_r
 .text          0x00085798      0x180 /opt/altera/13.0sp1/nios2eds/bin/gnu/H-i686-pc-linux-gnu/bin/../lib/gcc/nios2-elf/4.1.2/../../../../nios2-elf/lib/mno-hw-mul/libc.a(lib_a-fwalk.o)
                0x00085798                _fwalk_reent
                0x00085860                _fwalk
 .text          0x00085918        0x0 /opt/altera/13.0sp1/nios2eds/bin/gnu/H-i686-pc-linux-gnu/bin/../lib/gcc/nios2-elf/4.1.2/../../../../nios2-elf/lib/mno-hw-mul/libc.a(lib_a-impure.o)
 .text          0x00085918        0x0 /opt/altera/13.0sp1/nios2eds/bin/gnu/H-i686-pc-linux-gnu/bin/../lib/gcc/nios2-elf/4.1.2/../../../../nios2-elf/lib/mno-hw-mul/libc.a(lib_a-int_errno.o)
 .text          0x00085918       0xc4 /opt/altera/13.0sp1/nios2eds/bin/gnu/H-i686-pc-linux-gnu/bin/../lib/gcc/nios2-elf/4.1.2/../../../../nios2-elf/lib/mno-hw-mul/libc.a(lib_a-locale.o)
                0x00085918                __locale_charset
                0x00085920                _localeconv_r
                0x0008592c                localeconv
                0x0008593c                _setlocale_r
                0x000859c0                setlocale
 .text          0x000859dc      0x194 /opt/altera/13.0sp1/nios2eds/bin/gnu/H-i686-pc-linux-gnu/bin/../lib/gcc/nios2-elf/4.1.2/../../../../nios2-elf/lib/mno-hw-mul/libc.a(lib_a-makebuf.o)
                0x000859dc                __smakebuf_r
 .text          0x00085b70       0xe4 /opt/altera/13.0sp1/nios2eds/bin/gnu/H-i686-pc-linux-gnu/bin/../lib/gcc/nios2-elf/4.1.2/../../../../nios2-elf/lib/mno-hw-mul/libc.a(lib_a-memchr.o)
                0x00085b70                memchr
 .text          0x00085c54       0xa0 /opt/altera/13.0sp1/nios2eds/bin/gnu/H-i686-pc-linux-gnu/bin/../lib/gcc/nios2-elf/4.1.2/../../../../nios2-elf/lib/mno-hw-mul/libc.a(lib_a-memcpy.o)
                0x00085c54                memcpy
 .text          0x00085cf4       0xe0 /opt/altera/13.0sp1/nios2eds/bin/gnu/H-i686-pc-linux-gnu/bin/../lib/gcc/nios2-elf/4.1.2/../../../../nios2-elf/lib/mno-hw-mul/libc.a(lib_a-memmove.o)
                0x00085cf4                memmove
 .text          0x00085dd4       0x98 /opt/altera/13.0sp1/nios2eds/bin/gnu/H-i686-pc-linux-gnu/bin/../lib/gcc/nios2-elf/4.1.2/../../../../nios2-elf/lib/mno-hw-mul/libc.a(lib_a-memset.o)
                0x00085dd4                memset
 .text          0x00085e6c     0x108c /opt/altera/13.0sp1/nios2eds/bin/gnu/H-i686-pc-linux-gnu/bin/../lib/gcc/nios2-elf/4.1.2/../../../../nios2-elf/lib/mno-hw-mul/libc.a(lib_a-mprec.o)
                0x00085e6c                _Bfree
                0x00085e94                __hi0bits
                0x00085f04                __lo0bits
                0x00085fc8                __mcmp
                0x00086028                __ulp
                0x000860a8                __b2d
                0x000861c8                __ratio
                0x00086278                _mprec_log10
                0x0008630c                __copybits
                0x00086364                __any_on
                0x000863ec                _Balloc
                0x000864a8                __d2b
                0x00086624                __mdiff
                0x000867b0                __lshift
                0x000868fc                __multiply
                0x00086b50                __i2b
                0x00086b8c                __multadd
                0x00086cb8                __pow5mult
                0x00086dd8                __s2b
 .text          0x00086ef8      0x1ec /opt/altera/13.0sp1/nios2eds/bin/gnu/H-i686-pc-linux-gnu/bin/../lib/gcc/nios2-elf/4.1.2/../../../../nios2-elf/lib/mno-hw-mul/libc.a(lib_a-putc.o)
                0x00086ef8                putc
                0x00086ffc                _putc_r
 .text          0x000870e4      0x5f4 /opt/altera/13.0sp1/nios2eds/bin/gnu/H-i686-pc-linux-gnu/bin/../lib/gcc/nios2-elf/4.1.2/../../../../nios2-elf/lib/mno-hw-mul/libc.a(lib_a-reallocr.o)
                0x000870e4                _realloc_r
 .text          0x000876d8       0x40 /opt/altera/13.0sp1/nios2eds/bin/gnu/H-i686-pc-linux-gnu/bin/../lib/gcc/nios2-elf/4.1.2/../../../../nios2-elf/lib/mno-hw-mul/libc.a(lib_a-s_isinfd.o)
                0x000876d8                __isinfd
 .text          0x00087718       0x30 /opt/altera/13.0sp1/nios2eds/bin/gnu/H-i686-pc-linux-gnu/bin/../lib/gcc/nios2-elf/4.1.2/../../../../nios2-elf/lib/mno-hw-mul/libc.a(lib_a-s_isnand.o)
                0x00087718                __isnand
 .text          0x00087748      0x14c /opt/altera/13.0sp1/nios2eds/bin/gnu/H-i686-pc-linux-gnu/bin/../lib/gcc/nios2-elf/4.1.2/../../../../nios2-elf/lib/mno-hw-mul/libc.a(lib_a-stdio.o)
                0x00087748                __sclose
                0x00087750                __sseek
                0x000877b8                __swrite
                0x00087834                __sread
 .text          0x00087894       0xbc /opt/altera/13.0sp1/nios2eds/bin/gnu/H-i686-pc-linux-gnu/bin/../lib/gcc/nios2-elf/4.1.2/../../../../nios2-elf/lib/mno-hw-mul/libc.a(lib_a-strcmp.o)
                0x00087894                strcmp
 .text          0x00087950      0x14c /opt/altera/13.0sp1/nios2eds/bin/gnu/H-i686-pc-linux-gnu/bin/../lib/gcc/nios2-elf/4.1.2/../../../../nios2-elf/lib/mno-hw-mul/libc.a(lib_a-wbuf.o)
                0x00087950                __swbuf_r
                0x00087a80                __swbuf
 .text          0x00087a9c       0x78 /opt/altera/13.0sp1/nios2eds/bin/gnu/H-i686-pc-linux-gnu/bin/../lib/gcc/nios2-elf/4.1.2/../../../../nios2-elf/lib/mno-hw-mul/libc.a(lib_a-writer.o)
                0x00087a9c                _write_r
 .text          0x00087b14       0xc8 /opt/altera/13.0sp1/nios2eds/bin/gnu/H-i686-pc-linux-gnu/bin/../lib/gcc/nios2-elf/4.1.2/../../../../nios2-elf/lib/mno-hw-mul/libc.a(lib_a-callocr.o)
                0x00087b14                _calloc_r
 .text          0x00087bdc       0x70 /opt/altera/13.0sp1/nios2eds/bin/gnu/H-i686-pc-linux-gnu/bin/../lib/gcc/nios2-elf/4.1.2/../../../../nios2-elf/lib/mno-hw-mul/libc.a(lib_a-closer.o)
                0x00087bdc                _close_r
 .text          0x00087c4c      0x124 /opt/altera/13.0sp1/nios2eds/bin/gnu/H-i686-pc-linux-gnu/bin/../lib/gcc/nios2-elf/4.1.2/../../../../nios2-elf/lib/mno-hw-mul/libc.a(lib_a-fclose.o)
                0x00087c4c                _fclose_r
                0x00087d5c                fclose
 .text          0x00087d70       0x74 /opt/altera/13.0sp1/nios2eds/bin/gnu/H-i686-pc-linux-gnu/bin/../lib/gcc/nios2-elf/4.1.2/../../../../nios2-elf/lib/mno-hw-mul/libc.a(lib_a-fstatr.o)
                0x00087d70                _fstat_r
 .text          0x00087de4       0x70 /opt/altera/13.0sp1/nios2eds/bin/gnu/H-i686-pc-linux-gnu/bin/../lib/gcc/nios2-elf/4.1.2/../../../../nios2-elf/lib/mno-hw-mul/libc.a(lib_a-isattyr.o)
                0x00087de4                _isatty_r
 .text          0x00087e54       0x78 /opt/altera/13.0sp1/nios2eds/bin/gnu/H-i686-pc-linux-gnu/bin/../lib/gcc/nios2-elf/4.1.2/../../../../nios2-elf/lib/mno-hw-mul/libc.a(lib_a-lseekr.o)
                0x00087e54                _lseek_r
 .text          0x00087ecc       0x78 /opt/altera/13.0sp1/nios2eds/bin/gnu/H-i686-pc-linux-gnu/bin/../lib/gcc/nios2-elf/4.1.2/../../../../nios2-elf/lib/mno-hw-mul/libc.a(lib_a-readr.o)
                0x00087ecc                _read_r
 .text          0x00087f44      0x66c /opt/altera/13.0sp1/nios2eds/bin/gnu/H-i686-pc-linux-gnu/bin/../lib/gcc/nios2-elf/4.1.2/mno-hw-mul/libgcc.a(_udivdi3.o)
                0x00087f44                __udivdi3
 .text          0x000885b0      0x660 /opt/altera/13.0sp1/nios2eds/bin/gnu/H-i686-pc-linux-gnu/bin/../lib/gcc/nios2-elf/4.1.2/mno-hw-mul/libgcc.a(_umoddi3.o)
                0x000885b0                __umoddi3
 .text          0x00088c10      0x504 /opt/altera/13.0sp1/nios2eds/bin/gnu/H-i686-pc-linux-gnu/bin/../lib/gcc/nios2-elf/4.1.2/mno-hw-mul/libgcc.a(_addsub_df.o)
                0x00089020                __subdf3
                0x000890a0                __adddf3
 .text          0x00089114      0x3c4 /opt/altera/13.0sp1/nios2eds/bin/gnu/H-i686-pc-linux-gnu/bin/../lib/gcc/nios2-elf/4.1.2/mno-hw-mul/libgcc.a(_mul_df.o)
                0x00089114                __muldf3
 .text          0x000894d8      0x258 /opt/altera/13.0sp1/nios2eds/bin/gnu/H-i686-pc-linux-gnu/bin/../lib/gcc/nios2-elf/4.1.2/mno-hw-mul/libgcc.a(_div_df.o)
                0x000894d8                __divdf3
 .text          0x00089730       0x88 /opt/altera/13.0sp1/nios2eds/bin/gnu/H-i686-pc-linux-gnu/bin/../lib/gcc/nios2-elf/4.1.2/mno-hw-mul/libgcc.a(_eq_df.o)
                0x00089730                __eqdf2
 .text          0x000897b8       0x88 /opt/altera/13.0sp1/nios2eds/bin/gnu/H-i686-pc-linux-gnu/bin/../lib/gcc/nios2-elf/4.1.2/mno-hw-mul/libgcc.a(_ne_df.o)
                0x000897b8                __nedf2
 .text          0x00089840       0x88 /opt/altera/13.0sp1/nios2eds/bin/gnu/H-i686-pc-linux-gnu/bin/../lib/gcc/nios2-elf/4.1.2/mno-hw-mul/libgcc.a(_gt_df.o)
                0x00089840                __gtdf2
 .text          0x000898c8       0x88 /opt/altera/13.0sp1/nios2eds/bin/gnu/H-i686-pc-linux-gnu/bin/../lib/gcc/nios2-elf/4.1.2/mno-hw-mul/libgcc.a(_ge_df.o)
                0x000898c8                __gedf2
 .text          0x00089950       0x88 /opt/altera/13.0sp1/nios2eds/bin/gnu/H-i686-pc-linux-gnu/bin/../lib/gcc/nios2-elf/4.1.2/mno-hw-mul/libgcc.a(_lt_df.o)
                0x00089950                __ltdf2
 .text          0x000899d8       0xf8 /opt/altera/13.0sp1/nios2eds/bin/gnu/H-i686-pc-linux-gnu/bin/../lib/gcc/nios2-elf/4.1.2/mno-hw-mul/libgcc.a(_si_to_df.o)
                0x000899d8                __floatsidf
 .text          0x00089ad0       0xd8 /opt/altera/13.0sp1/nios2eds/bin/gnu/H-i686-pc-linux-gnu/bin/../lib/gcc/nios2-elf/4.1.2/mno-hw-mul/libgcc.a(_df_to_si.o)
                0x00089ad0                __fixdfsi
 .text          0x00089ba8        0x0 /opt/altera/13.0sp1/nios2eds/bin/gnu/H-i686-pc-linux-gnu/bin/../lib/gcc/nios2-elf/4.1.2/mno-hw-mul/libgcc.a(_thenan_df.o)
 .text          0x00089ba8      0x194 /opt/altera/13.0sp1/nios2eds/bin/gnu/H-i686-pc-linux-gnu/bin/../lib/gcc/nios2-elf/4.1.2/mno-hw-mul/libgcc.a(_usi_to_df.o)
                0x00089ba8                __floatunsidf
 .text          0x00089d3c      0x124 /opt/altera/13.0sp1/nios2eds/bin/gnu/H-i686-pc-linux-gnu/bin/../lib/gcc/nios2-elf/4.1.2/mno-hw-mul/libgcc.a(_muldi3.o)
                0x00089d3c                __muldi3
 .text          0x00089e60        0x0 /opt/altera/13.0sp1/nios2eds/bin/gnu/H-i686-pc-linux-gnu/bin/../lib/gcc/nios2-elf/4.1.2/mno-hw-mul/libgcc.a(_clz.o)
 .text          0x00089e60       0x80 /opt/altera/13.0sp1/nios2eds/bin/gnu/H-i686-pc-linux-gnu/bin/../lib/gcc/nios2-elf/4.1.2/mno-hw-mul/libgcc.a(_clzsi2.o)
                0x00089e60                __clzsi2
 .text          0x00089ee0      0x314 /opt/altera/13.0sp1/nios2eds/bin/gnu/H-i686-pc-linux-gnu/bin/../lib/gcc/nios2-elf/4.1.2/mno-hw-mul/libgcc.a(_pack_df.o)
                0x00089ee0                __pack_d
 .text          0x0008a1f4      0x138 /opt/altera/13.0sp1/nios2eds/bin/gnu/H-i686-pc-linux-gnu/bin/../lib/gcc/nios2-elf/4.1.2/mno-hw-mul/libgcc.a(_unpack_df.o)
                0x0008a1f4                __unpack_d
 .text          0x0008a32c       0xc8 /opt/altera/13.0sp1/nios2eds/bin/gnu/H-i686-pc-linux-gnu/bin/../lib/gcc/nios2-elf/4.1.2/mno-hw-mul/libgcc.a(_fpcmp_parts_df.o)
                0x0008a32c                __fpcmp_parts_d
 .text          0x0008a3f4       0xbc ../../bsp/lab2//libucosii_bsp.a(alt_close.o)
                0x0008a414                close
 .text          0x0008a4b0        0x8 ../../bsp/lab2//libucosii_bsp.a(alt_dev.o)
 .text          0x0008a4b8        0x0 ../../bsp/lab2//libucosii_bsp.a(alt_errno.o)
 .text          0x0008a4b8       0x9c ../../bsp/lab2//libucosii_bsp.a(alt_fstat.o)
                0x0008a4b8                fstat
 .text          0x0008a554       0x94 ../../bsp/lab2//libucosii_bsp.a(alt_isatty.o)
                0x0008a554                isatty
 .text          0x0008a5e8       0x8c ../../bsp/lab2//libucosii_bsp.a(alt_load.o)
                0x0008a608                alt_load
 .text          0x0008a674       0xb8 ../../bsp/lab2//libucosii_bsp.a(alt_lseek.o)
                0x0008a674                lseek
 .text          0x0008a72c       0xa8 ../../bsp/lab2//libucosii_bsp.a(alt_main.o)
                0x0008a72c                alt_main
 .text          0x0008a7d4       0xd8 ../../bsp/lab2//libucosii_bsp.a(alt_read.o)
                0x0008a7f4                read
 .text          0x0008a8ac       0x5c ../../bsp/lab2//libucosii_bsp.a(alt_release_fd.o)
                0x0008a8ac                alt_release_fd
 .text          0x0008a908       0x50 ../../bsp/lab2//libucosii_bsp.a(alt_sbrk.o)
                0x0008a908                sbrk
 .text          0x0008a958       0xd4 ../../bsp/lab2//libucosii_bsp.a(alt_write.o)
                0x0008a978                write
 .text          0x0008aa2c       0xa8 ../../bsp/lab2//libucosii_bsp.a(alt_env_lock.o)
                0x0008aa2c                __env_unlock
                0x0008aa54                __env_lock
 .text          0x0008aad4      0x110 ../../bsp/lab2//libucosii_bsp.a(alt_malloc_lock.o)
                0x0008aad4                __malloc_unlock
                0x0008ab30                __malloc_lock
 .text          0x0008abe4     0x1118 ../../bsp/lab2//libucosii_bsp.a(os_core.o)
                0x0008abe4                OSVersion
                0x0008abec                OS_Dummy
                0x0008abf0                OS_EventTaskWait
                0x0008ac74                OS_EventTaskWaitMulti
                0x0008ad14                OS_EventTaskRemove
                0x0008ad60                OS_EventTaskRemoveMulti
                0x0008adbc                OS_EventTaskRdy
                0x0008aeb0                OS_EventWaitListInit
                0x0008aecc                OS_MemClr
                0x0008aee8                OS_MemCopy
                0x0008af0c                OS_StrCopy
                0x0008af38                OS_StrLen
                0x0008af58                OS_TaskStatStkChk
                0x0008afdc                OS_Sched
                0x0008b094                OSStart
                0x0008b100                OSInit
                0x0008b2e0                OSEventNameGet
                0x0008b398                OSEventPendMulti
                0x0008b6f0                OSIntEnter
                0x0008b72c                OSSchedLock
                0x0008b770                OSSchedUnlock
                0x0008b7c4                OSStatInit
                0x0008b828                OSTimeTick
                0x0008b934                OS_TaskIdle
                0x0008b964                OS_TaskStat
                0x0008b9e8                OS_TCBInit
                0x0008bb6c                OSIntExit
                0x0008bc40                OSEventNameSet
 .text          0x0008bcfc        0x4 ../../bsp/lab2//libucosii_bsp.a(os_dbg.o)
                0x0008bcfc                OSDebugInit
 .text          0x0008bd00      0xc5c ../../bsp/lab2//libucosii_bsp.a(os_flag.o)
                0x0008bdb8                OS_FlagUnlink
                0x0008be84                OS_FlagInit
                0x0008bef4                OSFlagQuery
                0x0008bf50                OSFlagAccept
                0x0008c0c0                OSFlagCreate
                0x0008c148                OSFlagDel
                0x0008c2a8                OSFlagNameGet
                0x0008c368                OSFlagNameSet
                0x0008c43c                OSFlagPend
                0x0008c73c                OSFlagPendGetFlagsRdy
                0x0008c768                OSFlagPost
 .text          0x0008c95c      0x3b8 ../../bsp/lab2//libucosii_bsp.a(os_mem.o)
                0x0008c95c                OS_MemInit
                0x0008c9c4                OSMemQuery
                0x0008ca28                OSMemCreate
                0x0008caf8                OSMemGet
                0x0008cb64                OSMemNameGet
                0x0008cc00                OSMemNameSet
                0x0008ccbc                OSMemPut
 .text          0x0008cd14      0x9c4 ../../bsp/lab2//libucosii_bsp.a(os_q.o)
                0x0008cd14                OS_QInit
                0x0008cd64                OSQQuery
                0x0008cdfc                OSQAccept
                0x0008ce98                OSQCreate
                0x0008cf98                OSQDel
                0x0008d11c                OSQFlush
                0x0008d16c                OSQPend
                0x0008d32c                OSQPendAbort
                0x0008d414                OSQPost
                0x0008d4d0                OSQPostFront
                0x0008d594                OSQPostOpt
 .text          0x0008d6d8      0x5e0 ../../bsp/lab2//libucosii_bsp.a(os_sem.o)
                0x0008d6d8                OSSemSet
                0x0008d73c                OSSemAccept
                0x0008d780                OSSemCreate
                0x0008d80c                OSSemDel
                0x0008d960                OSSemPend
                0x0008dac8                OSSemPendAbort
                0x0008dbb4                OSSemPost
                0x0008dc50                OSSemQuery
 .text          0x0008dcb8      0xe74 ../../bsp/lab2//libucosii_bsp.a(os_task.o)
                0x0008dcb8                OS_TaskStkClr
                0x0008dce8                OSTaskQuery
                0x0008ddb0                OSTaskChangePrio
                0x0008e04c                OSTaskCreate
                0x0008e158                OSTaskCreateExt
                0x0008e2d0                OSTaskDel
                0x0008e51c                OSTaskDelReq
                0x0008e5d0                OSTaskNameGet
                0x0008e6d8                OSTaskNameSet
                0x0008e7f4                OSTaskResume
                0x0008e8f8                OSTaskStkChk
                0x0008e9e8                OSTaskSuspend
 .text          0x0008eb2c      0x378 ../../bsp/lab2//libucosii_bsp.a(os_time.o)
                0x0008eb2c                OSTimeSet
                0x0008eb50                OSTimeDly
                0x0008ebe8                OSTimeDlyHMSM
                0x0008ed88                OSTimeDlyResume
                0x0008ee80                OSTimeGet
 .text          0x0008eea4      0xb94 ../../bsp/lab2//libucosii_bsp.a(os_tmr.o)
                0x0008f010                OSTmr_Init
                0x0008f26c                OSTmrStop
                0x0008f3c8                OSTmrStart
                0x0008f4cc                OSTmrStateGet
                0x0008f574                OSTmrRemainGet
                0x0008f68c                OSTmrDel
                0x0008f788                OSTmrSignal
                0x0008f7b0                OSTmrNameGet
                0x0008f89c                OSTmrCreate
 .text          0x0008fa38      0x168 ../../bsp/lab2//libucosii_bsp.a(alt_sys_init.o)
                0x0008fac0                alt_sys_init
                0x0008fb80                alt_irq_init
 .text          0x0008fba0       0x3c ../../bsp/lab2//libucosii_bsp.a(altera_avalon_jtag_uart_fd.o)
                0x0008fba0                altera_avalon_jtag_uart_ioctl_fd
                0x0008fbac                altera_avalon_jtag_uart_close_fd
                0x0008fbbc                altera_avalon_jtag_uart_write_fd
                0x0008fbcc                altera_avalon_jtag_uart_read_fd
 .text          0x0008fbdc      0x2e0 ../../bsp/lab2//libucosii_bsp.a(altera_avalon_jtag_uart_init.o)
                0x0008fbdc                altera_avalon_jtag_uart_close
                0x0008fc9c                altera_avalon_jtag_uart_init
 .text          0x0008febc       0x7c ../../bsp/lab2//libucosii_bsp.a(altera_avalon_jtag_uart_ioctl.o)
                0x0008febc                altera_avalon_jtag_uart_ioctl
 .text          0x0008ff38      0x1ac ../../bsp/lab2//libucosii_bsp.a(altera_avalon_jtag_uart_read.o)
                0x0008ff38                altera_avalon_jtag_uart_read
 .text          0x000900e4      0x1b8 ../../bsp/lab2//libucosii_bsp.a(altera_avalon_jtag_uart_write.o)
                0x000900e4                altera_avalon_jtag_uart_write
 .text          0x0009029c      0x188 ../../bsp/lab2//libucosii_bsp.a(altera_avalon_mutex.o)
                0x0009029c                altera_avalon_mutex_close
                0x000902a0                altera_avalon_mutex_first_lock
                0x000902b0                altera_avalon_mutex_is_mine
                0x00090300                altera_avalon_mutex_unlock
                0x00090324                altera_avalon_mutex_trylock
                0x00090380                altera_avalon_mutex_open
                0x000903d8                altera_avalon_mutex_lock
 .text          0x00090424       0x6c ../../bsp/lab2//libucosii_bsp.a(altera_avalon_timer_sc.o)
                0x00090424                alt_avalon_timer_sc_init
 .text          0x00090490      0x1e0 ../../bsp/lab2//libucosii_bsp.a(perf_print_formatted_report.o)
                0x00090490                perf_print_formatted_report
 .text          0x00090670       0x90 ../../bsp/lab2//libucosii_bsp.a(alt_alarm_start.o)
                0x00090670                alt_alarm_start
 .text          0x00090700        0x4 ../../bsp/lab2//libucosii_bsp.a(alt_dcache_flush_all.o)
                0x00090700                alt_dcache_flush_all
 .text          0x00090704       0x70 ../../bsp/lab2//libucosii_bsp.a(alt_dev_llist_insert.o)
                0x00090704                alt_dev_llist_insert
 .text          0x00090774       0x40 ../../bsp/lab2//libucosii_bsp.a(alt_do_ctors.o)
                0x00090774                _do_ctors
 .text          0x000907b4       0x40 ../../bsp/lab2//libucosii_bsp.a(alt_do_dtors.o)
                0x000907b4                _do_dtors
 .text          0x000907f4       0x70 ../../bsp/lab2//libucosii_bsp.a(alt_find_dev.o)
                0x000907f4                alt_find_dev
 .text          0x00090864        0x4 ../../bsp/lab2//libucosii_bsp.a(alt_icache_flush_all.o)
                0x00090864                alt_icache_flush_all
 .text          0x00090868      0x114 ../../bsp/lab2//libucosii_bsp.a(alt_io_redirect.o)
                0x000908f0                alt_io_redirect
 .text          0x0009097c       0xa0 ../../bsp/lab2//libucosii_bsp.a(alt_irq_register.o)
                0x0009097c                alt_irq_register
 .text          0x00090a1c        0x0 ../../bsp/lab2//libucosii_bsp.a(alt_irq_vars.o)
 .text          0x00090a1c      0x17c ../../bsp/lab2//libucosii_bsp.a(alt_open.o)
                0x00090a1c                open
 .text          0x00090b98       0xe0 ../../bsp/lab2//libucosii_bsp.a(alt_tick.o)
                0x00090b98                alt_alarm_stop
                0x00090bcc                alt_tick
 .text          0x00090c78        0x8 ../../bsp/lab2//libucosii_bsp.a(altera_nios2_qsys_irq.o)
                0x00090c78                altera_nios2_qsys_irq_init
 .text          0x00090c80       0xd0 ../../bsp/lab2//libucosii_bsp.a(os_cpu_a.o)
                0x00090c80                OSCtxSw
                0x00090c80                OSIntCtxSw
                0x00090d0c                OSStartHighRdy
                0x00090d2c                OSStartTsk
 .text          0x00090d50      0x228 ../../bsp/lab2//libucosii_bsp.a(os_cpu_c.o)
                0x00090d50                OSTaskCreateHook
                0x00090d54                OSTaskDelHook
                0x00090d58                OSTaskSwHook
                0x00090d5c                OSTaskStatHook
                0x00090d60                OSInitHookBegin
                0x00090d68                OSInitHookEnd
                0x00090d6c                OSTaskIdleHook
                0x00090d70                OSTCBInitHook
                0x00090d74                OSTimeTickHook
                0x00090dcc                OSTaskStkInit
 .text          0x00090f78       0x60 ../../bsp/lab2//libucosii_bsp.a(altera_avalon_performance_counter.o)
                0x00090f78                alt_get_performance_counter_base
                0x00090f84                alt_get_cpu_freq
                0x00090f90                perf_get_num_starts
                0x00090fa0                perf_get_section_time
                0x00090fd0                perf_get_total_time
 .text          0x00090fd8       0x9c ../../bsp/lab2//libucosii_bsp.a(alt_find_file.o)
                0x00090fd8                alt_find_file
 .text          0x00091074       0xa4 ../../bsp/lab2//libucosii_bsp.a(alt_get_fd.o)
                0x00091074                alt_get_fd
 .text          0x00091118        0x0 ../../bsp/lab2//libucosii_bsp.a(alt_irq_entry.o)
 .text          0x00091118        0x0 ../../bsp/lab2//libucosii_bsp.a(alt_irq_handler.o)
 .text          0x00091118        0x0 ../../bsp/lab2//libucosii_bsp.a(alt_exception_entry.o)
 .text          0x00091118       0x14 /opt/altera/13.0sp1/nios2eds/bin/gnu/H-i686-pc-linux-gnu/bin/../lib/gcc/nios2-elf/4.1.2/../../../../nios2-elf/lib/mno-hw-mul/libc.a(lib_a-atexit.o)
                0x00091118                atexit
 .text          0x0009112c       0x38 /opt/altera/13.0sp1/nios2eds/bin/gnu/H-i686-pc-linux-gnu/bin/../lib/gcc/nios2-elf/4.1.2/../../../../nios2-elf/lib/mno-hw-mul/libc.a(lib_a-exit.o)
                0x0009112c                exit
 .text          0x00091164       0x74 /opt/altera/13.0sp1/nios2eds/bin/gnu/H-i686-pc-linux-gnu/bin/../lib/gcc/nios2-elf/4.1.2/../../../../nios2-elf/lib/mno-hw-mul/libc.a(lib_a-memcmp.o)
                0x00091164                memcmp
 .text          0x000911d8      0x134 /opt/altera/13.0sp1/nios2eds/bin/gnu/H-i686-pc-linux-gnu/bin/../lib/gcc/nios2-elf/4.1.2/../../../../nios2-elf/lib/mno-hw-mul/libc.a(lib_a-__atexit.o)
                0x000911d8                __register_exitproc
 .text          0x0009130c      0x1b4 /opt/altera/13.0sp1/nios2eds/bin/gnu/H-i686-pc-linux-gnu/bin/../lib/gcc/nios2-elf/4.1.2/../../../../nios2-elf/lib/mno-hw-mul/libc.a(lib_a-__call_atexit.o)
                0x00091310                __call_exitprocs
 .text          0x000914c0       0xa4 /opt/altera/13.0sp1/nios2eds/bin/gnu/H-i686-pc-linux-gnu/bin/../lib/gcc/nios2-elf/4.1.2/mno-hw-mul/libgcc.a(_fixunsdfsi.o)
                0x000914c0                __fixunsdfsi
 .text          0x00091564       0x88 /opt/altera/13.0sp1/nios2eds/bin/gnu/H-i686-pc-linux-gnu/bin/../lib/gcc/nios2-elf/4.1.2/mno-hw-mul/libgcc.a(_floatundidf.o)
                0x00091564                __floatundidf
 .text          0x000915ec       0x20 ../../bsp/lab2//libucosii_bsp.a(alt_exit.o)
                0x000915ec                _exit
 *(.gnu.warning.*)
 *(.fini)
                0x0009160c                PROVIDE (__etext, ABSOLUTE (.))
                0x0009160c                PROVIDE (_etext, ABSOLUTE (.))
                0x0009160c                PROVIDE (etext, ABSOLUTE (.))
 *(.eh_frame_hdr)
                0x0009160c                . = ALIGN (0x4)
                0x0009160c                PROVIDE (__preinit_array_start, ABSOLUTE (.))
 *(.preinit_array)
                0x0009160c                PROVIDE (__preinit_array_end, ABSOLUTE (.))
                0x0009160c                PROVIDE (__init_array_start, ABSOLUTE (.))
 *(.init_array)
                0x0009160c                PROVIDE (__init_array_end, ABSOLUTE (.))
                0x0009160c                PROVIDE (__fini_array_start, ABSOLUTE (.))
 *(.fini_array)
                0x0009160c                PROVIDE (__fini_array_end, ABSOLUTE (.))
 *(.eh_frame)
 *(.gcc_except_table)
 *(.dynamic)
                0x0009160c                PROVIDE (__CTOR_LIST__, ABSOLUTE (.))
 *(.ctors)
 *(SORT(.ctors.*))
 .ctors.65535   0x0009160c        0x4 /opt/altera/13.0sp1/nios2eds/bin/gnu/H-i686-pc-linux-gnu/bin/../lib/gcc/nios2-elf/4.1.2/../../../../nios2-elf/lib/mno-hw-mul/libc.a(lib_a-__call_atexit.o)
                0x00091610                PROVIDE (__CTOR_END__, ABSOLUTE (.))
                0x00091610                PROVIDE (__DTOR_LIST__, ABSOLUTE (.))
 *(.dtors)
 *(SORT(.dtors.*))
                0x00091610                PROVIDE (__DTOR_END__, ABSOLUTE (.))
 *(.jcr)
                0x00091610                . = ALIGN (0x4)

.rodata         0x00091610      0x62c
                0x00091610                PROVIDE (__ram_rodata_start, ABSOLUTE (.))
                0x00091610                . = ALIGN (0x4)
 *(.rodata .rodata.* .gnu.linkonce.r.*)
 .rodata.str1.4
                0x00091610       0x27 obj/default/src_0/cpu_0.o
                                 0x28 (size before relaxing)
 .rodata.str1.4
                0x00000000       0x27 /opt/altera/13.0sp1/nios2eds/bin/gnu/H-i686-pc-linux-gnu/bin/../lib/gcc/nios2-elf/4.1.2/../../../../nios2-elf/lib/mno-hw-mul/libc.a(lib_a-puts.o)
                                  0x4 (size before relaxing)
 *fill*         0x00091637        0x1 00
 .rodata.str1.4
                0x00091638       0x5e /opt/altera/13.0sp1/nios2eds/bin/gnu/H-i686-pc-linux-gnu/bin/../lib/gcc/nios2-elf/4.1.2/../../../../nios2-elf/lib/mno-hw-mul/libc.a(lib_a-vfprintf.o)
                                 0x60 (size before relaxing)
 .rodata        0x00091696       0x20 /opt/altera/13.0sp1/nios2eds/bin/gnu/H-i686-pc-linux-gnu/bin/../lib/gcc/nios2-elf/4.1.2/../../../../nios2-elf/lib/mno-hw-mul/libc.a(lib_a-vfprintf.o)
 *fill*         0x000916b6        0x2 00
 .rodata.str1.4
                0x000916b8       0x10 /opt/altera/13.0sp1/nios2eds/bin/gnu/H-i686-pc-linux-gnu/bin/../lib/gcc/nios2-elf/4.1.2/../../../../nios2-elf/lib/mno-hw-mul/libc.a(lib_a-dtoa.o)
                                 0x14 (size before relaxing)
 .rodata.str1.4
                0x000916c8        0x2 /opt/altera/13.0sp1/nios2eds/bin/gnu/H-i686-pc-linux-gnu/bin/../lib/gcc/nios2-elf/4.1.2/../../../../nios2-elf/lib/mno-hw-mul/libc.a(lib_a-impure.o)
                                  0x4 (size before relaxing)
 *fill*         0x000916ca        0x2 00
 .rodata.str1.4
                0x000916cc        0xf /opt/altera/13.0sp1/nios2eds/bin/gnu/H-i686-pc-linux-gnu/bin/../lib/gcc/nios2-elf/4.1.2/../../../../nios2-elf/lib/mno-hw-mul/libc.a(lib_a-locale.o)
                                 0x18 (size before relaxing)
 *fill*         0x000916db        0x1 00
 .rodata        0x000916dc       0x30 /opt/altera/13.0sp1/nios2eds/bin/gnu/H-i686-pc-linux-gnu/bin/../lib/gcc/nios2-elf/4.1.2/../../../../nios2-elf/lib/mno-hw-mul/libc.a(lib_a-locale.o)
 .rodata        0x0009170c      0x124 /opt/altera/13.0sp1/nios2eds/bin/gnu/H-i686-pc-linux-gnu/bin/../lib/gcc/nios2-elf/4.1.2/../../../../nios2-elf/lib/mno-hw-mul/libc.a(lib_a-mprec.o)
                0x0009170c                __mprec_tens
                0x000917d4                __mprec_bigtens
                0x000917fc                __mprec_tinytens
 .rodata        0x00091830       0x14 /opt/altera/13.0sp1/nios2eds/bin/gnu/H-i686-pc-linux-gnu/bin/../lib/gcc/nios2-elf/4.1.2/mno-hw-mul/libgcc.a(_thenan_df.o)
                0x00091830                __thenan_df
 .rodata        0x00091844      0x100 /opt/altera/13.0sp1/nios2eds/bin/gnu/H-i686-pc-linux-gnu/bin/../lib/gcc/nios2-elf/4.1.2/mno-hw-mul/libgcc.a(_clz.o)
                0x00091844                __clz_tab
 .rodata.str1.4
                0x00091944        0xa ../../bsp/lab2//libucosii_bsp.a(alt_dev.o)
                                  0xc (size before relaxing)
 *fill*         0x0009194e        0x2 00
 .rodata.str1.4
                0x00091950       0x11 ../../bsp/lab2//libucosii_bsp.a(alt_main.o)
                                 0x14 (size before relaxing)
 *fill*         0x00091961        0x3 00
 .rodata.str1.4
                0x00091964       0x1e ../../bsp/lab2//libucosii_bsp.a(os_core.o)
                                 0x20 (size before relaxing)
 .rodata        0x00091982      0x100 ../../bsp/lab2//libucosii_bsp.a(os_core.o)
                0x00091982                OSUnMapTbl
 *fill*         0x00091a82        0x2 00
 .rodata.str1.4
                0x00091a84       0x35 ../../bsp/lab2//libucosii_bsp.a(os_tmr.o)
                                 0x38 (size before relaxing)
 *fill*         0x00091ab9        0x3 00
 .rodata.str1.4
                0x00091abc       0x7f ../../bsp/lab2//libucosii_bsp.a(alt_sys_init.o)
                                 0x94 (size before relaxing)
 *fill*         0x00091b3b        0x1 00
 .rodata.str1.4
                0x00091b3c      0x100 ../../bsp/lab2//libucosii_bsp.a(perf_print_formatted_report.o)
 .rodata.str1.4
                0x00000000        0x4 ../../bsp/lab2//libucosii_bsp.a(os_cpu_c.o)
 *(.rodata1)
                0x00091c3c                . = ALIGN (0x4)
                0x00091c3c                PROVIDE (__ram_rodata_end, ABSOLUTE (.))
                0x00091610                PROVIDE (__flash_rodata_start, LOADADDR (.rodata))

.rwdata         0x00091c3c     0xdc04 load address 0x0009f840
                0x00091c3c                PROVIDE (__ram_rwdata_start, ABSOLUTE (.))
                0x00091c3c                . = ALIGN (0x4)
 *(.got.plt)
 *(.got)
 *(.data1)
 *(.data .data.* .gnu.linkonce.d.*)
 .data          0x00091c3c        0x0 ../../bsp/lab2//obj/HAL/src/crt0.o
 .data          0x00091c3c     0xc02c obj/default/src_0/cpu_0.o
                0x00091c3c                test_ppm_1
                0x00094c3f                test_ppm_2
                0x00097c42                test_ppm_3
                0x0009ac45                test_ppm_4
                0x0009dc48                image_sequence
                0x0009dc58                asciiChars
 .data          0x0009dc68        0x0 /opt/altera/13.0sp1/nios2eds/bin/gnu/H-i686-pc-linux-gnu/bin/../lib/gcc/nios2-elf/4.1.2/mno-hw-mul/libgcc.a(lib2-divmod.o)
 .data          0x0009dc68        0x0 /opt/altera/13.0sp1/nios2eds/bin/gnu/H-i686-pc-linux-gnu/bin/../lib/gcc/nios2-elf/4.1.2/mno-hw-mul/libgcc.a(lib2-mul.o)
 .data          0x0009dc68        0x0 /opt/altera/13.0sp1/nios2eds/bin/gnu/H-i686-pc-linux-gnu/bin/../lib/gcc/nios2-elf/4.1.2/../../../../nios2-elf/lib/mno-hw-mul/libc.a(lib_a-malloc.o)
 .data          0x0009dc68      0x408 /opt/altera/13.0sp1/nios2eds/bin/gnu/H-i686-pc-linux-gnu/bin/../lib/gcc/nios2-elf/4.1.2/../../../../nios2-elf/lib/mno-hw-mul/libc.a(lib_a-mallocr.o)
                0x0009dc68                __malloc_av_
 .data          0x0009e070        0x0 /opt/altera/13.0sp1/nios2eds/bin/gnu/H-i686-pc-linux-gnu/bin/../lib/gcc/nios2-elf/4.1.2/../../../../nios2-elf/lib/mno-hw-mul/libc.a(lib_a-printf.o)
 .data          0x0009e070        0x0 /opt/altera/13.0sp1/nios2eds/bin/gnu/H-i686-pc-linux-gnu/bin/../lib/gcc/nios2-elf/4.1.2/../../../../nios2-elf/lib/mno-hw-mul/libc.a(lib_a-putchar.o)
 .data          0x0009e070        0x0 /opt/altera/13.0sp1/nios2eds/bin/gnu/H-i686-pc-linux-gnu/bin/../lib/gcc/nios2-elf/4.1.2/../../../../nios2-elf/lib/mno-hw-mul/libc.a(lib_a-puts.o)
 .data          0x0009e070        0x0 /opt/altera/13.0sp1/nios2eds/bin/gnu/H-i686-pc-linux-gnu/bin/../lib/gcc/nios2-elf/4.1.2/../../../../nios2-elf/lib/mno-hw-mul/libc.a(lib_a-sbrkr.o)
 .data          0x0009e070        0x0 /opt/altera/13.0sp1/nios2eds/bin/gnu/H-i686-pc-linux-gnu/bin/../lib/gcc/nios2-elf/4.1.2/../../../../nios2-elf/lib/mno-hw-mul/libc.a(lib_a-strlen.o)
 .data          0x0009e070        0x0 /opt/altera/13.0sp1/nios2eds/bin/gnu/H-i686-pc-linux-gnu/bin/../lib/gcc/nios2-elf/4.1.2/../../../../nios2-elf/lib/mno-hw-mul/libc.a(lib_a-vfprintf.o)
 .data          0x0009e070        0x0 /opt/altera/13.0sp1/nios2eds/bin/gnu/H-i686-pc-linux-gnu/bin/../lib/gcc/nios2-elf/4.1.2/../../../../nios2-elf/lib/mno-hw-mul/libc.a(lib_a-wsetup.o)
 .data          0x0009e070        0x0 /opt/altera/13.0sp1/nios2eds/bin/gnu/H-i686-pc-linux-gnu/bin/../lib/gcc/nios2-elf/4.1.2/../../../../nios2-elf/lib/mno-hw-mul/libc.a(lib_a-dtoa.o)
 .data          0x0009e070        0x0 /opt/altera/13.0sp1/nios2eds/bin/gnu/H-i686-pc-linux-gnu/bin/../lib/gcc/nios2-elf/4.1.2/../../../../nios2-elf/lib/mno-hw-mul/libc.a(lib_a-fflush.o)
 .data          0x0009e070        0x0 /opt/altera/13.0sp1/nios2eds/bin/gnu/H-i686-pc-linux-gnu/bin/../lib/gcc/nios2-elf/4.1.2/../../../../nios2-elf/lib/mno-hw-mul/libc.a(lib_a-findfp.o)
 .data          0x0009e070        0x0 /opt/altera/13.0sp1/nios2eds/bin/gnu/H-i686-pc-linux-gnu/bin/../lib/gcc/nios2-elf/4.1.2/../../../../nios2-elf/lib/mno-hw-mul/libc.a(lib_a-freer.o)
 .data          0x0009e070        0x0 /opt/altera/13.0sp1/nios2eds/bin/gnu/H-i686-pc-linux-gnu/bin/../lib/gcc/nios2-elf/4.1.2/../../../../nios2-elf/lib/mno-hw-mul/libc.a(lib_a-fvwrite.o)
 .data          0x0009e070        0x0 /opt/altera/13.0sp1/nios2eds/bin/gnu/H-i686-pc-linux-gnu/bin/../lib/gcc/nios2-elf/4.1.2/../../../../nios2-elf/lib/mno-hw-mul/libc.a(lib_a-fwalk.o)
 .data          0x0009e070      0x400 /opt/altera/13.0sp1/nios2eds/bin/gnu/H-i686-pc-linux-gnu/bin/../lib/gcc/nios2-elf/4.1.2/../../../../nios2-elf/lib/mno-hw-mul/libc.a(lib_a-impure.o)
 .data          0x0009e470        0x0 /opt/altera/13.0sp1/nios2eds/bin/gnu/H-i686-pc-linux-gnu/bin/../lib/gcc/nios2-elf/4.1.2/../../../../nios2-elf/lib/mno-hw-mul/libc.a(lib_a-int_errno.o)
 .data          0x0009e470        0xc /opt/altera/13.0sp1/nios2eds/bin/gnu/H-i686-pc-linux-gnu/bin/../lib/gcc/nios2-elf/4.1.2/../../../../nios2-elf/lib/mno-hw-mul/libc.a(lib_a-locale.o)
                0x0009e470                __lc_ctype
 .data          0x0009e47c        0x0 /opt/altera/13.0sp1/nios2eds/bin/gnu/H-i686-pc-linux-gnu/bin/../lib/gcc/nios2-elf/4.1.2/../../../../nios2-elf/lib/mno-hw-mul/libc.a(lib_a-makebuf.o)
 .data          0x0009e47c        0x0 /opt/altera/13.0sp1/nios2eds/bin/gnu/H-i686-pc-linux-gnu/bin/../lib/gcc/nios2-elf/4.1.2/../../../../nios2-elf/lib/mno-hw-mul/libc.a(lib_a-memchr.o)
 .data          0x0009e47c        0x0 /opt/altera/13.0sp1/nios2eds/bin/gnu/H-i686-pc-linux-gnu/bin/../lib/gcc/nios2-elf/4.1.2/../../../../nios2-elf/lib/mno-hw-mul/libc.a(lib_a-memcpy.o)
 .data          0x0009e47c        0x0 /opt/altera/13.0sp1/nios2eds/bin/gnu/H-i686-pc-linux-gnu/bin/../lib/gcc/nios2-elf/4.1.2/../../../../nios2-elf/lib/mno-hw-mul/libc.a(lib_a-memmove.o)
 .data          0x0009e47c        0x0 /opt/altera/13.0sp1/nios2eds/bin/gnu/H-i686-pc-linux-gnu/bin/../lib/gcc/nios2-elf/4.1.2/../../../../nios2-elf/lib/mno-hw-mul/libc.a(lib_a-memset.o)
 .data          0x0009e47c        0x0 /opt/altera/13.0sp1/nios2eds/bin/gnu/H-i686-pc-linux-gnu/bin/../lib/gcc/nios2-elf/4.1.2/../../../../nios2-elf/lib/mno-hw-mul/libc.a(lib_a-mprec.o)
 .data          0x0009e47c        0x0 /opt/altera/13.0sp1/nios2eds/bin/gnu/H-i686-pc-linux-gnu/bin/../lib/gcc/nios2-elf/4.1.2/../../../../nios2-elf/lib/mno-hw-mul/libc.a(lib_a-putc.o)
 .data          0x0009e47c        0x0 /opt/altera/13.0sp1/nios2eds/bin/gnu/H-i686-pc-linux-gnu/bin/../lib/gcc/nios2-elf/4.1.2/../../../../nios2-elf/lib/mno-hw-mul/libc.a(lib_a-reallocr.o)
 .data          0x0009e47c        0x0 /opt/altera/13.0sp1/nios2eds/bin/gnu/H-i686-pc-linux-gnu/bin/../lib/gcc/nios2-elf/4.1.2/../../../../nios2-elf/lib/mno-hw-mul/libc.a(lib_a-s_isinfd.o)
 .data          0x0009e47c        0x0 /opt/altera/13.0sp1/nios2eds/bin/gnu/H-i686-pc-linux-gnu/bin/../lib/gcc/nios2-elf/4.1.2/../../../../nios2-elf/lib/mno-hw-mul/libc.a(lib_a-s_isnand.o)
 .data          0x0009e47c        0x0 /opt/altera/13.0sp1/nios2eds/bin/gnu/H-i686-pc-linux-gnu/bin/../lib/gcc/nios2-elf/4.1.2/../../../../nios2-elf/lib/mno-hw-mul/libc.a(lib_a-stdio.o)
 .data          0x0009e47c        0x0 /opt/altera/13.0sp1/nios2eds/bin/gnu/H-i686-pc-linux-gnu/bin/../lib/gcc/nios2-elf/4.1.2/../../../../nios2-elf/lib/mno-hw-mul/libc.a(lib_a-strcmp.o)
 .data          0x0009e47c        0x0 /opt/altera/13.0sp1/nios2eds/bin/gnu/H-i686-pc-linux-gnu/bin/../lib/gcc/nios2-elf/4.1.2/../../../../nios2-elf/lib/mno-hw-mul/libc.a(lib_a-wbuf.o)
 .data          0x0009e47c        0x0 /opt/altera/13.0sp1/nios2eds/bin/gnu/H-i686-pc-linux-gnu/bin/../lib/gcc/nios2-elf/4.1.2/../../../../nios2-elf/lib/mno-hw-mul/libc.a(lib_a-writer.o)
 .data          0x0009e47c        0x0 /opt/altera/13.0sp1/nios2eds/bin/gnu/H-i686-pc-linux-gnu/bin/../lib/gcc/nios2-elf/4.1.2/../../../../nios2-elf/lib/mno-hw-mul/libc.a(lib_a-callocr.o)
 .data          0x0009e47c        0x0 /opt/altera/13.0sp1/nios2eds/bin/gnu/H-i686-pc-linux-gnu/bin/../lib/gcc/nios2-elf/4.1.2/../../../../nios2-elf/lib/mno-hw-mul/libc.a(lib_a-closer.o)
 .data          0x0009e47c        0x0 /opt/altera/13.0sp1/nios2eds/bin/gnu/H-i686-pc-linux-gnu/bin/../lib/gcc/nios2-elf/4.1.2/../../../../nios2-elf/lib/mno-hw-mul/libc.a(lib_a-fclose.o)
 .data          0x0009e47c        0x0 /opt/altera/13.0sp1/nios2eds/bin/gnu/H-i686-pc-linux-gnu/bin/../lib/gcc/nios2-elf/4.1.2/../../../../nios2-elf/lib/mno-hw-mul/libc.a(lib_a-fstatr.o)
 .data          0x0009e47c        0x0 /opt/altera/13.0sp1/nios2eds/bin/gnu/H-i686-pc-linux-gnu/bin/../lib/gcc/nios2-elf/4.1.2/../../../../nios2-elf/lib/mno-hw-mul/libc.a(lib_a-isattyr.o)
 .data          0x0009e47c        0x0 /opt/altera/13.0sp1/nios2eds/bin/gnu/H-i686-pc-linux-gnu/bin/../lib/gcc/nios2-elf/4.1.2/../../../../nios2-elf/lib/mno-hw-mul/libc.a(lib_a-lseekr.o)
 .data          0x0009e47c        0x0 /opt/altera/13.0sp1/nios2eds/bin/gnu/H-i686-pc-linux-gnu/bin/../lib/gcc/nios2-elf/4.1.2/../../../../nios2-elf/lib/mno-hw-mul/libc.a(lib_a-readr.o)
 .data          0x0009e47c        0x0 /opt/altera/13.0sp1/nios2eds/bin/gnu/H-i686-pc-linux-gnu/bin/../lib/gcc/nios2-elf/4.1.2/mno-hw-mul/libgcc.a(_udivdi3.o)
 .data          0x0009e47c        0x0 /opt/altera/13.0sp1/nios2eds/bin/gnu/H-i686-pc-linux-gnu/bin/../lib/gcc/nios2-elf/4.1.2/mno-hw-mul/libgcc.a(_umoddi3.o)
 .data          0x0009e47c        0x0 /opt/altera/13.0sp1/nios2eds/bin/gnu/H-i686-pc-linux-gnu/bin/../lib/gcc/nios2-elf/4.1.2/mno-hw-mul/libgcc.a(_addsub_df.o)
 .data          0x0009e47c        0x0 /opt/altera/13.0sp1/nios2eds/bin/gnu/H-i686-pc-linux-gnu/bin/../lib/gcc/nios2-elf/4.1.2/mno-hw-mul/libgcc.a(_mul_df.o)
 .data          0x0009e47c        0x0 /opt/altera/13.0sp1/nios2eds/bin/gnu/H-i686-pc-linux-gnu/bin/../lib/gcc/nios2-elf/4.1.2/mno-hw-mul/libgcc.a(_div_df.o)
 .data          0x0009e47c        0x0 /opt/altera/13.0sp1/nios2eds/bin/gnu/H-i686-pc-linux-gnu/bin/../lib/gcc/nios2-elf/4.1.2/mno-hw-mul/libgcc.a(_eq_df.o)
 .data          0x0009e47c        0x0 /opt/altera/13.0sp1/nios2eds/bin/gnu/H-i686-pc-linux-gnu/bin/../lib/gcc/nios2-elf/4.1.2/mno-hw-mul/libgcc.a(_ne_df.o)
 .data          0x0009e47c        0x0 /opt/altera/13.0sp1/nios2eds/bin/gnu/H-i686-pc-linux-gnu/bin/../lib/gcc/nios2-elf/4.1.2/mno-hw-mul/libgcc.a(_gt_df.o)
 .data          0x0009e47c        0x0 /opt/altera/13.0sp1/nios2eds/bin/gnu/H-i686-pc-linux-gnu/bin/../lib/gcc/nios2-elf/4.1.2/mno-hw-mul/libgcc.a(_ge_df.o)
 .data          0x0009e47c        0x0 /opt/altera/13.0sp1/nios2eds/bin/gnu/H-i686-pc-linux-gnu/bin/../lib/gcc/nios2-elf/4.1.2/mno-hw-mul/libgcc.a(_lt_df.o)
 .data          0x0009e47c        0x0 /opt/altera/13.0sp1/nios2eds/bin/gnu/H-i686-pc-linux-gnu/bin/../lib/gcc/nios2-elf/4.1.2/mno-hw-mul/libgcc.a(_si_to_df.o)
 .data          0x0009e47c        0x0 /opt/altera/13.0sp1/nios2eds/bin/gnu/H-i686-pc-linux-gnu/bin/../lib/gcc/nios2-elf/4.1.2/mno-hw-mul/libgcc.a(_df_to_si.o)
 .data          0x0009e47c        0x0 /opt/altera/13.0sp1/nios2eds/bin/gnu/H-i686-pc-linux-gnu/bin/../lib/gcc/nios2-elf/4.1.2/mno-hw-mul/libgcc.a(_thenan_df.o)
 .data          0x0009e47c        0x0 /opt/altera/13.0sp1/nios2eds/bin/gnu/H-i686-pc-linux-gnu/bin/../lib/gcc/nios2-elf/4.1.2/mno-hw-mul/libgcc.a(_usi_to_df.o)
 .data          0x0009e47c        0x0 /opt/altera/13.0sp1/nios2eds/bin/gnu/H-i686-pc-linux-gnu/bin/../lib/gcc/nios2-elf/4.1.2/mno-hw-mul/libgcc.a(_muldi3.o)
 .data          0x0009e47c        0x0 /opt/altera/13.0sp1/nios2eds/bin/gnu/H-i686-pc-linux-gnu/bin/../lib/gcc/nios2-elf/4.1.2/mno-hw-mul/libgcc.a(_clz.o)
 .data          0x0009e47c        0x0 /opt/altera/13.0sp1/nios2eds/bin/gnu/H-i686-pc-linux-gnu/bin/../lib/gcc/nios2-elf/4.1.2/mno-hw-mul/libgcc.a(_clzsi2.o)
 .data          0x0009e47c        0x0 /opt/altera/13.0sp1/nios2eds/bin/gnu/H-i686-pc-linux-gnu/bin/../lib/gcc/nios2-elf/4.1.2/mno-hw-mul/libgcc.a(_pack_df.o)
 .data          0x0009e47c        0x0 /opt/altera/13.0sp1/nios2eds/bin/gnu/H-i686-pc-linux-gnu/bin/../lib/gcc/nios2-elf/4.1.2/mno-hw-mul/libgcc.a(_unpack_df.o)
 .data          0x0009e47c        0x0 /opt/altera/13.0sp1/nios2eds/bin/gnu/H-i686-pc-linux-gnu/bin/../lib/gcc/nios2-elf/4.1.2/mno-hw-mul/libgcc.a(_fpcmp_parts_df.o)
 .data          0x0009e47c        0x0 ../../bsp/lab2//libucosii_bsp.a(alt_close.o)
 .data          0x0009e47c      0x1a8 ../../bsp/lab2//libucosii_bsp.a(alt_dev.o)
                0x0009e47c                alt_dev_null
                0x0009e4a4                alt_fd_list
 .data          0x0009e624        0x0 ../../bsp/lab2//libucosii_bsp.a(alt_errno.o)
 .data          0x0009e624        0x0 ../../bsp/lab2//libucosii_bsp.a(alt_fstat.o)
 .data          0x0009e624        0x0 ../../bsp/lab2//libucosii_bsp.a(alt_isatty.o)
 .data          0x0009e624        0x0 ../../bsp/lab2//libucosii_bsp.a(alt_load.o)
 .data          0x0009e624        0x0 ../../bsp/lab2//libucosii_bsp.a(alt_lseek.o)
 .data          0x0009e624        0x0 ../../bsp/lab2//libucosii_bsp.a(alt_main.o)
 .data          0x0009e624        0x0 ../../bsp/lab2//libucosii_bsp.a(alt_read.o)
 .data          0x0009e624        0x0 ../../bsp/lab2//libucosii_bsp.a(alt_release_fd.o)
 .data          0x0009e624        0x0 ../../bsp/lab2//libucosii_bsp.a(alt_sbrk.o)
 .data          0x0009e624        0x0 ../../bsp/lab2//libucosii_bsp.a(alt_write.o)
 .data          0x0009e624        0x0 ../../bsp/lab2//libucosii_bsp.a(alt_env_lock.o)
 .data          0x0009e624        0x0 ../../bsp/lab2//libucosii_bsp.a(alt_malloc_lock.o)
 .data          0x0009e624        0x0 ../../bsp/lab2//libucosii_bsp.a(os_core.o)
 .data          0x0009e624        0x0 ../../bsp/lab2//libucosii_bsp.a(os_dbg.o)
 .data          0x0009e624        0x0 ../../bsp/lab2//libucosii_bsp.a(os_flag.o)
 .data          0x0009e624        0x0 ../../bsp/lab2//libucosii_bsp.a(os_mem.o)
 .data          0x0009e624        0x0 ../../bsp/lab2//libucosii_bsp.a(os_q.o)
 .data          0x0009e624        0x0 ../../bsp/lab2//libucosii_bsp.a(os_sem.o)
 .data          0x0009e624        0x0 ../../bsp/lab2//libucosii_bsp.a(os_task.o)
 .data          0x0009e624        0x0 ../../bsp/lab2//libucosii_bsp.a(os_time.o)
 .data          0x0009e624        0x0 ../../bsp/lab2//libucosii_bsp.a(os_tmr.o)
 .data          0x0009e624     0x1154 ../../bsp/lab2//libucosii_bsp.a(alt_sys_init.o)
 .data          0x0009f778        0x0 ../../bsp/lab2//libucosii_bsp.a(altera_avalon_jtag_uart_fd.o)
 .data          0x0009f778        0x0 ../../bsp/lab2//libucosii_bsp.a(altera_avalon_jtag_uart_init.o)
 .data          0x0009f778        0x0 ../../bsp/lab2//libucosii_bsp.a(altera_avalon_jtag_uart_ioctl.o)
 .data          0x0009f778        0x0 ../../bsp/lab2//libucosii_bsp.a(altera_avalon_jtag_uart_read.o)
 .data          0x0009f778        0x0 ../../bsp/lab2//libucosii_bsp.a(altera_avalon_jtag_uart_write.o)
 .data          0x0009f778        0x0 ../../bsp/lab2//libucosii_bsp.a(altera_avalon_mutex.o)
 .data          0x0009f778        0x0 ../../bsp/lab2//libucosii_bsp.a(altera_avalon_timer_sc.o)
 .data          0x0009f778        0x0 ../../bsp/lab2//libucosii_bsp.a(perf_print_formatted_report.o)
 .data          0x0009f778        0x0 ../../bsp/lab2//libucosii_bsp.a(alt_alarm_start.o)
 .data          0x0009f778        0x0 ../../bsp/lab2//libucosii_bsp.a(alt_dcache_flush_all.o)
 .data          0x0009f778        0x0 ../../bsp/lab2//libucosii_bsp.a(alt_dev_llist_insert.o)
 .data          0x0009f778        0x0 ../../bsp/lab2//libucosii_bsp.a(alt_do_ctors.o)
 .data          0x0009f778        0x0 ../../bsp/lab2//libucosii_bsp.a(alt_do_dtors.o)
 .data          0x0009f778        0x0 ../../bsp/lab2//libucosii_bsp.a(alt_find_dev.o)
 .data          0x0009f778        0x0 ../../bsp/lab2//libucosii_bsp.a(alt_icache_flush_all.o)
 .data          0x0009f778        0x0 ../../bsp/lab2//libucosii_bsp.a(alt_io_redirect.o)
 .data          0x0009f778        0x0 ../../bsp/lab2//libucosii_bsp.a(alt_irq_register.o)
 .data          0x0009f778        0x0 ../../bsp/lab2//libucosii_bsp.a(alt_irq_vars.o)
 .data          0x0009f778        0x0 ../../bsp/lab2//libucosii_bsp.a(alt_open.o)
 .data          0x0009f778        0x0 ../../bsp/lab2//libucosii_bsp.a(alt_tick.o)
 .data          0x0009f778        0x0 ../../bsp/lab2//libucosii_bsp.a(altera_nios2_qsys_irq.o)
 .data          0x0009f778        0x0 ../../bsp/lab2//libucosii_bsp.a(os_cpu_a.o)
 .data          0x0009f778        0x0 ../../bsp/lab2//libucosii_bsp.a(os_cpu_c.o)
 .data          0x0009f778        0x0 ../../bsp/lab2//libucosii_bsp.a(altera_avalon_performance_counter.o)
 .data          0x0009f778        0x0 ../../bsp/lab2//libucosii_bsp.a(alt_find_file.o)
 .data          0x0009f778        0x0 ../../bsp/lab2//libucosii_bsp.a(alt_get_fd.o)
 .data          0x0009f778        0x0 ../../bsp/lab2//libucosii_bsp.a(alt_irq_entry.o)
 .data          0x0009f778        0x0 ../../bsp/lab2//libucosii_bsp.a(alt_irq_handler.o)
 .data          0x0009f778        0x0 ../../bsp/lab2//libucosii_bsp.a(alt_exception_entry.o)
 .data          0x0009f778        0x0 /opt/altera/13.0sp1/nios2eds/bin/gnu/H-i686-pc-linux-gnu/bin/../lib/gcc/nios2-elf/4.1.2/../../../../nios2-elf/lib/mno-hw-mul/libc.a(lib_a-atexit.o)
 .data          0x0009f778        0x0 /opt/altera/13.0sp1/nios2eds/bin/gnu/H-i686-pc-linux-gnu/bin/../lib/gcc/nios2-elf/4.1.2/../../../../nios2-elf/lib/mno-hw-mul/libc.a(lib_a-exit.o)
 .data          0x0009f778        0x0 /opt/altera/13.0sp1/nios2eds/bin/gnu/H-i686-pc-linux-gnu/bin/../lib/gcc/nios2-elf/4.1.2/../../../../nios2-elf/lib/mno-hw-mul/libc.a(lib_a-memcmp.o)
 .data          0x0009f778        0x0 /opt/altera/13.0sp1/nios2eds/bin/gnu/H-i686-pc-linux-gnu/bin/../lib/gcc/nios2-elf/4.1.2/../../../../nios2-elf/lib/mno-hw-mul/libc.a(lib_a-__atexit.o)
 .data          0x0009f778        0x0 /opt/altera/13.0sp1/nios2eds/bin/gnu/H-i686-pc-linux-gnu/bin/../lib/gcc/nios2-elf/4.1.2/../../../../nios2-elf/lib/mno-hw-mul/libc.a(lib_a-__call_atexit.o)
 .data          0x0009f778        0x0 /opt/altera/13.0sp1/nios2eds/bin/gnu/H-i686-pc-linux-gnu/bin/../lib/gcc/nios2-elf/4.1.2/mno-hw-mul/libgcc.a(_fixunsdfsi.o)
 .data          0x0009f778        0x0 /opt/altera/13.0sp1/nios2eds/bin/gnu/H-i686-pc-linux-gnu/bin/../lib/gcc/nios2-elf/4.1.2/mno-hw-mul/libgcc.a(_floatundidf.o)
 .data          0x0009f778        0x0 ../../bsp/lab2//libucosii_bsp.a(alt_exit.o)
                0x000a7778                _gp = ABSOLUTE ((. + 0x8000))
                0x000a7778                PROVIDE (gp, _gp)
 *(.rwdata .rwdata.*)
 *(.sdata .sdata.* .gnu.linkonce.s.*)
 .sdata         0x0009f778        0x2 obj/default/src_0/cpu_0.o
                0x0009f778                sequence_length
                0x0009f779                NR_ASCII_CHARS
 *fill*         0x0009f77a        0x2 00
 .sdata         0x0009f77c        0x8 /opt/altera/13.0sp1/nios2eds/bin/gnu/H-i686-pc-linux-gnu/bin/../lib/gcc/nios2-elf/4.1.2/../../../../nios2-elf/lib/mno-hw-mul/libc.a(lib_a-mallocr.o)
                0x0009f77c                __malloc_trim_threshold
                0x0009f780                __malloc_sbrk_base
 .sdata         0x0009f784        0x8 /opt/altera/13.0sp1/nios2eds/bin/gnu/H-i686-pc-linux-gnu/bin/../lib/gcc/nios2-elf/4.1.2/../../../../nios2-elf/lib/mno-hw-mul/libc.a(lib_a-impure.o)
                0x0009f784                _impure_ptr
                0x0009f788                _global_impure_ptr
 .sdata         0x0009f78c        0x8 /opt/altera/13.0sp1/nios2eds/bin/gnu/H-i686-pc-linux-gnu/bin/../lib/gcc/nios2-elf/4.1.2/../../../../nios2-elf/lib/mno-hw-mul/libc.a(lib_a-locale.o)
                0x0009f78c                __mb_cur_max
 .sdata         0x0009f794       0x14 ../../bsp/lab2//libucosii_bsp.a(alt_dev.o)
                0x0009f794                alt_fs_list
                0x0009f79c                alt_dev_list
                0x0009f7a4                alt_max_fd
 .sdata         0x0009f7a8        0x4 ../../bsp/lab2//libucosii_bsp.a(alt_errno.o)
                0x0009f7a8                alt_errno
 .sdata         0x0009f7ac        0x4 ../../bsp/lab2//libucosii_bsp.a(alt_sbrk.o)
 .sdata         0x0009f7b0        0x4 ../../bsp/lab2//libucosii_bsp.a(alt_env_lock.o)
 .sdata         0x0009f7b4        0x4 ../../bsp/lab2//libucosii_bsp.a(alt_malloc_lock.o)
 .sdata         0x0009f7b8       0x74 ../../bsp/lab2//libucosii_bsp.a(os_dbg.o)
                0x0009f7b8                OSDebugEn
                0x0009f7bc                OSEndiannessTest
                0x0009f7c0                OSEventEn
                0x0009f7c2                OSEventMax
                0x0009f7c4                OSEventNameSize
                0x0009f7c6                OSEventSize
                0x0009f7c8                OSEventTblSize
                0x0009f7ca                OSEventMultiEn
                0x0009f7cc                OSFlagEn
                0x0009f7ce                OSFlagGrpSize
                0x0009f7d0                OSFlagNodeSize
                0x0009f7d2                OSFlagWidth
                0x0009f7d4                OSFlagMax
                0x0009f7d6                OSFlagNameSize
                0x0009f7d8                OSLowestPrio
                0x0009f7da                OSMboxEn
                0x0009f7dc                OSMemEn
                0x0009f7de                OSMemMax
                0x0009f7e0                OSMemNameSize
                0x0009f7e2                OSMemSize
                0x0009f7e4                OSMemTblSize
                0x0009f7e6                OSMutexEn
                0x0009f7e8                OSPtrSize
                0x0009f7ea                OSQEn
                0x0009f7ec                OSQMax
                0x0009f7ee                OSQSize
                0x0009f7f0                OSRdyTblSize
                0x0009f7f2                OSSemEn
                0x0009f7f4                OSStkWidth
                0x0009f7f6                OSTaskCreateEn
                0x0009f7f8                OSTaskCreateExtEn
                0x0009f7fa                OSTaskDelEn
                0x0009f7fc                OSTaskIdleStkSize
                0x0009f7fe                OSTaskProfileEn
                0x0009f800                OSTaskMax
                0x0009f802                OSTaskNameSize
                0x0009f804                OSTaskStatEn
                0x0009f806                OSTaskStatStkSize
                0x0009f808                OSTaskStatStkChkEn
                0x0009f80a                OSTaskSwHookEn
                0x0009f80c                OSTCBPrioTblMax
                0x0009f80e                OSTCBSize
                0x0009f810                OSTicksPerSec
                0x0009f812                OSTimeTickHookEn
                0x0009f814                OSVersionNbr
                0x0009f816                OSTmrEn
                0x0009f818                OSTmrCfgMax
                0x0009f81a                OSTmrCfgNameSize
                0x0009f81c                OSTmrCfgWheelSize
                0x0009f81e                OSTmrCfgTicksPerSec
                0x0009f820                OSTmrSize
                0x0009f822                OSTmrTblSize
                0x0009f824                OSTmrWheelSize
                0x0009f826                OSTmrWheelTblSize
                0x0009f828                OSDataSize
 .sdata         0x0009f82c        0x8 ../../bsp/lab2//libucosii_bsp.a(altera_avalon_mutex.o)
                0x0009f82c                alt_mutex_list
 .sdata         0x0009f834        0x4 ../../bsp/lab2//libucosii_bsp.a(alt_irq_vars.o)
                0x0009f834                alt_priority_mask
 .sdata         0x0009f838        0x8 ../../bsp/lab2//libucosii_bsp.a(alt_tick.o)
                0x0009f838                alt_alarm_list
 *(.sdata2 .sdata2.* .gnu.linkonce.s2.*)
                0x0009f840                . = ALIGN (0x4)
                0x0009f840                _edata = ABSOLUTE (.)
                0x0009f840                PROVIDE (edata, ABSOLUTE (.))
                0x0009f840                PROVIDE (__ram_rwdata_end, ABSOLUTE (.))
                0x0009f840                PROVIDE (__flash_rwdata_start, LOADADDR (.rwdata))

.bss            0x000ad444     0x40f0
                0x000ad444                __bss_start = ABSOLUTE (.)
                0x000ad444                PROVIDE (__sbss_start, ABSOLUTE (.))
                0x000ad444                PROVIDE (___sbss_start, ABSOLUTE (.))
 *(.dynsbss)
 *(.sbss .sbss.* .gnu.linkonce.sb.*)
 .sbss          0x000ad444        0x8 obj/default/src_0/cpu_0.o
                0x000ad444                current_image
                0x000ad448                counter
 .sbss          0x000ad44c        0x8 obj/default/src_0/cpu_0.o
                0x000ad44c                max_calc_pos
                0x000ad450                objectmax
                0x000ad452                finalresult
 .sbss          0x000ad454        0xc /opt/altera/13.0sp1/nios2eds/bin/gnu/H-i686-pc-linux-gnu/bin/../lib/gcc/nios2-elf/4.1.2/../../../../nios2-elf/lib/mno-hw-mul/libc.a(lib_a-mallocr.o)
                0x000ad454                __malloc_top_pad
                0x000ad458                __malloc_max_sbrked_mem
                0x000ad45c                __malloc_max_total_mem
 .sbss          0x000ad460        0x4 /opt/altera/13.0sp1/nios2eds/bin/gnu/H-i686-pc-linux-gnu/bin/../lib/gcc/nios2-elf/4.1.2/../../../../nios2-elf/lib/mno-hw-mul/libc.a(lib_a-int_errno.o)
                0x000ad460                errno
 .sbss          0x000ad464        0xc /opt/altera/13.0sp1/nios2eds/bin/gnu/H-i686-pc-linux-gnu/bin/../lib/gcc/nios2-elf/4.1.2/../../../../nios2-elf/lib/mno-hw-mul/libc.a(lib_a-locale.o)
                0x000ad464                __nlocale_changed
                0x000ad468                __mlocale_changed
                0x000ad46c                _PathLocale
 .sbss          0x000ad470        0x4 ../../bsp/lab2//libucosii_bsp.a(alt_dev.o)
                0x000ad470                alt_fd_list_lock
 .sbss          0x000ad474        0xc ../../bsp/lab2//libucosii_bsp.a(alt_main.o)
                0x000ad474                alt_argc
                0x000ad478                alt_argv
                0x000ad47c                alt_envp
 .sbss          0x000ad480        0x8 ../../bsp/lab2//libucosii_bsp.a(alt_env_lock.o)
                0x000ad484                alt_envsem
 .sbss          0x000ad488        0x8 ../../bsp/lab2//libucosii_bsp.a(alt_malloc_lock.o)
                0x000ad48c                alt_heapsem
 .sbss          0x000ad490       0x68 ../../bsp/lab2//libucosii_bsp.a(os_core.o)
                0x000ad490                OSTmrFreeList
                0x000ad494                OSLockNesting
                0x000ad498                OSTmrSemSignal
                0x000ad49c                OSRunning
                0x000ad4a0                OSIdleCtr
                0x000ad4a4                OSTmrUsed
                0x000ad4a6                OSPrioHighRdy
                0x000ad4a7                OSPrioCur
                0x000ad4a8                OSTCBList
                0x000ad4ac                OSTickStepState
                0x000ad4b0                OSCtxSwCtr
                0x000ad4b4                OSTmrFree
                0x000ad4b8                OSIdleCtrMax
                0x000ad4bc                OSTCBFreeList
                0x000ad4c0                OSCPUUsage
                0x000ad4c1                OSTaskCtr
                0x000ad4c4                OSMemFreeList
                0x000ad4c8                OSTCBHighRdy
                0x000ad4cc                OSQFreeList
                0x000ad4d0                OSRdyGrp
                0x000ad4d1                OSRdyTbl
                0x000ad4d4                OSEventFreeList
                0x000ad4d8                OSIntNesting
                0x000ad4dc                OSTCBCur
                0x000ad4e0                OSTmrTime
                0x000ad4e4                OSTime
                0x000ad4e8                OSTmrSem
                0x000ad4ec                OSFlagFreeList
                0x000ad4f0                OSStatRdy
                0x000ad4f4                OSIdleCtrRun
 .sbss          0x000ad4f8        0x4 ../../bsp/lab2//libucosii_bsp.a(alt_irq_vars.o)
                0x000ad4f8                alt_irq_active
 .sbss          0x000ad4fc        0x8 ../../bsp/lab2//libucosii_bsp.a(alt_tick.o)
                0x000ad4fc                _alt_tick_rate
                0x000ad500                _alt_nticks
 .sbss          0x000ad504        0x2 ../../bsp/lab2//libucosii_bsp.a(os_cpu_c.o)
 *(.sbss2 .sbss2.* .gnu.linkonce.sb2.*)
 *(.scommon)
                0x000ad506                PROVIDE (__sbss_end, ABSOLUTE (.))
                0x000ad506                PROVIDE (___sbss_end, ABSOLUTE (.))
 *(.dynbss)
 *(.bss .bss.* .gnu.linkonce.b.*)
 .bss           0x000ad506        0x0 ../../bsp/lab2//obj/HAL/src/crt0.o
 .bss           0x000ad506        0x0 obj/default/src_0/cpu_0.o
 .bss           0x000ad506        0x0 /opt/altera/13.0sp1/nios2eds/bin/gnu/H-i686-pc-linux-gnu/bin/../lib/gcc/nios2-elf/4.1.2/mno-hw-mul/libgcc.a(lib2-divmod.o)
 .bss           0x000ad506        0x0 /opt/altera/13.0sp1/nios2eds/bin/gnu/H-i686-pc-linux-gnu/bin/../lib/gcc/nios2-elf/4.1.2/mno-hw-mul/libgcc.a(lib2-mul.o)
 .bss           0x000ad506        0x0 /opt/altera/13.0sp1/nios2eds/bin/gnu/H-i686-pc-linux-gnu/bin/../lib/gcc/nios2-elf/4.1.2/../../../../nios2-elf/lib/mno-hw-mul/libc.a(lib_a-malloc.o)
 *fill*         0x000ad506        0x2 00
 .bss           0x000ad508       0x28 /opt/altera/13.0sp1/nios2eds/bin/gnu/H-i686-pc-linux-gnu/bin/../lib/gcc/nios2-elf/4.1.2/../../../../nios2-elf/lib/mno-hw-mul/libc.a(lib_a-mallocr.o)
                0x000ad508                __malloc_current_mallinfo
 .bss           0x000ad530        0x0 /opt/altera/13.0sp1/nios2eds/bin/gnu/H-i686-pc-linux-gnu/bin/../lib/gcc/nios2-elf/4.1.2/../../../../nios2-elf/lib/mno-hw-mul/libc.a(lib_a-printf.o)
 .bss           0x000ad530        0x0 /opt/altera/13.0sp1/nios2eds/bin/gnu/H-i686-pc-linux-gnu/bin/../lib/gcc/nios2-elf/4.1.2/../../../../nios2-elf/lib/mno-hw-mul/libc.a(lib_a-putchar.o)
 .bss           0x000ad530        0x0 /opt/altera/13.0sp1/nios2eds/bin/gnu/H-i686-pc-linux-gnu/bin/../lib/gcc/nios2-elf/4.1.2/../../../../nios2-elf/lib/mno-hw-mul/libc.a(lib_a-puts.o)
 .bss           0x000ad530        0x0 /opt/altera/13.0sp1/nios2eds/bin/gnu/H-i686-pc-linux-gnu/bin/../lib/gcc/nios2-elf/4.1.2/../../../../nios2-elf/lib/mno-hw-mul/libc.a(lib_a-sbrkr.o)
 .bss           0x000ad530        0x0 /opt/altera/13.0sp1/nios2eds/bin/gnu/H-i686-pc-linux-gnu/bin/../lib/gcc/nios2-elf/4.1.2/../../../../nios2-elf/lib/mno-hw-mul/libc.a(lib_a-strlen.o)
 .bss           0x000ad530        0x0 /opt/altera/13.0sp1/nios2eds/bin/gnu/H-i686-pc-linux-gnu/bin/../lib/gcc/nios2-elf/4.1.2/../../../../nios2-elf/lib/mno-hw-mul/libc.a(lib_a-vfprintf.o)
 .bss           0x000ad530        0x0 /opt/altera/13.0sp1/nios2eds/bin/gnu/H-i686-pc-linux-gnu/bin/../lib/gcc/nios2-elf/4.1.2/../../../../nios2-elf/lib/mno-hw-mul/libc.a(lib_a-wsetup.o)
 .bss           0x000ad530        0x0 /opt/altera/13.0sp1/nios2eds/bin/gnu/H-i686-pc-linux-gnu/bin/../lib/gcc/nios2-elf/4.1.2/../../../../nios2-elf/lib/mno-hw-mul/libc.a(lib_a-dtoa.o)
 .bss           0x000ad530        0x0 /opt/altera/13.0sp1/nios2eds/bin/gnu/H-i686-pc-linux-gnu/bin/../lib/gcc/nios2-elf/4.1.2/../../../../nios2-elf/lib/mno-hw-mul/libc.a(lib_a-fflush.o)
 .bss           0x000ad530        0x0 /opt/altera/13.0sp1/nios2eds/bin/gnu/H-i686-pc-linux-gnu/bin/../lib/gcc/nios2-elf/4.1.2/../../../../nios2-elf/lib/mno-hw-mul/libc.a(lib_a-findfp.o)
 .bss           0x000ad530        0x0 /opt/altera/13.0sp1/nios2eds/bin/gnu/H-i686-pc-linux-gnu/bin/../lib/gcc/nios2-elf/4.1.2/../../../../nios2-elf/lib/mno-hw-mul/libc.a(lib_a-freer.o)
 .bss           0x000ad530        0x0 /opt/altera/13.0sp1/nios2eds/bin/gnu/H-i686-pc-linux-gnu/bin/../lib/gcc/nios2-elf/4.1.2/../../../../nios2-elf/lib/mno-hw-mul/libc.a(lib_a-fvwrite.o)
 .bss           0x000ad530        0x0 /opt/altera/13.0sp1/nios2eds/bin/gnu/H-i686-pc-linux-gnu/bin/../lib/gcc/nios2-elf/4.1.2/../../../../nios2-elf/lib/mno-hw-mul/libc.a(lib_a-fwalk.o)
 .bss           0x000ad530        0x0 /opt/altera/13.0sp1/nios2eds/bin/gnu/H-i686-pc-linux-gnu/bin/../lib/gcc/nios2-elf/4.1.2/../../../../nios2-elf/lib/mno-hw-mul/libc.a(lib_a-impure.o)
 .bss           0x000ad530        0x0 /opt/altera/13.0sp1/nios2eds/bin/gnu/H-i686-pc-linux-gnu/bin/../lib/gcc/nios2-elf/4.1.2/../../../../nios2-elf/lib/mno-hw-mul/libc.a(lib_a-int_errno.o)
 .bss           0x000ad530        0x0 /opt/altera/13.0sp1/nios2eds/bin/gnu/H-i686-pc-linux-gnu/bin/../lib/gcc/nios2-elf/4.1.2/../../../../nios2-elf/lib/mno-hw-mul/libc.a(lib_a-locale.o)
 .bss           0x000ad530        0x0 /opt/altera/13.0sp1/nios2eds/bin/gnu/H-i686-pc-linux-gnu/bin/../lib/gcc/nios2-elf/4.1.2/../../../../nios2-elf/lib/mno-hw-mul/libc.a(lib_a-makebuf.o)
 .bss           0x000ad530        0x0 /opt/altera/13.0sp1/nios2eds/bin/gnu/H-i686-pc-linux-gnu/bin/../lib/gcc/nios2-elf/4.1.2/../../../../nios2-elf/lib/mno-hw-mul/libc.a(lib_a-memchr.o)
 .bss           0x000ad530        0x0 /opt/altera/13.0sp1/nios2eds/bin/gnu/H-i686-pc-linux-gnu/bin/../lib/gcc/nios2-elf/4.1.2/../../../../nios2-elf/lib/mno-hw-mul/libc.a(lib_a-memcpy.o)
 .bss           0x000ad530        0x0 /opt/altera/13.0sp1/nios2eds/bin/gnu/H-i686-pc-linux-gnu/bin/../lib/gcc/nios2-elf/4.1.2/../../../../nios2-elf/lib/mno-hw-mul/libc.a(lib_a-memmove.o)
 .bss           0x000ad530        0x0 /opt/altera/13.0sp1/nios2eds/bin/gnu/H-i686-pc-linux-gnu/bin/../lib/gcc/nios2-elf/4.1.2/../../../../nios2-elf/lib/mno-hw-mul/libc.a(lib_a-memset.o)
 .bss           0x000ad530        0x0 /opt/altera/13.0sp1/nios2eds/bin/gnu/H-i686-pc-linux-gnu/bin/../lib/gcc/nios2-elf/4.1.2/../../../../nios2-elf/lib/mno-hw-mul/libc.a(lib_a-mprec.o)
 .bss           0x000ad530        0x0 /opt/altera/13.0sp1/nios2eds/bin/gnu/H-i686-pc-linux-gnu/bin/../lib/gcc/nios2-elf/4.1.2/../../../../nios2-elf/lib/mno-hw-mul/libc.a(lib_a-putc.o)
 .bss           0x000ad530        0x0 /opt/altera/13.0sp1/nios2eds/bin/gnu/H-i686-pc-linux-gnu/bin/../lib/gcc/nios2-elf/4.1.2/../../../../nios2-elf/lib/mno-hw-mul/libc.a(lib_a-reallocr.o)
 .bss           0x000ad530        0x0 /opt/altera/13.0sp1/nios2eds/bin/gnu/H-i686-pc-linux-gnu/bin/../lib/gcc/nios2-elf/4.1.2/../../../../nios2-elf/lib/mno-hw-mul/libc.a(lib_a-s_isinfd.o)
 .bss           0x000ad530        0x0 /opt/altera/13.0sp1/nios2eds/bin/gnu/H-i686-pc-linux-gnu/bin/../lib/gcc/nios2-elf/4.1.2/../../../../nios2-elf/lib/mno-hw-mul/libc.a(lib_a-s_isnand.o)
 .bss           0x000ad530        0x0 /opt/altera/13.0sp1/nios2eds/bin/gnu/H-i686-pc-linux-gnu/bin/../lib/gcc/nios2-elf/4.1.2/../../../../nios2-elf/lib/mno-hw-mul/libc.a(lib_a-stdio.o)
 .bss           0x000ad530        0x0 /opt/altera/13.0sp1/nios2eds/bin/gnu/H-i686-pc-linux-gnu/bin/../lib/gcc/nios2-elf/4.1.2/../../../../nios2-elf/lib/mno-hw-mul/libc.a(lib_a-strcmp.o)
 .bss           0x000ad530        0x0 /opt/altera/13.0sp1/nios2eds/bin/gnu/H-i686-pc-linux-gnu/bin/../lib/gcc/nios2-elf/4.1.2/../../../../nios2-elf/lib/mno-hw-mul/libc.a(lib_a-wbuf.o)
 .bss           0x000ad530        0x0 /opt/altera/13.0sp1/nios2eds/bin/gnu/H-i686-pc-linux-gnu/bin/../lib/gcc/nios2-elf/4.1.2/../../../../nios2-elf/lib/mno-hw-mul/libc.a(lib_a-writer.o)
 .bss           0x000ad530        0x0 /opt/altera/13.0sp1/nios2eds/bin/gnu/H-i686-pc-linux-gnu/bin/../lib/gcc/nios2-elf/4.1.2/../../../../nios2-elf/lib/mno-hw-mul/libc.a(lib_a-callocr.o)
 .bss           0x000ad530        0x0 /opt/altera/13.0sp1/nios2eds/bin/gnu/H-i686-pc-linux-gnu/bin/../lib/gcc/nios2-elf/4.1.2/../../../../nios2-elf/lib/mno-hw-mul/libc.a(lib_a-closer.o)
 .bss           0x000ad530        0x0 /opt/altera/13.0sp1/nios2eds/bin/gnu/H-i686-pc-linux-gnu/bin/../lib/gcc/nios2-elf/4.1.2/../../../../nios2-elf/lib/mno-hw-mul/libc.a(lib_a-fclose.o)
 .bss           0x000ad530        0x0 /opt/altera/13.0sp1/nios2eds/bin/gnu/H-i686-pc-linux-gnu/bin/../lib/gcc/nios2-elf/4.1.2/../../../../nios2-elf/lib/mno-hw-mul/libc.a(lib_a-fstatr.o)
 .bss           0x000ad530        0x0 /opt/altera/13.0sp1/nios2eds/bin/gnu/H-i686-pc-linux-gnu/bin/../lib/gcc/nios2-elf/4.1.2/../../../../nios2-elf/lib/mno-hw-mul/libc.a(lib_a-isattyr.o)
 .bss           0x000ad530        0x0 /opt/altera/13.0sp1/nios2eds/bin/gnu/H-i686-pc-linux-gnu/bin/../lib/gcc/nios2-elf/4.1.2/../../../../nios2-elf/lib/mno-hw-mul/libc.a(lib_a-lseekr.o)
 .bss           0x000ad530        0x0 /opt/altera/13.0sp1/nios2eds/bin/gnu/H-i686-pc-linux-gnu/bin/../lib/gcc/nios2-elf/4.1.2/../../../../nios2-elf/lib/mno-hw-mul/libc.a(lib_a-readr.o)
 .bss           0x000ad530        0x0 /opt/altera/13.0sp1/nios2eds/bin/gnu/H-i686-pc-linux-gnu/bin/../lib/gcc/nios2-elf/4.1.2/mno-hw-mul/libgcc.a(_udivdi3.o)
 .bss           0x000ad530        0x0 /opt/altera/13.0sp1/nios2eds/bin/gnu/H-i686-pc-linux-gnu/bin/../lib/gcc/nios2-elf/4.1.2/mno-hw-mul/libgcc.a(_umoddi3.o)
 .bss           0x000ad530        0x0 /opt/altera/13.0sp1/nios2eds/bin/gnu/H-i686-pc-linux-gnu/bin/../lib/gcc/nios2-elf/4.1.2/mno-hw-mul/libgcc.a(_addsub_df.o)
 .bss           0x000ad530        0x0 /opt/altera/13.0sp1/nios2eds/bin/gnu/H-i686-pc-linux-gnu/bin/../lib/gcc/nios2-elf/4.1.2/mno-hw-mul/libgcc.a(_mul_df.o)
 .bss           0x000ad530        0x0 /opt/altera/13.0sp1/nios2eds/bin/gnu/H-i686-pc-linux-gnu/bin/../lib/gcc/nios2-elf/4.1.2/mno-hw-mul/libgcc.a(_div_df.o)
 .bss           0x000ad530        0x0 /opt/altera/13.0sp1/nios2eds/bin/gnu/H-i686-pc-linux-gnu/bin/../lib/gcc/nios2-elf/4.1.2/mno-hw-mul/libgcc.a(_eq_df.o)
 .bss           0x000ad530        0x0 /opt/altera/13.0sp1/nios2eds/bin/gnu/H-i686-pc-linux-gnu/bin/../lib/gcc/nios2-elf/4.1.2/mno-hw-mul/libgcc.a(_ne_df.o)
 .bss           0x000ad530        0x0 /opt/altera/13.0sp1/nios2eds/bin/gnu/H-i686-pc-linux-gnu/bin/../lib/gcc/nios2-elf/4.1.2/mno-hw-mul/libgcc.a(_gt_df.o)
 .bss           0x000ad530        0x0 /opt/altera/13.0sp1/nios2eds/bin/gnu/H-i686-pc-linux-gnu/bin/../lib/gcc/nios2-elf/4.1.2/mno-hw-mul/libgcc.a(_ge_df.o)
 .bss           0x000ad530        0x0 /opt/altera/13.0sp1/nios2eds/bin/gnu/H-i686-pc-linux-gnu/bin/../lib/gcc/nios2-elf/4.1.2/mno-hw-mul/libgcc.a(_lt_df.o)
 .bss           0x000ad530        0x0 /opt/altera/13.0sp1/nios2eds/bin/gnu/H-i686-pc-linux-gnu/bin/../lib/gcc/nios2-elf/4.1.2/mno-hw-mul/libgcc.a(_si_to_df.o)
 .bss           0x000ad530        0x0 /opt/altera/13.0sp1/nios2eds/bin/gnu/H-i686-pc-linux-gnu/bin/../lib/gcc/nios2-elf/4.1.2/mno-hw-mul/libgcc.a(_df_to_si.o)
 .bss           0x000ad530        0x0 /opt/altera/13.0sp1/nios2eds/bin/gnu/H-i686-pc-linux-gnu/bin/../lib/gcc/nios2-elf/4.1.2/mno-hw-mul/libgcc.a(_thenan_df.o)
 .bss           0x000ad530        0x0 /opt/altera/13.0sp1/nios2eds/bin/gnu/H-i686-pc-linux-gnu/bin/../lib/gcc/nios2-elf/4.1.2/mno-hw-mul/libgcc.a(_usi_to_df.o)
 .bss           0x000ad530        0x0 /opt/altera/13.0sp1/nios2eds/bin/gnu/H-i686-pc-linux-gnu/bin/../lib/gcc/nios2-elf/4.1.2/mno-hw-mul/libgcc.a(_muldi3.o)
 .bss           0x000ad530        0x0 /opt/altera/13.0sp1/nios2eds/bin/gnu/H-i686-pc-linux-gnu/bin/../lib/gcc/nios2-elf/4.1.2/mno-hw-mul/libgcc.a(_clz.o)
 .bss           0x000ad530        0x0 /opt/altera/13.0sp1/nios2eds/bin/gnu/H-i686-pc-linux-gnu/bin/../lib/gcc/nios2-elf/4.1.2/mno-hw-mul/libgcc.a(_clzsi2.o)
 .bss           0x000ad530        0x0 /opt/altera/13.0sp1/nios2eds/bin/gnu/H-i686-pc-linux-gnu/bin/../lib/gcc/nios2-elf/4.1.2/mno-hw-mul/libgcc.a(_pack_df.o)
 .bss           0x000ad530        0x0 /opt/altera/13.0sp1/nios2eds/bin/gnu/H-i686-pc-linux-gnu/bin/../lib/gcc/nios2-elf/4.1.2/mno-hw-mul/libgcc.a(_unpack_df.o)
 .bss           0x000ad530        0x0 /opt/altera/13.0sp1/nios2eds/bin/gnu/H-i686-pc-linux-gnu/bin/../lib/gcc/nios2-elf/4.1.2/mno-hw-mul/libgcc.a(_fpcmp_parts_df.o)
 .bss           0x000ad530        0x0 ../../bsp/lab2//libucosii_bsp.a(alt_close.o)
 .bss           0x000ad530        0x0 ../../bsp/lab2//libucosii_bsp.a(alt_dev.o)
 .bss           0x000ad530        0x0 ../../bsp/lab2//libucosii_bsp.a(alt_errno.o)
 .bss           0x000ad530        0x0 ../../bsp/lab2//libucosii_bsp.a(alt_fstat.o)
 .bss           0x000ad530        0x0 ../../bsp/lab2//libucosii_bsp.a(alt_isatty.o)
 .bss           0x000ad530        0x0 ../../bsp/lab2//libucosii_bsp.a(alt_load.o)
 .bss           0x000ad530        0x0 ../../bsp/lab2//libucosii_bsp.a(alt_lseek.o)
 .bss           0x000ad530        0x0 ../../bsp/lab2//libucosii_bsp.a(alt_main.o)
 .bss           0x000ad530        0x0 ../../bsp/lab2//libucosii_bsp.a(alt_read.o)
 .bss           0x000ad530        0x0 ../../bsp/lab2//libucosii_bsp.a(alt_release_fd.o)
 .bss           0x000ad530        0x0 ../../bsp/lab2//libucosii_bsp.a(alt_sbrk.o)
 .bss           0x000ad530        0x0 ../../bsp/lab2//libucosii_bsp.a(alt_write.o)
 .bss           0x000ad530        0x0 ../../bsp/lab2//libucosii_bsp.a(alt_env_lock.o)
 .bss           0x000ad530        0x0 ../../bsp/lab2//libucosii_bsp.a(alt_malloc_lock.o)
 .bss           0x000ad530        0x0 ../../bsp/lab2//libucosii_bsp.a(os_core.o)
 .bss           0x000ad530        0x0 ../../bsp/lab2//libucosii_bsp.a(os_dbg.o)
 .bss           0x000ad530        0x0 ../../bsp/lab2//libucosii_bsp.a(os_flag.o)
 .bss           0x000ad530        0x0 ../../bsp/lab2//libucosii_bsp.a(os_mem.o)
 .bss           0x000ad530        0x0 ../../bsp/lab2//libucosii_bsp.a(os_q.o)
 .bss           0x000ad530        0x0 ../../bsp/lab2//libucosii_bsp.a(os_sem.o)
 .bss           0x000ad530        0x0 ../../bsp/lab2//libucosii_bsp.a(os_task.o)
 .bss           0x000ad530        0x0 ../../bsp/lab2//libucosii_bsp.a(os_time.o)
 .bss           0x000ad530        0x0 ../../bsp/lab2//libucosii_bsp.a(os_tmr.o)
 .bss           0x000ad530        0x0 ../../bsp/lab2//libucosii_bsp.a(alt_sys_init.o)
 .bss           0x000ad530        0x0 ../../bsp/lab2//libucosii_bsp.a(altera_avalon_jtag_uart_fd.o)
 .bss           0x000ad530        0x0 ../../bsp/lab2//libucosii_bsp.a(altera_avalon_jtag_uart_init.o)
 .bss           0x000ad530        0x0 ../../bsp/lab2//libucosii_bsp.a(altera_avalon_jtag_uart_ioctl.o)
 .bss           0x000ad530        0x0 ../../bsp/lab2//libucosii_bsp.a(altera_avalon_jtag_uart_read.o)
 .bss           0x000ad530        0x0 ../../bsp/lab2//libucosii_bsp.a(altera_avalon_jtag_uart_write.o)
 .bss           0x000ad530        0x0 ../../bsp/lab2//libucosii_bsp.a(altera_avalon_mutex.o)
 .bss           0x000ad530        0x0 ../../bsp/lab2//libucosii_bsp.a(altera_avalon_timer_sc.o)
 .bss           0x000ad530        0x0 ../../bsp/lab2//libucosii_bsp.a(perf_print_formatted_report.o)
 .bss           0x000ad530        0x0 ../../bsp/lab2//libucosii_bsp.a(alt_alarm_start.o)
 .bss           0x000ad530        0x0 ../../bsp/lab2//libucosii_bsp.a(alt_dcache_flush_all.o)
 .bss           0x000ad530        0x0 ../../bsp/lab2//libucosii_bsp.a(alt_dev_llist_insert.o)
 .bss           0x000ad530        0x0 ../../bsp/lab2//libucosii_bsp.a(alt_do_ctors.o)
 .bss           0x000ad530        0x0 ../../bsp/lab2//libucosii_bsp.a(alt_do_dtors.o)
 .bss           0x000ad530        0x0 ../../bsp/lab2//libucosii_bsp.a(alt_find_dev.o)
 .bss           0x000ad530        0x0 ../../bsp/lab2//libucosii_bsp.a(alt_icache_flush_all.o)
 .bss           0x000ad530        0x0 ../../bsp/lab2//libucosii_bsp.a(alt_io_redirect.o)
 .bss           0x000ad530        0x0 ../../bsp/lab2//libucosii_bsp.a(alt_irq_register.o)
 .bss           0x000ad530        0x0 ../../bsp/lab2//libucosii_bsp.a(alt_irq_vars.o)
 .bss           0x000ad530        0x0 ../../bsp/lab2//libucosii_bsp.a(alt_open.o)
 .bss           0x000ad530        0x0 ../../bsp/lab2//libucosii_bsp.a(alt_tick.o)
 .bss           0x000ad530        0x0 ../../bsp/lab2//libucosii_bsp.a(altera_nios2_qsys_irq.o)
 .bss           0x000ad530        0x0 ../../bsp/lab2//libucosii_bsp.a(os_cpu_a.o)
 .bss           0x000ad530        0x0 ../../bsp/lab2//libucosii_bsp.a(os_cpu_c.o)
 .bss           0x000ad530        0x0 ../../bsp/lab2//libucosii_bsp.a(altera_avalon_performance_counter.o)
 .bss           0x000ad530        0x0 ../../bsp/lab2//libucosii_bsp.a(alt_find_file.o)
 .bss           0x000ad530        0x0 ../../bsp/lab2//libucosii_bsp.a(alt_get_fd.o)
 .bss           0x000ad530        0x0 ../../bsp/lab2//libucosii_bsp.a(alt_irq_entry.o)
 .bss           0x000ad530        0x0 ../../bsp/lab2//libucosii_bsp.a(alt_irq_handler.o)
 .bss           0x000ad530        0x0 ../../bsp/lab2//libucosii_bsp.a(alt_exception_entry.o)
 .bss           0x000ad530        0x0 /opt/altera/13.0sp1/nios2eds/bin/gnu/H-i686-pc-linux-gnu/bin/../lib/gcc/nios2-elf/4.1.2/../../../../nios2-elf/lib/mno-hw-mul/libc.a(lib_a-atexit.o)
 .bss           0x000ad530        0x0 /opt/altera/13.0sp1/nios2eds/bin/gnu/H-i686-pc-linux-gnu/bin/../lib/gcc/nios2-elf/4.1.2/../../../../nios2-elf/lib/mno-hw-mul/libc.a(lib_a-exit.o)
 .bss           0x000ad530        0x0 /opt/altera/13.0sp1/nios2eds/bin/gnu/H-i686-pc-linux-gnu/bin/../lib/gcc/nios2-elf/4.1.2/../../../../nios2-elf/lib/mno-hw-mul/libc.a(lib_a-memcmp.o)
 .bss           0x000ad530        0x0 /opt/altera/13.0sp1/nios2eds/bin/gnu/H-i686-pc-linux-gnu/bin/../lib/gcc/nios2-elf/4.1.2/../../../../nios2-elf/lib/mno-hw-mul/libc.a(lib_a-__atexit.o)
 .bss           0x000ad530        0x0 /opt/altera/13.0sp1/nios2eds/bin/gnu/H-i686-pc-linux-gnu/bin/../lib/gcc/nios2-elf/4.1.2/../../../../nios2-elf/lib/mno-hw-mul/libc.a(lib_a-__call_atexit.o)
 .bss           0x000ad530        0x0 /opt/altera/13.0sp1/nios2eds/bin/gnu/H-i686-pc-linux-gnu/bin/../lib/gcc/nios2-elf/4.1.2/mno-hw-mul/libgcc.a(_fixunsdfsi.o)
 .bss           0x000ad530        0x0 /opt/altera/13.0sp1/nios2eds/bin/gnu/H-i686-pc-linux-gnu/bin/../lib/gcc/nios2-elf/4.1.2/mno-hw-mul/libgcc.a(_floatundidf.o)
 .bss           0x000ad530        0x0 ../../bsp/lab2//libucosii_bsp.a(alt_exit.o)
 *(COMMON)
 COMMON         0x000ad530     0x3d74 ../../bsp/lab2//libucosii_bsp.a(os_core.o)
                0x000ad530                OSTmrWheelTbl
                0x000ad540                OSFlagTbl
                0x000ad8b0                OSTmrTbl
                0x000adbf0                OSMemTbl
                0x000ae820                OSTaskStatStk
                0x000af020                OSQTbl
                0x000af200                OSTmrTaskStk
                0x000afa00                OSTaskIdleStk
                0x000b0200                OSEventTbl
                0x000b0d40                OSTCBTbl
                0x000b1250                OSTCBPrioTbl
 COMMON         0x000b12a4      0x100 ../../bsp/lab2//libucosii_bsp.a(alt_irq_handler.o)
                0x000b12a4                alt_irq
 COMMON         0x000b13a4      0x190 /opt/altera/13.0sp1/nios2eds/bin/gnu/H-i686-pc-linux-gnu/bin/../lib/gcc/nios2-elf/4.1.2/../../../../nios2-elf/lib/mno-hw-mul/libc.a(lib_a-atexit.o)
                0x000b13a4                _atexit0
                0x000b1534                . = ALIGN (0x4)
                0x000b1534                __bss_end = ABSOLUTE (.)

.sram           0x000b1534        0x0
                0x000b1534                PROVIDE (_alt_partition_sram_start, ABSOLUTE (.))
 *(.sram. sram.*)
                0x000b1534                . = ALIGN (0x4)
                0x000b1534                PROVIDE (_alt_partition_sram_end, ABSOLUTE (.))
                0x000b1534                _end = ABSOLUTE (.)
                0x000b1534                end = ABSOLUTE (.)
                0x000b1534                __alt_stack_base = ABSOLUTE (.)
                0x000b1534                PROVIDE (_alt_partition_sram_load_addr, LOADADDR (.sram))

.shared_onchip  0x00102000        0x0 load address 0x000b1534
                0x00102000                PROVIDE (_alt_partition_shared_onchip_start, ABSOLUTE (.))
 *(.shared_onchip. shared_onchip.*)
                0x00102000                . = ALIGN (0x4)
                0x00102000                PROVIDE (_alt_partition_shared_onchip_end, ABSOLUTE (.))
                0x000b1534                PROVIDE (_alt_partition_shared_onchip_load_addr, LOADADDR (.shared_onchip))

.sdram          0x01000000        0x0 load address 0x000b1534
                0x01000000                PROVIDE (_alt_partition_sdram_start, ABSOLUTE (.))
 *(.sdram. sdram.*)
                0x01000000                . = ALIGN (0x4)
                0x01000000                PROVIDE (_alt_partition_sdram_end, ABSOLUTE (.))
                0x000b1534                PROVIDE (_alt_partition_sdram_load_addr, LOADADDR (.sdram))

.stab
 *(.stab)

.stabstr
 *(.stabstr)

.stab.excl
 *(.stab.excl)

.stab.exclstr
 *(.stab.exclstr)

.stab.index
 *(.stab.index)

.stab.indexstr
 *(.stab.indexstr)

.comment        0x00000000       0x26
 *(.comment)
 .comment       0x00000000       0x26 obj/default/src_0/cpu_0.o
                                 0x27 (size before relaxing)
 .comment       0x00000000       0x27 /opt/altera/13.0sp1/nios2eds/bin/gnu/H-i686-pc-linux-gnu/bin/../lib/gcc/nios2-elf/4.1.2/mno-hw-mul/libgcc.a(lib2-divmod.o)
 .comment       0x00000000       0x27 /opt/altera/13.0sp1/nios2eds/bin/gnu/H-i686-pc-linux-gnu/bin/../lib/gcc/nios2-elf/4.1.2/mno-hw-mul/libgcc.a(lib2-mul.o)
 .comment       0x00000000       0x27 /opt/altera/13.0sp1/nios2eds/bin/gnu/H-i686-pc-linux-gnu/bin/../lib/gcc/nios2-elf/4.1.2/../../../../nios2-elf/lib/mno-hw-mul/libc.a(lib_a-malloc.o)
 .comment       0x00000000       0x27 /opt/altera/13.0sp1/nios2eds/bin/gnu/H-i686-pc-linux-gnu/bin/../lib/gcc/nios2-elf/4.1.2/../../../../nios2-elf/lib/mno-hw-mul/libc.a(lib_a-mallocr.o)
 .comment       0x00000000       0x27 /opt/altera/13.0sp1/nios2eds/bin/gnu/H-i686-pc-linux-gnu/bin/../lib/gcc/nios2-elf/4.1.2/../../../../nios2-elf/lib/mno-hw-mul/libc.a(lib_a-printf.o)
 .comment       0x00000000       0x27 /opt/altera/13.0sp1/nios2eds/bin/gnu/H-i686-pc-linux-gnu/bin/../lib/gcc/nios2-elf/4.1.2/../../../../nios2-elf/lib/mno-hw-mul/libc.a(lib_a-putchar.o)
 .comment       0x00000000       0x27 /opt/altera/13.0sp1/nios2eds/bin/gnu/H-i686-pc-linux-gnu/bin/../lib/gcc/nios2-elf/4.1.2/../../../../nios2-elf/lib/mno-hw-mul/libc.a(lib_a-puts.o)
 .comment       0x00000000       0x27 /opt/altera/13.0sp1/nios2eds/bin/gnu/H-i686-pc-linux-gnu/bin/../lib/gcc/nios2-elf/4.1.2/../../../../nios2-elf/lib/mno-hw-mul/libc.a(lib_a-sbrkr.o)
 .comment       0x00000000       0x27 /opt/altera/13.0sp1/nios2eds/bin/gnu/H-i686-pc-linux-gnu/bin/../lib/gcc/nios2-elf/4.1.2/../../../../nios2-elf/lib/mno-hw-mul/libc.a(lib_a-strlen.o)
 .comment       0x00000000       0x27 /opt/altera/13.0sp1/nios2eds/bin/gnu/H-i686-pc-linux-gnu/bin/../lib/gcc/nios2-elf/4.1.2/../../../../nios2-elf/lib/mno-hw-mul/libc.a(lib_a-vfprintf.o)
 .comment       0x00000000       0x27 /opt/altera/13.0sp1/nios2eds/bin/gnu/H-i686-pc-linux-gnu/bin/../lib/gcc/nios2-elf/4.1.2/../../../../nios2-elf/lib/mno-hw-mul/libc.a(lib_a-wsetup.o)
 .comment       0x00000000       0x27 /opt/altera/13.0sp1/nios2eds/bin/gnu/H-i686-pc-linux-gnu/bin/../lib/gcc/nios2-elf/4.1.2/../../../../nios2-elf/lib/mno-hw-mul/libc.a(lib_a-dtoa.o)
 .comment       0x00000000       0x27 /opt/altera/13.0sp1/nios2eds/bin/gnu/H-i686-pc-linux-gnu/bin/../lib/gcc/nios2-elf/4.1.2/../../../../nios2-elf/lib/mno-hw-mul/libc.a(lib_a-fflush.o)
 .comment       0x00000000       0x27 /opt/altera/13.0sp1/nios2eds/bin/gnu/H-i686-pc-linux-gnu/bin/../lib/gcc/nios2-elf/4.1.2/../../../../nios2-elf/lib/mno-hw-mul/libc.a(lib_a-findfp.o)
 .comment       0x00000000       0x27 /opt/altera/13.0sp1/nios2eds/bin/gnu/H-i686-pc-linux-gnu/bin/../lib/gcc/nios2-elf/4.1.2/../../../../nios2-elf/lib/mno-hw-mul/libc.a(lib_a-freer.o)