Archive member included because of file (symbol)

/opt/altera/13.0sp1/nios2eds/bin/gnu/H-i686-pc-linux-gnu/bin/../lib/gcc/nios2-elf/4.1.2/mno-hw-mul/libgcc.a(_div_df.o)
                              obj/default/src_0/cpu_0.o (__divdf3)
/opt/altera/13.0sp1/nios2eds/bin/gnu/H-i686-pc-linux-gnu/bin/../lib/gcc/nios2-elf/4.1.2/mno-hw-mul/libgcc.a(_thenan_df.o)
                              /opt/altera/13.0sp1/nios2eds/bin/gnu/H-i686-pc-linux-gnu/bin/../lib/gcc/nios2-elf/4.1.2/mno-hw-mul/libgcc.a(_div_df.o) (__thenan_df)
/opt/altera/13.0sp1/nios2eds/bin/gnu/H-i686-pc-linux-gnu/bin/../lib/gcc/nios2-elf/4.1.2/mno-hw-mul/libgcc.a(_usi_to_df.o)
                              obj/default/src_0/cpu_0.o (__floatunsidf)
/opt/altera/13.0sp1/nios2eds/bin/gnu/H-i686-pc-linux-gnu/bin/../lib/gcc/nios2-elf/4.1.2/mno-hw-mul/libgcc.a(lib2-divmod.o)
                              obj/default/src_0/cpu_0.o (__divsi3)
/opt/altera/13.0sp1/nios2eds/bin/gnu/H-i686-pc-linux-gnu/bin/../lib/gcc/nios2-elf/4.1.2/mno-hw-mul/libgcc.a(lib2-mul.o)
                              obj/default/src_0/cpu_0.o (__mulsi3)
/opt/altera/13.0sp1/nios2eds/bin/gnu/H-i686-pc-linux-gnu/bin/../lib/gcc/nios2-elf/4.1.2/mno-hw-mul/libgcc.a(_clzsi2.o)
                              /opt/altera/13.0sp1/nios2eds/bin/gnu/H-i686-pc-linux-gnu/bin/../lib/gcc/nios2-elf/4.1.2/mno-hw-mul/libgcc.a(_usi_to_df.o) (__clzsi2)
/opt/altera/13.0sp1/nios2eds/bin/gnu/H-i686-pc-linux-gnu/bin/../lib/gcc/nios2-elf/4.1.2/mno-hw-mul/libgcc.a(_pack_df.o)
                              /opt/altera/13.0sp1/nios2eds/bin/gnu/H-i686-pc-linux-gnu/bin/../lib/gcc/nios2-elf/4.1.2/mno-hw-mul/libgcc.a(_div_df.o) (__pack_d)
/opt/altera/13.0sp1/nios2eds/bin/gnu/H-i686-pc-linux-gnu/bin/../lib/gcc/nios2-elf/4.1.2/mno-hw-mul/libgcc.a(_unpack_df.o)
                              /opt/altera/13.0sp1/nios2eds/bin/gnu/H-i686-pc-linux-gnu/bin/../lib/gcc/nios2-elf/4.1.2/mno-hw-mul/libgcc.a(_div_df.o) (__unpack_d)
/opt/altera/13.0sp1/nios2eds/bin/gnu/H-i686-pc-linux-gnu/bin/../lib/gcc/nios2-elf/4.1.2/mno-hw-mul/libgcc.a(_clz.o)
                              /opt/altera/13.0sp1/nios2eds/bin/gnu/H-i686-pc-linux-gnu/bin/../lib/gcc/nios2-elf/4.1.2/mno-hw-mul/libgcc.a(_clzsi2.o) (__clz_tab)
/opt/altera/13.0sp1/nios2eds/bin/gnu/H-i686-pc-linux-gnu/bin/../lib/gcc/nios2-elf/4.1.2/../../../../nios2-elf/lib/mno-hw-mul/libc.a(lib_a-malloc.o)
                              obj/default/src_0/cpu_0.o (free)
/opt/altera/13.0sp1/nios2eds/bin/gnu/H-i686-pc-linux-gnu/bin/../lib/gcc/nios2-elf/4.1.2/../../../../nios2-elf/lib/mno-hw-mul/libc.a(lib_a-mallocr.o)
                              /opt/altera/13.0sp1/nios2eds/bin/gnu/H-i686-pc-linux-gnu/bin/../lib/gcc/nios2-elf/4.1.2/../../../../nios2-elf/lib/mno-hw-mul/libc.a(lib_a-malloc.o) (_malloc_r)
/opt/altera/13.0sp1/nios2eds/bin/gnu/H-i686-pc-linux-gnu/bin/../lib/gcc/nios2-elf/4.1.2/../../../../nios2-elf/lib/mno-hw-mul/libc.a(lib_a-memcpy.o)
                              obj/default/src_0/cpu_0.o (memcpy)
/opt/altera/13.0sp1/nios2eds/bin/gnu/H-i686-pc-linux-gnu/bin/../lib/gcc/nios2-elf/4.1.2/../../../../nios2-elf/lib/mno-hw-mul/libc.a(lib_a-printf.o)
                              obj/default/src_0/cpu_0.o (printf)
/opt/altera/13.0sp1/nios2eds/bin/gnu/H-i686-pc-linux-gnu/bin/../lib/gcc/nios2-elf/4.1.2/../../../../nios2-elf/lib/mno-hw-mul/libc.a(lib_a-putchar.o)
                              obj/default/src_0/cpu_0.o (putchar)
/opt/altera/13.0sp1/nios2eds/bin/gnu/H-i686-pc-linux-gnu/bin/../lib/gcc/nios2-elf/4.1.2/../../../../nios2-elf/lib/mno-hw-mul/libc.a(lib_a-puts.o)
                              obj/default/src_0/cpu_0.o (puts)
/opt/altera/13.0sp1/nios2eds/bin/gnu/H-i686-pc-linux-gnu/bin/../lib/gcc/nios2-elf/4.1.2/../../../../nios2-elf/lib/mno-hw-mul/libc.a(lib_a-sbrkr.o)
                              /opt/altera/13.0sp1/nios2eds/bin/gnu/H-i686-pc-linux-gnu/bin/../lib/gcc/nios2-elf/4.1.2/../../../../nios2-elf/lib/mno-hw-mul/libc.a(lib_a-mallocr.o) (_sbrk_r)
/opt/altera/13.0sp1/nios2eds/bin/gnu/H-i686-pc-linux-gnu/bin/../lib/gcc/nios2-elf/4.1.2/../../../../nios2-elf/lib/mno-hw-mul/libc.a(lib_a-strlen.o)
                              /opt/altera/13.0sp1/nios2eds/bin/gnu/H-i686-pc-linux-gnu/bin/../lib/gcc/nios2-elf/4.1.2/../../../../nios2-elf/lib/mno-hw-mul/libc.a(lib_a-puts.o) (strlen)
/opt/altera/13.0sp1/nios2eds/bin/gnu/H-i686-pc-linux-gnu/bin/../lib/gcc/nios2-elf/4.1.2/../../../../nios2-elf/lib/mno-hw-mul/libc.a(lib_a-vfprintf.o)
                              /opt/altera/13.0sp1/nios2eds/bin/gnu/H-i686-pc-linux-gnu/bin/../lib/gcc/nios2-elf/4.1.2/../../../../nios2-elf/lib/mno-hw-mul/libc.a(lib_a-printf.o) (___vfprintf_internal_r)
/opt/altera/13.0sp1/nios2eds/bin/gnu/H-i686-pc-linux-gnu/bin/../lib/gcc/nios2-elf/4.1.2/../../../../nios2-elf/lib/mno-hw-mul/libc.a(lib_a-wsetup.o)
                              /opt/altera/13.0sp1/nios2eds/bin/gnu/H-i686-pc-linux-gnu/bin/../lib/gcc/nios2-elf/4.1.2/../../../../nios2-elf/lib/mno-hw-mul/libc.a(lib_a-vfprintf.o) (__swsetup_r)
[...]
Memory Configuration

Name             Origin             Length             Attributes
reset            0x00080000         0x00000020
sram             0x00080020         0x0007ffe0
shared_onchip    0x00102000         0x00002000
sdram            0x01000000         0x00800000
*default*        0x00000000         0xffffffff

Linker script and memory map

LOAD ../../bsp/lab2//obj/HAL/src/crt0.o
LOAD obj/default/src_0/cpu_0.o
LOAD /opt/altera/13.0sp1/nios2eds/bin/gnu/H-i686-pc-linux-gnu/bin/../lib/gcc/nios2-elf/4.1.2/../../../../nios2-elf/lib/mno-hw-mul/libstdc++.a
LOAD /opt/altera/13.0sp1/nios2eds/bin/gnu/H-i686-pc-linux-gnu/bin/../lib/gcc/nios2-elf/4.1.2/../../../../nios2-elf/lib/mno-hw-mul/libm.a
LOAD /opt/altera/13.0sp1/nios2eds/bin/gnu/H-i686-pc-linux-gnu/bin/../lib/gcc/nios2-elf/4.1.2/mno-hw-mul/libgcc.a
START GROUP
LOAD /opt/altera/13.0sp1/nios2eds/bin/gnu/H-i686-pc-linux-gnu/bin/../lib/gcc/nios2-elf/4.1.2/../../../../nios2-elf/lib/mno-hw-mul/libc.a
LOAD /opt/altera/13.0sp1/nios2eds/bin/gnu/H-i686-pc-linux-gnu/bin/../lib/gcc/nios2-elf/4.1.2/mno-hw-mul/libgcc.a
LOAD ../../bsp/lab2//libucosii_bsp.a
END GROUP
LOAD /opt/altera/13.0sp1/nios2eds/bin/gnu/H-i686-pc-linux-gnu/bin/../lib/gcc/nios2-elf/4.1.2/mno-hw-mul/libgcc.a
                0x00080000                __alt_mem_sram = 0x80000
                0x00102000                __alt_mem_shared_onchip = 0x102000
                0x01000000                __alt_mem_sdram = 0x1000000

.entry          0x00080000       0x20
 *(.entry)
 .entry         0x00080000       0x20 ../../bsp/lab2//obj/HAL/src/crt0.o
                0x00080000                __reset

.exceptions     0x00080020      0x12c
                0x00080020                PROVIDE (__ram_exceptions_start, ABSOLUTE (.))
                0x00080020                . = ALIGN (0x20)
 *(.irq)
 *(.exceptions.entry.label)
 .exceptions.entry.label
                0x00080020        0x0 ../../bsp/lab2//libucosii_bsp.a(alt_irq_entry.o)
                0x00080020                alt_irq_entry
 .exceptions.entry.label
                0x00080020        0x0 ../../bsp/lab2//libucosii_bsp.a(alt_exception_entry.o)
                0x00080020                alt_exception
 *(.exceptions.entry.user)
 *(.exceptions.entry)
 .exceptions.entry
                0x00080020       0x54 ../../bsp/lab2//libucosii_bsp.a(alt_exception_entry.o)
 *(.exceptions.irqtest.user)
 *(.exceptions.irqtest)
 .exceptions.irqtest
                0x00080074       0x10 ../../bsp/lab2//libucosii_bsp.a(alt_irq_entry.o)
 *(.exceptions.irqhandler.user)
 *(.exceptions.irqhandler)
 .exceptions.irqhandler
                0x00080084        0x4 ../../bsp/lab2//libucosii_bsp.a(alt_irq_entry.o)
 *(.exceptions.irqreturn.user)
 *(.exceptions.irqreturn)
 .exceptions.irqreturn
                0x00080088        0x4 ../../bsp/lab2//libucosii_bsp.a(alt_irq_entry.o)
 *(.exceptions.notirq.label)
 .exceptions.notirq.label
                0x0008008c        0x0 ../../bsp/lab2//libucosii_bsp.a(alt_irq_entry.o)
 *(.exceptions.notirq.user)
 *(.exceptions.notirq)
 .exceptions.notirq
                0x0008008c        0x8 ../../bsp/lab2//libucosii_bsp.a(alt_exception_entry.o)
 *(.exceptions.soft.user)
 *(.exceptions.soft)
 *(.exceptions.unknown.user)
 *(.exceptions.unknown)
 .exceptions.unknown
                0x00080094        0x4 ../../bsp/lab2//libucosii_bsp.a(alt_exception_entry.o)
 *(.exceptions.exit.label)
 .exceptions.exit.label
                0x00080098        0x0 ../../bsp/lab2//libucosii_bsp.a(alt_irq_entry.o)
 .exceptions.exit.label
                0x00080098        0x0 ../../bsp/lab2//libucosii_bsp.a(alt_exception_entry.o)
 *(.exceptions.exit.user)
 *(.exceptions.exit)
 .exceptions.exit
                0x00080098       0x54 ../../bsp/lab2//libucosii_bsp.a(alt_exception_entry.o)
 *(.exceptions)
 .exceptions    0x000800ec       0x60 ../../bsp/lab2//libucosii_bsp.a(alt_irq_handler.o)
                0x000800ec                alt_irq_handler
                0x0008014c                PROVIDE (__ram_exceptions_end, ABSOLUTE (.))
                0x00080020                PROVIDE (__flash_exceptions_start, LOADADDR (.exceptions))

.text           0x0008014c    0x1168c
                0x0008014c                PROVIDE (stext, ABSOLUTE (.))
 *(.interp)
 *(.hash)
 *(.dynsym)
 *(.dynstr)
 *(.gnu.version)
 *(.gnu.version_d)
 *(.gnu.version_r)
 *(.rel.init)
 *(.rela.init)
 *(.rel.text .rel.text.* .rel.gnu.linkonce.t.*)
 *(.rela.text .rela.text.* .rela.gnu.linkonce.t.*)
 *(.rel.fini)
 *(.rela.fini)
 *(.rel.rodata .rel.rodata.* .rel.gnu.linkonce.r.*)
 *(.rela.rodata .rela.rodata.* .rela.gnu.linkonce.r.*)
 *(.rel.data .rel.data.* .rel.gnu.linkonce.d.*)
 *(.rela.data .rela.data.* .rela.gnu.linkonce.d.*)
 *(.rel.tdata .rel.tdata.* .rel.gnu.linkonce.td.*)
 *(.rela.tdata .rela.tdata.* .rela.gnu.linkonce.td.*)
 *(.rel.tbss .rel.tbss.* .rel.gnu.linkonce.tb.*)
 *(.rela.tbss .rela.tbss.* .rela.gnu.linkonce.tb.*)
 *(.rel.ctors)
 *(.rela.ctors)
 *(.rel.dtors)
 *(.rela.dtors)
 *(.rel.got)
 *(.rela.got)
 *(.rel.sdata .rel.sdata.* .rel.gnu.linkonce.s.*)
 *(.rela.sdata .rela.sdata.* .rela.gnu.linkonce.s.*)
 *(.rel.sbss .rel.sbss.* .rel.gnu.linkonce.sb.*)
 *(.rela.sbss .rela.sbss.* .rela.gnu.linkonce.sb.*)
 *(.rel.sdata2 .rel.sdata2.* .rel.gnu.linkonce.s2.*)
 *(.rela.sdata2 .rela.sdata2.* .rela.gnu.linkonce.s2.*)
 *(.rel.sbss2 .rel.sbss2.* .rel.gnu.linkonce.sb2.*)
 *(.rela.sbss2 .rela.sbss2.* .rela.gnu.linkonce.sb2.*)
 *(.rel.bss .rel.bss.* .rel.gnu.linkonce.b.*)
 *(.rela.bss .rela.bss.* .rela.gnu.linkonce.b.*)
 *(.rel.plt)
 *(.rela.plt)
 *(.rel.dyn)
 *(.init)
 *(.plt)
 *(.text .stub .text.* .gnu.linkonce.t.*)
 .text          0x0008014c       0x3c ../../bsp/lab2//obj/HAL/src/crt0.o
                0x0008014c                _start
 .text          0x00080188      0x644 obj/default/src_0/cpu_0.o
                0x00080188                main
                0x00080224                StartTask
                0x000803f0                graySDF
                0x00080510                task1
                0x000805c0                alarm_handler
                0x000805dc                asciiSDF
                0x0008075c                task2
                0x000807bc                Task2TmrCallback
                0x000807c4                Task1TmrCallback
 .text          0x000807cc      0x258 /opt/altera/13.0sp1/nios2eds/bin/gnu/H-i686-pc-linux-gnu/bin/../lib/gcc/nios2-elf/4.1.2/mno-hw-mul/libgcc.a(_div_df.o)
                0x000807cc                __divdf3
 .text          0x00080a24        0x0 /opt/altera/13.0sp1/nios2eds/bin/gnu/H-i686-pc-linux-gnu/bin/../lib/gcc/nios2-elf/4.1.2/mno-hw-mul/libgcc.a(_thenan_df.o)
 .text          0x00080a24      0x194 /opt/altera/13.0sp1/nios2eds/bin/gnu/H-i686-pc-linux-gnu/bin/../lib/gcc/nios2-elf/4.1.2/mno-hw-mul/libgcc.a(_usi_to_df.o)
                0x00080a24                __floatunsidf
 .text          0x00080bb8      0x14c /opt/altera/13.0sp1/nios2eds/bin/gnu/H-i686-pc-linux-gnu/bin/../lib/gcc/nios2-elf/4.1.2/mno-hw-mul/libgcc.a(lib2-divmod.o)
                0x00080c34                __divsi3
                0x00080c94                __modsi3
                0x00080cf4                __udivsi3
                0x00080cfc                __umodsi3
 .text          0x00080d04       0x38 /opt/altera/13.0sp1/nios2eds/bin/gnu/H-i686-pc-linux-gnu/bin/../lib/gcc/nios2-elf/4.1.2/mno-hw-mul/libgcc.a(lib2-mul.o)
                0x00080d04                __mulsi3
 .text          0x00080d3c       0x80 /opt/altera/13.0sp1/nios2eds/bin/gnu/H-i686-pc-linux-gnu/bin/../lib/gcc/nios2-elf/4.1.2/mno-hw-mul/libgcc.a(_clzsi2.o)
                0x00080d3c                __clzsi2
 .text          0x00080dbc      0x314 /opt/altera/13.0sp1/nios2eds/bin/gnu/H-i686-pc-linux-gnu/bin/../lib/gcc/nios2-elf/4.1.2/mno-hw-mul/libgcc.a(_pack_df.o)
                0x00080dbc                __pack_d
 .text          0x000810d0      0x138 /opt/altera/13.0sp1/nios2eds/bin/gnu/H-i686-pc-linux-gnu/bin/../lib/gcc/nios2-elf/4.1.2/mno-hw-mul/libgcc.a(_unpack_df.o)
                0x000810d0                __unpack_d
 .text          0x00081208        0x0 /opt/altera/13.0sp1/nios2eds/bin/gnu/H-i686-pc-linux-gnu/bin/../lib/gcc/nios2-elf/4.1.2/mno-hw-mul/libgcc.a(_clz.o)
 .text          0x00081208       0x28 /opt/altera/13.0sp1/nios2eds/bin/gnu/H-i686-pc-linux-gnu/bin/../lib/gcc/nios2-elf/4.1.2/../../../../nios2-elf/lib/mno-hw-mul/libc.a(lib_a-malloc.o)
                0x00081208                free
                0x0008121c                malloc
 .text          0x00081230      0x740 /opt/altera/13.0sp1/nios2eds/bin/gnu/H-i686-pc-linux-gnu/bin/../lib/gcc/nios2-elf/4.1.2/../../../../nios2-elf/lib/mno-hw-mul/libc.a(lib_a-mallocr.o)
                0x00081230                _malloc_r
 .text          0x00081970       0xa0 /opt/altera/13.0sp1/nios2eds/bin/gnu/H-i686-pc-linux-gnu/bin/../lib/gcc/nios2-elf/4.1.2/../../../../nios2-elf/lib/mno-hw-mul/libc.a(lib_a-memcpy.o)
                0x00081970                memcpy
 .text          0x00081a10       0x78 /opt/altera/13.0sp1/nios2eds/bin/gnu/H-i686-pc-linux-gnu/bin/../lib/gcc/nios2-elf/4.1.2/../../../../nios2-elf/lib/mno-hw-mul/libc.a(lib_a-printf.o)
                0x00081a10                printf
                0x00081a54                _printf_r
 .text          0x00081a88       0x24 /opt/altera/13.0sp1/nios2eds/bin/gnu/H-i686-pc-linux-gnu/bin/../lib/gcc/nios2-elf/4.1.2/../../../../nios2-elf/lib/mno-hw-mul/libc.a(lib_a-putchar.o)
                0x00081a88                putchar
                0x00081aa4                _putchar_r
 .text          0x00081aac       0xb4 /opt/altera/13.0sp1/nios2eds/bin/gnu/H-i686-pc-linux-gnu/bin/../lib/gcc/nios2-elf/4.1.2/../../../../nios2-elf/lib/mno-hw-mul/libc.a(lib_a-puts.o)
                0x00081aac                _puts_r
                0x00081b4c                puts
 .text          0x00081b60       0x70 /opt/altera/13.0sp1/nios2eds/bin/gnu/H-i686-pc-linux-gnu/bin/../lib/gcc/nios2-elf/4.1.2/../../../../nios2-elf/lib/mno-hw-mul/libc.a(lib_a-sbrkr.o)
                0x00081b60                _sbrk_r
 .text          0x00081bd0       0x74 /opt/altera/13.0sp1/nios2eds/bin/gnu/H-i686-pc-linux-gnu/bin/../lib/gcc/nios2-elf/4.1.2/../../../../nios2-elf/lib/mno-hw-mul/libc.a(lib_a-strlen.o)
                0x00081bd0                strlen
 .text          0x00081c44     0x1f40 /opt/altera/13.0sp1/nios2eds/bin/gnu/H-i686-pc-linux-gnu/bin/../lib/gcc/nios2-elf/4.1.2/../../../../nios2-elf/lib/mno-hw-mul/libc.a(lib_a-vfprintf.o)
                0x00081c9c                ___vfprintf_internal_r
                0x00083b60                __vfprintf_internal
 .text          0x00083b84      0x13c /opt/altera/13.0sp1/nios2eds/bin/gnu/H-i686-pc-linux-gnu/bin/../lib/gcc/nios2-elf/4.1.2/../../../../nios2-elf/lib/mno-hw-mul/libc.a(lib_a-wsetup.o)
                0x00083b84                __swsetup_r
 .text          0x00083cc0     0x17f8 /opt/altera/13.0sp1/nios2eds/bin/gnu/H-i686-pc-linux-gnu/bin/../lib/gcc/nios2-elf/4.1.2/../../../../nios2-elf/lib/mno-hw-mul/libc.a(lib_a-dtoa.o)
                0x00083f04                _dtoa_r
 .text          0x000854b8      0x230 /opt/altera/13.0sp1/nios2eds/bin/gnu/H-i686-pc-linux-gnu/bin/../lib/gcc/nios2-elf/4.1.2/../../../../nios2-elf/lib/mno-hw-mul/libc.a(lib_a-fflush.o)
                0x000854b8                _fflush_r
                0x000856b4                fflush
 .text          0x000856e8      0x2f4 /opt/altera/13.0sp1/nios2eds/bin/gnu/H-i686-pc-linux-gnu/bin/../lib/gcc/nios2-elf/4.1.2/../../../../nios2-elf/lib/mno-hw-mul/libc.a(lib_a-findfp.o)
                0x00085740                __sfp_lock_acquire
                0x00085744                __sfp_lock_release
                0x00085748                __sinit_lock_acquire
                0x0008574c                __sinit_lock_release
                0x00085750                __sinit
                0x00085804                __fp_unlock_all
                0x0008581c                __fp_lock_all
                0x00085834                _cleanup_r
                0x00085840                _cleanup
                0x00085850                __sfmoreglue
                0x000858ec                __sfp
 .text          0x000859dc      0x440 /opt/altera/13.0sp1/nios2eds/bin/gnu/H-i686-pc-linux-gnu/bin/../lib/gcc/nios2-elf/4.1.2/../../../../nios2-elf/lib/mno-hw-mul/libc.a(lib_a-freer.o)
                0x000859dc                _malloc_trim_r
                0x00085b08                _free_r
 .text          0x00085e1c      0x49c /opt/altera/13.0sp1/nios2eds/bin/gnu/H-i686-pc-linux-gnu/bin/../lib/gcc/nios2-elf/4.1.2/../../../../nios2-elf/lib/mno-hw-mul/libc.a(lib_a-fvwrite.o)
                0x00085e1c                __sfvwrite_r
 .text          0x000862b8      0x180 /opt/altera/13.0sp1/nios2eds/bin/gnu/H-i686-pc-linux-gnu/bin/../lib/gcc/nios2-elf/4.1.2/../../../../nios2-elf/lib/mno-hw-mul/libc.a(lib_a-fwalk.o)
                0x000862b8                _fwalk_reent
                0x00086380                _fwalk
 .text          0x00086438        0x0 /opt/altera/13.0sp1/nios2eds/bin/gnu/H-i686-pc-linux-gnu/bin/../lib/gcc/nios2-elf/4.1.2/../../../../nios2-elf/lib/mno-hw-mul/libc.a(lib_a-impure.o)
 .text          0x00086438        0x0 /opt/altera/13.0sp1/nios2eds/bin/gnu/H-i686-pc-linux-gnu/bin/../lib/gcc/nios2-elf/4.1.2/../../../../nios2-elf/lib/mno-hw-mul/libc.a(lib_a-int_errno.o)
 .text          0x00086438       0xc4 /opt/altera/13.0sp1/nios2eds/bin/gnu/H-i686-pc-linux-gnu/bin/../lib/gcc/nios2-elf/4.1.2/../../../../nios2-elf/lib/mno-hw-mul/libc.a(lib_a-locale.o)
                0x00086438                __locale_charset
                0x00086440                _localeconv_r
                0x0008644c                localeconv
                0x0008645c                _setlocale_r
                0x000864e0                setlocale
 .text          0x000864fc      0x194 /opt/altera/13.0sp1/nios2eds/bin/gnu/H-i686-pc-linux-gnu/bin/../lib/gcc/nios2-elf/4.1.2/../../../../nios2-elf/lib/mno-hw-mul/libc.a(lib_a-makebuf.o)
                0x000864fc                __smakebuf_r
 .text          0x00086690       0xe4 /opt/altera/13.0sp1/nios2eds/bin/gnu/H-i686-pc-linux-gnu/bin/../lib/gcc/nios2-elf/4.1.2/../../../../nios2-elf/lib/mno-hw-mul/libc.a(lib_a-memchr.o)
                0x00086690                memchr
 .text          0x00086774       0xe0 /opt/altera/13.0sp1/nios2eds/bin/gnu/H-i686-pc-linux-gnu/bin/../lib/gcc/nios2-elf/4.1.2/../../../../nios2-elf/lib/mno-hw-mul/libc.a(lib_a-memmove.o)
                0x00086774                memmove
 .text          0x00086854       0x98 /opt/altera/13.0sp1/nios2eds/bin/gnu/H-i686-pc-linux-gnu/bin/../lib/gcc/nios2-elf/4.1.2/../../../../nios2-elf/lib/mno-hw-mul/libc.a(lib_a-memset.o)
                0x00086854                memset
 .text          0x000868ec     0x108c /opt/altera/13.0sp1/nios2eds/bin/gnu/H-i686-pc-linux-gnu/bin/../lib/gcc/nios2-elf/4.1.2/../../../../nios2-elf/lib/mno-hw-mul/libc.a(lib_a-mprec.o)
                0x000868ec                _Bfree
                0x00086914                __hi0bits
                0x00086984                __lo0bits
                0x00086a48                __mcmp
                0x00086aa8                __ulp
                0x00086b28                __b2d
                0x00086c48                __ratio
                0x00086cf8                _mprec_log10
                0x00086d8c                __copybits
                0x00086de4                __any_on
                0x00086e6c                _Balloc
                0x00086f28                __d2b
                0x000870a4                __mdiff
                0x00087230                __lshift
                0x0008737c                __multiply
                0x000875d0                __i2b
                0x0008760c                __multadd
                0x00087738                __pow5mult
                0x00087858                __s2b
 .text          0x00087978      0x1ec /opt/altera/13.0sp1/nios2eds/bin/gnu/H-i686-pc-linux-gnu/bin/../lib/gcc/nios2-elf/4.1.2/../../../../nios2-elf/lib/mno-hw-mul/libc.a(lib_a-putc.o)
                0x00087978                putc
                0x00087a7c                _putc_r
 .text          0x00087b64      0x5f4 /opt/altera/13.0sp1/nios2eds/bin/gnu/H-i686-pc-linux-gnu/bin/../lib/gcc/nios2-elf/4.1.2/../../../../nios2-elf/lib/mno-hw-mul/libc.a(lib_a-reallocr.o)
                0x00087b64                _realloc_r
 .text          0x00088158       0x40 /opt/altera/13.0sp1/nios2eds/bin/gnu/H-i686-pc-linux-gnu/bin/../lib/gcc/nios2-elf/4.1.2/../../../../nios2-elf/lib/mno-hw-mul/libc.a(lib_a-s_isinfd.o)
                0x00088158                __isinfd
 .text          0x00088198       0x30 /opt/altera/13.0sp1/nios2eds/bin/gnu/H-i686-pc-linux-gnu/bin/../lib/gcc/nios2-elf/4.1.2/../../../../nios2-elf/lib/mno-hw-mul/libc.a(lib_a-s_isnand.o)
                0x00088198                __isnand
 .text          0x000881c8      0x14c /opt/altera/13.0sp1/nios2eds/bin/gnu/H-i686-pc-linux-gnu/bin/../lib/gcc/nios2-elf/4.1.2/../../../../nios2-elf/lib/mno-hw-mul/libc.a(lib_a-stdio.o)
                0x000881c8                __sclose
                0x000881d0                __sseek
                0x00088238                __swrite
                0x000882b4                __sread
 .text          0x00088314       0xbc /opt/altera/13.0sp1/nios2eds/bin/gnu/H-i686-pc-linux-gnu/bin/../lib/gcc/nios2-elf/4.1.2/../../../../nios2-elf/lib/mno-hw-mul/libc.a(lib_a-strcmp.o)
                0x00088314                strcmp
 .text          0x000883d0      0x14c /opt/altera/13.0sp1/nios2eds/bin/gnu/H-i686-pc-linux-gnu/bin/../lib/gcc/nios2-elf/4.1.2/../../../../nios2-elf/lib/mno-hw-mul/libc.a(lib_a-wbuf.o)
                0x000883d0                __swbuf_r
                0x00088500                __swbuf
 .text          0x0008851c       0x78 /opt/altera/13.0sp1/nios2eds/bin/gnu/H-i686-pc-linux-gnu/bin/../lib/gcc/nios2-elf/4.1.2/../../../../nios2-elf/lib/mno-hw-mul/libc.a(lib_a-writer.o)
                0x0008851c                _write_r
 .text          0x00088594       0xc8 /opt/altera/13.0sp1/nios2eds/bin/gnu/H-i686-pc-linux-gnu/bin/../lib/gcc/nios2-elf/4.1.2/../../../../nios2-elf/lib/mno-hw-mul/libc.a(lib_a-callocr.o)
                0x00088594                _calloc_r
 .text          0x0008865c       0x70 /opt/altera/13.0sp1/nios2eds/bin/gnu/H-i686-pc-linux-gnu/bin/../lib/gcc/nios2-elf/4.1.2/../../../../nios2-elf/lib/mno-hw-mul/libc.a(lib_a-closer.o)
                0x0008865c                _close_r
 .text          0x000886cc      0x124 /opt/altera/13.0sp1/nios2eds/bin/gnu/H-i686-pc-linux-gnu/bin/../lib/gcc/nios2-elf/4.1.2/../../../../nios2-elf/lib/mno-hw-mul/libc.a(lib_a-fclose.o)
                0x000886cc                _fclose_r
                0x000887dc                fclose
 .text          0x000887f0       0x74 /opt/altera/13.0sp1/nios2eds/bin/gnu/H-i686-pc-linux-gnu/bin/../lib/gcc/nios2-elf/4.1.2/../../../../nios2-elf/lib/mno-hw-mul/libc.a(lib_a-fstatr.o)
                0x000887f0                _fstat_r
 .text          0x00088864       0x70 /opt/altera/13.0sp1/nios2eds/bin/gnu/H-i686-pc-linux-gnu/bin/../lib/gcc/nios2-elf/4.1.2/../../../../nios2-elf/lib/mno-hw-mul/libc.a(lib_a-isattyr.o)
                0x00088864                _isatty_r
 .text          0x000888d4       0x78 /opt/altera/13.0sp1/nios2eds/bin/gnu/H-i686-pc-linux-gnu/bin/../lib/gcc/nios2-elf/4.1.2/../../../../nios2-elf/lib/mno-hw-mul/libc.a(lib_a-lseekr.o)
                0x000888d4                _lseek_r
 .text          0x0008894c       0x78 /opt/altera/13.0sp1/nios2eds/bin/gnu/H-i686-pc-linux-gnu/bin/../lib/gcc/nios2-elf/4.1.2/../../../../nios2-elf/lib/mno-hw-mul/libc.a(lib_a-readr.o)
                0x0008894c                _read_r
 .text          0x000889c4      0x66c /opt/altera/13.0sp1/nios2eds/bin/gnu/H-i686-pc-linux-gnu/bin/../lib/gcc/nios2-elf/4.1.2/mno-hw-mul/libgcc.a(_udivdi3.o)
                0x000889c4                __udivdi3
 .text          0x00089030      0x660 /opt/altera/13.0sp1/nios2eds/bin/gnu/H-i686-pc-linux-gnu/bin/../lib/gcc/nios2-elf/4.1.2/mno-hw-mul/libgcc.a(_umoddi3.o)
                0x00089030                __umoddi3
 .text          0x00089690      0x504 /opt/altera/13.0sp1/nios2eds/bin/gnu/H-i686-pc-linux-gnu/bin/../lib/gcc/nios2-elf/4.1.2/mno-hw-mul/libgcc.a(_addsub_df.o)
                0x00089aa0                __subdf3
                0x00089b20                __adddf3
 .text          0x00089b94      0x3c4 /opt/altera/13.0sp1/nios2eds/bin/gnu/H-i686-pc-linux-gnu/bin/../lib/gcc/nios2-elf/4.1.2/mno-hw-mul/libgcc.a(_mul_df.o)
                0x00089b94                __muldf3
 .text          0x00089f58       0x88 /opt/altera/13.0sp1/nios2eds/bin/gnu/H-i686-pc-linux-gnu/bin/../lib/gcc/nios2-elf/4.1.2/mno-hw-mul/libgcc.a(_eq_df.o)
                0x00089f58                __eqdf2
 .text          0x00089fe0       0x88 /opt/altera/13.0sp1/nios2eds/bin/gnu/H-i686-pc-linux-gnu/bin/../lib/gcc/nios2-elf/4.1.2/mno-hw-mul/libgcc.a(_ne_df.o)
                0x00089fe0                __nedf2
 .text          0x0008a068       0x88 /opt/altera/13.0sp1/nios2eds/bin/gnu/H-i686-pc-linux-gnu/bin/../lib/gcc/nios2-elf/4.1.2/mno-hw-mul/libgcc.a(_gt_df.o)
                0x0008a068                __gtdf2
 .text          0x0008a0f0       0x88 /opt/altera/13.0sp1/nios2eds/bin/gnu/H-i686-pc-linux-gnu/bin/../lib/gcc/nios2-elf/4.1.2/mno-hw-mul/libgcc.a(_ge_df.o)
                0x0008a0f0                __gedf2
 .text          0x0008a178       0x88 /opt/altera/13.0sp1/nios2eds/bin/gnu/H-i686-pc-linux-gnu/bin/../lib/gcc/nios2-elf/4.1.2/mno-hw-mul/libgcc.a(_lt_df.o)
                0x0008a178                __ltdf2
 .text          0x0008a200       0xf8 /opt/altera/13.0sp1/nios2eds/bin/gnu/H-i686-pc-linux-gnu/bin/../lib/gcc/nios2-elf/4.1.2/mno-hw-mul/libgcc.a(_si_to_df.o)
                0x0008a200                __floatsidf
 .text          0x0008a2f8       0xd8 /opt/altera/13.0sp1/nios2eds/bin/gnu/H-i686-pc-linux-gnu/bin/../lib/gcc/nios2-elf/4.1.2/mno-hw-mul/libgcc.a(_df_to_si.o)
                0x0008a2f8                __fixdfsi
 .text          0x0008a3d0      0x124 /opt/altera/13.0sp1/nios2eds/bin/gnu/H-i686-pc-linux-gnu/bin/../lib/gcc/nios2-elf/4.1.2/mno-hw-mul/libgcc.a(_muldi3.o)
                0x0008a3d0                __muldi3
 .text          0x0008a4f4       0xc8 /opt/altera/13.0sp1/nios2eds/bin/gnu/H-i686-pc-linux-gnu/bin/../lib/gcc/nios2-elf/4.1.2/mno-hw-mul/libgcc.a(_fpcmp_parts_df.o)
                0x0008a4f4                __fpcmp_parts_d
 .text          0x0008a5bc       0x90 ../../bsp/lab2//libucosii_bsp.a(alt_alarm_start.o)
                0x0008a5bc                alt_alarm_start
 .text          0x0008a64c       0xbc ../../bsp/lab2//libucosii_bsp.a(alt_close.o)
                0x0008a66c                close
 .text          0x0008a708        0x8 ../../bsp/lab2//libucosii_bsp.a(alt_dev.o)
 .text          0x0008a710        0x0 ../../bsp/lab2//libucosii_bsp.a(alt_errno.o)
 .text          0x0008a710       0x9c ../../bsp/lab2//libucosii_bsp.a(alt_fstat.o)
                0x0008a710                fstat
 .text          0x0008a7ac       0x94 ../../bsp/lab2//libucosii_bsp.a(alt_isatty.o)
                0x0008a7ac                isatty
 .text          0x0008a840       0x8c ../../bsp/lab2//libucosii_bsp.a(alt_load.o)
                0x0008a860                alt_load
 .text          0x0008a8cc       0xb8 ../../bsp/lab2//libucosii_bsp.a(alt_lseek.o)
                0x0008a8cc                lseek
 .text          0x0008a984       0xa8 ../../bsp/lab2//libucosii_bsp.a(alt_main.o)
                0x0008a984                alt_main
 .text          0x0008aa2c       0xd8 ../../bsp/lab2//libucosii_bsp.a(alt_read.o)
                0x0008aa4c                read
 .text          0x0008ab04       0x5c ../../bsp/lab2//libucosii_bsp.a(alt_release_fd.o)
                0x0008ab04                alt_release_fd
 .text          0x0008ab60       0x50 ../../bsp/lab2//libucosii_bsp.a(alt_sbrk.o)
                0x0008ab60                sbrk
 .text          0x0008abb0       0xe0 ../../bsp/lab2//libucosii_bsp.a(alt_tick.o)
                0x0008abb0                alt_alarm_stop
                0x0008abe4                alt_tick
 .text          0x0008ac90       0xd4 ../../bsp/lab2//libucosii_bsp.a(alt_write.o)
                0x0008acb0                write
 .text          0x0008ad64       0xa8 ../../bsp/lab2//libucosii_bsp.a(alt_env_lock.o)
                0x0008ad64                __env_unlock
                0x0008ad8c                __env_lock
 .text          0x0008ae0c      0x110 ../../bsp/lab2//libucosii_bsp.a(alt_malloc_lock.o)
                0x0008ae0c                __malloc_unlock
                0x0008ae68                __malloc_lock
 .text          0x0008af1c     0x1118 ../../bsp/lab2//libucosii_bsp.a(os_core.o)
                0x0008af1c                OSVersion
                0x0008af24                OS_Dummy
                0x0008af28                OS_EventTaskWait
                0x0008afac                OS_EventTaskWaitMulti
                0x0008b04c                OS_EventTaskRemove
                0x0008b098                OS_EventTaskRemoveMulti
                0x0008b0f4                OS_EventTaskRdy
                0x0008b1e8                OS_EventWaitListInit
                0x0008b204                OS_MemClr
                0x0008b220                OS_MemCopy
                0x0008b244                OS_StrCopy
                0x0008b270                OS_StrLen
                0x0008b290                OS_TaskStatStkChk
                0x0008b314                OS_Sched
                0x0008b3cc                OSStart
                0x0008b438                OSInit
                0x0008b618                OSEventNameGet
                0x0008b6d0                OSEventPendMulti
                0x0008ba28                OSIntEnter
                0x0008ba64                OSSchedLock
                0x0008baa8                OSSchedUnlock
                0x0008bafc                OSStatInit
                0x0008bb60                OSTimeTick
                0x0008bc6c                OS_TaskIdle
                0x0008bc9c                OS_TaskStat
                0x0008bd20                OS_TCBInit
                0x0008bea4                OSIntExit
                0x0008bf78                OSEventNameSet
 .text          0x0008c034        0x4 ../../bsp/lab2//libucosii_bsp.a(os_dbg.o)
                0x0008c034                OSDebugInit
 .text          0x0008c038      0xc5c ../../bsp/lab2//libucosii_bsp.a(os_flag.o)
                0x0008c0f0                OS_FlagUnlink
                0x0008c1bc                OS_FlagInit
                0x0008c22c                OSFlagQuery
                0x0008c288                OSFlagAccept
                0x0008c3f8                OSFlagCreate
                0x0008c480                OSFlagDel
                0x0008c5e0                OSFlagNameGet
                0x0008c6a0                OSFlagNameSet
                0x0008c774                OSFlagPend
                0x0008ca74                OSFlagPendGetFlagsRdy
                0x0008caa0                OSFlagPost
 .text          0x0008cc94      0x3b8 ../../bsp/lab2//libucosii_bsp.a(os_mem.o)
                0x0008cc94                OS_MemInit
                0x0008ccfc                OSMemQuery
                0x0008cd60                OSMemCreate
                0x0008ce30                OSMemGet
                0x0008ce9c                OSMemNameGet
                0x0008cf38                OSMemNameSet
                0x0008cff4                OSMemPut
 .text          0x0008d04c      0x9c4 ../../bsp/lab2//libucosii_bsp.a(os_q.o)
                0x0008d04c                OS_QInit
                0x0008d09c                OSQQuery
                0x0008d134                OSQAccept
                0x0008d1d0                OSQCreate
                0x0008d2d0                OSQDel
                0x0008d454                OSQFlush
                0x0008d4a4                OSQPend
                0x0008d664                OSQPendAbort
                0x0008d74c                OSQPost
                0x0008d808                OSQPostFront
                0x0008d8cc                OSQPostOpt
 .text          0x0008da10      0x5e0 ../../bsp/lab2//libucosii_bsp.a(os_sem.o)
                0x0008da10                OSSemSet
                0x0008da74                OSSemAccept
                0x0008dab8                OSSemCreate
                0x0008db44                OSSemDel
                0x0008dc98                OSSemPend
                0x0008de00                OSSemPendAbort
                0x0008deec                OSSemPost
                0x0008df88                OSSemQuery
 .text          0x0008dff0      0xe74 ../../bsp/lab2//libucosii_bsp.a(os_task.o)
                0x0008dff0                OS_TaskStkClr
                0x0008e020                OSTaskQuery
                0x0008e0e8                OSTaskChangePrio
                0x0008e384                OSTaskCreate
                0x0008e490                OSTaskCreateExt
                0x0008e608                OSTaskDel
                0x0008e854                OSTaskDelReq
                0x0008e908                OSTaskNameGet
                0x0008ea10                OSTaskNameSet
                0x0008eb2c                OSTaskResume
                0x0008ec30                OSTaskStkChk
                0x0008ed20                OSTaskSuspend
 .text          0x0008ee64      0x378 ../../bsp/lab2//libucosii_bsp.a(os_time.o)
                0x0008ee64                OSTimeSet
                0x0008ee88                OSTimeDly
                0x0008ef20                OSTimeDlyHMSM
                0x0008f0c0                OSTimeDlyResume
                0x0008f1b8                OSTimeGet
 .text          0x0008f1dc      0xb94 ../../bsp/lab2//libucosii_bsp.a(os_tmr.o)
                0x0008f348                OSTmr_Init
                0x0008f5a4                OSTmrStop
                0x0008f700                OSTmrStart
                0x0008f804                OSTmrStateGet
                0x0008f8ac                OSTmrRemainGet
                0x0008f9c4                OSTmrDel
                0x0008fac0                OSTmrSignal
                0x0008fae8                OSTmrNameGet
                0x0008fbd4                OSTmrCreate
 .text          0x0008fd70      0x168 ../../bsp/lab2//libucosii_bsp.a(alt_sys_init.o)
                0x0008fdf8                alt_sys_init
                0x0008feb8                alt_irq_init
 .text          0x0008fed8       0x3c ../../bsp/lab2//libucosii_bsp.a(altera_avalon_jtag_uart_fd.o)
                0x0008fed8                altera_avalon_jtag_uart_ioctl_fd
                0x0008fee4                altera_avalon_jtag_uart_close_fd
                0x0008fef4                altera_avalon_jtag_uart_write_fd
                0x0008ff04                altera_avalon_jtag_uart_read_fd
 .text          0x0008ff14      0x2e0 ../../bsp/lab2//libucosii_bsp.a(altera_avalon_jtag_uart_init.o)
                0x0008ff14                altera_avalon_jtag_uart_close
                0x0008ffd4                altera_avalon_jtag_uart_init
 .text          0x000901f4       0x7c ../../bsp/lab2//libucosii_bsp.a(altera_avalon_jtag_uart_ioctl.o)
                0x000901f4                altera_avalon_jtag_uart_ioctl
 .text          0x00090270      0x1ac ../../bsp/lab2//libucosii_bsp.a(altera_avalon_jtag_uart_read.o)
                0x00090270                altera_avalon_jtag_uart_read
 .text          0x0009041c      0x1b8 ../../bsp/lab2//libucosii_bsp.a(altera_avalon_jtag_uart_write.o)
                0x0009041c                altera_avalon_jtag_uart_write
 .text          0x000905d4      0x188 ../../bsp/lab2//libucosii_bsp.a(altera_avalon_mutex.o)
                0x000905d4                altera_avalon_mutex_close
                0x000905d8                altera_avalon_mutex_first_lock
                0x000905e8                altera_avalon_mutex_is_mine
                0x00090638                altera_avalon_mutex_unlock
                0x0009065c                altera_avalon_mutex_trylock
                0x000906b8                altera_avalon_mutex_open
                0x00090710                altera_avalon_mutex_lock
 .text          0x0009075c       0x6c ../../bsp/lab2//libucosii_bsp.a(altera_avalon_timer_sc.o)
                0x0009075c                alt_avalon_timer_sc_init
 .text          0x000907c8      0x1e0 ../../bsp/lab2//libucosii_bsp.a(perf_print_formatted_report.o)
                0x000907c8                perf_print_formatted_report
 .text          0x000909a8        0x4 ../../bsp/lab2//libucosii_bsp.a(alt_dcache_flush_all.o)
                0x000909a8                alt_dcache_flush_all
 .text          0x000909ac       0x70 ../../bsp/lab2//libucosii_bsp.a(alt_dev_llist_insert.o)
                0x000909ac                alt_dev_llist_insert
 .text          0x00090a1c       0x40 ../../bsp/lab2//libucosii_bsp.a(alt_do_ctors.o)
                0x00090a1c                _do_ctors
 .text          0x00090a5c       0x40 ../../bsp/lab2//libucosii_bsp.a(alt_do_dtors.o)
                0x00090a5c                _do_dtors
 .text          0x00090a9c       0x70 ../../bsp/lab2//libucosii_bsp.a(alt_find_dev.o)
                0x00090a9c                alt_find_dev
 .text          0x00090b0c        0x4 ../../bsp/lab2//libucosii_bsp.a(alt_icache_flush_all.o)
                0x00090b0c                alt_icache_flush_all
 .text          0x00090b10      0x114 ../../bsp/lab2//libucosii_bsp.a(alt_io_redirect.o)
                0x00090b98                alt_io_redirect
 .text          0x00090c24       0xa0 ../../bsp/lab2//libucosii_bsp.a(alt_irq_register.o)
                0x00090c24                alt_irq_register
 .text          0x00090cc4        0x0 ../../bsp/lab2//libucosii_bsp.a(alt_irq_vars.o)
 .text          0x00090cc4      0x17c ../../bsp/lab2//libucosii_bsp.a(alt_open.o)
                0x00090cc4                open
 .text          0x00090e40        0x8 ../../bsp/lab2//libucosii_bsp.a(altera_nios2_qsys_irq.o)
                0x00090e40                altera_nios2_qsys_irq_init
 .text          0x00090e48       0xd0 ../../bsp/lab2//libucosii_bsp.a(os_cpu_a.o)
                0x00090e48                OSCtxSw
                0x00090e48                OSIntCtxSw
                0x00090ed4                OSStartHighRdy
                0x00090ef4                OSStartTsk
 .text          0x00090f18      0x228 ../../bsp/lab2//libucosii_bsp.a(os_cpu_c.o)
                0x00090f18                OSTaskCreateHook
                0x00090f1c                OSTaskDelHook
                0x00090f20                OSTaskSwHook
                0x00090f24                OSTaskStatHook
                0x00090f28                OSInitHookBegin
                0x00090f30                OSInitHookEnd
                0x00090f34                OSTaskIdleHook
                0x00090f38                OSTCBInitHook
                0x00090f3c                OSTimeTickHook
                0x00090f94                OSTaskStkInit
 .text          0x00091140       0x60 ../../bsp/lab2//libucosii_bsp.a(altera_avalon_performance_counter.o)
                0x00091140                alt_get_performance_counter_base
                0x0009114c                alt_get_cpu_freq
                0x00091158                perf_get_num_starts
                0x00091168                perf_get_section_time
                0x00091198                perf_get_total_time
 .text          0x000911a0       0x9c ../../bsp/lab2//libucosii_bsp.a(alt_find_file.o)
                0x000911a0                alt_find_file
 .text          0x0009123c       0xa4 ../../bsp/lab2//libucosii_bsp.a(alt_get_fd.o)
                0x0009123c                alt_get_fd
 .text          0x000912e0        0x0 ../../bsp/lab2//libucosii_bsp.a(alt_irq_entry.o)
 .text          0x000912e0        0x0 ../../bsp/lab2//libucosii_bsp.a(alt_irq_handler.o)
 .text          0x000912e0        0x0 ../../bsp/lab2//libucosii_bsp.a(alt_exception_entry.o)
 .text          0x000912e0       0x14 /opt/altera/13.0sp1/nios2eds/bin/gnu/H-i686-pc-linux-gnu/bin/../lib/gcc/nios2-elf/4.1.2/../../../../nios2-elf/lib/mno-hw-mul/libc.a(lib_a-atexit.o)
                0x000912e0                atexit
 .text          0x000912f4       0x38 /opt/altera/13.0sp1/nios2eds/bin/gnu/H-i686-pc-linux-gnu/bin/../lib/gcc/nios2-elf/4.1.2/../../../../nios2-elf/lib/mno-hw-mul/libc.a(lib_a-exit.o)
                0x000912f4                exit
 .text          0x0009132c       0x74 /opt/altera/13.0sp1/nios2eds/bin/gnu/H-i686-pc-linux-gnu/bin/../lib/gcc/nios2-elf/4.1.2/../../../../nios2-elf/lib/mno-hw-mul/libc.a(lib_a-memcmp.o)
                0x0009132c                memcmp
 .text          0x000913a0      0x134 /opt/altera/13.0sp1/nios2eds/bin/gnu/H-i686-pc-linux-gnu/bin/../lib/gcc/nios2-elf/4.1.2/../../../../nios2-elf/lib/mno-hw-mul/libc.a(lib_a-__atexit.o)
                0x000913a0                __register_exitproc
 .text          0x000914d4      0x1b4 /opt/altera/13.0sp1/nios2eds/bin/gnu/H-i686-pc-linux-gnu/bin/../lib/gcc/nios2-elf/4.1.2/../../../../nios2-elf/lib/mno-hw-mul/libc.a(lib_a-__call_atexit.o)
                0x000914d8                __call_exitprocs
 .text          0x00091688       0xa4 /opt/altera/13.0sp1/nios2eds/bin/gnu/H-i686-pc-linux-gnu/bin/../lib/gcc/nios2-elf/4.1.2/mno-hw-mul/libgcc.a(_fixunsdfsi.o)
                0x00091688                __fixunsdfsi
 .text          0x0009172c       0x88 /opt/altera/13.0sp1/nios2eds/bin/gnu/H-i686-pc-linux-gnu/bin/../lib/gcc/nios2-elf/4.1.2/mno-hw-mul/libgcc.a(_floatundidf.o)
                0x0009172c                __floatundidf
 .text          0x000917b4       0x20 ../../bsp/lab2//libucosii_bsp.a(alt_exit.o)
                0x000917b4                _exit
 *(.gnu.warning.*)
 *(.fini)
                0x000917d4                PROVIDE (__etext, ABSOLUTE (.))
                0x000917d4                PROVIDE (_etext, ABSOLUTE (.))
                0x000917d4                PROVIDE (etext, ABSOLUTE (.))
 *(.eh_frame_hdr)
                0x000917d4                . = ALIGN (0x4)
                0x000917d4                PROVIDE (__preinit_array_start, ABSOLUTE (.))
 *(.preinit_array)
                0x000917d4                PROVIDE (__preinit_array_end, ABSOLUTE (.))
                0x000917d4                PROVIDE (__init_array_start, ABSOLUTE (.))
 *(.init_array)
                0x000917d4                PROVIDE (__init_array_end, ABSOLUTE (.))
                0x000917d4                PROVIDE (__fini_array_start, ABSOLUTE (.))
 *(.fini_array)
                0x000917d4                PROVIDE (__fini_array_end, ABSOLUTE (.))
 *(.eh_frame)
 *(.gcc_except_table)
 *(.dynamic)
                0x000917d4                PROVIDE (__CTOR_LIST__, ABSOLUTE (.))
 *(.ctors)
 *(SORT(.ctors.*))
 .ctors.65535   0x000917d4        0x4 /opt/altera/13.0sp1/nios2eds/bin/gnu/H-i686-pc-linux-gnu/bin/../lib/gcc/nios2-elf/4.1.2/../../../../nios2-elf/lib/mno-hw-mul/libc.a(lib_a-__call_atexit.o)
                0x000917d8                PROVIDE (__CTOR_END__, ABSOLUTE (.))
                0x000917d8                PROVIDE (__DTOR_LIST__, ABSOLUTE (.))
 *(.dtors)
 *(SORT(.dtors.*))
                0x000917d8                PROVIDE (__DTOR_END__, ABSOLUTE (.))
 *(.jcr)
                0x000917d8                . = ALIGN (0x4)

.rodata         0x000917d8      0x6c8
                0x000917d8                PROVIDE (__ram_rodata_start, ABSOLUTE (.))
                0x000917d8                . = ALIGN (0x4)
 *(.rodata .rodata.* .gnu.linkonce.r.*)
 .rodata.str1.4
                0x000917d8       0xae obj/default/src_0/cpu_0.o
                                 0xb0 (size before relaxing)
 .rodata        0x00091886       0x10 obj/default/src_0/cpu_0.o
 *fill*         0x00091896        0x2 00
 .rodata        0x00091898       0x14 /opt/altera/13.0sp1/nios2eds/bin/gnu/H-i686-pc-linux-gnu/bin/../lib/gcc/nios2-elf/4.1.2/mno-hw-mul/libgcc.a(_thenan_df.o)
                0x00091898                __thenan_df
 .rodata        0x000918ac      0x100 /opt/altera/13.0sp1/nios2eds/bin/gnu/H-i686-pc-linux-gnu/bin/../lib/gcc/nios2-elf/4.1.2/mno-hw-mul/libgcc.a(_clz.o)
                0x000918ac                __clz_tab
 .rodata.str1.4
                0x000919ac        0x2 /opt/altera/13.0sp1/nios2eds/bin/gnu/H-i686-pc-linux-gnu/bin/../lib/gcc/nios2-elf/4.1.2/../../../../nios2-elf/lib/mno-hw-mul/libc.a(lib_a-puts.o)
                                  0x4 (size before relaxing)
 *fill*         0x000919ae        0x2 00
 .rodata.str1.4
                0x000919b0       0x5e /opt/altera/13.0sp1/nios2eds/bin/gnu/H-i686-pc-linux-gnu/bin/../lib/gcc/nios2-elf/4.1.2/../../../../nios2-elf/lib/mno-hw-mul/libc.a(lib_a-vfprintf.o)
                                 0x60 (size before relaxing)
 .rodata        0x00091a0e       0x20 /opt/altera/13.0sp1/nios2eds/bin/gnu/H-i686-pc-linux-gnu/bin/../lib/gcc/nios2-elf/4.1.2/../../../../nios2-elf/lib/mno-hw-mul/libc.a(lib_a-vfprintf.o)
 *fill*         0x00091a2e        0x2 00
 .rodata.str1.4
                0x00091a30       0x10 /opt/altera/13.0sp1/nios2eds/bin/gnu/H-i686-pc-linux-gnu/bin/../lib/gcc/nios2-elf/4.1.2/../../../../nios2-elf/lib/mno-hw-mul/libc.a(lib_a-dtoa.o)
                                 0x14 (size before relaxing)
 .rodata.str1.4
                0x00091a40        0x2 /opt/altera/13.0sp1/nios2eds/bin/gnu/H-i686-pc-linux-gnu/bin/../lib/gcc/nios2-elf/4.1.2/../../../../nios2-elf/lib/mno-hw-mul/libc.a(lib_a-impure.o)
                                  0x4 (size before relaxing)
 *fill*         0x00091a42        0x2 00
 .rodata.str1.4
                0x00091a44        0xf /opt/altera/13.0sp1/nios2eds/bin/gnu/H-i686-pc-linux-gnu/bin/../lib/gcc/nios2-elf/4.1.2/../../../../nios2-elf/lib/mno-hw-mul/libc.a(lib_a-locale.o)
                                 0x18 (size before relaxing)
 *fill*         0x00091a53        0x1 00
 .rodata        0x00091a54       0x30 /opt/altera/13.0sp1/nios2eds/bin/gnu/H-i686-pc-linux-gnu/bin/../lib/gcc/nios2-elf/4.1.2/../../../../nios2-elf/lib/mno-hw-mul/libc.a(lib_a-locale.o)
 .rodata        0x00091a84      0x124 /opt/altera/13.0sp1/nios2eds/bin/gnu/H-i686-pc-linux-gnu/bin/../lib/gcc/nios2-elf/4.1.2/../../../../nios2-elf/lib/mno-hw-mul/libc.a(lib_a-mprec.o)
                0x00091a84                __mprec_tens
                0x00091b4c                __mprec_bigtens
                0x00091b74                __mprec_tinytens
 .rodata.str1.4
                0x00091ba8        0xa ../../bsp/lab2//libucosii_bsp.a(alt_dev.o)
                                  0xc (size before relaxing)
 *fill*         0x00091bb2        0x2 00
 .rodata.str1.4
                0x00091bb4       0x11 ../../bsp/lab2//libucosii_bsp.a(alt_main.o)
                                 0x14 (size before relaxing)
 *fill*         0x00091bc5        0x3 00
 .rodata.str1.4
                0x00091bc8       0x1e ../../bsp/lab2//libucosii_bsp.a(os_core.o)
                                 0x20 (size before relaxing)
 .rodata        0x00091be6      0x100 ../../bsp/lab2//libucosii_bsp.a(os_core.o)
                0x00091be6                OSUnMapTbl
 *fill*         0x00091ce6        0x2 00
 .rodata.str1.4
                0x00091ce8       0x35 ../../bsp/lab2//libucosii_bsp.a(os_tmr.o)
                                 0x38 (size before relaxing)
 *fill*         0x00091d1d        0x3 00
 .rodata.str1.4
                0x00091d20       0x7f ../../bsp/lab2//libucosii_bsp.a(alt_sys_init.o)
                                 0x94 (size before relaxing)
 *fill*         0x00091d9f        0x1 00
 .rodata.str1.4
                0x00091da0      0x100 ../../bsp/lab2//libucosii_bsp.a(perf_print_formatted_report.o)
 .rodata.str1.4
                0x00000000        0x4 ../../bsp/lab2//libucosii_bsp.a(os_cpu_c.o)
 *(.rodata1)
                0x00091ea0                . = ALIGN (0x4)
                0x00091ea0                PROVIDE (__ram_rodata_end, ABSOLUTE (.))
                0x000917d8                PROVIDE (__flash_rodata_start, LOADADDR (.rodata))

.rwdata         0x00091ea0     0xdbf4 load address 0x0009fa94
                0x00091ea0                PROVIDE (__ram_rwdata_start, ABSOLUTE (.))
                0x00091ea0                . = ALIGN (0x4)
 *(.got.plt)
 *(.got)
 *(.data1)
 *(.data .data.* .gnu.linkonce.d.*)
 .data          0x00091ea0        0x0 ../../bsp/lab2//obj/HAL/src/crt0.o
 .data          0x00091ea0     0xc01c obj/default/src_0/cpu_0.o
                0x00091ea0                test_ppm_1
                0x00094ea3                test_ppm_2
                0x00097ea6                test_ppm_3
                0x0009aea9                test_ppm_4
                0x0009deac                image_sequence
 .data          0x0009debc        0x0 /opt/altera/13.0sp1/nios2eds/bin/gnu/H-i686-pc-linux-gnu/bin/../lib/gcc/nios2-elf/4.1.2/mno-hw-mul/libgcc.a(_div_df.o)
 .data          0x0009debc        0x0 /opt/altera/13.0sp1/nios2eds/bin/gnu/H-i686-pc-linux-gnu/bin/../lib/gcc/nios2-elf/4.1.2/mno-hw-mul/libgcc.a(_thenan_df.o)
 .data          0x0009debc        0x0 /opt/altera/13.0sp1/nios2eds/bin/gnu/H-i686-pc-linux-gnu/bin/../lib/gcc/nios2-elf/4.1.2/mno-hw-mul/libgcc.a(_usi_to_df.o)
 .data          0x0009debc        0x0 /opt/altera/13.0sp1/nios2eds/bin/gnu/H-i686-pc-linux-gnu/bin/../lib/gcc/nios2-elf/4.1.2/mno-hw-mul/libgcc.a(lib2-divmod.o)
 .data          0x0009debc        0x0 /opt/altera/13.0sp1/nios2eds/bin/gnu/H-i686-pc-linux-gnu/bin/../lib/gcc/nios2-elf/4.1.2/mno-hw-mul/libgcc.a(lib2-mul.o)
 .data          0x0009debc        0x0 /opt/altera/13.0sp1/nios2eds/bin/gnu/H-i686-pc-linux-gnu/bin/../lib/gcc/nios2-elf/4.1.2/mno-hw-mul/libgcc.a(_clzsi2.o)
 .data          0x0009debc        0x0 /opt/altera/13.0sp1/nios2eds/bin/gnu/H-i686-pc-linux-gnu/bin/../lib/gcc/nios2-elf/4.1.2/mno-hw-mul/libgcc.a(_pack_df.o)
 .data          0x0009debc        0x0 /opt/altera/13.0sp1/nios2eds/bin/gnu/H-i686-pc-linux-gnu/bin/../lib/gcc/nios2-elf/4.1.2/mno-hw-mul/libgcc.a(_unpack_df.o)
 .data          0x0009debc        0x0 /opt/altera/13.0sp1/nios2eds/bin/gnu/H-i686-pc-linux-gnu/bin/../lib/gcc/nios2-elf/4.1.2/mno-hw-mul/libgcc.a(_clz.o)
 .data          0x0009debc        0x0 /opt/altera/13.0sp1/nios2eds/bin/gnu/H-i686-pc-linux-gnu/bin/../lib/gcc/nios2-elf/4.1.2/../../../../nios2-elf/lib/mno-hw-mul/libc.a(lib_a-malloc.o)
 .data          0x0009debc      0x408 /opt/altera/13.0sp1/nios2eds/bin/gnu/H-i686-pc-linux-gnu/bin/../lib/gcc/nios2-elf/4.1.2/../../../../nios2-elf/lib/mno-hw-mul/libc.a(lib_a-mallocr.o)
                0x0009debc                __malloc_av_
 .data          0x0009e2c4        0x0 /opt/altera/13.0sp1/nios2eds/bin/gnu/H-i686-pc-linux-gnu/bin/../lib/gcc/nios2-elf/4.1.2/../../../../nios2-elf/lib/mno-hw-mul/libc.a(lib_a-memcpy.o)
 .data          0x0009e2c4        0x0 /opt/altera/13.0sp1/nios2eds/bin/gnu/H-i686-pc-linux-gnu/bin/../lib/gcc/nios2-elf/4.1.2/../../../../nios2-elf/lib/mno-hw-mul/libc.a(lib_a-printf.o)
 .data          0x0009e2c4        0x0 /opt/altera/13.0sp1/nios2eds/bin/gnu/H-i686-pc-linux-gnu/bin/../lib/gcc/nios2-elf/4.1.2/../../../../nios2-elf/lib/mno-hw-mul/libc.a(lib_a-putchar.o)
 .data          0x0009e2c4        0x0 /opt/altera/13.0sp1/nios2eds/bin/gnu/H-i686-pc-linux-gnu/bin/../lib/gcc/nios2-elf/4.1.2/../../../../nios2-elf/lib/mno-hw-mul/libc.a(lib_a-puts.o)
 .data          0x0009e2c4        0x0 /opt/altera/13.0sp1/nios2eds/bin/gnu/H-i686-pc-linux-gnu/bin/../lib/gcc/nios2-elf/4.1.2/../../../../nios2-elf/lib/mno-hw-mul/libc.a(lib_a-sbrkr.o)
 .data          0x0009e2c4        0x0 /opt/altera/13.0sp1/nios2eds/bin/gnu/H-i686-pc-linux-gnu/bin/../lib/gcc/nios2-elf/4.1.2/../../../../nios2-elf/lib/mno-hw-mul/libc.a(lib_a-strlen.o)
 .data          0x0009e2c4        0x0 /opt/altera/13.0sp1/nios2eds/bin/gnu/H-i686-pc-linux-gnu/bin/../lib/gcc/nios2-elf/4.1.2/../../../../nios2-elf/lib/mno-hw-mul/libc.a(lib_a-vfprintf.o)
 .data          0x0009e2c4        0x0 /opt/altera/13.0sp1/nios2eds/bin/gnu/H-i686-pc-linux-gnu/bin/../lib/gcc/nios2-elf/4.1.2/../../../../nios2-elf/lib/mno-hw-mul/libc.a(lib_a-wsetup.o)
 .data          0x0009e2c4        0x0 /opt/altera/13.0sp1/nios2eds/bin/gnu/H-i686-pc-linux-gnu/bin/../lib/gcc/nios2-elf/4.1.2/../../../../nios2-elf/lib/mno-hw-mul/libc.a(lib_a-dtoa.o)
 .data          0x0009e2c4        0x0 /opt/altera/13.0sp1/nios2eds/bin/gnu/H-i686-pc-linux-gnu/bin/../lib/gcc/nios2-elf/4.1.2/../../../../nios2-elf/lib/mno-hw-mul/libc.a(lib_a-fflush.o)
 .data          0x0009e2c4        0x0 /opt/altera/13.0sp1/nios2eds/bin/gnu/H-i686-pc-linux-gnu/bin/../lib/gcc/nios2-elf/4.1.2/../../../../nios2-elf/lib/mno-hw-mul/libc.a(lib_a-findfp.o)
 .data          0x0009e2c4        0x0 /opt/altera/13.0sp1/nios2eds/bin/gnu/H-i686-pc-linux-gnu/bin/../lib/gcc/nios2-elf/4.1.2/../../../../nios2-elf/lib/mno-hw-mul/libc.a(lib_a-freer.o)
 .data          0x0009e2c4        0x0 /opt/altera/13.0sp1/nios2eds/bin/gnu/H-i686-pc-linux-gnu/bin/../lib/gcc/nios2-elf/4.1.2/../../../../nios2-elf/lib/mno-hw-mul/libc.a(lib_a-fvwrite.o)
 .data          0x0009e2c4        0x0 /opt/altera/13.0sp1/nios2eds/bin/gnu/H-i686-pc-linux-gnu/bin/../lib/gcc/nios2-elf/4.1.2/../../../../nios2-elf/lib/mno-hw-mul/libc.a(lib_a-fwalk.o)
 .data          0x0009e2c4      0x400 /opt/altera/13.0sp1/nios2eds/bin/gnu/H-i686-pc-linux-gnu/bin/../lib/gcc/nios2-elf/4.1.2/../../../../nios2-elf/lib/mno-hw-mul/libc.a(lib_a-impure.o)
 .data          0x0009e6c4        0x0 /opt/altera/13.0sp1/nios2eds/bin/gnu/H-i686-pc-linux-gnu/bin/../lib/gcc/nios2-elf/4.1.2/../../../../nios2-elf/lib/mno-hw-mul/libc.a(lib_a-int_errno.o)
 .data          0x0009e6c4        0xc /opt/altera/13.0sp1/nios2eds/bin/gnu/H-i686-pc-linux-gnu/bin/../lib/gcc/nios2-elf/4.1.2/../../../../nios2-elf/lib/mno-hw-mul/libc.a(lib_a-locale.o)
                0x0009e6c4                __lc_ctype
 .data          0x0009e6d0        0x0 /opt/altera/13.0sp1/nios2eds/bin/gnu/H-i686-pc-linux-gnu/bin/../lib/gcc/nios2-elf/4.1.2/../../../../nios2-elf/lib/mno-hw-mul/libc.a(lib_a-makebuf.o)
 .data          0x0009e6d0        0x0 /opt/altera/13.0sp1/nios2eds/bin/gnu/H-i686-pc-linux-gnu/bin/../lib/gcc/nios2-elf/4.1.2/../../../../nios2-elf/lib/mno-hw-mul/libc.a(lib_a-memchr.o)
 .data          0x0009e6d0        0x0 /opt/altera/13.0sp1/nios2eds/bin/gnu/H-i686-pc-linux-gnu/bin/../lib/gcc/nios2-elf/4.1.2/../../../../nios2-elf/lib/mno-hw-mul/libc.a(lib_a-memmove.o)
 .data          0x0009e6d0        0x0 /opt/altera/13.0sp1/nios2eds/bin/gnu/H-i686-pc-linux-gnu/bin/../lib/gcc/nios2-elf/4.1.2/../../../../nios2-elf/lib/mno-hw-mul/libc.a(lib_a-memset.o)
 .data          0x0009e6d0        0x0 /opt/altera/13.0sp1/nios2eds/bin/gnu/H-i686-pc-linux-gnu/bin/../lib/gcc/nios2-elf/4.1.2/../../../../nios2-elf/lib/mno-hw-mul/libc.a(lib_a-mprec.o)
 .data          0x0009e6d0        0x0 /opt/altera/13.0sp1/nios2eds/bin/gnu/H-i686-pc-linux-gnu/bin/../lib/gcc/nios2-elf/4.1.2/../../../../nios2-elf/lib/mno-hw-mul/libc.a(lib_a-putc.o)
 .data          0x0009e6d0        0x0 /opt/altera/13.0sp1/nios2eds/bin/gnu/H-i686-pc-linux-gnu/bin/../lib/gcc/nios2-elf/4.1.2/../../../../nios2-elf/lib/mno-hw-mul/libc.a(lib_a-reallocr.o)
 .data          0x0009e6d0        0x0 /opt/altera/13.0sp1/nios2eds/bin/gnu/H-i686-pc-linux-gnu/bin/../lib/gcc/nios2-elf/4.1.2/../../../../nios2-elf/lib/mno-hw-mul/libc.a(lib_a-s_isinfd.o)
 .data          0x0009e6d0        0x0 /opt/altera/13.0sp1/nios2eds/bin/gnu/H-i686-pc-linux-gnu/bin/../lib/gcc/nios2-elf/4.1.2/../../../../nios2-elf/lib/mno-hw-mul/libc.a(lib_a-s_isnand.o)
 .data          0x0009e6d0        0x0 /opt/altera/13.0sp1/nios2eds/bin/gnu/H-i686-pc-linux-gnu/bin/../lib/gcc/nios2-elf/4.1.2/../../../../nios2-elf/lib/mno-hw-mul/libc.a(lib_a-stdio.o)
 .data          0x0009e6d0        0x0 /opt/altera/13.0sp1/nios2eds/bin/gnu/H-i686-pc-linux-gnu/bin/../lib/gcc/nios2-elf/4.1.2/../../../../nios2-elf/lib/mno-hw-mul/libc.a(lib_a-strcmp.o)
 .data          0x0009e6d0        0x0 /opt/altera/13.0sp1/nios2eds/bin/gnu/H-i686-pc-linux-gnu/bin/../lib/gcc/nios2-elf/4.1.2/../../../../nios2-elf/lib/mno-hw-mul/libc.a(lib_a-wbuf.o)
 .data          0x0009e6d0        0x0 /opt/altera/13.0sp1/nios2eds/bin/gnu/H-i686-pc-linux-gnu/bin/../lib/gcc/nios2-elf/4.1.2/../../../../nios2-elf/lib/mno-hw-mul/libc.a(lib_a-writer.o)
 .data          0x0009e6d0        0x0 /opt/altera/13.0sp1/nios2eds/bin/gnu/H-i686-pc-linux-gnu/bin/../lib/gcc/nios2-elf/4.1.2/../../../../nios2-elf/lib/mno-hw-mul/libc.a(lib_a-callocr.o)
 .data          0x0009e6d0        0x0 /opt/altera/13.0sp1/nios2eds/bin/gnu/H-i686-pc-linux-gnu/bin/../lib/gcc/nios2-elf/4.1.2/../../../../nios2-elf/lib/mno-hw-mul/libc.a(lib_a-closer.o)
 .data          0x0009e6d0        0x0 /opt/altera/13.0sp1/nios2eds/bin/gnu/H-i686-pc-linux-gnu/bin/../lib/gcc/nios2-elf/4.1.2/../../../../nios2-elf/lib/mno-hw-mul/libc.a(lib_a-fclose.o)
 .data          0x0009e6d0        0x0 /opt/altera/13.0sp1/nios2eds/bin/gnu/H-i686-pc-linux-gnu/bin/../lib/gcc/nios2-elf/4.1.2/../../../../nios2-elf/lib/mno-hw-mul/libc.a(lib_a-fstatr.o)
 .data          0x0009e6d0        0x0 /opt/altera/13.0sp1/nios2eds/bin/gnu/H-i686-pc-linux-gnu/bin/../lib/gcc/nios2-elf/4.1.2/../../../../nios2-elf/lib/mno-hw-mul/libc.a(lib_a-isattyr.o)
 .data          0x0009e6d0        0x0 /opt/altera/13.0sp1/nios2eds/bin/gnu/H-i686-pc-linux-gnu/bin/../lib/gcc/nios2-elf/4.1.2/../../../../nios2-elf/lib/mno-hw-mul/libc.a(lib_a-lseekr.o)
 .data          0x0009e6d0        0x0 /opt/altera/13.0sp1/nios2eds/bin/gnu/H-i686-pc-linux-gnu/bin/../lib/gcc/nios2-elf/4.1.2/../../../../nios2-elf/lib/mno-hw-mul/libc.a(lib_a-readr.o)
 .data          0x0009e6d0        0x0 /opt/altera/13.0sp1/nios2eds/bin/gnu/H-i686-pc-linux-gnu/bin/../lib/gcc/nios2-elf/4.1.2/mno-hw-mul/libgcc.a(_udivdi3.o)
 .data          0x0009e6d0        0x0 /opt/altera/13.0sp1/nios2eds/bin/gnu/H-i686-pc-linux-gnu/bin/../lib/gcc/nios2-elf/4.1.2/mno-hw-mul/libgcc.a(_umoddi3.o)
 .data          0x0009e6d0        0x0 /opt/altera/13.0sp1/nios2eds/bin/gnu/H-i686-pc-linux-gnu/bin/../lib/gcc/nios2-elf/4.1.2/mno-hw-mul/libgcc.a(_addsub_df.o)
 .data          0x0009e6d0        0x0 /opt/altera/13.0sp1/nios2eds/bin/gnu/H-i686-pc-linux-gnu/bin/../lib/gcc/nios2-elf/4.1.2/mno-hw-mul/libgcc.a(_mul_df.o)
 .data          0x0009e6d0        0x0 /opt/altera/13.0sp1/nios2eds/bin/gnu/H-i686-pc-linux-gnu/bin/../lib/gcc/nios2-elf/4.1.2/mno-hw-mul/libgcc.a(_eq_df.o)
 .data          0x0009e6d0        0x0 /opt/altera/13.0sp1/nios2eds/bin/gnu/H-i686-pc-linux-gnu/bin/../lib/gcc/nios2-elf/4.1.2/mno-hw-mul/libgcc.a(_ne_df.o)
 .data          0x0009e6d0        0x0 /opt/altera/13.0sp1/nios2eds/bin/gnu/H-i686-pc-linux-gnu/bin/../lib/gcc/nios2-elf/4.1.2/mno-hw-mul/libgcc.a(_gt_df.o)
 .data          0x0009e6d0        0x0 /opt/altera/13.0sp1/nios2eds/bin/gnu/H-i686-pc-linux-gnu/bin/../lib/gcc/nios2-elf/4.1.2/mno-hw-mul/libgcc.a(_ge_df.o)
 .data          0x0009e6d0        0x0 /opt/altera/13.0sp1/nios2eds/bin/gnu/H-i686-pc-linux-gnu/bin/../lib/gcc/nios2-elf/4.1.2/mno-hw-mul/libgcc.a(_lt_df.o)
 .data          0x0009e6d0        0x0 /opt/altera/13.0sp1/nios2eds/bin/gnu/H-i686-pc-linux-gnu/bin/../lib/gcc/nios2-elf/4.1.2/mno-hw-mul/libgcc.a(_si_to_df.o)
 .data          0x0009e6d0        0x0 /opt/altera/13.0sp1/nios2eds/bin/gnu/H-i686-pc-linux-gnu/bin/../lib/gcc/nios2-elf/4.1.2/mno-hw-mul/libgcc.a(_df_to_si.o)
 .data          0x0009e6d0        0x0 /opt/altera/13.0sp1/nios2eds/bin/gnu/H-i686-pc-linux-gnu/bin/../lib/gcc/nios2-elf/4.1.2/mno-hw-mul/libgcc.a(_muldi3.o)
 .data          0x0009e6d0        0x0 /opt/altera/13.0sp1/nios2eds/bin/gnu/H-i686-pc-linux-gnu/bin/../lib/gcc/nios2-elf/4.1.2/mno-hw-mul/libgcc.a(_fpcmp_parts_df.o)
 .data          0x0009e6d0        0x0 ../../bsp/lab2//libucosii_bsp.a(alt_alarm_start.o)
 .data          0x0009e6d0        0x0 ../../bsp/lab2//libucosii_bsp.a(alt_close.o)
 .data          0x0009e6d0      0x1a8 ../../bsp/lab2//libucosii_bsp.a(alt_dev.o)
                0x0009e6d0                alt_dev_null
                0x0009e6f8                alt_fd_list
 .data          0x0009e878        0x0 ../../bsp/lab2//libucosii_bsp.a(alt_errno.o)
 .data          0x0009e878        0x0 ../../bsp/lab2//libucosii_bsp.a(alt_fstat.o)
 .data          0x0009e878        0x0 ../../bsp/lab2//libucosii_bsp.a(alt_isatty.o)
 .data          0x0009e878        0x0 ../../bsp/lab2//libucosii_bsp.a(alt_load.o)
 .data          0x0009e878        0x0 ../../bsp/lab2//libucosii_bsp.a(alt_lseek.o)
 .data          0x0009e878        0x0 ../../bsp/lab2//libucosii_bsp.a(alt_main.o)
 .data          0x0009e878        0x0 ../../bsp/lab2//libucosii_bsp.a(alt_read.o)
 .data          0x0009e878        0x0 ../../bsp/lab2//libucosii_bsp.a(alt_release_fd.o)
 .data          0x0009e878        0x0 ../../bsp/lab2//libucosii_bsp.a(alt_sbrk.o)
 .data          0x0009e878        0x0 ../../bsp/lab2//libucosii_bsp.a(alt_tick.o)
 .data          0x0009e878        0x0 ../../bsp/lab2//libucosii_bsp.a(alt_write.o)
 .data          0x0009e878        0x0 ../../bsp/lab2//libucosii_bsp.a(alt_env_lock.o)
 .data          0x0009e878        0x0 ../../bsp/lab2//libucosii_bsp.a(alt_malloc_lock.o)
 .data          0x0009e878        0x0 ../../bsp/lab2//libucosii_bsp.a(os_core.o)
 .data          0x0009e878        0x0 ../../bsp/lab2//libucosii_bsp.a(os_dbg.o)
 .data          0x0009e878        0x0 ../../bsp/lab2//libucosii_bsp.a(os_flag.o)
 .data          0x0009e878        0x0 ../../bsp/lab2//libucosii_bsp.a(os_mem.o)
 .data          0x0009e878        0x0 ../../bsp/lab2//libucosii_bsp.a(os_q.o)
 .data          0x0009e878        0x0 ../../bsp/lab2//libucosii_bsp.a(os_sem.o)
 .data          0x0009e878        0x0 ../../bsp/lab2//libucosii_bsp.a(os_task.o)
 .data          0x0009e878        0x0 ../../bsp/lab2//libucosii_bsp.a(os_time.o)
 .data          0x0009e878        0x0 ../../bsp/lab2//libucosii_bsp.a(os_tmr.o)
 .data          0x0009e878     0x1154 ../../bsp/lab2//libucosii_bsp.a(alt_sys_init.o)
 .data          0x0009f9cc        0x0 ../../bsp/lab2//libucosii_bsp.a(altera_avalon_jtag_uart_fd.o)
 .data          0x0009f9cc        0x0 ../../bsp/lab2//libucosii_bsp.a(altera_avalon_jtag_uart_init.o)
 .data          0x0009f9cc        0x0 ../../bsp/lab2//libucosii_bsp.a(altera_avalon_jtag_uart_ioctl.o)
 .data          0x0009f9cc        0x0 ../../bsp/lab2//libucosii_bsp.a(altera_avalon_jtag_uart_read.o)
 .data          0x0009f9cc        0x0 ../../bsp/lab2//libucosii_bsp.a(altera_avalon_jtag_uart_write.o)
 .data          0x0009f9cc        0x0 ../../bsp/lab2//libucosii_bsp.a(altera_avalon_mutex.o)
 .data          0x0009f9cc        0x0 ../../bsp/lab2//libucosii_bsp.a(altera_avalon_timer_sc.o)
 .data          0x0009f9cc        0x0 ../../bsp/lab2//libucosii_bsp.a(perf_print_formatted_report.o)
 .data          0x0009f9cc        0x0 ../../bsp/lab2//libucosii_bsp.a(alt_dcache_flush_all.o)
 .data          0x0009f9cc        0x0 ../../bsp/lab2//libucosii_bsp.a(alt_dev_llist_insert.o)
 .data          0x0009f9cc        0x0 ../../bsp/lab2//libucosii_bsp.a(alt_do_ctors.o)
 .data          0x0009f9cc        0x0 ../../bsp/lab2//libucosii_bsp.a(alt_do_dtors.o)
 .data          0x0009f9cc        0x0 ../../bsp/lab2//libucosii_bsp.a(alt_find_dev.o)
 .data          0x0009f9cc        0x0 ../../bsp/lab2//libucosii_bsp.a(alt_icache_flush_all.o)
 .data          0x0009f9cc        0x0 ../../bsp/lab2//libucosii_bsp.a(alt_io_redirect.o)
 .data          0x0009f9cc        0x0 ../../bsp/lab2//libucosii_bsp.a(alt_irq_register.o)
 .data          0x0009f9cc        0x0 ../../bsp/lab2//libucosii_bsp.a(alt_irq_vars.o)
 .data          0x0009f9cc        0x0 ../../bsp/lab2//libucosii_bsp.a(alt_open.o)
 .data          0x0009f9cc        0x0 ../../bsp/lab2//libucosii_bsp.a(altera_nios2_qsys_irq.o)
 .data          0x0009f9cc        0x0 ../../bsp/lab2//libucosii_bsp.a(os_cpu_a.o)
 .data          0x0009f9cc        0x0 ../../bsp/lab2//libucosii_bsp.a(os_cpu_c.o)
 .data          0x0009f9cc        0x0 ../../bsp/lab2//libucosii_bsp.a(altera_avalon_performance_counter.o)
 .data          0x0009f9cc        0x0 ../../bsp/lab2//libucosii_bsp.a(alt_find_file.o)
 .data          0x0009f9cc        0x0 ../../bsp/lab2//libucosii_bsp.a(alt_get_fd.o)
 .data          0x0009f9cc        0x0 ../../bsp/lab2//libucosii_bsp.a(alt_irq_entry.o)
 .data          0x0009f9cc        0x0 ../../bsp/lab2//libucosii_bsp.a(alt_irq_handler.o)
 .data          0x0009f9cc        0x0 ../../bsp/lab2//libucosii_bsp.a(alt_exception_entry.o)
 .data          0x0009f9cc        0x0 /opt/altera/13.0sp1/nios2eds/bin/gnu/H-i686-pc-linux-gnu/bin/../lib/gcc/nios2-elf/4.1.2/../../../../nios2-elf/lib/mno-hw-mul/libc.a(lib_a-atexit.o)
 .data          0x0009f9cc        0x0 /opt/altera/13.0sp1/nios2eds/bin/gnu/H-i686-pc-linux-gnu/bin/../lib/gcc/nios2-elf/4.1.2/../../../../nios2-elf/lib/mno-hw-mul/libc.a(lib_a-exit.o)
 .data          0x0009f9cc        0x0 /opt/altera/13.0sp1/nios2eds/bin/gnu/H-i686-pc-linux-gnu/bin/../lib/gcc/nios2-elf/4.1.2/../../../../nios2-elf/lib/mno-hw-mul/libc.a(lib_a-memcmp.o)
 .data          0x0009f9cc        0x0 /opt/altera/13.0sp1/nios2eds/bin/gnu/H-i686-pc-linux-gnu/bin/../lib/gcc/nios2-elf/4.1.2/../../../../nios2-elf/lib/mno-hw-mul/libc.a(lib_a-__atexit.o)
 .data          0x0009f9cc        0x0 /opt/altera/13.0sp1/nios2eds/bin/gnu/H-i686-pc-linux-gnu/bin/../lib/gcc/nios2-elf/4.1.2/../../../../nios2-elf/lib/mno-hw-mul/libc.a(lib_a-__call_atexit.o)
 .data          0x0009f9cc        0x0 /opt/altera/13.0sp1/nios2eds/bin/gnu/H-i686-pc-linux-gnu/bin/../lib/gcc/nios2-elf/4.1.2/mno-hw-mul/libgcc.a(_fixunsdfsi.o)
 .data          0x0009f9cc        0x0 /opt/altera/13.0sp1/nios2eds/bin/gnu/H-i686-pc-linux-gnu/bin/../lib/gcc/nios2-elf/4.1.2/mno-hw-mul/libgcc.a(_floatundidf.o)
 .data          0x0009f9cc        0x0 ../../bsp/lab2//libucosii_bsp.a(alt_exit.o)
                0x000a79cc                _gp = ABSOLUTE ((. + 0x8000))
                0x000a79cc                PROVIDE (gp, _gp)
 *(.rwdata .rwdata.*)
 *(.sdata .sdata.* .gnu.linkonce.s.*)
 .sdata         0x0009f9cc        0x1 obj/default/src_0/cpu_0.o
                0x0009f9cc                sequence_length
 *fill*         0x0009f9cd        0x3 00
 .sdata         0x0009f9d0        0x8 /opt/altera/13.0sp1/nios2eds/bin/gnu/H-i686-pc-linux-gnu/bin/../lib/gcc/nios2-elf/4.1.2/../../../../nios2-elf/lib/mno-hw-mul/libc.a(lib_a-mallocr.o)
                0x0009f9d0                __malloc_trim_threshold
                0x0009f9d4                __malloc_sbrk_base
 .sdata         0x0009f9d8        0x8 /opt/altera/13.0sp1/nios2eds/bin/gnu/H-i686-pc-linux-gnu/bin/../lib/gcc/nios2-elf/4.1.2/../../../../nios2-elf/lib/mno-hw-mul/libc.a(lib_a-impure.o)
                0x0009f9d8                _impure_ptr
                0x0009f9dc                _global_impure_ptr
 .sdata         0x0009f9e0        0x8 /opt/altera/13.0sp1/nios2eds/bin/gnu/H-i686-pc-linux-gnu/bin/../lib/gcc/nios2-elf/4.1.2/../../../../nios2-elf/lib/mno-hw-mul/libc.a(lib_a-locale.o)
                0x0009f9e0                __mb_cur_max
 .sdata         0x0009f9e8       0x14 ../../bsp/lab2//libucosii_bsp.a(alt_dev.o)
                0x0009f9e8                alt_fs_list
                0x0009f9f0                alt_dev_list
                0x0009f9f8                alt_max_fd
 .sdata         0x0009f9fc        0x4 ../../bsp/lab2//libucosii_bsp.a(alt_errno.o)
                0x0009f9fc                alt_errno
 .sdata         0x0009fa00        0x4 ../../bsp/lab2//libucosii_bsp.a(alt_sbrk.o)
 .sdata         0x0009fa04        0x8 ../../bsp/lab2//libucosii_bsp.a(alt_tick.o)
                0x0009fa04                alt_alarm_list
 .sdata         0x0009fa0c        0x4 ../../bsp/lab2//libucosii_bsp.a(alt_env_lock.o)
 .sdata         0x0009fa10        0x4 ../../bsp/lab2//libucosii_bsp.a(alt_malloc_lock.o)
 .sdata         0x0009fa14       0x74 ../../bsp/lab2//libucosii_bsp.a(os_dbg.o)
                0x0009fa14                OSDebugEn
                0x0009fa18                OSEndiannessTest
                0x0009fa1c                OSEventEn
                0x0009fa1e                OSEventMax
                0x0009fa20                OSEventNameSize
                0x0009fa22                OSEventSize
                0x0009fa24                OSEventTblSize
                0x0009fa26                OSEventMultiEn
                0x0009fa28                OSFlagEn
                0x0009fa2a                OSFlagGrpSize
                0x0009fa2c                OSFlagNodeSize
                0x0009fa2e                OSFlagWidth
                0x0009fa30                OSFlagMax
                0x0009fa32                OSFlagNameSize
                0x0009fa34                OSLowestPrio
                0x0009fa36                OSMboxEn
                0x0009fa38                OSMemEn
                0x0009fa3a                OSMemMax
                0x0009fa3c                OSMemNameSize
                0x0009fa3e                OSMemSize
                0x0009fa40                OSMemTblSize
                0x0009fa42                OSMutexEn
                0x0009fa44                OSPtrSize
                0x0009fa46                OSQEn
                0x0009fa48                OSQMax
                0x0009fa4a                OSQSize
                0x0009fa4c                OSRdyTblSize
                0x0009fa4e                OSSemEn
                0x0009fa50                OSStkWidth
                0x0009fa52                OSTaskCreateEn
                0x0009fa54                OSTaskCreateExtEn
                0x0009fa56                OSTaskDelEn
                0x0009fa58                OSTaskIdleStkSize
                0x0009fa5a                OSTaskProfileEn
                0x0009fa5c                OSTaskMax
                0x0009fa5e                OSTaskNameSize
                0x0009fa60                OSTaskStatEn
                0x0009fa62                OSTaskStatStkSize
                0x0009fa64                OSTaskStatStkChkEn
                0x0009fa66                OSTaskSwHookEn
                0x0009fa68                OSTCBPrioTblMax
                0x0009fa6a                OSTCBSize
                0x0009fa6c                OSTicksPerSec
                0x0009fa6e                OSTimeTickHookEn
                0x0009fa70                OSVersionNbr
                0x0009fa72                OSTmrEn
                0x0009fa74                OSTmrCfgMax
                0x0009fa76                OSTmrCfgNameSize
                0x0009fa78                OSTmrCfgWheelSize
                0x0009fa7a                OSTmrCfgTicksPerSec
                0x0009fa7c                OSTmrSize
                0x0009fa7e                OSTmrTblSize
                0x0009fa80                OSTmrWheelSize
                0x0009fa82                OSTmrWheelTblSize
                0x0009fa84                OSDataSize
 .sdata         0x0009fa88        0x8 ../../bsp/lab2//libucosii_bsp.a(altera_avalon_mutex.o)
                0x0009fa88                alt_mutex_list
 .sdata         0x0009fa90        0x4 ../../bsp/lab2//libucosii_bsp.a(alt_irq_vars.o)
                0x0009fa90                alt_priority_mask
 *(.sdata2 .sdata2.* .gnu.linkonce.s2.*)
                0x0009fa94                . = ALIGN (0x4)
                0x0009fa94                _edata = ABSOLUTE (.)
                0x0009fa94                PROVIDE (edata, ABSOLUTE (.))
                0x0009fa94                PROVIDE (__ram_rwdata_end, ABSOLUTE (.))
                0x0009fa94                PROVIDE (__flash_rwdata_start, LOADADDR (.rwdata))

.bss            0x000ad688     0xa118
                0x000ad688                __bss_start = ABSOLUTE (.)
                0x000ad688                PROVIDE (__sbss_start, ABSOLUTE (.))
                0x000ad688                PROVIDE (___sbss_start, ABSOLUTE (.))
 *(.dynsbss)
 *(.sbss .sbss.* .gnu.linkonce.sb.*)
 .sbss          0x000ad688       0x20 obj/default/src_0/cpu_0.o
                0x000ad688                Task2Sem
                0x000ad68c                Task1Tmr
                0x000ad690                CommQ
                0x000ad694                Task2TmrSem
                0x000ad698                Task2Tmr
                0x000ad69c                delay
                0x000ad6a0                Task1TmrSem
                0x000ad6a4                Task1Sem
 .sbss          0x000ad6a8        0xc /opt/altera/13.0sp1/nios2eds/bin/gnu/H-i686-pc-linux-gnu/bin/../lib/gcc/nios2-elf/4.1.2/../../../../nios2-elf/lib/mno-hw-mul/libc.a(lib_a-mallocr.o)
                0x000ad6a8                __malloc_top_pad
                0x000ad6ac                __malloc_max_sbrked_mem
                0x000ad6b0                __malloc_max_total_mem
 .sbss          0x000ad6b4        0x4 /opt/altera/13.0sp1/nios2eds/bin/gnu/H-i686-pc-linux-gnu/bin/../lib/gcc/nios2-elf/4.1.2/../../../../nios2-elf/lib/mno-hw-mul/libc.a(lib_a-int_errno.o)
                0x000ad6b4                errno
 .sbss          0x000ad6b8        0xc /opt/altera/13.0sp1/nios2eds/bin/gnu/H-i686-pc-linux-gnu/bin/../lib/gcc/nios2-elf/4.1.2/../../../../nios2-elf/lib/mno-hw-mul/libc.a(lib_a-locale.o)
                0x000ad6b8                __nlocale_changed
                0x000ad6bc                __mlocale_changed
                0x000ad6c0                _PathLocale
 .sbss          0x000ad6c4        0x4 ../../bsp/lab2//libucosii_bsp.a(alt_dev.o)
                0x000ad6c4                alt_fd_list_lock
 .sbss          0x000ad6c8        0xc ../../bsp/lab2//libucosii_bsp.a(alt_main.o)
                0x000ad6c8                alt_argc
                0x000ad6cc                alt_argv
                0x000ad6d0                alt_envp
 .sbss          0x000ad6d4        0x8 ../../bsp/lab2//libucosii_bsp.a(alt_tick.o)
                0x000ad6d4                _alt_tick_rate
                0x000ad6d8                _alt_nticks
 .sbss          0x000ad6dc        0x8 ../../bsp/lab2//libucosii_bsp.a(alt_env_lock.o)
                0x000ad6e0                alt_envsem
 .sbss          0x000ad6e4        0x8 ../../bsp/lab2//libucosii_bsp.a(alt_malloc_lock.o)
                0x000ad6e8                alt_heapsem
 .sbss          0x000ad6ec       0x68 ../../bsp/lab2//libucosii_bsp.a(os_core.o)
                0x000ad6ec                OSTmrFreeList
                0x000ad6f0                OSLockNesting
                0x000ad6f4                OSTmrSemSignal
                0x000ad6f8                OSRunning
                0x000ad6fc                OSIdleCtr
                0x000ad700                OSTmrUsed
                0x000ad702                OSPrioHighRdy
                0x000ad703                OSPrioCur
                0x000ad704                OSTCBList
                0x000ad708                OSTickStepState
                0x000ad70c                OSCtxSwCtr
                0x000ad710                OSTmrFree
                0x000ad714                OSIdleCtrMax
                0x000ad718                OSTCBFreeList
                0x000ad71c                OSCPUUsage
                0x000ad71d                OSTaskCtr
                0x000ad720                OSMemFreeList
                0x000ad724                OSTCBHighRdy
                0x000ad728                OSQFreeList
                0x000ad72c                OSRdyGrp
                0x000ad72d                OSRdyTbl
                0x000ad730                OSEventFreeList
                0x000ad734                OSIntNesting
                0x000ad738                OSTCBCur
                0x000ad73c                OSTmrTime
                0x000ad740                OSTime
                0x000ad744                OSTmrSem
                0x000ad748                OSFlagFreeList
                0x000ad74c                OSStatRdy
                0x000ad750                OSIdleCtrRun
 .sbss          0x000ad754        0x4 ../../bsp/lab2//libucosii_bsp.a(alt_irq_vars.o)
                0x000ad754                alt_irq_active
 .sbss          0x000ad758        0x2 ../../bsp/lab2//libucosii_bsp.a(os_cpu_c.o)
 *(.sbss2 .sbss2.* .gnu.linkonce.sb2.*)
 *(.scommon)
                0x000ad75a                PROVIDE (__sbss_end, ABSOLUTE (.))
                0x000ad75a                PROVIDE (___sbss_end, ABSOLUTE (.))
 *(.dynbss)
 *(.bss .bss.* .gnu.linkonce.b.*)
 .bss           0x000ad75a        0x0 ../../bsp/lab2//obj/HAL/src/crt0.o
 *fill*         0x000ad75a        0x2 00
 .bss           0x000ad75c       0x18 obj/default/src_0/cpu_0.o
 .bss           0x000ad774        0x0 /opt/altera/13.0sp1/nios2eds/bin/gnu/H-i686-pc-linux-gnu/bin/../lib/gcc/nios2-elf/4.1.2/mno-hw-mul/libgcc.a(_div_df.o)
 .bss           0x000ad774        0x0 /opt/altera/13.0sp1/nios2eds/bin/gnu/H-i686-pc-linux-gnu/bin/../lib/gcc/nios2-elf/4.1.2/mno-hw-mul/libgcc.a(_thenan_df.o)
 .bss           0x000ad774        0x0 /opt/altera/13.0sp1/nios2eds/bin/gnu/H-i686-pc-linux-gnu/bin/../lib/gcc/nios2-elf/4.1.2/mno-hw-mul/libgcc.a(_usi_to_df.o)
 .bss           0x000ad774        0x0 /opt/altera/13.0sp1/nios2eds/bin/gnu/H-i686-pc-linux-gnu/bin/../lib/gcc/nios2-elf/4.1.2/mno-hw-mul/libgcc.a(lib2-divmod.o)
 .bss           0x000ad774        0x0 /opt/altera/13.0sp1/nios2eds/bin/gnu/H-i686-pc-linux-gnu/bin/../lib/gcc/nios2-elf/4.1.2/mno-hw-mul/libgcc.a(lib2-mul.o)
 .bss           0x000ad774        0x0 /opt/altera/13.0sp1/nios2eds/bin/gnu/H-i686-pc-linux-gnu/bin/../lib/gcc/nios2-elf/4.1.2/mno-hw-mul/libgcc.a(_clzsi2.o)
 .bss           0x000ad774        0x0 /opt/altera/13.0sp1/nios2eds/bin/gnu/H-i686-pc-linux-gnu/bin/../lib/gcc/nios2-elf/4.1.2/mno-hw-mul/libgcc.a(_pack_df.o)
 .bss           0x000ad774        0x0 /opt/altera/13.0sp1/nios2eds/bin/gnu/H-i686-pc-linux-gnu/bin/../lib/gcc/nios2-elf/4.1.2/mno-hw-mul/libgcc.a(_unpack_df.o)
 .bss           0x000ad774        0x0 /opt/altera/13.0sp1/nios2eds/bin/gnu/H-i686-pc-linux-gnu/bin/../lib/gcc/nios2-elf/4.1.2/mno-hw-mul/libgcc.a(_clz.o)
 .bss           0x000ad774        0x0 /opt/altera/13.0sp1/nios2eds/bin/gnu/H-i686-pc-linux-gnu/bin/../lib/gcc/nios2-elf/4.1.2/../../../../nios2-elf/lib/mno-hw-mul/libc.a(lib_a-malloc.o)
 .bss           0x000ad774       0x28 /opt/altera/13.0sp1/nios2eds/bin/gnu/H-i686-pc-linux-gnu/bin/../lib/gcc/nios2-elf/4.1.2/../../../../nios2-elf/lib/mno-hw-mul/libc.a(lib_a-mallocr.o)
                0x000ad774                __malloc_current_mallinfo
 .bss           0x000ad79c        0x0 /opt/altera/13.0sp1/nios2eds/bin/gnu/H-i686-pc-linux-gnu/bin/../lib/gcc/nios2-elf/4.1.2/../../../../nios2-elf/lib/mno-hw-mul/libc.a(lib_a-memcpy.o)
 .bss           0x000ad79c        0x0 /opt/altera/13.0sp1/nios2eds/bin/gnu/H-i686-pc-linux-gnu/bin/../lib/gcc/nios2-elf/4.1.2/../../../../nios2-elf/lib/mno-hw-mul/libc.a(lib_a-printf.o)
 .bss           0x000ad79c        0x0 /opt/altera/13.0sp1/nios2eds/bin/gnu/H-i686-pc-linux-gnu/bin/../lib/gcc/nios2-elf/4.1.2/../../../../nios2-elf/lib/mno-hw-mul/libc.a(lib_a-putchar.o)
 .bss           0x000ad79c        0x0 /opt/altera/13.0sp1/nios2eds/bin/gnu/H-i686-pc-linux-gnu/bin/../lib/gcc/nios2-elf/4.1.2/../../../../nios2-elf/lib/mno-hw-mul/libc.a(lib_a-puts.o)
 .bss           0x000ad79c        0x0 /opt/altera/13.0sp1/nios2eds/bin/gnu/H-i686-pc-linux-gnu/bin/../lib/gcc/nios2-elf/4.1.2/../../../../nios2-elf/lib/mno-hw-mul/libc.a(lib_a-sbrkr.o)
 .bss           0x000ad79c        0x0 /opt/altera/13.0sp1/nios2eds/bin/gnu/H-i686-pc-linux-gnu/bin/../lib/gcc/nios2-elf/4.1.2/../../../../nios2-elf/lib/mno-hw-mul/libc.a(lib_a-strlen.o)
 .bss           0x000ad79c        0x0 /opt/altera/13.0sp1/nios2eds/bin/gnu/H-i686-pc-linux-gnu/bin/../lib/gcc/nios2-elf/4.1.2/../../../../nios2-elf/lib/mno-hw-mul/libc.a(lib_a-vfprintf.o)
 .bss           0x000ad79c        0x0 /opt/altera/13.0sp1/nios2eds/bin/gnu/H-i686-pc-linux-gnu/bin/../lib/gcc/nios2-elf/4.1.2/../../../../nios2-elf/lib/mno-hw-mul/libc.a(lib_a-wsetup.o)
 .bss           0x000ad79c        0x0 /opt/altera/13.0sp1/nios2eds/bin/gnu/H-i686-pc-linux-gnu/bin/../lib/gcc/nios2-elf/4.1.2/../../../../nios2-elf/lib/mno-hw-mul/libc.a(lib_a-dtoa.o)
 .bss           0x000ad79c        0x0 /opt/altera/13.0sp1/nios2eds/bin/gnu/H-i686-pc-linux-gnu/bin/../lib/gcc/nios2-elf/4.1.2/../../../../nios2-elf/lib/mno-hw-mul/libc.a(lib_a-fflush.o)
 .bss           0x000ad79c        0x0 /opt/altera/13.0sp1/nios2eds/bin/gnu/H-i686-pc-linux-gnu/bin/../lib/gcc/nios2-elf/4.1.2/../../../../nios2-elf/lib/mno-hw-mul/libc.a(lib_a-findfp.o)
 .bss           0x000ad79c        0x0 /opt/altera/13.0sp1/nios2eds/bin/gnu/H-i686-pc-linux-gnu/bin/../lib/gcc/nios2-elf/4.1.2/../../../../nios2-elf/lib/mno-hw-mul/libc.a(lib_a-freer.o)
 .bss           0x000ad79c        0x0 /opt/altera/13.0sp1/nios2eds/bin/gnu/H-i686-pc-linux-gnu/bin/../lib/gcc/nios2-elf/4.1.2/../../../../nios2-elf/lib/mno-hw-mul/libc.a(lib_a-fvwrite.o)
 .bss           0x000ad79c        0x0 /opt/altera/13.0sp1/nios2eds/bin/gnu/H-i686-pc-linux-gnu/bin/../lib/gcc/nios2-elf/4.1.2/../../../../nios2-elf/lib/mno-hw-mul/libc.a(lib_a-fwalk.o)
 .bss           0x000ad79c        0x0 /opt/altera/13.0sp1/nios2eds/bin/gnu/H-i686-pc-linux-gnu/bin/../lib/gcc/nios2-elf/4.1.2/../../../../nios2-elf/lib/mno-hw-mul/libc.a(lib_a-impure.o)
 .bss           0x000ad79c        0x0 /opt/altera/13.0sp1/nios2eds/bin/gnu/H-i686-pc-linux-gnu/bin/../lib/gcc/nios2-elf/4.1.2/../../../../nios2-elf/lib/mno-hw-mul/libc.a(lib_a-int_errno.o)
 .bss           0x000ad79c        0x0 /opt/altera/13.0sp1/nios2eds/bin/gnu/H-i686-pc-linux-gnu/bin/../lib/gcc/nios2-elf/4.1.2/../../../../nios2-elf/lib/mno-hw-mul/libc.a(lib_a-locale.o)
 .bss           0x000ad79c        0x0 /opt/altera/13.0sp1/nios2eds/bin/gnu/H-i686-pc-linux-gnu/bin/../lib/gcc/nios2-elf/4.1.2/../../../../nios2-elf/lib/mno-hw-mul/libc.a(lib_a-makebuf.o)
 .bss           0x000ad79c        0x0 /opt/altera/13.0sp1/nios2eds/bin/gnu/H-i686-pc-linux-gnu/bin/../lib/gcc/nios2-elf/4.1.2/../../../../nios2-elf/lib/mno-hw-mul/libc.a(lib_a-memchr.o)
 .bss           0x000ad79c        0x0 /opt/altera/13.0sp1/nios2eds/bin/gnu/H-i686-pc-linux-gnu/bin/../lib/gcc/nios2-elf/4.1.2/../../../../nios2-elf/lib/mno-hw-mul/libc.a(lib_a-memmove.o)
 .bss           0x000ad79c        0x0 /opt/altera/13.0sp1/nios2eds/bin/gnu/H-i686-pc-linux-gnu/bin/../lib/gcc/nios2-elf/4.1.2/../../../../nios2-elf/lib/mno-hw-mul/libc.a(lib_a-memset.o)
 .bss           0x000ad79c        0x0 /opt/altera/13.0sp1/nios2eds/bin/gnu/H-i686-pc-linux-gnu/bin/../lib/gcc/nios2-elf/4.1.2/../../../../nios2-elf/lib/mno-hw-mul/libc.a(lib_a-mprec.o)
 .bss           0x000ad79c        0x0 /opt/altera/13.0sp1/nios2eds/bin/gnu/H-i686-pc-linux-gnu/bin/../lib/gcc/nios2-elf/4.1.2/../../../../nios2-elf/lib/mno-hw-mul/libc.a(lib_a-putc.o)
 .bss           0x000ad79c        0x0 /opt/altera/13.0sp1/nios2eds/bin/gnu/H-i686-pc-linux-gnu/bin/../lib/gcc/nios2-elf/4.1.2/../../../../nios2-elf/lib/mno-hw-mul/libc.a(lib_a-reallocr.o)
 .bss           0x000ad79c        0x0 /opt/altera/13.0sp1/nios2eds/bin/gnu/H-i686-pc-linux-gnu/bin/../lib/gcc/nios2-elf/4.1.2/../../../../nios2-elf/lib/mno-hw-mul/libc.a(lib_a-s_isinfd.o)
 .bss           0x000ad79c        0x0 /opt/altera/13.0sp1/nios2eds/bin/gnu/H-i686-pc-linux-gnu/bin/../lib/gcc/nios2-elf/4.1.2/../../../../nios2-elf/lib/mno-hw-mul/libc.a(lib_a-s_isnand.o)
 .bss           0x000ad79c        0x0 /opt/altera/13.0sp1/nios2eds/bin/gnu/H-i686-pc-linux-gnu/bin/../lib/gcc/nios2-elf/4.1.2/../../../../nios2-elf/lib/mno-hw-mul/libc.a(lib_a-stdio.o)
 .bss           0x000ad79c        0x0 /opt/altera/13.0sp1/nios2eds/bin/gnu/H-i686-pc-linux-gnu/bin/../lib/gcc/nios2-elf/4.1.2/../../../../nios2-elf/lib/mno-hw-mul/libc.a(lib_a-strcmp.o)
 .bss           0x000ad79c        0x0 /opt/altera/13.0sp1/nios2eds/bin/gnu/H-i686-pc-linux-gnu/bin/../lib/gcc/nios2-elf/4.1.2/../../../../nios2-elf/lib/mno-hw-mul/libc.a(lib_a-wbuf.o)
 .bss           0x000ad79c        0x0 /opt/altera/13.0sp1/nios2eds/bin/gnu/H-i686-pc-linux-gnu/bin/../lib/gcc/nios2-elf/4.1.2/../../../../nios2-elf/lib/mno-hw-mul/libc.a(lib_a-writer.o)
 .bss           0x000ad79c        0x0 /opt/altera/13.0sp1/nios2eds/bin/gnu/H-i686-pc-linux-gnu/bin/../lib/gcc/nios2-elf/4.1.2/../../../../nios2-elf/lib/mno-hw-mul/libc.a(lib_a-callocr.o)
 .bss           0x000ad79c        0x0 /opt/altera/13.0sp1/nios2eds/bin/gnu/H-i686-pc-linux-gnu/bin/../lib/gcc/nios2-elf/4.1.2/../../../../nios2-elf/lib/mno-hw-mul/libc.a(lib_a-closer.o)
 .bss           0x000ad79c        0x0 /opt/altera/13.0sp1/nios2eds/bin/gnu/H-i686-pc-linux-gnu/bin/../lib/gcc/nios2-elf/4.1.2/../../../../nios2-elf/lib/mno-hw-mul/libc.a(lib_a-fclose.o)
 .bss           0x000ad79c        0x0 /opt/altera/13.0sp1/nios2eds/bin/gnu/H-i686-pc-linux-gnu/bin/../lib/gcc/nios2-elf/4.1.2/../../../../nios2-elf/lib/mno-hw-mul/libc.a(lib_a-fstatr.o)
 .bss           0x000ad79c        0x0 /opt/altera/13.0sp1/nios2eds/bin/gnu/H-i686-pc-linux-gnu/bin/../lib/gcc/nios2-elf/4.1.2/../../../../nios2-elf/lib/mno-hw-mul/libc.a(lib_a-isattyr.o)
 .bss           0x000ad79c        0x0 /opt/altera/13.0sp1/nios2eds/bin/gnu/H-i686-pc-linux-gnu/bin/../lib/gcc/nios2-elf/4.1.2/../../../../nios2-elf/lib/mno-hw-mul/libc.a(lib_a-lseekr.o)
 .bss           0x000ad79c        0x0 /opt/altera/13.0sp1/nios2eds/bin/gnu/H-i686-pc-linux-gnu/bin/../lib/gcc/nios2-elf/4.1.2/../../../../nios2-elf/lib/mno-hw-mul/libc.a(lib_a-readr.o)
 .bss           0x000ad79c        0x0 /opt/altera/13.0sp1/nios2eds/bin/gnu/H-i686-pc-linux-gnu/bin/../lib/gcc/nios2-elf/4.1.2/mno-hw-mul/libgcc.a(_udivdi3.o)
 .bss           0x000ad79c        0x0 /opt/altera/13.0sp1/nios2eds/bin/gnu/H-i686-pc-linux-gnu/bin/../lib/gcc/nios2-elf/4.1.2/mno-hw-mul/libgcc.a(_umoddi3.o)
 .bss           0x000ad79c        0x0 /opt/altera/13.0sp1/nios2eds/bin/gnu/H-i686-pc-linux-gnu/bin/../lib/gcc/nios2-elf/4.1.2/mno-hw-mul/libgcc.a(_addsub_df.o)
 .bss           0x000ad79c        0x0 /opt/altera/13.0sp1/nios2eds/bin/gnu/H-i686-pc-linux-gnu/bin/../lib/gcc/nios2-elf/4.1.2/mno-hw-mul/libgcc.a(_mul_df.o)
 .bss           0x000ad79c        0x0 /opt/altera/13.0sp1/nios2eds/bin/gnu/H-i686-pc-linux-gnu/bin/../lib/gcc/nios2-elf/4.1.2/mno-hw-mul/libgcc.a(_eq_df.o)
 .bss           0x000ad79c        0x0 /opt/altera/13.0sp1/nios2eds/bin/gnu/H-i686-pc-linux-gnu/bin/../lib/gcc/nios2-elf/4.1.2/mno-hw-mul/libgcc.a(_ne_df.o)
 .bss           0x000ad79c        0x0 /opt/altera/13.0sp1/nios2eds/bin/gnu/H-i686-pc-linux-gnu/bin/../lib/gcc/nios2-elf/4.1.2/mno-hw-mul/libgcc.a(_gt_df.o)
 .bss           0x000ad79c        0x0 /opt/altera/13.0sp1/nios2eds/bin/gnu/H-i686-pc-linux-gnu/bin/../lib/gcc/nios2-elf/4.1.2/mno-hw-mul/libgcc.a(_ge_df.o)
 .bss           0x000ad79c        0x0 /opt/altera/13.0sp1/nios2eds/bin/gnu/H-i686-pc-linux-gnu/bin/../lib/gcc/nios2-elf/4.1.2/mno-hw-mul/libgcc.a(_lt_df.o)
 .bss           0x000ad79c        0x0 /opt/altera/13.0sp1/nios2eds/bin/gnu/H-i686-pc-linux-gnu/bin/../lib/gcc/nios2-elf/4.1.2/mno-hw-mul/libgcc.a(_si_to_df.o)
 .bss           0x000ad79c        0x0 /opt/altera/13.0sp1/nios2eds/bin/gnu/H-i686-pc-linux-gnu/bin/../lib/gcc/nios2-elf/4.1.2/mno-hw-mul/libgcc.a(_df_to_si.o)
 .bss           0x000ad79c        0x0 /opt/altera/13.0sp1/nios2eds/bin/gnu/H-i686-pc-linux-gnu/bin/../lib/gcc/nios2-elf/4.1.2/mno-hw-mul/libgcc.a(_muldi3.o)
 .bss           0x000ad79c        0x0 /opt/altera/13.0sp1/nios2eds/bin/gnu/H-i686-pc-linux-gnu/bin/../lib/gcc/nios2-elf/4.1.2/mno-hw-mul/libgcc.a(_fpcmp_parts_df.o)
 .bss           0x000ad79c        0x0 ../../bsp/lab2//libucosii_bsp.a(alt_alarm_start.o)
 .bss           0x000ad79c        0x0 ../../bsp/lab2//libucosii_bsp.a(alt_close.o)
 .bss           0x000ad79c        0x0 ../../bsp/lab2//libucosii_bsp.a(alt_dev.o)
 .bss           0x000ad79c        0x0 ../../bsp/lab2//libucosii_bsp.a(alt_errno.o)
 .bss           0x000ad79c        0x0 ../../bsp/lab2//libucosii_bsp.a(alt_fstat.o)
 .bss           0x000ad79c        0x0 ../../bsp/lab2//libucosii_bsp.a(alt_isatty.o)
 .bss           0x000ad79c        0x0 ../../bsp/lab2//libucosii_bsp.a(alt_load.o)
 .bss           0x000ad79c        0x0 ../../bsp/lab2//libucosii_bsp.a(alt_lseek.o)
 .bss           0x000ad79c        0x0 ../../bsp/lab2//libucosii_bsp.a(alt_main.o)
 .bss           0x000ad79c        0x0 ../../bsp/lab2//libucosii_bsp.a(alt_read.o)
 .bss           0x000ad79c        0x0 ../../bsp/lab2//libucosii_bsp.a(alt_release_fd.o)
 .bss           0x000ad79c        0x0 ../../bsp/lab2//libucosii_bsp.a(alt_sbrk.o)
 .bss           0x000ad79c        0x0 ../../bsp/lab2//libucosii_bsp.a(alt_tick.o)
 .bss           0x000ad79c        0x0 ../../bsp/lab2//libucosii_bsp.a(alt_write.o)
 .bss           0x000ad79c        0x0 ../../bsp/lab2//libucosii_bsp.a(alt_env_lock.o)
 .bss           0x000ad79c        0x0 ../../bsp/lab2//libucosii_bsp.a(alt_malloc_lock.o)
 .bss           0x000ad79c        0x0 ../../bsp/lab2//libucosii_bsp.a(os_core.o)
 .bss           0x000ad79c        0x0 ../../bsp/lab2//libucosii_bsp.a(os_dbg.o)
 .bss           0x000ad79c        0x0 ../../bsp/lab2//libucosii_bsp.a(os_flag.o)
 .bss           0x000ad79c        0x0 ../../bsp/lab2//libucosii_bsp.a(os_mem.o)
 .bss           0x000ad79c        0x0 ../../bsp/lab2//libucosii_bsp.a(os_q.o)
 .bss           0x000ad79c        0x0 ../../bsp/lab2//libucosii_bsp.a(os_sem.o)
 .bss           0x000ad79c        0x0 ../../bsp/lab2//libucosii_bsp.a(os_task.o)
 .bss           0x000ad79c        0x0 ../../bsp/lab2//libucosii_bsp.a(os_time.o)
 .bss           0x000ad79c        0x0 ../../bsp/lab2//libucosii_bsp.a(os_tmr.o)
 .bss           0x000ad79c        0x0 ../../bsp/lab2//libucosii_bsp.a(alt_sys_init.o)
 .bss           0x000ad79c        0x0 ../../bsp/lab2//libucosii_bsp.a(altera_avalon_jtag_uart_fd.o)
 .bss           0x000ad79c        0x0 ../../bsp/lab2//libucosii_bsp.a(altera_avalon_jtag_uart_init.o)
 .bss           0x000ad79c        0x0 ../../bsp/lab2//libucosii_bsp.a(altera_avalon_jtag_uart_ioctl.o)
 .bss           0x000ad79c        0x0 ../../bsp/lab2//libucosii_bsp.a(altera_avalon_jtag_uart_read.o)
 .bss           0x000ad79c        0x0 ../../bsp/lab2//libucosii_bsp.a(altera_avalon_jtag_uart_write.o)
 .bss           0x000ad79c        0x0 ../../bsp/lab2//libucosii_bsp.a(altera_avalon_mutex.o)
 .bss           0x000ad79c        0x0 ../../bsp/lab2//libucosii_bsp.a(altera_avalon_timer_sc.o)
 .bss           0x000ad79c        0x0 ../../bsp/lab2//libucosii_bsp.a(perf_print_formatted_report.o)
 .bss           0x000ad79c        0x0 ../../bsp/lab2//libucosii_bsp.a(alt_dcache_flush_all.o)
 .bss           0x000ad79c        0x0 ../../bsp/lab2//libucosii_bsp.a(alt_dev_llist_insert.o)
 .bss           0x000ad79c        0x0 ../../bsp/lab2//libucosii_bsp.a(alt_do_ctors.o)
 .bss           0x000ad79c        0x0 ../../bsp/lab2//libucosii_bsp.a(alt_do_dtors.o)
 .bss           0x000ad79c        0x0 ../../bsp/lab2//libucosii_bsp.a(alt_find_dev.o)
 .bss           0x000ad79c        0x0 ../../bsp/lab2//libucosii_bsp.a(alt_icache_flush_all.o)
 .bss           0x000ad79c        0x0 ../../bsp/lab2//libucosii_bsp.a(alt_io_redirect.o)
 .bss           0x000ad79c        0x0 ../../bsp/lab2//libucosii_bsp.a(alt_irq_register.o)
 .bss           0x000ad79c        0x0 ../../bsp/lab2//libucosii_bsp.a(alt_irq_vars.o)
 .bss           0x000ad79c        0x0 ../../bsp/lab2//libucosii_bsp.a(alt_open.o)
 .bss           0x000ad79c        0x0 ../../bsp/lab2//libucosii_bsp.a(altera_nios2_qsys_irq.o)
 .bss           0x000ad79c        0x0 ../../bsp/lab2//libucosii_bsp.a(os_cpu_a.o)
 .bss           0x000ad79c        0x0 ../../bsp/lab2//libucosii_bsp.a(os_cpu_c.o)
 .bss           0x000ad79c        0x0 ../../bsp/lab2//libucosii_bsp.a(altera_avalon_performance_counter.o)
 .bss           0x000ad79c        0x0 ../../bsp/lab2//libucosii_bsp.a(alt_find_file.o)
 .bss           0x000ad79c        0x0 ../../bsp/lab2//libucosii_bsp.a(alt_get_fd.o)
 .bss           0x000ad79c        0x0 ../../bsp/lab2//libucosii_bsp.a(alt_irq_entry.o)
 .bss           0x000ad79c        0x0 ../../bsp/lab2//libucosii_bsp.a(alt_irq_handler.o)
 .bss           0x000ad79c        0x0 ../../bsp/lab2//libucosii_bsp.a(alt_exception_entry.o)
 .bss           0x000ad79c        0x0 /opt/altera/13.0sp1/nios2eds/bin/gnu/H-i686-pc-linux-gnu/bin/../lib/gcc/nios2-elf/4.1.2/../../../../nios2-elf/lib/mno-hw-mul/libc.a(lib_a-atexit.o)
 .bss           0x000ad79c        0x0 /opt/altera/13.0sp1/nios2eds/bin/gnu/H-i686-pc-linux-gnu/bin/../lib/gcc/nios2-elf/4.1.2/../../../../nios2-elf/lib/mno-hw-mul/libc.a(lib_a-exit.o)
 .bss           0x000ad79c        0x0 /opt/altera/13.0sp1/nios2eds/bin/gnu/H-i686-pc-linux-gnu/bin/../lib/gcc/nios2-elf/4.1.2/../../../../nios2-elf/lib/mno-hw-mul/libc.a(lib_a-memcmp.o)
 .bss           0x000ad79c        0x0 /opt/altera/13.0sp1/nios2eds/bin/gnu/H-i686-pc-linux-gnu/bin/../lib/gcc/nios2-elf/4.1.2/../../../../nios2-elf/lib/mno-hw-mul/libc.a(lib_a-__atexit.o)
 .bss           0x000ad79c        0x0 /opt/altera/13.0sp1/nios2eds/bin/gnu/H-i686-pc-linux-gnu/bin/../lib/gcc/nios2-elf/4.1.2/../../../../nios2-elf/lib/mno-hw-mul/libc.a(lib_a-__call_atexit.o)
 .bss           0x000ad79c        0x0 /opt/altera/13.0sp1/nios2eds/bin/gnu/H-i686-pc-linux-gnu/bin/../lib/gcc/nios2-elf/4.1.2/mno-hw-mul/libgcc.a(_fixunsdfsi.o)
 .bss           0x000ad79c        0x0 /opt/altera/13.0sp1/nios2eds/bin/gnu/H-i686-pc-linux-gnu/bin/../lib/gcc/nios2-elf/4.1.2/mno-hw-mul/libgcc.a(_floatundidf.o)
 .bss           0x000ad79c        0x0 ../../bsp/lab2//libucosii_bsp.a(alt_exit.o)
 *(COMMON)
 COMMON         0x000ad79c     0x6000 obj/default/src_0/cpu_0.o
                0x000ad79c                task1_stk
                0x000af79c                task2_stk
                0x000b179c                StartTask_Stack
 COMMON         0x000b379c     0x3d74 ../../bsp/lab2//libucosii_bsp.a(os_core.o)
                0x000b379c                OSTmrWheelTbl
                0x000b37ac                OSFlagTbl
                0x000b3b1c                OSTmrTbl
                0x000b3e5c                OSMemTbl
                0x000b4a8c                OSTaskStatStk
                0x000b528c                OSQTbl
                0x000b546c                OSTmrTaskStk
                0x000b5c6c                OSTaskIdleStk
                0x000b646c                OSEventTbl
                0x000b6fac                OSTCBTbl
                0x000b74bc                OSTCBPrioTbl
 COMMON         0x000b7510      0x100 ../../bsp/lab2//libucosii_bsp.a(alt_irq_handler.o)
                0x000b7510                alt_irq
 COMMON         0x000b7610      0x190 /opt/altera/13.0sp1/nios2eds/bin/gnu/H-i686-pc-linux-gnu/bin/../lib/gcc/nios2-elf/4.1.2/../../../../nios2-elf/lib/mno-hw-mul/libc.a(lib_a-atexit.o)
                0x000b7610                _atexit0
                0x000b77a0                . = ALIGN (0x4)
                0x000b77a0                __bss_end = ABSOLUTE (.)

.sram           0x000b77a0        0x0
                0x000b77a0                PROVIDE (_alt_partition_sram_start, ABSOLUTE (.))
 *(.sram. sram.*)
                0x000b77a0                . = ALIGN (0x4)
                0x000b77a0                PROVIDE (_alt_partition_sram_end, ABSOLUTE (.))
                0x000b77a0                _end = ABSOLUTE (.)
                0x000b77a0                end = ABSOLUTE (.)
                0x000b77a0                __alt_stack_base = ABSOLUTE (.)
                0x000b77a0                PROVIDE (_alt_partition_sram_load_addr, LOADADDR (.sram))

.shared_onchip  0x00102000        0x0 load address 0x000b77a0
                0x00102000                PROVIDE (_alt_partition_shared_onchip_start, ABSOLUTE (.))
 *(.shared_onchip. shared_onchip.*)
                0x00102000                . = ALIGN (0x4)
                0x00102000                PROVIDE (_alt_partition_shared_onchip_end, ABSOLUTE (.))
                0x000b77a0                PROVIDE (_alt_partition_shared_onchip_load_addr, LOADADDR (.shared_onchip))

.sdram          0x01000000        0x0 load address 0x000b77a0
                0x01000000                PROVIDE (_alt_partition_sdram_start, ABSOLUTE (.))
 *(.sdram. sdram.*)
                0x01000000                . = ALIGN (0x4)
                0x01000000                PROVIDE (_alt_partition_sdram_end, ABSOLUTE (.))
                0x000b77a0                PROVIDE (_alt_partition_sdram_load_addr, LOADADDR (.sdram))

.stab
 *(.stab)

.stabstr
 *(.stabstr)

.stab.excl
 *(.stab.excl)

.stab.exclstr
 *(.stab.exclstr)

.stab.index
 *(.stab.index)

.stab.indexstr
 *(.stab.indexstr)

.comment        0x00000000       0x26
 *(.comment)
 .comment       0x00000000       0x26 obj/default/src_0/cpu_0.o
                                 0x27 (size before relaxing)
 .comment       0x00000000       0x27 /opt/altera/13.0sp1/nios2eds/bin/gnu/H-i686-pc-linux-gnu/bin/../lib/gcc/nios2-elf/4.1.2/mno-hw-mul/libgcc.a(_div_df.o)
 .comment       0x00000000       0x27 /opt/altera/13.0sp1/nios2eds/bin/gnu/H-i686-pc-linux-gnu/bin/../lib/gcc/nios2-elf/4.1.2/mno-hw-mul/libgcc.a(_thenan_df.o)
 .comment       0x00000000       0x27 /opt/altera/13.0sp1/nios2eds/bin/gnu/H-i686-pc-linux-gnu/bin/../lib/gcc/nios2-elf/4.1.2/mno-hw-mul/libgcc.a(_usi_to_df.o)
 .comment       0x00000000       0x27 /opt/altera/13.0sp1/nios2eds/bin/gnu/H-i686-pc-linux-gnu/bin/../lib/gcc/nios2-elf/4.1.2/mno-hw-mul/libgcc.a(lib2-divmod.o)
 .comment       0x00000000       0x27 /opt/altera/13.0sp1/nios2eds/bin/gnu/H-i686-pc-linux-gnu/bin/../lib/gcc/nios2-elf/4.1.2/mno-hw-mul/libgcc.a(lib2-mul.o)
 .comment       0x00000000       0x27 /opt/altera/13.0sp1/nios2eds/bin/gnu/H-i686-pc-linux-gnu/bin/../lib/gcc/nios2-elf/4.1.2/mno-hw-mul/libgcc.a(_clzsi2.o)
 .comment       0x00000000       0x27 /opt/altera/13.0sp1/nios2eds/bin/gnu/H-i686-pc-linux-gnu/bin/../lib/gcc/nios2-elf/4.1.2/mno-hw-mul/libgcc.a(_pack_df.o)
 .comment       0x00000000       0x27 /opt/altera/13.0sp1/nios2eds/bin/gnu/H-i686-pc-linux-gnu/bin/../lib/gcc/nios2-elf/4.1.2/mno-hw-mul/libgcc.a(_unpack_df.o)
 .comment       0x00000000       0x27 /opt/altera/13.0sp1/nios2eds/bin/gnu/H-i686-pc-linux-gnu/bin/../lib/gcc/nios2-elf/4.1.2/mno-hw-mul/libgcc.a(_clz.o)
 .comment       0x00000000       0x27 /opt/altera/13.0sp1/nios2eds/bin/gnu/H-i686-pc-linux-gnu/bin/../lib/gcc/nios2-elf/4.1.2/../../../../nios2-elf/lib/mno-hw-mul/libc.a(lib_a-malloc.o)
 .comment       0x00000000       0x27 /opt/altera/13.0sp1/nios2eds/bin/gnu/H-i686-pc-linux-gnu/bin/../lib/gcc/nios2-elf/4.1.2/../../../../nios2-elf/lib/mno-hw-mul/libc.a(lib_a-mallocr.o)
 .comment       0x00000000       0x27 /opt/altera/13.0sp1/nios2eds/bin/gnu/H-i686-pc-linux-gnu/bin/../lib/gcc/nios2-elf/4.1.2/../../../../nios2-elf/lib/mno-hw-mul/libc.a(lib_a-memcpy.o)
 .comment       0x00000000       0x27 /opt/altera/13.0sp1/nios2eds/bin/gnu/H-i686-pc-linux-gnu/bin/../lib/gcc/nios2-elf/4.1.2/../../../../nios2-elf/lib/mno-hw-mul/libc.a(lib_a-printf.o)